 Octopus

 Timestamp is 563c0294 (Thu Nov 05 20:29:56 2015)

 Preferred load address is 00400000

 Start         Length     Name                   Class
 0001:00000000 00094f5dH .text                   CODE
 0001:00094f60 00003321H .text$x                 CODE
 0001:00098290 00001b11H .text$yc                CODE
 0001:00099db0 000010ceH .text$yd                CODE
 0002:00000000 00000104H .CRT$XCA                DATA
 0002:00000104 00000104H .CRT$XCAA               DATA
 0002:00000208 0000010eH .CRT$XCC                DATA
 0002:00000318 00000186H .CRT$XCL                DATA
 0002:000004a0 0000011cH .CRT$XCU                DATA
 0002:000005bc 00000104H .CRT$XCZ                DATA
 0002:000006c0 00000104H .CRT$XIA                DATA
 0002:000007c4 00000104H .CRT$XIAA               DATA
 0002:000008c8 00000104H .CRT$XIC                DATA
 0002:000009cc 00000104H .CRT$XIY                DATA
 0002:00000ad0 00000104H .CRT$XIZ                DATA
 0002:00000be0 0002abdbH .rdata                  DATA
 0002:0002b7bc 00000173H .rdata$debug            DATA
 0002:0002b930 00000ed5H .rdata$r                DATA
 0002:0002c810 00000340H .rdata$sxdata           DATA
 0002:0002cb50 00000104H .rtc$IAA                DATA
 0002:0002cc54 00000104H .rtc$IZZ                DATA
 0002:0002cd58 00000104H .rtc$TAA                DATA
 0002:0002ce5c 00000104H .rtc$TZZ                DATA
 0002:0002cf60 000023b3H .xdata$x                DATA
 0002:0002f314 00000104H ATL$__a                 DATA
 0002:0002f418 00000104H ATL$__z                 DATA
 0002:0002f51c 00000000H .edata                  DATA
 0003:00000000 00001098H .data                   DATA
 0003:000010a0 00003288H .bss                    DATA
 0004:00000000 000000c8H .idata$2                DATA
 0004:000000c8 00000014H .idata$3                DATA
 0004:000000dc 00000d08H .idata$4                DATA
 0004:00000de4 00000d08H .idata$5                DATA
 0004:00001aec 00000dc3H .idata$6                DATA
 0005:00000000 000009d9H .rsrc$01                DATA
 0005:000009e0 00005a79H .rsrc$02                DATA

  Address         Publics by Value              Rva+Base       Lib:Object

 0000:00000000       __except_list              00000000     <absolute>
 0000:00000078       ___safe_se_handler_count   00000078     <absolute>
 0000:00009876       __fltused                  00009876     <absolute>
 0000:00009876       __ldused                   00009876     <absolute>
 0000:00000000       ___ImageBase               00400000     <linker-defined>
 0001:00001890       ?_AfxInitManaged@@YAHXZ    00402890 f i APTMotor.obj
 0001:000018a0       ?CreateObject@CMgmotorctrl1@@SGPAVCObject@@XZ 004028a0 f   APTMotor.obj
 0001:00001920       ?_GetBaseClass@CMgmotorctrl1@@KGPAUCRuntimeClass@@XZ 00402920 f   APTMotor.obj
 0001:00001930       ?GetThisClass@CMgmotorctrl1@@SGPAUCRuntimeClass@@XZ 00402930 f   APTMotor.obj
 0001:00001940       ?GetRuntimeClass@CMgmotorctrl1@@UBEPAUCRuntimeClass@@XZ 00402940 f   APTMotor.obj
 0001:00001980       ??0CMgmotorctrl1@@QAE@XZ   00402980 f i APTMotor.obj
 0001:000019b0       ?Create@CMgmotorctrl1@@UAEHPBD0KABUtagRECT@@PAVCWnd@@IPAUCCreateContext@@@Z 004029b0 f i APTMotor.obj
 0001:00001a00       ?GetClsid@CMgmotorctrl1@@QAEABU_GUID@@XZ 00402a00 f i APTMotor.obj
 0001:00001a20       ??_ECMgmotorctrl1@@UAEPAXI@Z 00402a20 f i APTMotor.obj
 0001:00001a20       ??_GCMgmotorctrl1@@UAEPAXI@Z 00402a20 f i APTMotor.obj
 0001:00001a60       ??1CMgmotorctrl1@@UAE@XZ   00402a60 f i APTMotor.obj
 0001:00001a80       ??0Thank_you@Define_the_symbol__ATL_MIXED@@QAE@XZ 00402a80 f i APTMotor.obj
 0001:00001aa0       ?one@Thank_you@Define_the_symbol__ATL_MIXED@@UAEXXZ 00402aa0 f i APTMotor.obj
 0001:00001ab0       ?CreateObject@APT_system@@SGPAVCObject@@XZ 00402ab0 f   APTSystem.obj
 0001:00001b20       ?_GetBaseClass@APT_system@@KGPAUCRuntimeClass@@XZ 00402b20 f   APTSystem.obj
 0001:00001b30       ?GetThisClass@APT_system@@SGPAUCRuntimeClass@@XZ 00402b30 f   APTSystem.obj
 0001:00001b40       ?GetRuntimeClass@APT_system@@UBEPAUCRuntimeClass@@XZ 00402b40 f   APTSystem.obj
 0001:00001b80       ??0APT_system@@QAE@XZ      00402b80 f i APTSystem.obj
 0001:00001bb0       ?Create@APT_system@@UAEHPBD0KABUtagRECT@@PAVCWnd@@IPAUCCreateContext@@@Z 00402bb0 f i APTSystem.obj
 0001:00001c00       ?GetClsid@APT_system@@QAEABU_GUID@@XZ 00402c00 f i APTSystem.obj
 0001:00001c20       ??_GAPT_system@@UAEPAXI@Z  00402c20 f i APTSystem.obj
 0001:00001c20       ??_EAPT_system@@UAEPAXI@Z  00402c20 f i APTSystem.obj
 0001:00001c60       ??1APT_system@@UAE@XZ      00402c60 f i APTSystem.obj
 0001:00001c80       ??0CPort@@QAE@XZ           00402c80 f   cport.obj
 0001:00001cb0       ??1CPort@@QAE@XZ           00402cb0 f   cport.obj
 0001:00001ce0       ?OpenCPort@CPort@@QAE_NXZ  00402ce0 f   cport.obj
 0001:00001ee0       ?CloseCPort@CPort@@QAE_NXZ 00402ee0 f   cport.obj
 0001:00001f30       ?WriteCPort@CPort@@QAE_NXZ 00402f30 f   cport.obj
 0001:00002010       ?WriteCPortOneByte@CPort@@QAE_NXZ 00403010 f   cport.obj
 0001:000020e0       ?CheckWrite@CPort@@QAE_NXZ 004030e0 f   cport.obj
 0001:00002150       ?ReadCPort@CPort@@QAE_NXZ  00403150 f   cport.obj
 0001:00002260       ?ReadCPortOneByte@CPort@@QAE_NXZ 00403260 f   cport.obj
 0001:00002330       ?CheckRead@CPort@@QAE_NXZ  00403330 f   cport.obj
 0001:00002560       ?_GetBaseClass@DisplayDialog@@KGPAUCRuntimeClass@@XZ 00403560 f   DisplayDialog.obj
 0001:00002570       ?GetThisClass@DisplayDialog@@SGPAUCRuntimeClass@@XZ 00403570 f   DisplayDialog.obj
 0001:00002580       ?GetRuntimeClass@DisplayDialog@@UBEPAUCRuntimeClass@@XZ 00403580 f   DisplayDialog.obj
 0001:00002590       ??0DisplayDialog@@QAE@PAVCWnd@@@Z 00403590 f   DisplayDialog.obj
 0001:000025c0       ??1DisplayDialog@@UAE@XZ   004035c0 f   DisplayDialog.obj
 0001:000025e0       ?DoDataExchange@DisplayDialog@@MAEXPAVCDataExchange@@@Z 004035e0 f   DisplayDialog.obj
 0001:00002600       ?GetMessageMap@DisplayDialog@@MBEPBUAFX_MSGMAP@@XZ 00403600 f   DisplayDialog.obj
 0001:00002610       ?GetThisMessageMap@DisplayDialog@@KGPBUAFX_MSGMAP@@XZ 00403610 f   DisplayDialog.obj
 0001:00002650       ??_GDisplayDialog@@UAEPAXI@Z 00403650 f i DisplayDialog.obj
 0001:00002650       ??_EDisplayDialog@@UAEPAXI@Z 00403650 f i DisplayDialog.obj
 0001:00002690       ?CreateObject@CMainFrame@@SGPAVCObject@@XZ 00403690 f   MainFrm.obj
 0001:00002710       ?_GetBaseClass@CMainFrame@@KGPAUCRuntimeClass@@XZ 00403710 f   MainFrm.obj
 0001:00002720       ?GetThisClass@CMainFrame@@SGPAUCRuntimeClass@@XZ 00403720 f   MainFrm.obj
 0001:00002730       ?GetRuntimeClass@CMainFrame@@UBEPAUCRuntimeClass@@XZ 00403730 f   MainFrm.obj
 0001:00002740       ??0CMainFrame@@IAE@XZ      00403740 f   MainFrm.obj
 0001:00002760       ??1CMainFrame@@UAE@XZ      00403760 f   MainFrm.obj
 0001:00002780       ?PreCreateWindow@CMainFrame@@UAEHAAUtagCREATESTRUCTA@@@Z 00403780 f   MainFrm.obj
 0001:00002820       ??_ECMainFrame@@UAEPAXI@Z  00403820 f i MainFrm.obj
 0001:00002820       ??_GCMainFrame@@UAEPAXI@Z  00403820 f i MainFrm.obj
 0001:00002860       ??0COctopusApp@@QAE@XZ     00403860 f   Octopus.obj
 0001:00002890       ?InitInstance@COctopusApp@@UAEHXZ 00403890 f   Octopus.obj
 0001:000029c0       ?ExitInstance@COctopusApp@@UAEHXZ 004039c0 f   Octopus.obj
 0001:00002a30       ?SupportsRestartManager@CWinApp@@UBEHXZ 00403a30 f i Octopus.obj
 0001:00002a50       ?SupportsApplicationRecovery@CWinApp@@UBEHXZ 00403a50 f i Octopus.obj
 0001:00002a70       ?SupportsAutosaveAtRestart@CWinApp@@UBEHXZ 00403a70 f i Octopus.obj
 0001:00002a90       ?SupportsAutosaveAtInterval@CWinApp@@UBEHXZ 00403a90 f i Octopus.obj
 0001:00002ab0       ?ReopenPreviousFilesAtRestart@CWinApp@@UBEHXZ 00403ab0 f i Octopus.obj
 0001:00002ad0       ?RestoreAutosavedFilesAtRestart@CWinApp@@UBEHXZ 00403ad0 f i Octopus.obj
 0001:00002af0       ?GetApplicationRestartFlags@CWinApp@@UAEKXZ 00403af0 f i Octopus.obj
 0001:00002b00       ?GetApplicationRecoveryParameter@CWinApp@@UAEPAXXZ 00403b00 f i Octopus.obj
 0001:00002b10       ?GetApplicationRecoveryPingInterval@CWinApp@@UAEKXZ 00403b10 f i Octopus.obj
 0001:00002b30       ??_ECOctopusApp@@UAEPAXI@Z 00403b30 f i Octopus.obj
 0001:00002b30       ??_GCOctopusApp@@UAEPAXI@Z 00403b30 f i Octopus.obj
 0001:00002b70       ??1COctopusApp@@UAE@XZ     00403b70 f i Octopus.obj
 0001:00002b90       ??0COctopusXCite@@QAE@PAVCWnd@@@Z 00403b90 f   OctopusXCite.obj
 0001:00002e00       ?OnInitDialog@COctopusXCite@@MAEHXZ 00403e00 f   OctopusXCite.obj
 0001:00002e30       ?OnTimer@COctopusXCite@@QAEXI@Z 00403e30 f   OctopusXCite.obj
 0001:00002ea0       ?Init@COctopusXCite@@IAE_NXZ 00403ea0 f   OctopusXCite.obj
 0001:00003040       ?DoDataExchange@COctopusXCite@@MAEXPAVCDataExchange@@@Z 00404040 f   OctopusXCite.obj
 0001:00003100       ?GetMessageMap@COctopusXCite@@MBEPBUAFX_MSGMAP@@XZ 00404100 f   OctopusXCite.obj
 0001:00003110       ?GetThisMessageMap@COctopusXCite@@KGPBUAFX_MSGMAP@@XZ 00404110 f   OctopusXCite.obj
 0001:00003120       ?Close@COctopusXCite@@QAEXXZ 00404120 f   OctopusXCite.obj
 0001:00003210       ??1COctopusXCite@@UAE@XZ   00404210 f   OctopusXCite.obj
 0001:00003340       ?Z_StepDown@COctopusXCite@@QAEXXZ 00404340 f   OctopusXCite.obj
 0001:00003410       ?Z_StepUp@COctopusXCite@@QAEXXZ 00404410 f   OctopusXCite.obj
 0001:000034e0       ?ObjESC@COctopusXCite@@QAEXXZ 004044e0 f   OctopusXCite.obj
 0001:00003620       ?ObjRTN@COctopusXCite@@QAEXXZ 00404620 f   OctopusXCite.obj
 0001:00003720       ?OnObjectiveStepSize1@COctopusXCite@@QAEXXZ 00404720 f   OctopusXCite.obj
 0001:00003760       ?OnObjectiveStepSize2@COctopusXCite@@QAEXXZ 00404760 f   OctopusXCite.obj
 0001:000037a0       ?OnObjectiveStepSize3@COctopusXCite@@QAEXXZ 004047a0 f   OctopusXCite.obj
 0001:000037e0       ?OnObjectiveStepSize4@COctopusXCite@@QAEXXZ 004047e0 f   OctopusXCite.obj
 0001:00003820       ?GetPosition@COctopusXCite@@QAEXXZ 00404820 f   OctopusXCite.obj
 0001:00003a10       ?DisplayPosition@COctopusXCite@@IAEXXZ 00404a10 f   OctopusXCite.obj
 0001:00003ac0       ?OnObj_1@COctopusXCite@@QAEXXZ 00404ac0 f   OctopusXCite.obj
 0001:00003af0       ?OnObj_2@COctopusXCite@@QAEXXZ 00404af0 f   OctopusXCite.obj
 0001:00003b20       ?OnObj_3@COctopusXCite@@QAEXXZ 00404b20 f   OctopusXCite.obj
 0001:00003b50       ?OnObj_4@COctopusXCite@@QAEXXZ 00404b50 f   OctopusXCite.obj
 0001:00003b80       ?OnObj_5@COctopusXCite@@QAEXXZ 00404b80 f   OctopusXCite.obj
 0001:00003bb0       ?OnObj_6@COctopusXCite@@QAEXXZ 00404bb0 f   OctopusXCite.obj
 0001:00003be0       ?OnFW_1@COctopusXCite@@QAEXXZ 00404be0 f   OctopusXCite.obj
 0001:00003c10       ?OnFW_2@COctopusXCite@@QAEXXZ 00404c10 f   OctopusXCite.obj
 0001:00003c40       ?OnFW_3@COctopusXCite@@QAEXXZ 00404c40 f   OctopusXCite.obj
 0001:00003c70       ?OnFW_4@COctopusXCite@@QAEXXZ 00404c70 f   OctopusXCite.obj
 0001:00003ca0       ?OnFW_5@COctopusXCite@@QAEXXZ 00404ca0 f   OctopusXCite.obj
 0001:00003cd0       ?OnFW_6@COctopusXCite@@QAEXXZ 00404cd0 f   OctopusXCite.obj
 0001:00003d00       ?OnBFW_1@COctopusXCite@@QAEXXZ 00404d00 f   OctopusXCite.obj
 0001:00003d30       ?OnBFW_2@COctopusXCite@@QAEXXZ 00404d30 f   OctopusXCite.obj
 0001:00003d60       ?OnBFW_3@COctopusXCite@@QAEXXZ 00404d60 f   OctopusXCite.obj
 0001:00003d90       ?OnBFW_4@COctopusXCite@@QAEXXZ 00404d90 f   OctopusXCite.obj
 0001:00003dc0       ?OnBFW_5@COctopusXCite@@QAEXXZ 00404dc0 f   OctopusXCite.obj
 0001:00003df0       ?OnBFW_6@COctopusXCite@@QAEXXZ 00404df0 f   OctopusXCite.obj
 0001:00003e20       ?Objective@COctopusXCite@@QAEXH@Z 00404e20 f   OctopusXCite.obj
 0001:00004130       ?GetObj@COctopusXCite@@IAEHXZ 00405130 f   OctopusXCite.obj
 0001:000042e0       ?GetFW@COctopusXCite@@IAEHXZ 004052e0 f   OctopusXCite.obj
 0001:00004490       ?GetBFW@COctopusXCite@@IAEHXZ 00405490 f   OctopusXCite.obj
 0001:00004640       ?EpiFilterWheel@COctopusXCite@@QAEXH@Z 00405640 f   OctopusXCite.obj
 0001:00004710       ?BrightFieldFilterWheel@COctopusXCite@@QAEXH@Z 00405710 f   OctopusXCite.obj
 0001:000047e0       ?ToggleXCiteLEDStatus@COctopusXCite@@QAEXXZ 004057e0 f   OctopusXCite.obj
 0001:00004860       ?BrightField@COctopusXCite@@QAEXH@Z 00405860 f   OctopusXCite.obj
 0001:00004930       ?OnNMCustomdrawExecute@COctopusXCite@@IAEXPAUtagNMHDR@@PAJ@Z 00405930 f   OctopusXCite.obj
 0001:00004990       ?DisplayBFIntensity@COctopusXCite@@IAEXH@Z 00405990 f   OctopusXCite.obj
 0001:00004a50       ?WriteScope@COctopusXCite@@IAE_NV?$CStringT@DV?$StrTraitMFC_DLL@DV?$ChTraitsCRT@D@ATL@@@@@ATL@@@Z 00405a50 f   OctopusXCite.obj
 0001:00004b70       ?ReadScope@COctopusXCite@@IAE?AV?$CStringT@DV?$StrTraitMFC_DLL@DV?$ChTraitsCRT@D@ATL@@@@@ATL@@G@Z 00405b70 f   OctopusXCite.obj
 0001:00004c40       ?OnCommand@COctopusXCite@@MAEHIJ@Z 00405c40 f   OctopusXCite.obj
 0001:00004c90       ?OnStnClickedScopeIntensitySliderSetting@COctopusXCite@@QAEXXZ 00405c90 f   OctopusXCite.obj
 0001:00004ca0       ?OnEnChangeEdit1@COctopusXCite@@QAEXXZ 00405ca0 f   OctopusXCite.obj
 0001:00004cb0       ?OnStnClickedScopePos@COctopusXCite@@QAEXXZ 00405cb0 f   OctopusXCite.obj
 0001:00004cc0       ?OnStnClickedShutterImage@COctopusXCite@@QAEXXZ 00405cc0 f   OctopusXCite.obj
 0001:00004cd0       ?OnNMCustomdrawXciteIntensitySlider2@COctopusXCite@@QAEXPAUtagNMHDR@@PAJ@Z 00405cd0 f   OctopusXCite.obj
 0001:00004cf0       ?GetIntensityLevel@COctopusXCite@@QAEXXZ 00405cf0 f   OctopusXCite.obj
 0001:00004e50       ?OnBnClickedAdjustIntensity@COctopusXCite@@QAEXXZ 00405e50 f   OctopusXCite.obj
 0001:00004fb0       ?GetLEDStatus@COctopusXCite@@QAEXXZ 00405fb0 f   OctopusXCite.obj
 0001:00005140       ?OnBnClickedLedOnoff@COctopusXCite@@QAEXXZ 00406140 f   OctopusXCite.obj
 0001:000053a0       ?getTemperature@COctopusXCite@@QAEXXZ 004063a0 f   OctopusXCite.obj
 0001:000054e0       ?OnStnClickedLedTemperature@COctopusXCite@@QAEXXZ 004064e0 f   OctopusXCite.obj
 0001:00005f50       ??_GCOctopusXCite@@UAEPAXI@Z 00406f50 f i OctopusXCite.obj
 0001:00005f50       ??_ECOctopusXCite@@UAEPAXI@Z 00406f50 f i OctopusXCite.obj
 0001:00005f90       ??_GCPort@@QAEPAXI@Z       00406f90 f i OctopusXCite.obj
 0001:00005fd0       ??9ATL@@YA_NABV?$CStringT@DV?$StrTraitMFC_DLL@DV?$ChTraitsCRT@D@ATL@@@@@0@PBD@Z 00406fd0 f i OctopusXCite.obj
 0001:00005ff0       ??9ATL@@YA_NABV?$CStringT@DV?$StrTraitMFC_DLL@DV?$ChTraitsCRT@D@ATL@@@@@0@D@Z 00406ff0 f i OctopusXCite.obj
 0001:00006040       ??1?$basic_string@DU?$char_traits@D@std@@V?$allocator@D@2@@std@@QAE@XZ 00407040 f i OctopusXCite.obj
 0001:000060b0       ??0?$bitset@$0BA@@std@@QAE@H@Z 004070b0 f i OctopusXCite.obj
 0001:00006130       ?to_string@?$bitset@$0BA@@std@@QBE?AV?$basic_string@DU?$char_traits@D@std@@V?$allocator@D@2@@2@DD@Z 00407130 f i OctopusXCite.obj
 0001:00006180       ?_Tidy@?$basic_string@DU?$char_traits@D@std@@V?$allocator@D@2@@std@@QAEX_NI@Z 00407180 f i OctopusXCite.obj
 0001:00006220       ?copy@?$char_traits@D@std@@SAPADPADPBDI@Z 00407220 f i OctopusXCite.obj
 0001:00006240       ??1?$_String_val@DV?$allocator@D@std@@@std@@QAE@XZ 00407240 f i OctopusXCite.obj
 0001:00006300       ?set@?$bitset@$0BA@@std@@QAEAAV12@I_N@Z 00407300 f i OctopusXCite.obj
 0001:000063b0       ?_Tidy@?$bitset@$0BA@@std@@AAEXK@Z 004073b0 f i OctopusXCite.obj
 0001:00006410       ?_Eos@?$basic_string@DU?$char_traits@D@std@@V?$allocator@D@2@@std@@QAEXI@Z 00407410 f i OctopusXCite.obj
 0001:00006460       ?assign@?$char_traits@D@std@@SAXAADABD@Z 00407460 f i OctopusXCite.obj
 0001:00006480       ?_Myptr@?$basic_string@DU?$char_traits@D@std@@V?$allocator@D@2@@std@@QAEPADXZ 00407480 f i OctopusXCite.obj
 0001:000064c0       ?deallocate@?$allocator@D@std@@QAEXPADI@Z 004074c0 f i OctopusXCite.obj
 0001:000064e0       ?_Trim@?$bitset@$0BA@@std@@AAEXXZ 004074e0 f i OctopusXCite.obj
 0001:00006500       ?_Xran@?$bitset@$0BA@@std@@ABEXXZ 00407500 f i OctopusXCite.obj
 0001:00006520       ?deallocate@?$allocator@U_Container_proxy@std@@@std@@QAEXPAU_Container_proxy@2@I@Z 00407520 f i OctopusXCite.obj
 0001:00006540       ??$to_string@DU?$char_traits@D@std@@V?$allocator@D@2@@?$bitset@$0BA@@std@@QBE?AV?$basic_string@DU?$char_traits@D@std@@V?$allocator@D@2@@1@DD@Z 00407540 f i OctopusXCite.obj
 0001:00006650       ??0?$basic_string@DU?$char_traits@D@std@@V?$allocator@D@2@@std@@QAE@XZ 00407650 f i OctopusXCite.obj
 0001:000066d0       ??0?$basic_string@DU?$char_traits@D@std@@V?$allocator@D@2@@std@@QAE@$$QAV01@@Z 004076d0 f i OctopusXCite.obj
 0001:00006780       ?assign@?$basic_string@DU?$char_traits@D@std@@V?$allocator@D@2@@std@@QAEAAV12@$$QAV12@@Z 00407780 f i OctopusXCite.obj
 0001:00006890       ?move@?$char_traits@D@std@@SAPADPADPBDI@Z 00407890 f i OctopusXCite.obj
 0001:000068b0       ??Y?$basic_string@DU?$char_traits@D@std@@V?$allocator@D@2@@std@@QAEAAV01@D@Z 004078b0 f i OctopusXCite.obj
 0001:000068e0       ??0?$_String_val@DV?$allocator@D@std@@@std@@QAE@V?$allocator@D@1@@Z 004078e0 f i OctopusXCite.obj
 0001:000069b0       ??0_Container_proxy@std@@QAE@XZ 004079b0 f i OctopusXCite.obj
 0001:000069e0       ??0?$allocator@D@std@@QAE@XZ 004079e0 f i OctopusXCite.obj
 0001:00006a00       ??0?$allocator@D@std@@QAE@ABV01@@Z 00407a00 f i OctopusXCite.obj
 0001:00006a20       ??4?$basic_string@DU?$char_traits@D@std@@V?$allocator@D@2@@std@@QAEAAV01@ABV01@@Z 00407a20 f i OctopusXCite.obj
 0001:00006a40       ?append@?$basic_string@DU?$char_traits@D@std@@V?$allocator@D@2@@std@@QAEAAV12@ID@Z 00407a40 f i OctopusXCite.obj
 0001:00006ae0       ?get_allocator@?$basic_string@DU?$char_traits@D@std@@V?$allocator@D@2@@std@@QBE?AV?$allocator@D@2@XZ 00407ae0 f i OctopusXCite.obj
 0001:00006b10       ?allocate@?$allocator@U_Container_proxy@std@@@std@@QAEPAU_Container_proxy@2@I@Z 00407b10 f i OctopusXCite.obj
 0001:00006b40       ?assign@?$basic_string@DU?$char_traits@D@std@@V?$allocator@D@2@@std@@QAEAAV12@ABV12@@Z 00407b40 f i OctopusXCite.obj
 0001:00006b70       ?assign@?$basic_string@DU?$char_traits@D@std@@V?$allocator@D@2@@std@@QAEAAV12@ABV12@II@Z 00407b70 f i OctopusXCite.obj
 0001:00006c50       ?size@?$basic_string@DU?$char_traits@D@std@@V?$allocator@D@2@@std@@QBEIXZ 00407c50 f i OctopusXCite.obj
 0001:00006c70       ?_Myptr@?$basic_string@DU?$char_traits@D@std@@V?$allocator@D@2@@std@@QBEPBDXZ 00407c70 f i OctopusXCite.obj
 0001:00006cb0       ?_Xran@?$basic_string@DU?$char_traits@D@std@@V?$allocator@D@2@@std@@QBEXXZ 00407cb0 f i OctopusXCite.obj
 0001:00006cd0       ?_Chassign@?$basic_string@DU?$char_traits@D@std@@V?$allocator@D@2@@std@@QAEXIID@Z 00407cd0 f i OctopusXCite.obj
 0001:00006d30       ?assign@?$char_traits@D@std@@SAPADPADID@Z 00407d30 f i OctopusXCite.obj
 0001:00006d50       ?_Grow@?$basic_string@DU?$char_traits@D@std@@V?$allocator@D@2@@std@@QAE_NI_N@Z 00407d50 f i OctopusXCite.obj
 0001:00006e10       ?_Xlen@?$basic_string@DU?$char_traits@D@std@@V?$allocator@D@2@@std@@QBEXXZ 00407e10 f i OctopusXCite.obj
 0001:00006e30       ?erase@?$basic_string@DU?$char_traits@D@std@@V?$allocator@D@2@@std@@QAEAAV12@II@Z 00407e30 f i OctopusXCite.obj
 0001:00006ee0       ?max_size@?$basic_string@DU?$char_traits@D@std@@V?$allocator@D@2@@std@@QBEIXZ 00407ee0 f i OctopusXCite.obj
 0001:00006f30       ?_Copy@?$basic_string@DU?$char_traits@D@std@@V?$allocator@D@2@@std@@QAEXII@Z 00407f30 f i OctopusXCite.obj
 0001:00007120       ?allocate@?$allocator@D@std@@QAEPADI@Z 00408120 f i OctopusXCite.obj
 0001:00007150       ?max_size@?$allocator@D@std@@QBEIXZ 00408150 f i OctopusXCite.obj
 0001:00007190       ??$forward@V?$allocator@D@std@@@std@@YA$$QAV?$allocator@D@0@AAV10@@Z 00408190 f i OctopusXCite.obj
 0001:000071a0       ??$forward@V?$basic_string@DU?$char_traits@D@std@@V?$allocator@D@2@@std@@@std@@YA$$QAV?$basic_string@DU?$char_traits@D@std@@V?$allocator@D@2@@0@AAV10@@Z 004081a0 f i OctopusXCite.obj
 0001:000071b0       ??$?9DD@std@@YA_NABV?$allocator@D@0@0@Z 004081b0 f i OctopusXCite.obj
 0001:000071e0       ??$?0D@?$allocator@U_Container_proxy@std@@@std@@QAE@ABV?$allocator@D@1@@Z 004081e0 f i OctopusXCite.obj
 0001:00007200       ??$_Cons_val@V?$allocator@U_Container_proxy@std@@@std@@U_Container_proxy@2@U32@@std@@YAXAAV?$allocator@U_Container_proxy@std@@@0@PAU_Container_proxy@0@$$QAU20@@Z 00408200 f i OctopusXCite.obj
 0001:00007230       ??$_Dest_val@V?$allocator@U_Container_proxy@std@@@std@@U_Container_proxy@2@@std@@YAXAAV?$allocator@U_Container_proxy@std@@@0@PAU_Container_proxy@0@@Z 00408230 f i OctopusXCite.obj
 0001:00007250       ??$_Trim_if@$00@?$bitset@$0BA@@std@@AAEXXZ 00408250 f i OctopusXCite.obj
 0001:00007280       ??$_Allocate@U_Container_proxy@std@@@std@@YAPAU_Container_proxy@0@IPAU10@@Z 00408280 f i OctopusXCite.obj
 0001:00007300       ??0bad_alloc@std@@QAE@PBD@Z 00408300 f i OctopusXCite.obj
 0001:00007330       ??1bad_alloc@std@@UAE@XZ   00408330 f i OctopusXCite.obj
 0001:00007360       ??_Gbad_alloc@std@@UAEPAXI@Z 00408360 f i OctopusXCite.obj
 0001:00007360       ??_Ebad_alloc@std@@UAEPAXI@Z 00408360 f i OctopusXCite.obj
 0001:000073a0       ??$_Allocate@D@std@@YAPADIPAD@Z 004083a0 f i OctopusXCite.obj
 0001:00007410       ??0bad_alloc@std@@QAE@ABV01@@Z 00408410 f i OctopusXCite.obj
 0001:00007440       ?reserve@?$basic_string@DU?$char_traits@D@std@@V?$allocator@D@2@@std@@QAEXI@Z 00408440 f i OctopusXCite.obj
 0001:000074b0       ?test@?$bitset@$0BA@@std@@QBE_NI@Z 004084b0 f i OctopusXCite.obj
 0001:00007510       ?construct@?$allocator@U_Container_proxy@std@@@std@@QAEXPAU_Container_proxy@2@$$QAU32@@Z 00408510 f i OctopusXCite.obj
 0001:000075c0       ??2@YAPAXIPAX@Z            004085c0 f i OctopusXCite.obj
 0001:000075d0       ??3@YAXPAX0@Z              004085d0 f i OctopusXCite.obj
 0001:000075e0       ?destroy@?$allocator@U_Container_proxy@std@@@std@@QAEXPAU_Container_proxy@2@@Z 004085e0 f i OctopusXCite.obj
 0001:00007600       ??$?8DD@std@@YA_NABV?$allocator@D@0@0@Z 00408600 f i OctopusXCite.obj
 0001:00007610       ??$forward@U_Container_proxy@std@@@std@@YA$$QAU_Container_proxy@0@AAU10@@Z 00408610 f i OctopusXCite.obj
 0001:00007620       ??$_Destroy@U_Container_proxy@std@@@std@@YAXPAU_Container_proxy@0@@Z 00408620 f i OctopusXCite.obj
 0001:00007630       ??0Octopus_LED@@QAE@PAVCWnd@@@Z 00408630 f   Octopus_LED.obj
 0001:000077a0       ?DoDataExchange@Octopus_LED@@MAEXPAVCDataExchange@@@Z 004087a0 f   Octopus_LED.obj
 0001:00007940       ?GetMessageMap@Octopus_LED@@MBEPBUAFX_MSGMAP@@XZ 00408940 f   Octopus_LED.obj
 0001:00007950       ?GetThisMessageMap@Octopus_LED@@KGPBUAFX_MSGMAP@@XZ 00408950 f   Octopus_LED.obj
 0001:00007960       ?OnInitDialog@Octopus_LED@@MAEHXZ 00408960 f   Octopus_LED.obj
 0001:00007a50       ??1Octopus_LED@@UAE@XZ     00408a50 f   Octopus_LED.obj
 0001:00007b20       ?OnCommand@Octopus_LED@@MAEHIJ@Z 00408b20 f   Octopus_LED.obj
 0001:00007b70       ?LED_On@Octopus_LED@@QAEXM@Z 00408b70 f   Octopus_LED.obj
 0001:00007bb0       ?LED_Off@Octopus_LED@@QAEXXZ 00408bb0 f   Octopus_LED.obj
 0001:00007bd0       ?Laser_On@Octopus_LED@@QAEXM@Z 00408bd0 f   Octopus_LED.obj
 0001:00007c10       ?Laser_Off@Octopus_LED@@QAEXXZ 00408c10 f   Octopus_LED.obj
 0001:00007c30       ?SetLEDIntensity@Octopus_LED@@IAEXM@Z 00408c30 f   Octopus_LED.obj
 0001:00007ce0       ?SetLaserIntensity@Octopus_LED@@IAEXM@Z 00408ce0 f   Octopus_LED.obj
 0001:00007d90       ?SetFlow@Octopus_LED@@QAEXH@Z 00408d90 f   Octopus_LED.obj
 0001:00007e10       ?OnEnChangeLED@Octopus_LED@@QAEXXZ 00408e10 f   Octopus_LED.obj
 0001:00007e70       ?OnEnChangeLaser@Octopus_LED@@QAEXXZ 00408e70 f   Octopus_LED.obj
 0001:00007ed0       ?OnNMCustomdrawLaserIntensitySlider@Octopus_LED@@QAEXPAUtagNMHDR@@PAJ@Z 00408ed0 f   Octopus_LED.obj
 0001:00007f50       ?OnNMCustomdrawLEDIntensitySlider@Octopus_LED@@QAEXPAUtagNMHDR@@PAJ@Z 00408f50 f   Octopus_LED.obj
 0001:00007fd0       ?OnBnClickedDout1@Octopus_LED@@QAEXXZ 00408fd0 f   Octopus_LED.obj
 0001:00008030       ?OnBnClickedDout2@Octopus_LED@@QAEXXZ 00409030 f   Octopus_LED.obj
 0001:00008090       ?OnBnClickedDout3@Octopus_LED@@QAEXXZ 00409090 f   Octopus_LED.obj
 0001:000080f0       ?OnBnClickedDout4@Octopus_LED@@QAEXXZ 004090f0 f   Octopus_LED.obj
 0001:00008150       ?OnBnClickedDout5@Octopus_LED@@QAEXXZ 00409150 f   Octopus_LED.obj
 0001:000081b0       ?OnBnClickedDout6@Octopus_LED@@QAEXXZ 004091b0 f   Octopus_LED.obj
 0001:00008210       ?OnBnClickedDout7@Octopus_LED@@QAEXXZ 00409210 f   Octopus_LED.obj
 0001:00008270       ?OnBnClickedDout8@Octopus_LED@@QAEXXZ 00409270 f   Octopus_LED.obj
 0001:00008600       ??_GOctopus_LED@@UAEPAXI@Z 00409600 f i Octopus_LED.obj
 0001:00008600       ??_EOctopus_LED@@UAEPAXI@Z 00409600 f i Octopus_LED.obj
 0001:00008640       ??0CTraceFileAndLineInfo@ATL@@QAE@PBDH@Z 00409640 f i Octopus_LED.obj
 0001:00008670       ??RCTraceFileAndLineInfo@ATL@@QBAXPBDZZ 00409670 f i Octopus_LED.obj
 0001:000086d0       ?TraceV@CTrace@ATL@@QBAXPBDHKI0PAD@Z 004096d0 f i Octopus_LED.obj
 0001:00008710       ??BCTraceCategory@ATL@@QBEKXZ 00409710 f i Octopus_LED.obj
 0001:00008730       ??0COctopusPictureDisplay@@QAE@PAVCWnd@@GG@Z 00409730 f   OctopusCameraDisplay.obj
 0001:00008af0       ?OnInitDialog@COctopusPictureDisplay@@MAEHXZ 00409af0 f   OctopusCameraDisplay.obj
 0001:00008b10       ?GetMessageMap@COctopusPictureDisplay@@MBEPBUAFX_MSGMAP@@XZ 00409b10 f   OctopusCameraDisplay.obj
 0001:00008b20       ?GetThisMessageMap@COctopusPictureDisplay@@KGPBUAFX_MSGMAP@@XZ 00409b20 f   OctopusCameraDisplay.obj
 0001:00008b30       ?DoDataExchange@COctopusPictureDisplay@@MAEXPAVCDataExchange@@@Z 00409b30 f   OctopusCameraDisplay.obj
 0001:00008b70       ??1COctopusPictureDisplay@@UAE@XZ 00409b70 f   OctopusCameraDisplay.obj
 0001:00008d90       ?Create_Bitmap@COctopusPictureDisplay@@QAEXXZ 00409d90 f   OctopusCameraDisplay.obj
 0001:00008fe0       ?Draw_Bitmap@COctopusPictureDisplay@@IAEXXZ 00409fe0 f   OctopusCameraDisplay.obj
 0001:000093c0       ?Update_Bitmap@COctopusPictureDisplay@@QAEXPAGG@Z 0040a3c0 f   OctopusCameraDisplay.obj
 0001:00009e20       ?BasicAnalysis@COctopusPictureDisplay@@IAEXPAG@Z 0040ae20 f   OctopusCameraDisplay.obj
 0001:00009f80       ?ROIAnalysis@COctopusPictureDisplay@@IAEXPAG@Z 0040af80 f   OctopusCameraDisplay.obj
 0001:0000a2b0       ?BeadAnalysis@COctopusPictureDisplay@@QAEXPAG@Z 0040b2b0 f   OctopusCameraDisplay.obj
 0001:0000aa00       ?gNoise@COctopusPictureDisplay@@QAENNN@Z 0040ba00 f   OctopusCameraDisplay.obj
 0001:0000aa90       ?Open_A_File@COctopusPictureDisplay@@IAE_NXZ 0040ba90 f   OctopusCameraDisplay.obj
 0001:0000acf0       ?Close_The_File@COctopusPictureDisplay@@QAEXXZ 0040bcf0 f   OctopusCameraDisplay.obj
 0001:0000ad70       ?WritePic@COctopusPictureDisplay@@IAEXXZ 0040bd70 f   OctopusCameraDisplay.obj
 0001:0000afa0       ?UpdateTitle@COctopusPictureDisplay@@IAEXXZ 0040bfa0 f   OctopusCameraDisplay.obj
 0001:0000b100       ?ValidateMarkersAndSetROI@COctopusPictureDisplay@@IAEXXZ 0040c100 f   OctopusCameraDisplay.obj
 0001:0000b3e0       ?MouseMove@COctopusPictureDisplay@@IAEXVCPoint@@@Z 0040c3e0 f   OctopusCameraDisplay.obj
 0001:0000b540       ?LeftButtonDown@COctopusPictureDisplay@@IAEXVCPoint@@@Z 0040c540 f   OctopusCameraDisplay.obj
 0001:0000b5b0       ?LeftButtonUp@COctopusPictureDisplay@@IAEXVCPoint@@@Z 0040c5b0 f   OctopusCameraDisplay.obj
 0001:0000b630       ?OnMouseMove@COctopusPictureDisplay@@IAEXIVCPoint@@@Z 0040c630 f   OctopusCameraDisplay.obj
 0001:0000b670       ?OnLButtonUp@COctopusPictureDisplay@@IAEXIVCPoint@@@Z 0040c670 f   OctopusCameraDisplay.obj
 0001:0000b6a0       ?OnLButtonDown@COctopusPictureDisplay@@IAEXIVCPoint@@@Z 0040c6a0 f   OctopusCameraDisplay.obj
 0001:0000b6d0       ?OnRButtonDown@COctopusPictureDisplay@@IAEXIVCPoint@@@Z 0040c6d0 f   OctopusCameraDisplay.obj
 0001:0000b700       ?OnCommand@COctopusPictureDisplay@@MAEHIJ@Z 0040c700 f   OctopusCameraDisplay.obj
 0001:0000b750       ?expfunc@@YAXPAN0HHPAX@Z   0040c750 f   OctopusCameraDisplay.obj
 0001:0000b7b0       ?Gaussian_2D@@YAXPAN0HHPAX@Z 0040c7b0 f   OctopusCameraDisplay.obj
 0001:0000c560       ??_GCOctopusPictureDisplay@@UAEPAXI@Z 0040d560 f i OctopusCameraDisplay.obj
 0001:0000c560       ??_ECOctopusPictureDisplay@@UAEPAXI@Z 0040d560 f i OctopusCameraDisplay.obj
 0001:0000c5a0       ??HATL@@YA?AV?$CStringT@DV?$StrTraitMFC_DLL@DV?$ChTraitsCRT@D@ATL@@@@@0@ABV10@0@Z 0040d5a0 f i OctopusCameraDisplay.obj
 0001:0000c680       ??0COctopusCamera@@QAE@PAVCWnd@@@Z 0040d680 f   OctopusCameraDlg.obj
 0001:0000cb00       ?DoDataExchange@COctopusCamera@@MAEXPAVCDataExchange@@@Z 0040db00 f   OctopusCameraDlg.obj
 0001:0000cdc0       ?GetMessageMap@COctopusCamera@@MBEPBUAFX_MSGMAP@@XZ 0040ddc0 f   OctopusCameraDlg.obj
 0001:0000cdd0       ?GetThisMessageMap@COctopusCamera@@KGPBUAFX_MSGMAP@@XZ 0040ddd0 f   OctopusCameraDlg.obj
 0001:0000cde0       ?OnInitDialog@COctopusCamera@@MAEHXZ 0040dde0 f   OctopusCameraDlg.obj
 0001:0000cf10       ??1COctopusCamera@@UAE@XZ  0040df10 f   OctopusCameraDlg.obj
 0001:0000d110       ?SetExposureTime_Single_ms@COctopusCamera@@QAEXH@Z 0040e110 f   OctopusCameraDlg.obj
 0001:0000d140       ?SetExposureTime_Movie_ms@COctopusCamera@@QAEXH@Z 0040e140 f   OctopusCameraDlg.obj
 0001:0000d170       ?SetCameraGain@COctopusCamera@@QAEXH@Z 0040e170 f   OctopusCameraDlg.obj
 0001:0000d1c0       ?SetNKinetics@COctopusCamera@@QAEXH@Z 0040e1c0 f   OctopusCameraDlg.obj
 0001:0000d1f0       ?SetMovieGain@COctopusCamera@@QAEXH@Z 0040e1f0 f   OctopusCameraDlg.obj
 0001:0000d240       ?Opencam@COctopusCamera@@IAEXXZ 0040e240 f   OctopusCameraDlg.obj
 0001:0000d3c0       ?StartPicture@COctopusCamera@@QAEXXZ 0040e3c0 f   OctopusCameraDlg.obj
 0001:0000d570       ?TakePicture@COctopusCamera@@QAEXXZ 0040e570 f   OctopusCameraDlg.obj
 0001:0000d620       ?TakeKineticPicture@COctopusCamera@@QAEXXZ 0040e620 f   OctopusCameraDlg.obj
 0001:0000d6b0       ?StartMovie@COctopusCamera@@QAEXXZ 0040e6b0 f   OctopusCameraDlg.obj
 0001:0000d790       ?StopCameraThread@COctopusCamera@@QAEXXZ 0040e790 f   OctopusCameraDlg.obj
 0001:0000d7e0       ?SetROI_To_Default@COctopusCamera@@QAEXXZ 0040e7e0 f   OctopusCameraDlg.obj
 0001:0000d850       ?SetROI@COctopusCamera@@IAEXXZ 0040e850 f   OctopusCameraDlg.obj
 0001:0000d950       ?BinChange@COctopusCamera@@IAEXXZ 0040e950 f   OctopusCameraDlg.obj
 0001:0000d9b0       ?OpenWindow@COctopusCamera@@IAEXXZ 0040e9b0 f   OctopusCameraDlg.obj
 0001:0000db60       ?OnKillfocusGeneral@COctopusCamera@@IAEXXZ 0040eb60 f   OctopusCameraDlg.obj
 0001:0000db80       ?OnKillfocusTempTarget@COctopusCamera@@IAEXXZ 0040eb80 f   OctopusCameraDlg.obj
 0001:0000dba0       ?OnKillfocusManualGain@COctopusCamera@@IAEXXZ 0040eba0 f   OctopusCameraDlg.obj
 0001:0000dbd0       ?OnKillfocusPicturesPerFile@COctopusCamera@@IAEXXZ 0040ebd0 f   OctopusCameraDlg.obj
 0001:0000dc00       ?OnBinning1x1@COctopusCamera@@IAEXXZ 0040ec00 f   OctopusCameraDlg.obj
 0001:0000dc30       ?OnBinning2x2@COctopusCamera@@IAEXXZ 0040ec30 f   OctopusCameraDlg.obj
 0001:0000dc60       ?OnBinning4x4@COctopusCamera@@IAEXXZ 0040ec60 f   OctopusCameraDlg.obj
 0001:0000dc90       ?OnBinning8x8@COctopusCamera@@IAEXXZ 0040ec90 f   OctopusCameraDlg.obj
 0001:0000dcc0       ?OnVSSPEED_0@COctopusCamera@@IAEXXZ 0040ecc0 f   OctopusCameraDlg.obj
 0001:0000dce0       ?OnVSSPEED_1@COctopusCamera@@IAEXXZ 0040ece0 f   OctopusCameraDlg.obj
 0001:0000dd00       ?OnVSSPEED_2@COctopusCamera@@IAEXXZ 0040ed00 f   OctopusCameraDlg.obj
 0001:0000dd20       ?OnVSSPEED_3@COctopusCamera@@IAEXXZ 0040ed20 f   OctopusCameraDlg.obj
 0001:0000dd40       ?OnVSSPEED_4@COctopusCamera@@IAEXXZ 0040ed40 f   OctopusCameraDlg.obj
 0001:0000dd60       ?OnHSSPEED_0@COctopusCamera@@IAEXXZ 0040ed60 f   OctopusCameraDlg.obj
 0001:0000dd80       ?OnHSSPEED_1@COctopusCamera@@IAEXXZ 0040ed80 f   OctopusCameraDlg.obj
 0001:0000dda0       ?OnHSSPEED_2@COctopusCamera@@IAEXXZ 0040eda0 f   OctopusCameraDlg.obj
 0001:0000ddc0       ?OnHSSPEED_3@COctopusCamera@@IAEXXZ 0040edc0 f   OctopusCameraDlg.obj
 0001:0000dde0       ?OnHSSPEED_4@COctopusCamera@@IAEXXZ 0040ede0 f   OctopusCameraDlg.obj
 0001:0000de00       ?OnHSSPEED_5@COctopusCamera@@IAEXXZ 0040ee00 f   OctopusCameraDlg.obj
 0001:0000de20       ?OnLMM_0@COctopusCamera@@IAEXXZ 0040ee20 f   OctopusCameraDlg.obj
 0001:0000de50       ?OnLMM_1@COctopusCamera@@IAEXXZ 0040ee50 f   OctopusCameraDlg.obj
 0001:0000de80       ?OnLMM_2@COctopusCamera@@IAEXXZ 0040ee80 f   OctopusCameraDlg.obj
 0001:0000deb0       ?OnLMM_3@COctopusCamera@@IAEXXZ 0040eeb0 f   OctopusCameraDlg.obj
 0001:0000dee0       ?OnPIC_0@COctopusCamera@@IAEXXZ 0040eee0 f   OctopusCameraDlg.obj
 0001:0000df10       ?OnPIC_1@COctopusCamera@@IAEXXZ 0040ef10 f   OctopusCameraDlg.obj
 0001:0000df40       ?OnPIC_2@COctopusCamera@@IAEXXZ 0040ef40 f   OctopusCameraDlg.obj
 0001:0000df70       ?OnGL_0@COctopusCamera@@IAEXXZ 0040ef70 f   OctopusCameraDlg.obj
 0001:0000dfa0       ?OnGL_1@COctopusCamera@@IAEXXZ 0040efa0 f   OctopusCameraDlg.obj
 0001:0000dfe0       ?OnGL_2@COctopusCamera@@IAEXXZ 0040efe0 f   OctopusCameraDlg.obj
 0001:0000e020       ?OnVSSPEED_Report@COctopusCamera@@IAEXXZ 0040f020 f   OctopusCameraDlg.obj
 0001:0000e030       ?OnHSSPEED_Report@COctopusCamera@@IAEXXZ 0040f030 f   OctopusCameraDlg.obj
 0001:0000e040       ?OnDisplayGainManual@COctopusCamera@@IAEXXZ 0040f040 f   OctopusCameraDlg.obj
 0001:0000e070       ?OnDisplayGainAutomatic@COctopusCamera@@IAEXXZ 0040f070 f   OctopusCameraDlg.obj
 0001:0000e0a0       ?OnFileChange@COctopusCamera@@IAEXXZ 0040f0a0 f   OctopusCameraDlg.obj
 0001:0000e0d0       ?OnFocusChange@COctopusCamera@@IAEXXZ 0040f0d0 f   OctopusCameraDlg.obj
 0001:0000e0f0       ?StartSaving@COctopusCamera@@QAEXXZ 0040f0f0 f   OctopusCameraDlg.obj
 0001:0000e180       ?StopSaving@COctopusCamera@@QAEXXZ 0040f180 f   OctopusCameraDlg.obj
 0001:0000e200       ?FileClose@COctopusCamera@@QAEXXZ 0040f200 f   OctopusCameraDlg.obj
 0001:0000e250       ?OnSetPath@COctopusCamera@@IAEXXZ 0040f250 f   OctopusCameraDlg.obj
 0001:0000e420       ?OnTimer@COctopusCamera@@IAEXI@Z 0040f420 f   OctopusCameraDlg.obj
 0001:0000e940       ?StartWaitThread@COctopusCamera@@IAEXXZ 0040f940 f   OctopusCameraDlg.obj
 0001:0000e9a0       ?KillWaitThread@COctopusCamera@@IAEXXZ 0040f9a0 f   OctopusCameraDlg.obj
 0001:0000ea40       ?FocusThread@@YGKPAX@Z     0040fa40 f   OctopusCameraDlg.obj
 0001:0000ea80       ?OnBnClickedCasFt@COctopusCamera@@QAEXXZ 0040fa80 f   OctopusCameraDlg.obj
 0001:0000eac0       ?OnBnClickedCasTTL@COctopusCamera@@QAEXXZ 0040fac0 f   OctopusCameraDlg.obj
 0001:0000eb00       ?OnBnClickedCasAL@COctopusCamera@@QAEXXZ 0040fb00 f   OctopusCameraDlg.obj
 0001:0000eb40       ?OnCommand@COctopusCamera@@MAEHIJ@Z 0040fb40 f   OctopusCameraDlg.obj
 0001:0000eb90       ?EnableDlg@COctopusCamera@@IAEXXZ 0040fb90 f   OctopusCameraDlg.obj
 0001:0000ed40       ?DisableDlgMovie@COctopusCamera@@IAEXXZ 0040fd40 f   OctopusCameraDlg.obj
 0001:0000eda0       ?DisableDlg@COctopusCamera@@IAEXXZ 0040fda0 f   OctopusCameraDlg.obj
 0001:0000ef10       ?OnBnClickedGeneralFocus@COctopusCamera@@QAEXXZ 0040ff10 f   OctopusCameraDlg.obj
 0001:0000ef70       ?OnEnChangeFocusEdit@COctopusCamera@@QAEXXZ 0040ff70 f   OctopusCameraDlg.obj
 0001:0000ef90       ?OnEnChangeCasPicturesPerFile@COctopusCamera@@QAEXXZ 0040ff90 f   OctopusCameraDlg.obj
 0001:0000f9f0       ??_ECOctopusCamera@@UAEPAXI@Z 004109f0 f i OctopusCameraDlg.obj
 0001:0000f9f0       ??_GCOctopusCamera@@UAEPAXI@Z 004109f0 f i OctopusCameraDlg.obj
 0001:0000fa30       ??HATL@@YA?AV?$CStringT@DV?$StrTraitMFC_DLL@DV?$ChTraitsCRT@D@ATL@@@@@0@ABV10@PBD@Z 00410a30 f i OctopusCameraDlg.obj
 0001:0000fb10       ??0COctopusGoodClock@@QAE@XZ 00410b10 f   OctopusClock.obj
 0001:0000fb70       ??1COctopusGoodClock@@UAE@XZ 00410b70 f   OctopusClock.obj
 0001:0000fb90       ?End@COctopusGoodClock@@QBENXZ 00410b90 f   OctopusClock.obj
 0001:0000fc20       ??_ECOctopusGoodClock@@UAEPAXI@Z 00410c20 f i OctopusClock.obj
 0001:0000fc20       ??_GCOctopusGoodClock@@UAEPAXI@Z 00410c20 f i OctopusClock.obj
 0001:0000fc60       ?CreateObject@COctopusDoc@@SGPAVCObject@@XZ 00410c60 f   OctopusDoc.obj
 0001:0000fce0       ?_GetBaseClass@COctopusDoc@@KGPAUCRuntimeClass@@XZ 00410ce0 f   OctopusDoc.obj
 0001:0000fcf0       ?GetThisClass@COctopusDoc@@SGPAUCRuntimeClass@@XZ 00410cf0 f   OctopusDoc.obj
 0001:0000fd00       ?GetRuntimeClass@COctopusDoc@@UBEPAUCRuntimeClass@@XZ 00410d00 f   OctopusDoc.obj
 0001:0000fd10       ??0COctopusDoc@@IAE@XZ     00410d10 f   OctopusDoc.obj
 0001:0000fd30       ??1COctopusDoc@@UAE@XZ     00410d30 f   OctopusDoc.obj
 0001:0000fd50       ?OnNewDocument@COctopusDoc@@UAEHXZ 00410d50 f   OctopusDoc.obj
 0001:0000fda0       ?GetAdapter@CDocument@@UAEPAUIDocument@ATL@@XZ 00410da0 f i OctopusDoc.obj
 0001:0000fed0       ??0CDocumentAdapter@CDocument@@QAE@PAV1@@Z 00410ed0 f i OctopusDoc.obj
 0001:0000ff10       ??0IDocument@ATL@@IAE@XZ   00410f10 f i OctopusDoc.obj
 0001:0000ff40       ?AddRef@IDocument@ATL@@UAEJXZ 00410f40 f i OctopusDoc.obj
 0001:0000ff60       ?Release@IDocument@ATL@@UAEJXZ 00410f60 f i OctopusDoc.obj
 0001:0000fff0       ??_EIDocument@ATL@@UAEPAXI@Z 00410ff0 f i OctopusDoc.obj
 0001:0000fff0       ??_GIDocument@ATL@@UAEPAXI@Z 00410ff0 f i OctopusDoc.obj
 0001:00010030       ??1IDocument@ATL@@UAE@XZ   00411030 f i OctopusDoc.obj
 0001:00010050       ?LoadFromStream@CDocumentAdapter@CDocument@@UAEJPAUIStream@@K@Z 00411050 f i OctopusDoc.obj
 0001:00010130       ?InitializeSearchContent@CDocumentAdapter@CDocument@@UAEXXZ 00411130 f i OctopusDoc.obj
 0001:000101c0       ?ClearChunkList@CDocumentAdapter@CDocument@@UAEXXZ 004111c0 f i OctopusDoc.obj
 0001:00010250       ?SetChunkValue@CDocumentAdapter@CDocument@@UAEHPAUIFilterChunkValue@ATL@@@Z 00411250 f i OctopusDoc.obj
 0001:000102e0       ?BeginReadChunks@CDocumentAdapter@CDocument@@UAEXXZ 004112e0 f i OctopusDoc.obj
 0001:00010370       ?ReadNextChunkValue@CDocumentAdapter@CDocument@@UAEHPAPAUIFilterChunkValue@ATL@@@Z 00411370 f i OctopusDoc.obj
 0001:00010400       ?RemoveChunk@CDocumentAdapter@CDocument@@UAEXABU_GUID@@K@Z 00411400 f i OctopusDoc.obj
 0001:00010490       ?FindChunk@CDocumentAdapter@CDocument@@UAEPAU__POSITION@@ABU_GUID@@K@Z 00411490 f i OctopusDoc.obj
 0001:00010530       ?GetContainer@CDocumentAdapter@CDocument@@UBEPAXXZ 00411530 f i OctopusDoc.obj
 0001:00010550       ?GetThumbnail@CDocumentAdapter@CDocument@@UAEHIPAPAUHBITMAP__@@PAW4WTS_ALPHATYPE@@@Z 00411550 f i OctopusDoc.obj
 0001:000105f0       ?OnBeforeRichPreviewFontChanged@CDocument@@UAEXXZ 004115f0 f i OctopusDoc.obj
 0001:00010600       ?OnRichPreviewFontChanged@CDocument@@UAEXXZ 00411600 f i OctopusDoc.obj
 0001:00010610       ?OnRichPreviewTextColorChanged@CDocument@@UAEXXZ 00411610 f i OctopusDoc.obj
 0001:00010620       ?OnRichPreviewBackColorChanged@CDocument@@UAEXXZ 00411620 f i OctopusDoc.obj
 0001:00010630       ?OnRichPreviewSiteChanged@CDocument@@UAEXXZ 00411630 f i OctopusDoc.obj
 0001:00010640       ?InitializeSearchContent@CDocument@@UAEXXZ 00411640 f i OctopusDoc.obj
 0001:00010680       ??_ECDocumentAdapter@CDocument@@UAEPAXI@Z 00411680 f i OctopusDoc.obj
 0001:00010680       ??_GCDocumentAdapter@CDocument@@UAEPAXI@Z 00411680 f i OctopusDoc.obj
 0001:000106c0       ??1CDocumentAdapter@CDocument@@UAE@XZ 004116c0 f i OctopusDoc.obj
 0001:00010780       ??_GCOctopusDoc@@UAEPAXI@Z 00411780 f i OctopusDoc.obj
 0001:00010780       ??_ECOctopusDoc@@UAEPAXI@Z 00411780 f i OctopusDoc.obj
 0001:000107c0       ??0COctopusFocus@@QAE@PAVCWnd@@@Z 004117c0 f   OctopusFocus.obj
 0001:00010990       ?OnInitDialog@COctopusFocus@@UAEHXZ 00411990 f   OctopusFocus.obj
 0001:000109b0       ??1COctopusFocus@@UAE@XZ   004119b0 f   OctopusFocus.obj
 0001:00010a70       ?Close@COctopusFocus@@QAEXXZ 00411a70 f   OctopusFocus.obj
 0001:00010a90       ?OnFocus@COctopusFocus@@QAEXXZ 00411a90 f   OctopusFocus.obj
 0001:00010b90       ?AutoFocus@COctopusFocus@@QAEXN@Z 00411b90 f   OctopusFocus.obj
 0001:00010db0       ?ROIFocus@COctopusFocus@@QAEXN@Z 00411db0 f   OctopusFocus.obj
 0001:00010ff0       ?EndFocus@COctopusFocus@@QAEXXZ 00411ff0 f   OctopusFocus.obj
 0001:000110e0       ?OnTimer@COctopusFocus@@QAEXI@Z 004120e0 f   OctopusFocus.obj
 0001:00011700       ?DoDataExchange@COctopusFocus@@MAEXPAVCDataExchange@@@Z 00412700 f   OctopusFocus.obj
 0001:00011760       ?GetMessageMap@COctopusFocus@@MBEPBUAFX_MSGMAP@@XZ 00412760 f   OctopusFocus.obj
 0001:00011770       ?GetThisMessageMap@COctopusFocus@@KGPBUAFX_MSGMAP@@XZ 00412770 f   OctopusFocus.obj
 0001:00011780       ?OnKillfocusGeneral@COctopusFocus@@QAEXXZ 00412780 f   OctopusFocus.obj
 0001:000117a0       ?OnCommand@COctopusFocus@@MAEHIJ@Z 004127a0 f   OctopusFocus.obj
 0001:00011bf0       ??_GCOctopusFocus@@UAEPAXI@Z 00412bf0 f i OctopusFocus.obj
 0001:00011bf0       ??_ECOctopusFocus@@UAEPAXI@Z 00412bf0 f i OctopusFocus.obj
 0001:00011c30       ?GetExposureTime_Single_ms@COctopusCamera@@QAEKXZ 00412c30 f i OctopusFocus.obj
 0001:00011c50       ??0OctopusLaser@@QAE@PAVCWnd@@@Z 00412c50 f   OctopusLaser.obj
 0001:00011da0       ?DoDataExchange@OctopusLaser@@MAEXPAVCDataExchange@@@Z 00412da0 f   OctopusLaser.obj
 0001:00011e30       ?GetMessageMap@OctopusLaser@@MBEPBUAFX_MSGMAP@@XZ 00412e30 f   OctopusLaser.obj
 0001:00011e40       ?GetThisMessageMap@OctopusLaser@@KGPBUAFX_MSGMAP@@XZ 00412e40 f   OctopusLaser.obj
 0001:00011e50       ?OnInitDialog@OctopusLaser@@MAEHXZ 00412e50 f   OctopusLaser.obj
 0001:00011f80       ??1OctopusLaser@@UAE@XZ    00412f80 f   OctopusLaser.obj
 0001:00012040       ?OnCommand@OctopusLaser@@MAEHIJ@Z 00413040 f   OctopusLaser.obj
 0001:00012090       ?LED_On@OctopusLaser@@QAEXM@Z 00413090 f   OctopusLaser.obj
 0001:000120d0       ?LED_Off@OctopusLaser@@QAEXXZ 004130d0 f   OctopusLaser.obj
 0001:000120f0       ?SetIntensity@OctopusLaser@@IAEXM@Z 004130f0 f   OctopusLaser.obj
 0001:00012220       ?OnNMCustomdrawLasersSlider@OctopusLaser@@QAEXPAUtagNMHDR@@PAJ@Z 00413220 f   OctopusLaser.obj
 0001:00012350       ?OnEnKillfocusLaserInput@OctopusLaser@@QAEXXZ 00413350 f   OctopusLaser.obj
 0001:00012600       ??_GOctopusLaser@@UAEPAXI@Z 00413600 f i OctopusLaser.obj
 0001:00012600       ??_EOctopusLaser@@UAEPAXI@Z 00413600 f i OctopusLaser.obj
 0001:00012640       ??0COctopusLasers@@QAE@PAVCWnd@@@Z 00413640 f   OctopusLasers.obj
 0001:00012820       ?DoDataExchange@COctopusLasers@@MAEXPAVCDataExchange@@@Z 00413820 f   OctopusLasers.obj
 0001:00012900       ?GetMessageMap@COctopusLasers@@MBEPBUAFX_MSGMAP@@XZ 00413900 f   OctopusLasers.obj
 0001:00012910       ?GetThisMessageMap@COctopusLasers@@KGPBUAFX_MSGMAP@@XZ 00413910 f   OctopusLasers.obj
 0001:00012920       ??1COctopusLasers@@UAE@XZ  00413920 f   OctopusLasers.obj
 0001:00012a30       ?OnClicked405@COctopusLasers@@QAEXXZ 00413a30 f   OctopusLasers.obj
 0001:00012a60       ?OnClicked488@COctopusLasers@@QAEXXZ 00413a60 f   OctopusLasers.obj
 0001:00012a90       ?OnClicked561@COctopusLasers@@QAEXXZ 00413a90 f   OctopusLasers.obj
 0001:00012ac0       ?OnClicked639@COctopusLasers@@QAEXXZ 00413ac0 f   OctopusLasers.obj
 0001:00012af0       ?Laser_639_On@COctopusLasers@@QAEXXZ 00413af0 f   OctopusLasers.obj
 0001:00012b40       ?Laser_639_Off@COctopusLasers@@QAEXXZ 00413b40 f   OctopusLasers.obj
 0001:00012b90       ?Laser_405_On@COctopusLasers@@QAEXXZ 00413b90 f   OctopusLasers.obj
 0001:00012be0       ?Laser_405_Off@COctopusLasers@@QAEXXZ 00413be0 f   OctopusLasers.obj
 0001:00012c30       ?Laser_488_On@COctopusLasers@@QAEXXZ 00413c30 f   OctopusLasers.obj
 0001:00012c80       ?Laser_488_Off@COctopusLasers@@QAEXXZ 00413c80 f   OctopusLasers.obj
 0001:00012cd0       ?Laser_561_On@COctopusLasers@@QAEXXZ 00413cd0 f   OctopusLasers.obj
 0001:00012d20       ?Laser_561_Off@COctopusLasers@@QAEXXZ 00413d20 f   OctopusLasers.obj
 0001:00012d70       ?Initialize@COctopusLasers@@QAEXXZ 00413d70 f   OctopusLasers.obj
 0001:00012f10       ?OnCommand@COctopusLasers@@MAEHIJ@Z 00413f10 f   OctopusLasers.obj
 0001:000131a0       ??_ECOctopusLasers@@UAEPAXI@Z 004141a0 f i OctopusLasers.obj
 0001:000131a0       ??_GCOctopusLasers@@UAEPAXI@Z 004141a0 f i OctopusLasers.obj
 0001:000131e0       ?SC_Enable@CMgmotorctrl1@@QAEJJ@Z 004141e0 f i OctopusLasers.obj
 0001:00013230       ?SC_Disable@CMgmotorctrl1@@QAEJJ@Z 00414230 f i OctopusLasers.obj
 0001:00013280       ?StartCtrl@CMgmotorctrl1@@QAEJXZ 00414280 f i OctopusLasers.obj
 0001:000132c0       ?SC_SetOperatingMode@CMgmotorctrl1@@QAEJJJ@Z 004142c0 f i OctopusLasers.obj
 0001:00013310       ?SetHWSerialNum@CMgmotorctrl1@@QAEXJ@Z 00414310 f i OctopusLasers.obj
 0001:00013340       ??0COctopusLog@@QAE@XZ     00414340 f   OctopusLog.obj
 0001:00013380       ??1COctopusLog@@QAE@XZ     00414380 f   OctopusLog.obj
 0001:000133b0       ?Open_File@COctopusLog@@IAE_NXZ 004143b0 f   OctopusLog.obj
 0001:000133f0       ?Write@COctopusLog@@QAEXV?$CStringT@DV?$StrTraitMFC_DLL@DV?$ChTraitsCRT@D@ATL@@@@@ATL@@@Z 004143f0 f   OctopusLog.obj
 0001:000135d0       ?Format@CTime@ATL@@QBE?AV?$CStringT@DV?$StrTraitMFC_DLL@DV?$ChTraitsCRT@D@ATL@@@@@2@PBD@Z 004145d0 f i OctopusLog.obj
 0001:000136d0       ?AtlThrowImpl@ATL@@YGXJ@Z  004146d0 f i OctopusLog.obj
 0001:00013740       ??RCTraceFileAndLineInfo@ATL@@QBAXKIPBDZZ 00414740 f i OctopusLog.obj
 0001:00013790       ??0COctopusObjectivePiezo@@QAE@PAVCWnd@@@Z 00414790 f   OctopusObjectivePiezo.obj
 0001:00013980       ?OnInitDialog@COctopusObjectivePiezo@@UAEHXZ 00414980 f   OctopusObjectivePiezo.obj
 0001:000139a0       ??1COctopusObjectivePiezo@@UAE@XZ 004149a0 f   OctopusObjectivePiezo.obj
 0001:00013a70       ?Initialize@COctopusObjectivePiezo@@QAEHXZ 00414a70 f   OctopusObjectivePiezo.obj
 0001:00013bf0       ?Close@COctopusObjectivePiezo@@QAEXXZ 00414bf0 f   OctopusObjectivePiezo.obj
 0001:00013c90       ?MoveRelZ@COctopusObjectivePiezo@@QAEXN@Z 00414c90 f   OctopusObjectivePiezo.obj
 0001:00013ca0       ?MoveUp@COctopusObjectivePiezo@@QAEXXZ 00414ca0 f   OctopusObjectivePiezo.obj
 0001:00013cd0       ?MoveDown@COctopusObjectivePiezo@@QAEXXZ 00414cd0 f   OctopusObjectivePiezo.obj
 0001:00013d00       ?OnStepSize1@COctopusObjectivePiezo@@QAEXXZ 00414d00 f   OctopusObjectivePiezo.obj
 0001:00013d40       ?OnStepSize2@COctopusObjectivePiezo@@QAEXXZ 00414d40 f   OctopusObjectivePiezo.obj
 0001:00013d80       ?OnStepSize3@COctopusObjectivePiezo@@QAEXXZ 00414d80 f   OctopusObjectivePiezo.obj
 0001:00013dc0       ?OnStepSize4@COctopusObjectivePiezo@@QAEXXZ 00414dc0 f   OctopusObjectivePiezo.obj
 0001:00013df0       ?OnStepSize5@COctopusObjectivePiezo@@QAEXXZ 00414df0 f   OctopusObjectivePiezo.obj
 0001:00013e30       ?GetPosition@COctopusObjectivePiezo@@IAENXZ 00414e30 f   OctopusObjectivePiezo.obj
 0001:00013e50       ?UpdatePosition@COctopusObjectivePiezo@@IAEXXZ 00414e50 f   OctopusObjectivePiezo.obj
 0001:00013e80       ?ShowPosition@COctopusObjectivePiezo@@IAEXXZ 00414e80 f   OctopusObjectivePiezo.obj
 0001:00013f30       ?Center@COctopusObjectivePiezo@@QAEXXZ 00414f30 f   OctopusObjectivePiezo.obj
 0001:00013f50       ?OnSave@COctopusObjectivePiezo@@QAEXXZ 00414f50 f   OctopusObjectivePiezo.obj
 0001:00013fc0       ?OnSaveGoTo@COctopusObjectivePiezo@@QAEXXZ 00414fc0 f   OctopusObjectivePiezo.obj
 0001:00013fe0       ?OnTimer@COctopusObjectivePiezo@@QAEXI@Z 00414fe0 f   OctopusObjectivePiezo.obj
 0001:000140a0       ?DoDataExchange@COctopusObjectivePiezo@@MAEXPAVCDataExchange@@@Z 004150a0 f   OctopusObjectivePiezo.obj
 0001:000140f0       ?GetMessageMap@COctopusObjectivePiezo@@MBEPBUAFX_MSGMAP@@XZ 004150f0 f   OctopusObjectivePiezo.obj
 0001:00014100       ?GetThisMessageMap@COctopusObjectivePiezo@@KGPBUAFX_MSGMAP@@XZ 00415100 f   OctopusObjectivePiezo.obj
 0001:00014110       ?OnKillfocusGeneral@COctopusObjectivePiezo@@QAEXXZ 00415110 f   OctopusObjectivePiezo.obj
 0001:00014130       ?OnCommand@COctopusObjectivePiezo@@MAEHIJ@Z 00415130 f   OctopusObjectivePiezo.obj
 0001:000143f0       ??_GCOctopusObjectivePiezo@@UAEPAXI@Z 004153f0 f i OctopusObjectivePiezo.obj
 0001:000143f0       ??_ECOctopusObjectivePiezo@@UAEPAXI@Z 004153f0 f i OctopusObjectivePiezo.obj
 0001:00014430       ??0COctopusScope@@QAE@PAVCWnd@@@Z 00415430 f   OctopusScope.obj
 0001:00014590       ?OnInitDialog@COctopusScope@@MAEHXZ 00415590 f   OctopusScope.obj
 0001:000145c0       ?OnTimer@COctopusScope@@QAEXI@Z 004155c0 f   OctopusScope.obj
 0001:00014630       ?Init@COctopusScope@@IAE_NXZ 00415630 f   OctopusScope.obj
 0001:00014e00       ?DoDataExchange@COctopusScope@@MAEXPAVCDataExchange@@@Z 00415e00 f   OctopusScope.obj
 0001:00014ec0       ?GetMessageMap@COctopusScope@@MBEPBUAFX_MSGMAP@@XZ 00415ec0 f   OctopusScope.obj
 0001:00014ed0       ?GetThisMessageMap@COctopusScope@@KGPBUAFX_MSGMAP@@XZ 00415ed0 f   OctopusScope.obj
 0001:00014ee0       ?Close@COctopusScope@@QAEXXZ 00415ee0 f   OctopusScope.obj
 0001:00014f90       ??1COctopusScope@@UAE@XZ   00415f90 f   OctopusScope.obj
 0001:00015040       ?Z_StepDown@COctopusScope@@QAEXXZ 00416040 f   OctopusScope.obj
 0001:00015110       ?Z_StepUp@COctopusScope@@QAEXXZ 00416110 f   OctopusScope.obj
 0001:000151e0       ?ObjESC@COctopusScope@@QAEXXZ 004161e0 f   OctopusScope.obj
 0001:00015320       ?ObjRTN@COctopusScope@@QAEXXZ 00416320 f   OctopusScope.obj
 0001:00015420       ?OnObjectiveStepSize1@COctopusScope@@QAEXXZ 00416420 f   OctopusScope.obj
 0001:00015460       ?OnObjectiveStepSize2@COctopusScope@@QAEXXZ 00416460 f   OctopusScope.obj
 0001:000154a0       ?OnObjectiveStepSize3@COctopusScope@@QAEXXZ 004164a0 f   OctopusScope.obj
 0001:000154e0       ?OnObjectiveStepSize4@COctopusScope@@QAEXXZ 004164e0 f   OctopusScope.obj
 0001:00015520       ?GetPosition@COctopusScope@@QAEXXZ 00416520 f   OctopusScope.obj
 0001:00015710       ?DisplayPosition@COctopusScope@@IAEXXZ 00416710 f   OctopusScope.obj
 0001:000157c0       ?OnObj_1@COctopusScope@@QAEXXZ 004167c0 f   OctopusScope.obj
 0001:000157f0       ?OnObj_2@COctopusScope@@QAEXXZ 004167f0 f   OctopusScope.obj
 0001:00015820       ?OnObj_3@COctopusScope@@QAEXXZ 00416820 f   OctopusScope.obj
 0001:00015850       ?OnObj_4@COctopusScope@@QAEXXZ 00416850 f   OctopusScope.obj
 0001:00015880       ?OnObj_5@COctopusScope@@QAEXXZ 00416880 f   OctopusScope.obj
 0001:000158b0       ?OnObj_6@COctopusScope@@QAEXXZ 004168b0 f   OctopusScope.obj
 0001:000158e0       ?OnFW_1@COctopusScope@@QAEXXZ 004168e0 f   OctopusScope.obj
 0001:00015910       ?OnFW_2@COctopusScope@@QAEXXZ 00416910 f   OctopusScope.obj
 0001:00015940       ?OnFW_3@COctopusScope@@QAEXXZ 00416940 f   OctopusScope.obj
 0001:00015970       ?OnFW_4@COctopusScope@@QAEXXZ 00416970 f   OctopusScope.obj
 0001:000159a0       ?OnFW_5@COctopusScope@@QAEXXZ 004169a0 f   OctopusScope.obj
 0001:000159d0       ?OnFW_6@COctopusScope@@QAEXXZ 004169d0 f   OctopusScope.obj
 0001:00015a00       ?OnBFW_1@COctopusScope@@QAEXXZ 00416a00 f   OctopusScope.obj
 0001:00015a30       ?OnBFW_2@COctopusScope@@QAEXXZ 00416a30 f   OctopusScope.obj
 0001:00015a60       ?OnBFW_3@COctopusScope@@QAEXXZ 00416a60 f   OctopusScope.obj
 0001:00015a90       ?OnBFW_4@COctopusScope@@QAEXXZ 00416a90 f   OctopusScope.obj
 0001:00015ac0       ?OnBFW_5@COctopusScope@@QAEXXZ 00416ac0 f   OctopusScope.obj
 0001:00015af0       ?OnBFW_6@COctopusScope@@QAEXXZ 00416af0 f   OctopusScope.obj
 0001:00015b20       ?Objective@COctopusScope@@QAEXH@Z 00416b20 f   OctopusScope.obj
 0001:00015e30       ?GetObj@COctopusScope@@IAEHXZ 00416e30 f   OctopusScope.obj
 0001:00015fe0       ?GetFW@COctopusScope@@IAEHXZ 00416fe0 f   OctopusScope.obj
 0001:00016190       ?GetBFW@COctopusScope@@IAEHXZ 00417190 f   OctopusScope.obj
 0001:00016340       ?EpiFilterWheel@COctopusScope@@QAEXH@Z 00417340 f   OctopusScope.obj
 0001:00016410       ?BrightFieldFilterWheel@COctopusScope@@QAEXH@Z 00417410 f   OctopusScope.obj
 0001:000164e0       ?ChangePath@COctopusScope@@QAEXXZ 004174e0 f   OctopusScope.obj
 0001:00016560       ?BrightField@COctopusScope@@QAEXH@Z 00417560 f   OctopusScope.obj
 0001:00016630       ?OnNMCustomdrawExecute@COctopusScope@@IAEXPAUtagNMHDR@@PAJ@Z 00417630 f   OctopusScope.obj
 0001:00016690       ?DisplayBFIntensity@COctopusScope@@IAEXH@Z 00417690 f   OctopusScope.obj
 0001:00016750       ?WriteScope@COctopusScope@@IAE_NV?$CStringT@DV?$StrTraitMFC_DLL@DV?$ChTraitsCRT@D@ATL@@@@@ATL@@@Z 00417750 f   OctopusScope.obj
 0001:00016870       ?ReadScope@COctopusScope@@IAE?AV?$CStringT@DV?$StrTraitMFC_DLL@DV?$ChTraitsCRT@D@ATL@@@@@ATL@@G@Z 00417870 f   OctopusScope.obj
 0001:00016940       ?OnCommand@COctopusScope@@MAEHIJ@Z 00417940 f   OctopusScope.obj
 0001:000172e0       ??_GCOctopusScope@@UAEPAXI@Z 004182e0 f i OctopusScope.obj
 0001:000172e0       ??_ECOctopusScope@@UAEPAXI@Z 004182e0 f i OctopusScope.obj
 0001:00017320       ??0COctopusScript@@QAE@PAVCWnd@@@Z 00418320 f   OctopusScript.obj
 0001:000174b0       ?DoDataExchange@COctopusScript@@MAEXPAVCDataExchange@@@Z 004184b0 f   OctopusScript.obj
 0001:00017530       ?GetMessageMap@COctopusScript@@MBEPBUAFX_MSGMAP@@XZ 00418530 f   OctopusScript.obj
 0001:00017540       ?GetThisMessageMap@COctopusScript@@KGPBUAFX_MSGMAP@@XZ 00418540 f   OctopusScript.obj
 0001:00017550       ??1COctopusScript@@UAE@XZ  00418550 f   OctopusScript.obj
 0001:00017610       ?OnButtonSeqLoad@COctopusScript@@IAEXXZ 00418610 f   OctopusScript.obj
 0001:00017ba0       ?OnButtonSeqRun@COctopusScript@@IAEXXZ 00418ba0 f   OctopusScript.obj
 0001:00017cb0       ?OnButtonSeqStop@COctopusScript@@IAEXXZ 00418cb0 f   OctopusScript.obj
 0001:00017d00       ?OnTimer@COctopusScript@@IAEXI@Z 00418d00 f   OctopusScript.obj
 0001:00019e60       ??_ECOctopusScript@@UAEPAXI@Z 0041ae60 f i OctopusScript.obj
 0001:00019e60       ??_GCOctopusScript@@UAEPAXI@Z 0041ae60 f i OctopusScript.obj
 0001:00019ea0       ??0COctopusShutterAndWheel@@QAE@PAVCWnd@@@Z 0041aea0 f   OctopusShutter.obj
 0001:00019fd0       ?DoDataExchange@COctopusShutterAndWheel@@MAEXPAVCDataExchange@@@Z 0041afd0 f   OctopusShutter.obj
 0001:0001a060       ?GetMessageMap@COctopusShutterAndWheel@@MBEPBUAFX_MSGMAP@@XZ 0041b060 f   OctopusShutter.obj
 0001:0001a070       ?GetThisMessageMap@COctopusShutterAndWheel@@KGPBUAFX_MSGMAP@@XZ 0041b070 f   OctopusShutter.obj
 0001:0001a080       ?OnInitDialog@COctopusShutterAndWheel@@MAEHXZ 0041b080 f   OctopusShutter.obj
 0001:0001a140       ??1COctopusShutterAndWheel@@UAE@XZ 0041b140 f   OctopusShutter.obj
 0001:0001a200       ?OnSnap@COctopusShutterAndWheel@@QAEXXZ 0041b200 f   OctopusShutter.obj
 0001:0001a2b0       ?Loadem@COctopusShutterAndWheel@@IAEXXZ 0041b2b0 f   OctopusShutter.obj
 0001:0001a6e0       ?ShutterOpen@COctopusShutterAndWheel@@QAEXXZ 0041b6e0 f   OctopusShutter.obj
 0001:0001a760       ?ShutterPartial@COctopusShutterAndWheel@@QAEXE@Z 0041b760 f   OctopusShutter.obj
 0001:0001a820       ?ShutterClose@COctopusShutterAndWheel@@QAEXXZ 0041b820 f   OctopusShutter.obj
 0001:0001a8b0       ?Filter@COctopusShutterAndWheel@@QAEXE@Z 0041b8b0 f   OctopusShutter.obj
 0001:0001a940       ?ShutterReady@COctopusShutterAndWheel@@QAE_NXZ 0041b940 f   OctopusShutter.obj
 0001:0001a970       ?Read@COctopusShutterAndWheel@@IAEKPAXKPAK@Z 0041b970 f   OctopusShutter.obj
 0001:0001a9a0       ?SetBaudRate@COctopusShutterAndWheel@@IAEKK@Z 0041b9a0 f   OctopusShutter.obj
 0001:0001a9d0       ?SetLatencyTimer@COctopusShutterAndWheel@@IAEKE@Z 0041b9d0 f   OctopusShutter.obj
 0001:0001aa00       ?SetUSBParameters@COctopusShutterAndWheel@@IAEKKK@Z 0041ba00 f   OctopusShutter.obj
 0001:0001aa30       ?Write@COctopusShutterAndWheel@@IAEKPAXKPAK@Z 0041ba30 f   OctopusShutter.obj
 0001:0001aa60       ?Open@COctopusShutterAndWheel@@IAEKPAX@Z 0041ba60 f   OctopusShutter.obj
 0001:0001aa90       ?OpenEx@COctopusShutterAndWheel@@IAEKPAXK@Z 0041ba90 f   OctopusShutter.obj
 0001:0001aac0       ?ListDevices@COctopusShutterAndWheel@@IAEKPAX0K@Z 0041bac0 f   OctopusShutter.obj
 0001:0001aaf0       ?Close@COctopusShutterAndWheel@@IAEKXZ 0041baf0 f   OctopusShutter.obj
 0001:0001ab10       ?ResetDevice@COctopusShutterAndWheel@@IAEKXZ 0041bb10 f   OctopusShutter.obj
 0001:0001ab30       ?Purge@COctopusShutterAndWheel@@IAEKK@Z 0041bb30 f   OctopusShutter.obj
 0001:0001ab60       ?SetTimeouts@COctopusShutterAndWheel@@IAEKKK@Z 0041bb60 f   OctopusShutter.obj
 0001:0001ab90       ?GetQueueStatus@COctopusShutterAndWheel@@IAEKPAK@Z 0041bb90 f   OctopusShutter.obj
 0001:0001abc0       ?OnCommand@COctopusShutterAndWheel@@MAEHIJ@Z 0041bbc0 f   OctopusShutter.obj
 0001:0001ac10       ?OnNMCustomdrawExecute@COctopusShutterAndWheel@@QAEXPAUtagNMHDR@@PAJ@Z 0041bc10 f   OctopusShutter.obj
 0001:0001ac70       ?UpdateShutterVal@COctopusShutterAndWheel@@IAEXXZ 0041bc70 f   OctopusShutter.obj
 0001:0001ad30       ?OnBnClickedImageJ@COctopusShutterAndWheel@@QAEXXZ 0041bd30 f   OctopusShutter.obj
 0001:0001ad70       ?OnKillFocusGeneral@COctopusShutterAndWheel@@IAEXXZ 0041bd70 f   OctopusShutter.obj
 0001:0001ae20       ?OnBnClickedReturnfiltercontrol@COctopusShutterAndWheel@@QAEXXZ 0041be20 f   OctopusShutter.obj
 0001:0001b270       ??_ECOctopusShutterAndWheel@@UAEPAXI@Z 0041c270 f i OctopusShutter.obj
 0001:0001b270       ??_GCOctopusShutterAndWheel@@UAEPAXI@Z 0041c270 f i OctopusShutter.obj
 0001:0001b2b0       ??0COctopusStage545@@QAE@PAVCWnd@@@Z 0041c2b0 f   OctopusStage545.obj
 0001:0001b3e0       ?OnTimer@COctopusStage545@@QAEXI@Z 0041c3e0 f   OctopusStage545.obj
 0001:0001b530       ?DoDataExchange@COctopusStage545@@MAEXPAVCDataExchange@@@Z 0041c530 f   OctopusStage545.obj
 0001:0001b620       ?GetMessageMap@COctopusStage545@@MBEPBUAFX_MSGMAP@@XZ 0041c620 f   OctopusStage545.obj
 0001:0001b630       ?GetThisMessageMap@COctopusStage545@@KGPBUAFX_MSGMAP@@XZ 0041c630 f   OctopusStage545.obj
 0001:0001b640       ?OnKillfocusGeneral@COctopusStage545@@QAEXXZ 0041c640 f   OctopusStage545.obj
 0001:0001b660       ??1COctopusStage545@@UAE@XZ 0041c660 f   OctopusStage545.obj
 0001:0001b710       ?MoveLeft@COctopusStage545@@QAEXXZ 0041c710 f   OctopusStage545.obj
 0001:0001b740       ?MoveRight@COctopusStage545@@QAEXXZ 0041c740 f   OctopusStage545.obj
 0001:0001b770       ?MoveBack@COctopusStage545@@QAEXXZ 0041c770 f   OctopusStage545.obj
 0001:0001b7a0       ?MoveFwd@COctopusStage545@@QAEXXZ 0041c7a0 f   OctopusStage545.obj
 0001:0001b7d0       ?MoveUp@COctopusStage545@@QAEXXZ 0041c7d0 f   OctopusStage545.obj
 0001:0001b800       ?MoveDown@COctopusStage545@@QAEXXZ 0041c800 f   OctopusStage545.obj
 0001:0001b830       ?MoveRelX@COctopusStage545@@QAEXN@Z 0041c830 f   OctopusStage545.obj
 0001:0001b860       ?MoveRelY@COctopusStage545@@QAEXN@Z 0041c860 f   OctopusStage545.obj
 0001:0001b890       ?MoveRelZ@COctopusStage545@@QAEXN@Z 0041c890 f   OctopusStage545.obj
 0001:0001b8c0       ?OnStepSize1@COctopusStage545@@QAEXXZ 0041c8c0 f   OctopusStage545.obj
 0001:0001b900       ?OnStepSize2@COctopusStage545@@QAEXXZ 0041c900 f   OctopusStage545.obj
 0001:0001b940       ?OnStepSize3@COctopusStage545@@QAEXXZ 0041c940 f   OctopusStage545.obj
 0001:0001b980       ?OnStepSize4@COctopusStage545@@QAEXXZ 0041c980 f   OctopusStage545.obj
 0001:0001b9c0       ?OnStepSize5@COctopusStage545@@QAEXXZ 0041c9c0 f   OctopusStage545.obj
 0001:0001b9f0       ?InitializeStage@COctopusStage545@@QAEHXZ 0041c9f0 f   OctopusStage545.obj
 0001:0001bb50       ?GetPosition@COctopusStage545@@QAEXXZ 0041cb50 f   OctopusStage545.obj
 0001:0001bbb0       ?Close@COctopusStage545@@QAEXXZ 0041cbb0 f   OctopusStage545.obj
 0001:0001bc10       ?StageCenter@COctopusStage545@@QAEXXZ 0041cc10 f   OctopusStage545.obj
 0001:0001bce0       ?OnSave@COctopusStage545@@QAEXXZ 0041cce0 f   OctopusStage545.obj
 0001:0001be10       ?OnSaveGoTo@COctopusStage545@@QAEXXZ 0041ce10 f   OctopusStage545.obj
 0001:0001bef0       ?ShowPosition@COctopusStage545@@IAEXXZ 0041cef0 f   OctopusStage545.obj
 0001:0001bfa0       ?OnCommand@COctopusStage545@@MAEHIJ@Z 0041cfa0 f   OctopusStage545.obj
 0001:0001bff0       ?OnBnClickedButtonGotoxy@COctopusStage545@@QAEXXZ 0041cff0 f   OctopusStage545.obj
 0001:0001c6e0       ??_ECOctopusStage545@@UAEPAXI@Z 0041d6e0 f i OctopusStage545.obj
 0001:0001c6e0       ??_GCOctopusStage545@@UAEPAXI@Z 0041d6e0 f i OctopusStage545.obj
 0001:0001c720       ?CreateObject@COctopusView@@SGPAVCObject@@XZ 0041d720 f   OctopusView.obj
 0001:0001c7a0       ?_GetBaseClass@COctopusView@@KGPAUCRuntimeClass@@XZ 0041d7a0 f   OctopusView.obj
 0001:0001c7b0       ?GetThisClass@COctopusView@@SGPAUCRuntimeClass@@XZ 0041d7b0 f   OctopusView.obj
 0001:0001c7c0       ?GetRuntimeClass@COctopusView@@UBEPAUCRuntimeClass@@XZ 0041d7c0 f   OctopusView.obj
 0001:0001c7d0       ?GetMessageMap@COctopusView@@MBEPBUAFX_MSGMAP@@XZ 0041d7d0 f   OctopusView.obj
 0001:0001c7e0       ?GetThisMessageMap@COctopusView@@KGPBUAFX_MSGMAP@@XZ 0041d7e0 f   OctopusView.obj
 0001:0001c7f0       ?DoDataExchange@COctopusView@@MAEXPAVCDataExchange@@@Z 0041d7f0 f   OctopusView.obj
 0001:0001c810       ??0COctopusView@@IAE@XZ    0041d810 f   OctopusView.obj
 0001:0001c850       ?OnInitialUpdate@COctopusView@@MAEXXZ 0041d850 f   OctopusView.obj
 0001:0001ca10       ??1COctopusView@@UAE@XZ    0041da10 f   OctopusView.obj
 0001:0001cf00       ?OnOpenAndor@COctopusView@@IAEXXZ 0041df00 f   OctopusView.obj
 0001:0001d040       ?OnOpenScript@COctopusView@@IAEXXZ 0041e040 f   OctopusView.obj
 0001:0001d160       ?OnOpenWheel@COctopusView@@IAEXXZ 0041e160 f   OctopusView.obj
 0001:0001d340       ?OnOpenLED@COctopusView@@IAEXXZ 0041e340 f   OctopusView.obj
 0001:0001d460       ?OnOpenScope@COctopusView@@IAEXXZ 0041e460 f   OctopusView.obj
 0001:0001d580       ?OnOpenStage545@COctopusView@@IAEXXZ 0041e580 f   OctopusView.obj
 0001:0001d750       ?OnOpenPiezo@COctopusView@@IAEXXZ 0041e750 f   OctopusView.obj
 0001:0001d940       ?OnBnClickedStatusOpenFocus@COctopusView@@QAEXXZ 0041e940 f   OctopusView.obj
 0001:0001db20       ?OnOpenXCite@COctopusView@@IAEXXZ 0041eb20 f   OctopusView.obj
 0001:0001e210       ?get_accChild@CFormView@@UAEJUtagVARIANT@@PAPAUIDispatch@@@Z 0041f210 f i OctopusView.obj
 0001:0001e260       ?get_accChildCount@CFormView@@UAEJPAJ@Z 0041f260 f i OctopusView.obj
 0001:0001e290       ?get_accName@CFormView@@UAEJUtagVARIANT@@PAPA_W@Z 0041f290 f i OctopusView.obj
 0001:0001e2e0       ?accLocation@CFormView@@UAEJPAJ000UtagVARIANT@@@Z 0041f2e0 f i OctopusView.obj
 0001:0001e340       ?accHitTest@CFormView@@UAEJJJPAUtagVARIANT@@@Z 0041f340 f i OctopusView.obj
 0001:0001e370       ??_GCOctopusView@@UAEPAXI@Z 0041f370 f i OctopusView.obj
 0001:0001e370       ??_ECOctopusView@@UAEPAXI@Z 0041f370 f i OctopusView.obj
 0001:0001e3b0       ??0COctopusGlobals@@QAE@XZ 0041f3b0 f i OctopusView.obj
 0001:0001e3e0       ??1COctopusGlobals@@QAE@XZ 0041f3e0 f i OctopusView.obj
 0001:0001e408       _olDaInitialize@8          0041f408 f   oldaapi32:oldaapi32.dll
 0001:0001e40e       _olDaTerminate@4           0041f40e f   oldaapi32:oldaapi32.dll
 0001:0001e414       _olDaReleaseDASS@4         0041f414 f   oldaapi32:oldaapi32.dll
 0001:0001e41a       _olDaPutSingleValue@20     0041f41a f   oldaapi32:oldaapi32.dll
 0001:0001e420       _olDaConfig@4              0041f420 f   oldaapi32:oldaapi32.dll
 0001:0001e426       _olDaSetDataFlow@8         0041f426 f   oldaapi32:oldaapi32.dll
 0001:0001e42c       _olDaGetDASS@16            0041f42c f   oldaapi32:oldaapi32.dll
 0001:0001e440       _slevmar_der               0041f440 f   levmar:lm.obj
 0001:0001f600       _slevmar_dif               00420600 f   levmar:lm.obj
 0001:00020b20       _dlevmar_der               00421b20 f   levmar:lm.obj
 0001:00021c20       _dlevmar_dif               00422c20 f   levmar:lm.obj
 0001:000230a0       _slevmar_trans_mat_mat_mult 004240a0 f   levmar:misc.obj
 0001:000230f0       _slevmar_fdif_forw_jac_approx 004240f0 f   levmar:misc.obj
 0001:000232f0       _slevmar_fdif_cent_jac_approx 004242f0 f   levmar:misc.obj
 0001:00023510       _slevmar_chkjac            00424510 f   levmar:misc.obj
 0001:00023c70       _slevmar_covar             00424c70 f   levmar:misc.obj
 0001:00023d10       _slevmar_stddev            00424d10 f   levmar:misc.obj
 0001:00023d30       _slevmar_corcoef           00424d30 f   levmar:misc.obj
 0001:00023d80       _slevmar_R2                00424d80 f   levmar:misc.obj
 0001:00023ed0       _slevmar_box_check         00424ed0 f   levmar:misc.obj
 0001:00023f20       _slevmar_chol              00424f20 f   levmar:misc.obj
 0001:00024030       _slevmar_L2nrmxmy          00425030 f   levmar:misc.obj
 0001:000244d0       _dlevmar_trans_mat_mat_mult 004254d0 f   levmar:misc.obj
 0001:00024520       _dlevmar_fdif_forw_jac_approx 00425520 f   levmar:misc.obj
 0001:00024700       _dlevmar_fdif_cent_jac_approx 00425700 f   levmar:misc.obj
 0001:00024910       _dlevmar_chkjac            00425910 f   levmar:misc.obj
 0001:00024fb0       _dlevmar_covar             00425fb0 f   levmar:misc.obj
 0001:00025050       _dlevmar_stddev            00426050 f   levmar:misc.obj
 0001:00025070       _dlevmar_corcoef           00426070 f   levmar:misc.obj
 0001:000250b0       _dlevmar_R2                004260b0 f   levmar:misc.obj
 0001:000251c0       _dlevmar_box_check         004261c0 f   levmar:misc.obj
 0001:00025210       _dlevmar_chol              00426210 f   levmar:misc.obj
 0001:00025330       _dlevmar_L2nrmxmy          00426330 f   levmar:misc.obj
 0001:00025660       _dAx_eq_b_QR               00426660 f   levmar:Axb.obj
 0001:00025930       _dAx_eq_b_QRLS             00426930 f   levmar:Axb.obj
 0001:00025d30       _dAx_eq_b_Chol             00426d30 f   levmar:Axb.obj
 0001:00025eb0       _dAx_eq_b_LU               00426eb0 f   levmar:Axb.obj
 0001:00026070       _dAx_eq_b_SVD              00427070 f   levmar:Axb.obj
 0001:00026370       _dAx_eq_b_BK               00427370 f   levmar:Axb.obj
 0001:00026580       _sAx_eq_b_QR               00427580 f   levmar:Axb.obj
 0001:00026850       _sAx_eq_b_QRLS             00427850 f   levmar:Axb.obj
 0001:00026c50       _sAx_eq_b_Chol             00427c50 f   levmar:Axb.obj
 0001:00026dd0       _sAx_eq_b_LU               00427dd0 f   levmar:Axb.obj
 0001:00026fa0       _sAx_eq_b_SVD              00427fa0 f   levmar:Axb.obj
 0001:000272b0       _sAx_eq_b_BK               004282b0 f   levmar:Axb.obj
 0001:000274b6       ??3@YAXPAX@Z               004284b6 f   mfc100d:mfc100d.dll
 0001:000274bc       ??3CObject@@SGXPAX@Z       004284bc f   mfc100d:mfc100d.dll
 0001:000274c2       ??2CObject@@SGPAXI@Z       004284c2 f   mfc100d:mfc100d.dll
 0001:000274c8       ??0CWnd@@QAE@XZ            004284c8 f   mfc100d:mfc100d.dll
 0001:000274ce       ?Serialize@CObject@@UAEXAAVCArchive@@@Z 004284ce f   mfc100d:mfc100d.dll
 0001:000274d4       ?AssertValid@CWnd@@UBEXXZ  004284d4 f   mfc100d:mfc100d.dll
 0001:000274da       ?Dump@CWnd@@UBEXAAVCDumpContext@@@Z 004284da f   mfc100d:mfc100d.dll
 0001:000274e0       ?OnCmdMsg@CCmdTarget@@UAEHIHPAXPAUAFX_CMDHANDLERINFO@@@Z 004284e0 f   mfc100d:mfc100d.dll
 0001:000274e6       ?OnFinalRelease@CWnd@@UAEXXZ 004284e6 f   mfc100d:mfc100d.dll
 0001:000274ec       ?IsInvokeAllowed@CCmdTarget@@UAEHJ@Z 004284ec f   mfc100d:mfc100d.dll
 0001:000274f2       ?GetDispatchIID@CCmdTarget@@UAEHPAU_GUID@@@Z 004284f2 f   mfc100d:mfc100d.dll
 0001:000274f8       ?GetTypeInfoCount@CCmdTarget@@UAEIXZ 004284f8 f   mfc100d:mfc100d.dll
 0001:000274fe       ?GetTypeLibCache@CCmdTarget@@UAEPAVCTypeLibCache@@XZ 004284fe f   mfc100d:mfc100d.dll
 0001:00027504       ?GetTypeLib@CCmdTarget@@UAEJKPAPAUITypeLib@@@Z 00428504 f   mfc100d:mfc100d.dll
 0001:0002750a       ?GetMessageMap@CWnd@@MBEPBUAFX_MSGMAP@@XZ 0042850a f   mfc100d:mfc100d.dll
 0001:00027510       ?GetCommandMap@CCmdTarget@@MBEPBUAFX_OLECMDMAP@@XZ 00428510 f   mfc100d:mfc100d.dll
 0001:00027516       ?GetDispatchMap@CCmdTarget@@MBEPBUAFX_DISPMAP@@XZ 00428516 f   mfc100d:mfc100d.dll
 0001:0002751c       ?GetConnectionMap@CCmdTarget@@MBEPBUAFX_CONNECTIONMAP@@XZ 0042851c f   mfc100d:mfc100d.dll
 0001:00027522       ?GetInterfaceMap@CWnd@@MBEPBUAFX_INTERFACEMAP@@XZ 00428522 f   mfc100d:mfc100d.dll
 0001:00027528       ?GetEventSinkMap@CCmdTarget@@MBEPBUAFX_EVENTSINKMAP@@XZ 00428528 f   mfc100d:mfc100d.dll
 0001:0002752e       ?OnCreateAggregates@CCmdTarget@@UAEHXZ 0042852e f   mfc100d:mfc100d.dll
 0001:00027534       ?GetInterfaceHook@CCmdTarget@@UAEPAUIUnknown@@PBX@Z 00428534 f   mfc100d:mfc100d.dll
 0001:0002753a       ?GetExtraConnectionPoints@CCmdTarget@@MAEHPAVCPtrArray@@@Z 0042853a f   mfc100d:mfc100d.dll
 0001:00027540       ?GetConnectionHook@CCmdTarget@@MAEPAUIConnectionPoint@@ABU_GUID@@@Z 00428540 f   mfc100d:mfc100d.dll
 0001:00027546       ?PreSubclassWindow@CWnd@@UAEXXZ 00428546 f   mfc100d:mfc100d.dll
 0001:0002754c       ?CreateEx@CWnd@@UAEHKPBD0KABUtagRECT@@PAV1@IPAX@Z 0042854c f   mfc100d:mfc100d.dll
 0001:00027552       ?CreateEx@CWnd@@UAEHKPBD0KHHHHPAUHWND__@@PAUHMENU__@@PAX@Z 00428552 f   mfc100d:mfc100d.dll
 0001:00027558       ?DestroyWindow@CWnd@@UAEHXZ 00428558 f   mfc100d:mfc100d.dll
 0001:0002755e       ?PreCreateWindow@CWnd@@UAEHAAUtagCREATESTRUCTA@@@Z 0042855e f   mfc100d:mfc100d.dll
 0001:00027564       ?CalcWindowRect@CWnd@@UAEXPAUtagRECT@@I@Z 00428564 f   mfc100d:mfc100d.dll
 0001:0002756a       ?GetMenu@CWnd@@UBEPAVCMenu@@XZ 0042856a f   mfc100d:mfc100d.dll
 0001:00027570       ?SetMenu@CWnd@@UAEHPAVCMenu@@@Z 00428570 f   mfc100d:mfc100d.dll
 0001:00027576       ?OnToolHitTest@CWnd@@UBEHVCPoint@@PAUtagTOOLINFOA@@@Z 00428576 f   mfc100d:mfc100d.dll
 0001:0002757c       ?GetScrollBarCtrl@CWnd@@UBEPAVCScrollBar@@H@Z 0042857c f   mfc100d:mfc100d.dll
 0001:00027582       ?WinHelpA@CWnd@@UAEXKI@Z   00428582 f   mfc100d:mfc100d.dll
 0001:00027588       ?HtmlHelpA@CWnd@@UAEXKI@Z  00428588 f   mfc100d:mfc100d.dll
 0001:0002758e       ?WinHelpInternal@CWnd@@UAEXKI@Z 0042858e f   mfc100d:mfc100d.dll
 0001:00027594       ?ContinueModal@CWnd@@UAEHXZ 00428594 f   mfc100d:mfc100d.dll
 0001:0002759a       ?EndModalLoop@CWnd@@UAEXH@Z 0042859a f   mfc100d:mfc100d.dll
 0001:000275a0       ?OnDrawIconicThumbnailOrLivePreview@CWnd@@UAEXAAVCDC@@VCRect@@VCSize@@HAAH@Z 004285a0 f   mfc100d:mfc100d.dll
 0001:000275a6       ?EnsureStdObj@CWnd@@UAEJXZ 004285a6 f   mfc100d:mfc100d.dll
 0001:000275ac       ?get_accParent@CWnd@@UAEJPAPAUIDispatch@@@Z 004285ac f   mfc100d:mfc100d.dll
 0001:000275b2       ?get_accChildCount@CWnd@@UAEJPAJ@Z 004285b2 f   mfc100d:mfc100d.dll
 0001:000275b8       ?get_accChild@CWnd@@UAEJUtagVARIANT@@PAPAUIDispatch@@@Z 004285b8 f   mfc100d:mfc100d.dll
 0001:000275be       ?get_accName@CWnd@@UAEJUtagVARIANT@@PAPA_W@Z 004285be f   mfc100d:mfc100d.dll
 0001:000275c4       ?get_accValue@CWnd@@UAEJUtagVARIANT@@PAPA_W@Z 004285c4 f   mfc100d:mfc100d.dll
 0001:000275ca       ?get_accDescription@CWnd@@UAEJUtagVARIANT@@PAPA_W@Z 004285ca f   mfc100d:mfc100d.dll
 0001:000275d0       ?get_accRole@CWnd@@UAEJUtagVARIANT@@PAU2@@Z 004285d0 f   mfc100d:mfc100d.dll
 0001:000275d6       ?get_accState@CWnd@@UAEJUtagVARIANT@@PAU2@@Z 004285d6 f   mfc100d:mfc100d.dll
 0001:000275dc       ?get_accHelp@CWnd@@UAEJUtagVARIANT@@PAPA_W@Z 004285dc f   mfc100d:mfc100d.dll
 0001:000275e2       ?get_accHelpTopic@CWnd@@UAEJPAPA_WUtagVARIANT@@PAJ@Z 004285e2 f   mfc100d:mfc100d.dll
 0001:000275e8       ?get_accKeyboardShortcut@CWnd@@UAEJUtagVARIANT@@PAPA_W@Z 004285e8 f   mfc100d:mfc100d.dll
 0001:000275ee       ?get_accFocus@CWnd@@UAEJPAUtagVARIANT@@@Z 004285ee f   mfc100d:mfc100d.dll
 0001:000275f4       ?get_accSelection@CWnd@@UAEJPAUtagVARIANT@@@Z 004285f4 f   mfc100d:mfc100d.dll
 0001:000275fa       ?get_accDefaultAction@CWnd@@UAEJUtagVARIANT@@PAPA_W@Z 004285fa f   mfc100d:mfc100d.dll
 0001:00027600       ?accSelect@CWnd@@UAEJJUtagVARIANT@@@Z 00428600 f   mfc100d:mfc100d.dll
 0001:00027606       ?accLocation@CWnd@@UAEJPAJ000UtagVARIANT@@@Z 00428606 f   mfc100d:mfc100d.dll
 0001:0002760c       ?accNavigate@CWnd@@UAEJJUtagVARIANT@@PAU2@@Z 0042860c f   mfc100d:mfc100d.dll
 0001:00027612       ?accHitTest@CWnd@@UAEJJJPAUtagVARIANT@@@Z 00428612 f   mfc100d:mfc100d.dll
 0001:00027618       ?accDoDefaultAction@CWnd@@UAEJUtagVARIANT@@@Z 00428618 f   mfc100d:mfc100d.dll
 0001:0002761e       ?put_accName@CWnd@@UAEJUtagVARIANT@@PA_W@Z 0042861e f   mfc100d:mfc100d.dll
 0001:00027624       ?put_accValue@CWnd@@UAEJUtagVARIANT@@PA_W@Z 00428624 f   mfc100d:mfc100d.dll
 0001:0002762a       ?SetProxy@CWnd@@UAEJPAUIAccessibleProxy@@@Z 0042862a f   mfc100d:mfc100d.dll
 0001:00027630       ?CreateAccessibleProxy@CWnd@@UAEJIJPAJ@Z 00428630 f   mfc100d:mfc100d.dll
 0001:00027636       ?OnCommand@CWnd@@MAEHIJ@Z  00428636 f   mfc100d:mfc100d.dll
 0001:0002763c       ?OnNotify@CWnd@@MAEHIJPAJ@Z 0042863c f   mfc100d:mfc100d.dll
 0001:00027642       ?GetSuperWndProcAddr@CWnd@@MAEPAP6GJPAUHWND__@@IIJ@ZXZ 00428642 f   mfc100d:mfc100d.dll
 0001:00027648       ?DoDataExchange@CWnd@@MAEXPAVCDataExchange@@@Z 00428648 f   mfc100d:mfc100d.dll
 0001:0002764e       ?BeginModalState@CWnd@@UAEXXZ 0042864e f   mfc100d:mfc100d.dll
 0001:00027654       ?EndModalState@CWnd@@UAEXXZ 00428654 f   mfc100d:mfc100d.dll
 0001:0002765a       ?PreTranslateMessage@CWnd@@UAEHPAUtagMSG@@@Z 0042865a f   mfc100d:mfc100d.dll
 0001:00027660       ?OnAmbientProperty@CWnd@@UAEHPAVCOleControlSite@@JPAUtagVARIANT@@@Z 00428660 f   mfc100d:mfc100d.dll
 0001:00027666       ?WindowProc@CWnd@@MAEJIIJ@Z 00428666 f   mfc100d:mfc100d.dll
 0001:0002766c       ?OnWndMsg@CWnd@@MAEHIIJPAJ@Z 0042866c f   mfc100d:mfc100d.dll
 0001:00027672       ?DefWindowProcA@CWnd@@MAEJIIJ@Z 00428672 f   mfc100d:mfc100d.dll
 0001:00027678       ?PostNcDestroy@CWnd@@MAEXXZ 00428678 f   mfc100d:mfc100d.dll
 0001:0002767e       ?OnChildNotify@CWnd@@MAEHIIJPAJ@Z 0042867e f   mfc100d:mfc100d.dll
 0001:00027684       ?OnTouchInputs@CWnd@@MAEHIPAUtagTOUCHINPUT@@@Z 00428684 f   mfc100d:mfc100d.dll
 0001:0002768a       ?OnTouchInput@CWnd@@MAEHVCPoint@@HHPAUtagTOUCHINPUT@@@Z 0042868a f   mfc100d:mfc100d.dll
 0001:00027690       ?GetGestureStatus@CWnd@@MAEKVCPoint@@@Z 00428690 f   mfc100d:mfc100d.dll
 0001:00027696       ?OnGestureZoom@CWnd@@MAEHVCPoint@@J@Z 00428696 f   mfc100d:mfc100d.dll
 0001:0002769c       ?OnGesturePan@CWnd@@MAEHVCPoint@@0@Z 0042869c f   mfc100d:mfc100d.dll
 0001:000276a2       ?OnGestureRotate@CWnd@@MAEHVCPoint@@N@Z 004286a2 f   mfc100d:mfc100d.dll
 0001:000276a8       ?OnGestureTwoFingerTap@CWnd@@MAEHVCPoint@@@Z 004286a8 f   mfc100d:mfc100d.dll
 0001:000276ae       ?OnGesturePressAndTap@CWnd@@MAEHVCPoint@@J@Z 004286ae f   mfc100d:mfc100d.dll
 0001:000276b4       ?CheckAutoCenter@CWnd@@UAEHXZ 004286b4 f   mfc100d:mfc100d.dll
 0001:000276ba       ?IsFrameWnd@CWnd@@UBEHXZ   004286ba f   mfc100d:mfc100d.dll
 0001:000276c0       ?CreateControlContainer@CWnd@@MAEHPAPAVCOleControlContainer@@@Z 004286c0 f   mfc100d:mfc100d.dll
 0001:000276c6       ?CreateControlSite@CWnd@@MAEHPAVCOleControlContainer@@PAPAVCOleControlSite@@IABU_GUID@@@Z 004286c6 f   mfc100d:mfc100d.dll
 0001:000276cc       ?SetOccDialogInfo@CWnd@@MAEHPAU_AFX_OCC_DIALOG_INFO@@@Z 004286cc f   mfc100d:mfc100d.dll
 0001:000276d2       ?GetOccDialogInfo@CWnd@@MAEPAU_AFX_OCC_DIALOG_INFO@@XZ 004286d2 f   mfc100d:mfc100d.dll
 0001:000276d8       ?CreateControl@CWnd@@QAEHABU_GUID@@PBDKABUtagRECT@@PAV1@IPAVCFile@@HPA_W@Z 004286d8 f   mfc100d:mfc100d.dll
 0001:000276de       ??1CWnd@@UAE@XZ            004286de f   mfc100d:mfc100d.dll
 0001:000276e4       ?GetThisClass@CWnd@@SGPAUCRuntimeClass@@XZ 004286e4 f   mfc100d:mfc100d.dll
 0001:000276ea       ??0?$CStringT@DV?$StrTraitMFC_DLL@DV?$ChTraitsCRT@D@ATL@@@@@ATL@@QAE@XZ 004286ea f   mfc100d:mfc100d.dll
 0001:000276f0       ??1?$CStringT@DV?$StrTraitMFC_DLL@DV?$ChTraitsCRT@D@ATL@@@@@ATL@@QAE@XZ 004286f0 f   mfc100d:mfc100d.dll
 0001:000276f6       ??B?$CSimpleStringT@D$00@ATL@@QBEPBDXZ 004286f6 f   mfc100d:mfc100d.dll
 0001:000276fc       ?GetThisClass@CDialog@@SGPAUCRuntimeClass@@XZ 004286fc f   mfc100d:mfc100d.dll
 0001:00027702       ??0CDialog@@QAE@IPAVCWnd@@@Z 00428702 f   mfc100d:mfc100d.dll
 0001:00027708       ?AssertValid@CDialog@@UBEXXZ 00428708 f   mfc100d:mfc100d.dll
 0001:0002770e       ?Dump@CDialog@@UBEXAAVCDumpContext@@@Z 0042870e f   mfc100d:mfc100d.dll
 0001:00027714       ?OnCmdMsg@CDialog@@UAEHIHPAXPAUAFX_CMDHANDLERINFO@@@Z 00428714 f   mfc100d:mfc100d.dll
 0001:0002771a       ?Create@CWnd@@UAEHPBD0KABUtagRECT@@PAV1@IPAUCCreateContext@@@Z 0042871a f   mfc100d:mfc100d.dll
 0001:00027720       ?PreTranslateMessage@CDialog@@UAEHPAUtagMSG@@@Z 00428720 f   mfc100d:mfc100d.dll
 0001:00027726       ?CheckAutoCenter@CDialog@@UAEHXZ 00428726 f   mfc100d:mfc100d.dll
 0001:0002772c       ?SetOccDialogInfo@CDialog@@MAEHPAU_AFX_OCC_DIALOG_INFO@@@Z 0042872c f   mfc100d:mfc100d.dll
 0001:00027732       ?GetOccDialogInfo@CDialog@@MAEPAU_AFX_OCC_DIALOG_INFO@@XZ 00428732 f   mfc100d:mfc100d.dll
 0001:00027738       ?Create@CDialog@@UAEHIPAVCWnd@@@Z 00428738 f   mfc100d:mfc100d.dll
 0001:0002773e       ?Create@CDialog@@UAEHPBDPAVCWnd@@@Z 0042873e f   mfc100d:mfc100d.dll
 0001:00027744       ?CreateIndirect@CDialog@@UAEHPAXPAVCWnd@@@Z 00428744 f   mfc100d:mfc100d.dll
 0001:0002774a       ?CreateIndirect@CDialog@@UAEHPBUDLGTEMPLATE@@PAVCWnd@@PAX@Z 0042874a f   mfc100d:mfc100d.dll
 0001:00027750       ?DoModal@CDialog@@UAEHXZ   00428750 f   mfc100d:mfc100d.dll
 0001:00027756       ?OnInitDialog@CDialog@@UAEHXZ 00428756 f   mfc100d:mfc100d.dll
 0001:0002775c       ?OnSetFont@CDialog@@UAEXPAVCFont@@@Z 0042875c f   mfc100d:mfc100d.dll
 0001:00027762       ?OnOK@CDialog@@MAEXXZ      00428762 f   mfc100d:mfc100d.dll
 0001:00027768       ?OnCancel@CDialog@@MAEXXZ  00428768 f   mfc100d:mfc100d.dll
 0001:0002776e       ?PreInitDialog@CDialog@@MAEXXZ 0042876e f   mfc100d:mfc100d.dll
 0001:00027774       ??1CDialog@@UAE@XZ         00428774 f   mfc100d:mfc100d.dll
 0001:0002777a       ?GetThisMessageMap@CDialog@@KGPBUAFX_MSGMAP@@XZ 0042877a f   mfc100d:mfc100d.dll
 0001:00027780       ?GetThisClass@CFrameWnd@@SGPAUCRuntimeClass@@XZ 00428780 f   mfc100d:mfc100d.dll
 0001:00027786       ??0CFrameWnd@@QAE@XZ       00428786 f   mfc100d:mfc100d.dll
 0001:0002778c       ?AssertValid@CFrameWnd@@UBEXXZ 0042878c f   mfc100d:mfc100d.dll
 0001:00027792       ?Dump@CFrameWnd@@UBEXAAVCDumpContext@@@Z 00428792 f   mfc100d:mfc100d.dll
 0001:00027798       ?OnCmdMsg@CFrameWnd@@UAEHIHPAXPAUAFX_CMDHANDLERINFO@@@Z 00428798 f   mfc100d:mfc100d.dll
 0001:0002779e       ?GetMessageMap@CFrameWnd@@MBEPBUAFX_MSGMAP@@XZ 0042879e f   mfc100d:mfc100d.dll
 0001:000277a4       ?GetMenu@CFrameWnd@@UBEPAVCMenu@@XZ 004287a4 f   mfc100d:mfc100d.dll
 0001:000277aa       ?SetMenu@CFrameWnd@@UAEHPAVCMenu@@@Z 004287aa f   mfc100d:mfc100d.dll
 0001:000277b0       ?OnCommand@CFrameWnd@@MAEHIJ@Z 004287b0 f   mfc100d:mfc100d.dll
 0001:000277b6       ?BeginModalState@CFrameWnd@@UAEXXZ 004287b6 f   mfc100d:mfc100d.dll
 0001:000277bc       ?EndModalState@CFrameWnd@@UAEXXZ 004287bc f   mfc100d:mfc100d.dll
 0001:000277c2       ?PreTranslateMessage@CFrameWnd@@UAEHPAUtagMSG@@@Z 004287c2 f   mfc100d:mfc100d.dll
 0001:000277c8       ?PostNcDestroy@CFrameWnd@@MAEXXZ 004287c8 f   mfc100d:mfc100d.dll
 0001:000277ce       ?IsFrameWnd@CFrameWnd@@UBEHXZ 004287ce f   mfc100d:mfc100d.dll
 0001:000277d4       ?Create@CFrameWnd@@UAEHPBD0KABUtagRECT@@PAVCWnd@@0KPAUCCreateContext@@@Z 004287d4 f   mfc100d:mfc100d.dll
 0001:000277da       ?LoadFrame@CFrameWnd@@UAEHIKPAVCWnd@@PAUCCreateContext@@@Z 004287da f   mfc100d:mfc100d.dll
 0001:000277e0       ?GetActiveDocument@CFrameWnd@@UAEPAVCDocument@@XZ 004287e0 f   mfc100d:mfc100d.dll
 0001:000277e6       ?GetActiveFrame@CFrameWnd@@UAEPAV1@XZ 004287e6 f   mfc100d:mfc100d.dll
 0001:000277ec       ?GetMessageString@CFrameWnd@@UBEXIAAV?$CStringT@DV?$StrTraitMFC_DLL@DV?$ChTraitsCRT@D@ATL@@@@@ATL@@@Z 004287ec f   mfc100d:mfc100d.dll
 0001:000277f2       ?RecalcLayout@CFrameWnd@@UAEXH@Z 004287f2 f   mfc100d:mfc100d.dll
 0001:000277f8       ?ActivateFrame@CFrameWnd@@UAEXH@Z 004287f8 f   mfc100d:mfc100d.dll
 0001:000277fe       ?SetMenuBarVisibility@CFrameWnd@@UAEXK@Z 004287fe f   mfc100d:mfc100d.dll
 0001:00027804       ?GetMenuBarVisibility@CFrameWnd@@UBEKXZ 00428804 f   mfc100d:mfc100d.dll
 0001:0002780a       ?SetMenuBarState@CFrameWnd@@UAEHK@Z 0042880a f   mfc100d:mfc100d.dll
 0001:00027810       ?GetMenuBarState@CFrameWnd@@UBEKXZ 00428810 f   mfc100d:mfc100d.dll
[...]
 0004:00001640       __imp_?GetAccessibilityHitTest@CWnd@@QAEJJJPAUtagVARIANT@@@Z 004d2640     mfc100d:mfc100d.dll
 0004:00001644       __imp_?OnInitialUpdate@CFormView@@UAEXXZ 004d2644     mfc100d:mfc100d.dll
 0004:00001648       __imp_??1CFormView@@UAE@XZ 004d2648     mfc100d:mfc100d.dll
 0004:0000164c       __imp_?InitLibId@CWinApp@@UAEXXZ 004d264c     mfc100d:mfc100d.dll
 0004:00001650       __imp_?WriteProfileBinary@CWinApp@@UAEHPBD0PAEI@Z 004d2650     mfc100d:mfc100d.dll
 0004:00001654       __imp_?GetProfileBinary@CWinApp@@UAEHPBD0PAPAEPAI@Z 004d2654     mfc100d:mfc100d.dll
 0004:00001658       __imp_?WriteProfileStringA@CWinApp@@UAEHPBD00@Z 004d2658     mfc100d:mfc100d.dll
 0004:0000165c       __imp_?GetProfileStringA@CWinApp@@UAE?AV?$CStringT@DV?$StrTraitMFC_DLL@DV?$ChTraitsCRT@D@ATL@@@@@ATL@@PBD00@Z 004d265c     mfc100d:mfc100d.dll
 0004:00001660       __imp_?WriteProfileInt@CWinApp@@UAEHPBD0H@Z 004d2660     mfc100d:mfc100d.dll
 0004:00001664       __imp_?GetProfileIntA@CWinApp@@UAEIPBD0H@Z 004d2664     mfc100d:mfc100d.dll
 0004:00001668       __imp_?Delete@CWinThread@@UAEXXZ 004d2668     mfc100d:mfc100d.dll
 0004:0000166c       __imp_?GetMainWnd@CWinThread@@UAEPAVCWnd@@XZ 004d266c     mfc100d:mfc100d.dll
 0004:00001670       __imp_?ProcessMessageFilter@CWinThread@@UAEHHPAUtagMSG@@@Z 004d2670     mfc100d:mfc100d.dll
 0004:00001674       __imp_?ProcessWndProcException@CWinApp@@UAEJPAVCException@@PBUtagMSG@@@Z 004d2674     mfc100d:mfc100d.dll
 0004:00001678       __imp_?IsIdleMessage@CWinThread@@UAEHPAUtagMSG@@@Z 004d2678     mfc100d:mfc100d.dll
 0004:0000167c       __imp_?OnIdle@CWinApp@@UAEHJ@Z 004d267c     mfc100d:mfc100d.dll
 0004:00001680       __imp_?PumpMessage@CWinThread@@UAEHXZ 004d2680     mfc100d:mfc100d.dll
 0004:00001684       __imp_?PreTranslateMessage@CWinThread@@UAEHPAUtagMSG@@@Z 004d2684     mfc100d:mfc100d.dll
 0004:00001688       __imp_?Run@CWinApp@@UAEHXZ 004d2688     mfc100d:mfc100d.dll
 0004:0000168c       __imp_?GetInterfaceMap@CCmdTarget@@MBEPBUAFX_INTERFACEMAP@@XZ 004d268c     mfc100d:mfc100d.dll
 0004:00001690       __imp_?GetMessageMap@CWinApp@@MBEPBUAFX_MSGMAP@@XZ 004d2690     mfc100d:mfc100d.dll
 0004:00001694       __imp_?OnFinalRelease@CCmdTarget@@UAEXXZ 004d2694     mfc100d:mfc100d.dll
 0004:00001698       __imp_?Dump@CWinApp@@UBEXAAVCDumpContext@@@Z 004d2698     mfc100d:mfc100d.dll
 0004:0000169c       __imp_?AssertValid@CWinApp@@UBEXXZ 004d269c     mfc100d:mfc100d.dll
 0004:000016a0       __imp_?GetRuntimeClass@CWinApp@@UBEPAUCRuntimeClass@@XZ 004d26a0     mfc100d:mfc100d.dll
 0004:000016a4       __imp_??0CWinApp@@QAE@PBD@Z 004d26a4     mfc100d:mfc100d.dll
 0004:000016a8       __imp_?PreCreateWindow@CFrameWnd@@MAEHAAUtagCREATESTRUCTA@@@Z 004d26a8     mfc100d:mfc100d.dll
 0004:000016ac       __imp_??1CFrameWnd@@UAE@XZ 004d26ac     mfc100d:mfc100d.dll
 0004:000016b0       __imp_?OnHideMenuBar@CFrameWnd@@MAEXXZ 004d26b0     mfc100d:mfc100d.dll
 0004:000016b4       __imp_?OnShowMenuBar@CFrameWnd@@MAEXXZ 004d26b4     mfc100d:mfc100d.dll
 0004:000016b8       __imp_?ExitHelpMode@CFrameWnd@@UAEXXZ 004d26b8     mfc100d:mfc100d.dll
 0004:000016bc       __imp_?DelayUpdateFrameMenu@CFrameWnd@@UAEXPAUHMENU__@@@Z 004d26bc     mfc100d:mfc100d.dll
 0004:000016c0       __imp_?GetDefaultAccelerator@CFrameWnd@@UAEPAUHACCEL__@@XZ 004d26c0     mfc100d:mfc100d.dll
 0004:000016c4       __imp_?OnUpdateFrameMenu@CFrameWnd@@UAEXPAUHMENU__@@@Z 004d26c4     mfc100d:mfc100d.dll
 0004:000016c8       __imp_?OnUpdateFrameTitle@CFrameWnd@@UAEXH@Z 004d26c8     mfc100d:mfc100d.dll
 0004:000016cc       __imp_?OnCreateClient@CFrameWnd@@MAEHPAUtagCREATESTRUCTA@@PAUCCreateContext@@@Z 004d26cc     mfc100d:mfc100d.dll
 0004:000016d0       __imp_?NegotiateBorderSpace@CFrameWnd@@UAEHIPAUtagRECT@@@Z 004d26d0     mfc100d:mfc100d.dll
 0004:000016d4       __imp_?GetMessageBar@CFrameWnd@@UAEPAVCWnd@@XZ 004d26d4     mfc100d:mfc100d.dll
 0004:000016d8       __imp_?OnSetPreviewMode@CFrameWnd@@UAEXHPAUCPrintPreviewState@@@Z 004d26d8     mfc100d:mfc100d.dll
 0004:000016dc       __imp_?GetMenuBarState@CFrameWnd@@UBEKXZ 004d26dc     mfc100d:mfc100d.dll
 0004:000016e0       __imp_?SetMenuBarState@CFrameWnd@@UAEHK@Z 004d26e0     mfc100d:mfc100d.dll
 0004:000016e4       __imp_?GetMenuBarVisibility@CFrameWnd@@UBEKXZ 004d26e4     mfc100d:mfc100d.dll
 0004:000016e8       __imp_?SetMenuBarVisibility@CFrameWnd@@UAEXK@Z 004d26e8     mfc100d:mfc100d.dll
 0004:000016ec       __imp_?ActivateFrame@CFrameWnd@@UAEXH@Z 004d26ec     mfc100d:mfc100d.dll
 0004:000016f0       __imp_?RecalcLayout@CFrameWnd@@UAEXH@Z 004d26f0     mfc100d:mfc100d.dll
 0004:000016f4       __imp_?GetMessageString@CFrameWnd@@UBEXIAAV?$CStringT@DV?$StrTraitMFC_DLL@DV?$ChTraitsCRT@D@ATL@@@@@ATL@@@Z 004d26f4     mfc100d:mfc100d.dll
 0004:000016f8       __imp_?GetActiveFrame@CFrameWnd@@UAEPAV1@XZ 004d26f8     mfc100d:mfc100d.dll
 0004:000016fc       __imp_?GetActiveDocument@CFrameWnd@@UAEPAVCDocument@@XZ 004d26fc     mfc100d:mfc100d.dll
 0004:00001700       __imp_?LoadFrame@CFrameWnd@@UAEHIKPAVCWnd@@PAUCCreateContext@@@Z 004d2700     mfc100d:mfc100d.dll
 0004:00001704       __imp_?Create@CFrameWnd@@UAEHPBD0KABUtagRECT@@PAVCWnd@@0KPAUCCreateContext@@@Z 004d2704     mfc100d:mfc100d.dll
 0004:00001708       __imp_?IsFrameWnd@CFrameWnd@@UBEHXZ 004d2708     mfc100d:mfc100d.dll
 0004:0000170c       __imp_?PostNcDestroy@CFrameWnd@@MAEXXZ 004d270c     mfc100d:mfc100d.dll
 0004:00001710       __imp_?PreTranslateMessage@CFrameWnd@@UAEHPAUtagMSG@@@Z 004d2710     mfc100d:mfc100d.dll
 0004:00001714       __imp_?EndModalState@CFrameWnd@@UAEXXZ 004d2714     mfc100d:mfc100d.dll
 0004:00001718       __imp_?BeginModalState@CFrameWnd@@UAEXXZ 004d2718     mfc100d:mfc100d.dll
 0004:0000171c       __imp_?OnCommand@CFrameWnd@@MAEHIJ@Z 004d271c     mfc100d:mfc100d.dll
 0004:00001720       __imp_?SetMenu@CFrameWnd@@UAEHPAVCMenu@@@Z 004d2720     mfc100d:mfc100d.dll
 0004:00001724       __imp_?GetMenu@CFrameWnd@@UBEPAVCMenu@@XZ 004d2724     mfc100d:mfc100d.dll
 0004:00001728       __imp_?GetMessageMap@CFrameWnd@@MBEPBUAFX_MSGMAP@@XZ 004d2728     mfc100d:mfc100d.dll
 0004:0000172c       __imp_?OnCmdMsg@CFrameWnd@@UAEHIHPAXPAUAFX_CMDHANDLERINFO@@@Z 004d272c     mfc100d:mfc100d.dll
 0004:00001730       __imp_?Dump@CFrameWnd@@UBEXAAVCDumpContext@@@Z 004d2730     mfc100d:mfc100d.dll
 0004:00001734       __imp_?AssertValid@CFrameWnd@@UBEXXZ 004d2734     mfc100d:mfc100d.dll
 0004:00001738       __imp_??0CFrameWnd@@QAE@XZ 004d2738     mfc100d:mfc100d.dll
 0004:0000173c       __imp_?GetThisClass@CFrameWnd@@SGPAUCRuntimeClass@@XZ 004d273c     mfc100d:mfc100d.dll
 0004:00001740       __imp_?GetThisMessageMap@CDialog@@KGPBUAFX_MSGMAP@@XZ 004d2740     mfc100d:mfc100d.dll
 0004:00001744       __imp_??1CDialog@@UAE@XZ   004d2744     mfc100d:mfc100d.dll
 0004:00001748       __imp_?PreInitDialog@CDialog@@MAEXXZ 004d2748     mfc100d:mfc100d.dll
 0004:0000174c       __imp_?OnCancel@CDialog@@MAEXXZ 004d274c     mfc100d:mfc100d.dll
 0004:00001750       __imp_?OnOK@CDialog@@MAEXXZ 004d2750     mfc100d:mfc100d.dll
 0004:00001754       __imp_?OnSetFont@CDialog@@UAEXPAVCFont@@@Z 004d2754     mfc100d:mfc100d.dll
 0004:00001758       __imp_?OnInitDialog@CDialog@@UAEHXZ 004d2758     mfc100d:mfc100d.dll
 0004:0000175c       __imp_?DoModal@CDialog@@UAEHXZ 004d275c     mfc100d:mfc100d.dll
 0004:00001760       __imp_?CreateIndirect@CDialog@@UAEHPBUDLGTEMPLATE@@PAVCWnd@@PAX@Z 004d2760     mfc100d:mfc100d.dll
 0004:00001764       __imp_?CreateIndirect@CDialog@@UAEHPAXPAVCWnd@@@Z 004d2764     mfc100d:mfc100d.dll
 0004:00001768       __imp_?Create@CDialog@@UAEHPBDPAVCWnd@@@Z 004d2768     mfc100d:mfc100d.dll
 0004:0000176c       __imp_?Create@CDialog@@UAEHIPAVCWnd@@@Z 004d276c     mfc100d:mfc100d.dll
 0004:00001770       __imp_?GetOccDialogInfo@CDialog@@MAEPAU_AFX_OCC_DIALOG_INFO@@XZ 004d2770     mfc100d:mfc100d.dll
 0004:00001774       __imp_?SetOccDialogInfo@CDialog@@MAEHPAU_AFX_OCC_DIALOG_INFO@@@Z 004d2774     mfc100d:mfc100d.dll
 0004:00001778       __imp_?CheckAutoCenter@CDialog@@UAEHXZ 004d2778     mfc100d:mfc100d.dll
 0004:0000177c       __imp_?PreTranslateMessage@CDialog@@UAEHPAUtagMSG@@@Z 004d277c     mfc100d:mfc100d.dll
 0004:00001780       __imp_?Create@CWnd@@UAEHPBD0KABUtagRECT@@PAV1@IPAUCCreateContext@@@Z 004d2780     mfc100d:mfc100d.dll
 0004:00001784       __imp_?OnCmdMsg@CDialog@@UAEHIHPAXPAUAFX_CMDHANDLERINFO@@@Z 004d2784     mfc100d:mfc100d.dll
 0004:00001788       __imp_?Dump@CDialog@@UBEXAAVCDumpContext@@@Z 004d2788     mfc100d:mfc100d.dll
 0004:0000178c       __imp_?AssertValid@CDialog@@UBEXXZ 004d278c     mfc100d:mfc100d.dll
 0004:00001790       __imp_??0CDialog@@QAE@IPAVCWnd@@@Z 004d2790     mfc100d:mfc100d.dll
 0004:00001794       __imp_?GetThisClass@CDialog@@SGPAUCRuntimeClass@@XZ 004d2794     mfc100d:mfc100d.dll
 0004:00001798       __imp_??B?$CSimpleStringT@D$00@ATL@@QBEPBDXZ 004d2798     mfc100d:mfc100d.dll
 0004:0000179c       __imp_??1?$CStringT@DV?$StrTraitMFC_DLL@DV?$ChTraitsCRT@D@ATL@@@@@ATL@@QAE@XZ 004d279c     mfc100d:mfc100d.dll
 0004:000017a0       __imp_??0?$CStringT@DV?$StrTraitMFC_DLL@DV?$ChTraitsCRT@D@ATL@@@@@ATL@@QAE@XZ 004d27a0     mfc100d:mfc100d.dll
 0004:000017a4       __imp_?GetThisClass@CWnd@@SGPAUCRuntimeClass@@XZ 004d27a4     mfc100d:mfc100d.dll
 0004:000017a8       __imp_??1CWnd@@UAE@XZ      004d27a8     mfc100d:mfc100d.dll
 0004:000017ac       __imp_?CreateControl@CWnd@@QAEHABU_GUID@@PBDKABUtagRECT@@PAV1@IPAVCFile@@HPA_W@Z 004d27ac     mfc100d:mfc100d.dll
 0004:000017b0       __imp_?GetOccDialogInfo@CWnd@@MAEPAU_AFX_OCC_DIALOG_INFO@@XZ 004d27b0     mfc100d:mfc100d.dll
 0004:000017b4       __imp_?SetOccDialogInfo@CWnd@@MAEHPAU_AFX_OCC_DIALOG_INFO@@@Z 004d27b4     mfc100d:mfc100d.dll
 0004:000017b8       __imp_?CreateControlSite@CWnd@@MAEHPAVCOleControlContainer@@PAPAVCOleControlSite@@IABU_GUID@@@Z 004d27b8     mfc100d:mfc100d.dll
 0004:000017bc       __imp_?CreateControlContainer@CWnd@@MAEHPAPAVCOleControlContainer@@@Z 004d27bc     mfc100d:mfc100d.dll
 0004:000017c0       __imp_?IsFrameWnd@CWnd@@UBEHXZ 004d27c0     mfc100d:mfc100d.dll
 0004:000017c4       __imp_?CheckAutoCenter@CWnd@@UAEHXZ 004d27c4     mfc100d:mfc100d.dll
 0004:000017c8       __imp_?OnGesturePressAndTap@CWnd@@MAEHVCPoint@@J@Z 004d27c8     mfc100d:mfc100d.dll
 0004:000017cc       __imp_?OnGestureTwoFingerTap@CWnd@@MAEHVCPoint@@@Z 004d27cc     mfc100d:mfc100d.dll
 0004:000017d0       __imp_?OnGestureRotate@CWnd@@MAEHVCPoint@@N@Z 004d27d0     mfc100d:mfc100d.dll
 0004:000017d4       __imp_?OnGesturePan@CWnd@@MAEHVCPoint@@0@Z 004d27d4     mfc100d:mfc100d.dll
 0004:000017d8       __imp_?OnGestureZoom@CWnd@@MAEHVCPoint@@J@Z 004d27d8     mfc100d:mfc100d.dll
 0004:000017dc       __imp_?GetGestureStatus@CWnd@@MAEKVCPoint@@@Z 004d27dc     mfc100d:mfc100d.dll
 0004:000017e0       __imp_?OnTouchInput@CWnd@@MAEHVCPoint@@HHPAUtagTOUCHINPUT@@@Z 004d27e0     mfc100d:mfc100d.dll
 0004:000017e4       __imp_?OnTouchInputs@CWnd@@MAEHIPAUtagTOUCHINPUT@@@Z 004d27e4     mfc100d:mfc100d.dll
 0004:000017e8       __imp_?OnChildNotify@CWnd@@MAEHIIJPAJ@Z 004d27e8     mfc100d:mfc100d.dll
 0004:000017ec       __imp_?PostNcDestroy@CWnd@@MAEXXZ 004d27ec     mfc100d:mfc100d.dll
 0004:000017f0       __imp_?DefWindowProcA@CWnd@@MAEJIIJ@Z 004d27f0     mfc100d:mfc100d.dll
 0004:000017f4       __imp_?OnWndMsg@CWnd@@MAEHIIJPAJ@Z 004d27f4     mfc100d:mfc100d.dll
 0004:000017f8       __imp_?WindowProc@CWnd@@MAEJIIJ@Z 004d27f8     mfc100d:mfc100d.dll
 0004:000017fc       __imp_?OnAmbientProperty@CWnd@@UAEHPAVCOleControlSite@@JPAUtagVARIANT@@@Z 004d27fc     mfc100d:mfc100d.dll
 0004:00001800       __imp_?PreTranslateMessage@CWnd@@UAEHPAUtagMSG@@@Z 004d2800     mfc100d:mfc100d.dll
 0004:00001804       __imp_?EndModalState@CWnd@@UAEXXZ 004d2804     mfc100d:mfc100d.dll
 0004:00001808       __imp_?BeginModalState@CWnd@@UAEXXZ 004d2808     mfc100d:mfc100d.dll
 0004:0000180c       __imp_?DoDataExchange@CWnd@@MAEXPAVCDataExchange@@@Z 004d280c     mfc100d:mfc100d.dll
 0004:00001810       __imp_?GetSuperWndProcAddr@CWnd@@MAEPAP6GJPAUHWND__@@IIJ@ZXZ 004d2810     mfc100d:mfc100d.dll
 0004:00001814       __imp_?OnNotify@CWnd@@MAEHIJPAJ@Z 004d2814     mfc100d:mfc100d.dll
 0004:00001818       __imp_?OnCommand@CWnd@@MAEHIJ@Z 004d2818     mfc100d:mfc100d.dll
 0004:0000181c       __imp_?CreateAccessibleProxy@CWnd@@UAEJIJPAJ@Z 004d281c     mfc100d:mfc100d.dll
 0004:00001820       __imp_?SetProxy@CWnd@@UAEJPAUIAccessibleProxy@@@Z 004d2820     mfc100d:mfc100d.dll
 0004:00001824       __imp_?put_accValue@CWnd@@UAEJUtagVARIANT@@PA_W@Z 004d2824     mfc100d:mfc100d.dll
 0004:00001828       __imp_?put_accName@CWnd@@UAEJUtagVARIANT@@PA_W@Z 004d2828     mfc100d:mfc100d.dll
 0004:0000182c       __imp_?accDoDefaultAction@CWnd@@UAEJUtagVARIANT@@@Z 004d282c     mfc100d:mfc100d.dll
 0004:00001830       __imp_?accHitTest@CWnd@@UAEJJJPAUtagVARIANT@@@Z 004d2830     mfc100d:mfc100d.dll
 0004:00001834       __imp_?accNavigate@CWnd@@UAEJJUtagVARIANT@@PAU2@@Z 004d2834     mfc100d:mfc100d.dll
 0004:00001838       __imp_?accLocation@CWnd@@UAEJPAJ000UtagVARIANT@@@Z 004d2838     mfc100d:mfc100d.dll
 0004:0000183c       __imp_?accSelect@CWnd@@UAEJJUtagVARIANT@@@Z 004d283c     mfc100d:mfc100d.dll
 0004:00001840       __imp_?get_accDefaultAction@CWnd@@UAEJUtagVARIANT@@PAPA_W@Z 004d2840     mfc100d:mfc100d.dll
 0004:00001844       __imp_?get_accSelection@CWnd@@UAEJPAUtagVARIANT@@@Z 004d2844     mfc100d:mfc100d.dll
 0004:00001848       __imp_?get_accFocus@CWnd@@UAEJPAUtagVARIANT@@@Z 004d2848     mfc100d:mfc100d.dll
 0004:0000184c       __imp_?get_accKeyboardShortcut@CWnd@@UAEJUtagVARIANT@@PAPA_W@Z 004d284c     mfc100d:mfc100d.dll
 0004:00001850       __imp_?get_accHelpTopic@CWnd@@UAEJPAPA_WUtagVARIANT@@PAJ@Z 004d2850     mfc100d:mfc100d.dll
 0004:00001854       __imp_?get_accHelp@CWnd@@UAEJUtagVARIANT@@PAPA_W@Z 004d2854     mfc100d:mfc100d.dll
 0004:00001858       __imp_?get_accState@CWnd@@UAEJUtagVARIANT@@PAU2@@Z 004d2858     mfc100d:mfc100d.dll
 0004:0000185c       __imp_?get_accRole@CWnd@@UAEJUtagVARIANT@@PAU2@@Z 004d285c     mfc100d:mfc100d.dll
 0004:00001860       __imp_?get_accDescription@CWnd@@UAEJUtagVARIANT@@PAPA_W@Z 004d2860     mfc100d:mfc100d.dll
 0004:00001864       __imp_?get_accValue@CWnd@@UAEJUtagVARIANT@@PAPA_W@Z 004d2864     mfc100d:mfc100d.dll
 0004:00001868       __imp_?get_accName@CWnd@@UAEJUtagVARIANT@@PAPA_W@Z 004d2868     mfc100d:mfc100d.dll
 0004:0000186c       __imp_?get_accChild@CWnd@@UAEJUtagVARIANT@@PAPAUIDispatch@@@Z 004d286c     mfc100d:mfc100d.dll
 0004:00001870       __imp_?get_accChildCount@CWnd@@UAEJPAJ@Z 004d2870     mfc100d:mfc100d.dll
 0004:00001874       __imp_?get_accParent@CWnd@@UAEJPAPAUIDispatch@@@Z 004d2874     mfc100d:mfc100d.dll
 0004:00001878       __imp_?EnsureStdObj@CWnd@@UAEJXZ 004d2878     mfc100d:mfc100d.dll
 0004:0000187c       __imp_?OnDrawIconicThumbnailOrLivePreview@CWnd@@UAEXAAVCDC@@VCRect@@VCSize@@HAAH@Z 004d287c     mfc100d:mfc100d.dll
 0004:00001880       __imp_?EndModalLoop@CWnd@@UAEXH@Z 004d2880     mfc100d:mfc100d.dll
 0004:00001884       __imp_?ContinueModal@CWnd@@UAEHXZ 004d2884     mfc100d:mfc100d.dll
 0004:00001888       __imp_?WinHelpInternal@CWnd@@UAEXKI@Z 004d2888     mfc100d:mfc100d.dll
 0004:0000188c       __imp_?HtmlHelpA@CWnd@@UAEXKI@Z 004d288c     mfc100d:mfc100d.dll
 0004:00001890       __imp_?WinHelpA@CWnd@@UAEXKI@Z 004d2890     mfc100d:mfc100d.dll
 0004:00001894       __imp_?GetScrollBarCtrl@CWnd@@UBEPAVCScrollBar@@H@Z 004d2894     mfc100d:mfc100d.dll
 0004:00001898       __imp_?OnToolHitTest@CWnd@@UBEHVCPoint@@PAUtagTOOLINFOA@@@Z 004d2898     mfc100d:mfc100d.dll
 0004:0000189c       __imp_?SetMenu@CWnd@@UAEHPAVCMenu@@@Z 004d289c     mfc100d:mfc100d.dll
 0004:000018a0       __imp_?GetMenu@CWnd@@UBEPAVCMenu@@XZ 004d28a0     mfc100d:mfc100d.dll
 0004:000018a4       __imp_?CalcWindowRect@CWnd@@UAEXPAUtagRECT@@I@Z 004d28a4     mfc100d:mfc100d.dll
 0004:000018a8       __imp_?PreCreateWindow@CWnd@@UAEHAAUtagCREATESTRUCTA@@@Z 004d28a8     mfc100d:mfc100d.dll
 0004:000018ac       __imp_?DestroyWindow@CWnd@@UAEHXZ 004d28ac     mfc100d:mfc100d.dll
 0004:000018b0       __imp_?CreateEx@CWnd@@UAEHKPBD0KHHHHPAUHWND__@@PAUHMENU__@@PAX@Z 004d28b0     mfc100d:mfc100d.dll
 0004:000018b4       __imp_?CreateEx@CWnd@@UAEHKPBD0KABUtagRECT@@PAV1@IPAX@Z 004d28b4     mfc100d:mfc100d.dll
 0004:000018b8       __imp_?PreSubclassWindow@CWnd@@UAEXXZ 004d28b8     mfc100d:mfc100d.dll
 0004:000018bc       __imp_?GetConnectionHook@CCmdTarget@@MAEPAUIConnectionPoint@@ABU_GUID@@@Z 004d28bc     mfc100d:mfc100d.dll
 0004:000018c0       __imp_?GetExtraConnectionPoints@CCmdTarget@@MAEHPAVCPtrArray@@@Z 004d28c0     mfc100d:mfc100d.dll
 0004:000018c4       __imp_?GetInterfaceHook@CCmdTarget@@UAEPAUIUnknown@@PBX@Z 004d28c4     mfc100d:mfc100d.dll
 0004:000018c8       __imp_?OnCreateAggregates@CCmdTarget@@UAEHXZ 004d28c8     mfc100d:mfc100d.dll
 0004:000018cc       __imp_?GetEventSinkMap@CCmdTarget@@MBEPBUAFX_EVENTSINKMAP@@XZ 004d28cc     mfc100d:mfc100d.dll
 0004:000018d0       __imp_?GetInterfaceMap@CWnd@@MBEPBUAFX_INTERFACEMAP@@XZ 004d28d0     mfc100d:mfc100d.dll
 0004:000018d4       __imp_?GetConnectionMap@CCmdTarget@@MBEPBUAFX_CONNECTIONMAP@@XZ 004d28d4     mfc100d:mfc100d.dll
 0004:000018d8       __imp_?GetDispatchMap@CCmdTarget@@MBEPBUAFX_DISPMAP@@XZ 004d28d8     mfc100d:mfc100d.dll
 0004:000018dc       __imp_?GetCommandMap@CCmdTarget@@MBEPBUAFX_OLECMDMAP@@XZ 004d28dc     mfc100d:mfc100d.dll
 0004:000018e0       __imp_?GetMessageMap@CWnd@@MBEPBUAFX_MSGMAP@@XZ 004d28e0     mfc100d:mfc100d.dll
 0004:000018e4       __imp_?GetTypeLib@CCmdTarget@@UAEJKPAPAUITypeLib@@@Z 004d28e4     mfc100d:mfc100d.dll
 0004:000018e8       __imp_?GetTypeLibCache@CCmdTarget@@UAEPAVCTypeLibCache@@XZ 004d28e8     mfc100d:mfc100d.dll
 0004:000018ec       __imp_?GetTypeInfoCount@CCmdTarget@@UAEIXZ 004d28ec     mfc100d:mfc100d.dll
 0004:000018f0       __imp_?GetDispatchIID@CCmdTarget@@UAEHPAU_GUID@@@Z 004d28f0     mfc100d:mfc100d.dll
 0004:000018f4       __imp_?IsInvokeAllowed@CCmdTarget@@UAEHJ@Z 004d28f4     mfc100d:mfc100d.dll
 0004:000018f8       __imp_?OnFinalRelease@CWnd@@UAEXXZ 004d28f8     mfc100d:mfc100d.dll
 0004:000018fc       __imp_?OnCmdMsg@CCmdTarget@@UAEHIHPAXPAUAFX_CMDHANDLERINFO@@@Z 004d28fc     mfc100d:mfc100d.dll
 0004:00001900       __imp_?Dump@CWnd@@UBEXAAVCDumpContext@@@Z 004d2900     mfc100d:mfc100d.dll
 0004:00001904       __imp_?AssertValid@CWnd@@UBEXXZ 004d2904     mfc100d:mfc100d.dll
 0004:00001908       __imp_?Serialize@CObject@@UAEXAAVCArchive@@@Z 004d2908     mfc100d:mfc100d.dll
 0004:0000190c       __imp_??0CWnd@@QAE@XZ      004d290c     mfc100d:mfc100d.dll
 0004:00001910       __imp_??2CObject@@SGPAXI@Z 004d2910     mfc100d:mfc100d.dll
 0004:00001914       __imp_??3CObject@@SGXPAX@Z 004d2914     mfc100d:mfc100d.dll
 0004:00001918       __imp_??3@YAXPAX@Z         004d2918     mfc100d:mfc100d.dll
 0004:0000191c       __imp_?AfxWinMain@@YGHPAUHINSTANCE__@@0PADH@Z 004d291c     mfc100d:mfc100d.dll
 0004:00001920       __imp_??1CFileDialog@@UAE@XZ 004d2920     mfc100d:mfc100d.dll
 0004:00001924       __imp_?GetCheck@CButton@@QBEHXZ 004d2924     mfc100d:mfc100d.dll
 0004:00001928       \177mfc100d_NULL_THUNK_DATA 004d2928     mfc100d:mfc100d.dll
 0004:00001aa0       __imp__olDaGetDASS@16      004d2aa0     oldaapi32:oldaapi32.dll
 0004:00001aa4       __imp__olDaSetDataFlow@8   004d2aa4     oldaapi32:oldaapi32.dll
 0004:00001aa8       __imp__olDaConfig@4        004d2aa8     oldaapi32:oldaapi32.dll
 0004:00001aac       __imp__olDaPutSingleValue@20 004d2aac     oldaapi32:oldaapi32.dll
 0004:00001ab0       __imp__olDaReleaseDASS@4   004d2ab0     oldaapi32:oldaapi32.dll
 0004:00001ab4       __imp__olDaTerminate@4     004d2ab4     oldaapi32:oldaapi32.dll
 0004:00001ab8       __imp__olDaInitialize@8    004d2ab8     oldaapi32:oldaapi32.dll
 0004:00001abc       \177oldaapi32_NULL_THUNK_DATA 004d2abc     oldaapi32:oldaapi32.dll

 entry point at        0001:00028370

