 Octopus

 Timestamp is 563ba397 (Thu Nov 05 13:44:39 2015)

 Preferred load address is 00400000

 Start         Length     Name                   Class
 0001:00000000 000933e4H .text                   CODE
 0001:000933f0 00002f40H .text$x                 CODE
 0001:00096330 00001b11H .text$yc                CODE
 0001:00097e50 000010ceH .text$yd                CODE
 0002:00000000 00000104H .CRT$XCA                DATA
 0002:00000104 00000104H .CRT$XCAA               DATA
 0002:00000208 0000010eH .CRT$XCC                DATA
 0002:00000318 00000186H .CRT$XCL                DATA
 0002:000004a0 0000011cH .CRT$XCU                DATA
 0002:000005bc 00000104H .CRT$XCZ                DATA
 0002:000006c0 00000104H .CRT$XIA                DATA
 0002:000007c4 00000104H .CRT$XIAA               DATA
 0002:000008c8 00000104H .CRT$XIC                DATA
 0002:000009cc 00000104H .CRT$XIY                DATA
 0002:00000ad0 00000104H .CRT$XIZ                DATA
 0002:00000be0 0002abc3H .rdata                  DATA
 0002:0002b7a4 00000173H .rdata$debug            DATA
 0002:0002b918 00000e34H .rdata$r                DATA
 0002:0002c750 00000306H .rdata$sxdata           DATA
 0002:0002ca58 00000104H .rtc$IAA                DATA
 0002:0002cb5c 00000104H .rtc$IZZ                DATA
 0002:0002cc60 00000104H .rtc$TAA                DATA
 0002:0002cd64 00000104H .rtc$TZZ                DATA
 0002:0002ce68 00001f69H .xdata$x                DATA
 0002:0002edd4 00000104H ATL$__a                 DATA
 0002:0002eed8 00000104H ATL$__z                 DATA
 0002:0002efdc 00000000H .edata                  DATA
 0003:00000000 00001057H .data                   DATA
 0003:00001060 00003288H .bss                    DATA
 0004:00000000 000000b4H .idata$2                DATA
 0004:000000b4 00000014H .idata$3                DATA
 0004:000000c8 00000ca8H .idata$4                DATA
 0004:00000d70 00000ca8H .idata$5                DATA
 0004:00001a18 00000c55H .idata$6                DATA
 0005:00000000 000009d9H .rsrc$01                DATA
 0005:000009e0 00005a49H .rsrc$02                DATA

  Address         Publics by Value              Rva+Base       Lib:Object

 0000:00000000       __except_list              00000000     <absolute>
 0000:0000006c       ___safe_se_handler_count   0000006c     <absolute>
 0000:00009876       __ldused                   00009876     <absolute>
 0000:00009876       __fltused                  00009876     <absolute>
 0000:00000000       ___ImageBase               00400000     <linker-defined>
 0001:000015f0       ?_AfxInitManaged@@YAHXZ    004025f0 f i APTMotor.obj
 0001:00001600       ?CreateObject@CMgmotorctrl1@@SGPAVCObject@@XZ 00402600 f   APTMotor.obj
 0001:00001680       ?_GetBaseClass@CMgmotorctrl1@@KGPAUCRuntimeClass@@XZ 00402680 f   APTMotor.obj
 0001:00001690       ?GetThisClass@CMgmotorctrl1@@SGPAUCRuntimeClass@@XZ 00402690 f   APTMotor.obj
 0001:000016a0       ?GetRuntimeClass@CMgmotorctrl1@@UBEPAUCRuntimeClass@@XZ 004026a0 f   APTMotor.obj
 0001:000016e0       ??0CMgmotorctrl1@@QAE@XZ   004026e0 f i APTMotor.obj
 0001:00001710       ?Create@CMgmotorctrl1@@UAEHPBD0KABUtagRECT@@PAVCWnd@@IPAUCCreateContext@@@Z 00402710 f i APTMotor.obj
 0001:00001760       ?GetClsid@CMgmotorctrl1@@QAEABU_GUID@@XZ 00402760 f i APTMotor.obj
 0001:00001780       ??_ECMgmotorctrl1@@UAEPAXI@Z 00402780 f i APTMotor.obj
 0001:00001780       ??_GCMgmotorctrl1@@UAEPAXI@Z 00402780 f i APTMotor.obj
 0001:000017c0       ??1CMgmotorctrl1@@UAE@XZ   004027c0 f i APTMotor.obj
 0001:000017e0       ??0Thank_you@Define_the_symbol__ATL_MIXED@@QAE@XZ 004027e0 f i APTMotor.obj
 0001:00001800       ?one@Thank_you@Define_the_symbol__ATL_MIXED@@UAEXXZ 00402800 f i APTMotor.obj
 0001:00001810       ?CreateObject@APT_system@@SGPAVCObject@@XZ 00402810 f   APTSystem.obj
 0001:00001880       ?_GetBaseClass@APT_system@@KGPAUCRuntimeClass@@XZ 00402880 f   APTSystem.obj
 0001:00001890       ?GetThisClass@APT_system@@SGPAUCRuntimeClass@@XZ 00402890 f   APTSystem.obj
 0001:000018a0       ?GetRuntimeClass@APT_system@@UBEPAUCRuntimeClass@@XZ 004028a0 f   APTSystem.obj
 0001:000018e0       ??0APT_system@@QAE@XZ      004028e0 f i APTSystem.obj
 0001:00001910       ?Create@APT_system@@UAEHPBD0KABUtagRECT@@PAVCWnd@@IPAUCCreateContext@@@Z 00402910 f i APTSystem.obj
 0001:00001960       ?GetClsid@APT_system@@QAEABU_GUID@@XZ 00402960 f i APTSystem.obj
 0001:00001980       ??_GAPT_system@@UAEPAXI@Z  00402980 f i APTSystem.obj
 0001:00001980       ??_EAPT_system@@UAEPAXI@Z  00402980 f i APTSystem.obj
 0001:000019c0       ??1APT_system@@UAE@XZ      004029c0 f i APTSystem.obj
 0001:000019e0       ??0CPort@@QAE@XZ           004029e0 f   cport.obj
 0001:00001a10       ??1CPort@@QAE@XZ           00402a10 f   cport.obj
 0001:00001a40       ?OpenCPort@CPort@@QAE_NXZ  00402a40 f   cport.obj
 0001:00001c40       ?CloseCPort@CPort@@QAE_NXZ 00402c40 f   cport.obj
 0001:00001c90       ?WriteCPort@CPort@@QAE_NXZ 00402c90 f   cport.obj
 0001:00001d70       ?WriteCPortOneByte@CPort@@QAE_NXZ 00402d70 f   cport.obj
 0001:00001e40       ?CheckWrite@CPort@@QAE_NXZ 00402e40 f   cport.obj
 0001:00001eb0       ?ReadCPort@CPort@@QAE_NXZ  00402eb0 f   cport.obj
 0001:00001fc0       ?ReadCPortOneByte@CPort@@QAE_NXZ 00402fc0 f   cport.obj
 0001:00002090       ?CheckRead@CPort@@QAE_NXZ  00403090 f   cport.obj
 0001:00002100       ??9ATL@@YA_NABV?$CStringT@DV?$StrTraitMFC_DLL@DV?$ChTraitsCRT@D@ATL@@@@@0@D@Z 00403100 f i OctopusXCite.obj
 0001:000022c0       ?_GetBaseClass@DisplayDialog@@KGPAUCRuntimeClass@@XZ 004032c0 f   DisplayDialog.obj
 0001:000022d0       ?GetThisClass@DisplayDialog@@SGPAUCRuntimeClass@@XZ 004032d0 f   DisplayDialog.obj
 0001:000022e0       ?GetRuntimeClass@DisplayDialog@@UBEPAUCRuntimeClass@@XZ 004032e0 f   DisplayDialog.obj
 0001:000022f0       ??0DisplayDialog@@QAE@PAVCWnd@@@Z 004032f0 f   DisplayDialog.obj
 0001:00002320       ??1DisplayDialog@@UAE@XZ   00403320 f   DisplayDialog.obj
 0001:00002340       ?DoDataExchange@DisplayDialog@@MAEXPAVCDataExchange@@@Z 00403340 f   DisplayDialog.obj
 0001:00002360       ?GetMessageMap@DisplayDialog@@MBEPBUAFX_MSGMAP@@XZ 00403360 f   DisplayDialog.obj
 0001:00002370       ?GetThisMessageMap@DisplayDialog@@KGPBUAFX_MSGMAP@@XZ 00403370 f   DisplayDialog.obj
 0001:000023b0       ??_EDisplayDialog@@UAEPAXI@Z 004033b0 f i DisplayDialog.obj
 0001:000023b0       ??_GDisplayDialog@@UAEPAXI@Z 004033b0 f i DisplayDialog.obj
 0001:000023f0       ?CreateObject@CMainFrame@@SGPAVCObject@@XZ 004033f0 f   MainFrm.obj
 0001:00002470       ?_GetBaseClass@CMainFrame@@KGPAUCRuntimeClass@@XZ 00403470 f   MainFrm.obj
 0001:00002480       ?GetThisClass@CMainFrame@@SGPAUCRuntimeClass@@XZ 00403480 f   MainFrm.obj
 0001:00002490       ?GetRuntimeClass@CMainFrame@@UBEPAUCRuntimeClass@@XZ 00403490 f   MainFrm.obj
 0001:000024a0       ??0CMainFrame@@IAE@XZ      004034a0 f   MainFrm.obj
 0001:000024c0       ??1CMainFrame@@UAE@XZ      004034c0 f   MainFrm.obj
 0001:000024e0       ?PreCreateWindow@CMainFrame@@UAEHAAUtagCREATESTRUCTA@@@Z 004034e0 f   MainFrm.obj
 0001:00002580       ??_ECMainFrame@@UAEPAXI@Z  00403580 f i MainFrm.obj
 0001:00002580       ??_GCMainFrame@@UAEPAXI@Z  00403580 f i MainFrm.obj
 0001:000025c0       ??0COctopusApp@@QAE@XZ     004035c0 f   Octopus.obj
 0001:000025f0       ?InitInstance@COctopusApp@@UAEHXZ 004035f0 f   Octopus.obj
 0001:00002720       ?ExitInstance@COctopusApp@@UAEHXZ 00403720 f   Octopus.obj
 0001:00002790       ?SupportsRestartManager@CWinApp@@UBEHXZ 00403790 f i Octopus.obj
 0001:000027b0       ?SupportsApplicationRecovery@CWinApp@@UBEHXZ 004037b0 f i Octopus.obj
 0001:000027d0       ?SupportsAutosaveAtRestart@CWinApp@@UBEHXZ 004037d0 f i Octopus.obj
 0001:000027f0       ?SupportsAutosaveAtInterval@CWinApp@@UBEHXZ 004037f0 f i Octopus.obj
 0001:00002810       ?ReopenPreviousFilesAtRestart@CWinApp@@UBEHXZ 00403810 f i Octopus.obj
 0001:00002830       ?RestoreAutosavedFilesAtRestart@CWinApp@@UBEHXZ 00403830 f i Octopus.obj
 0001:00002850       ?GetApplicationRestartFlags@CWinApp@@UAEKXZ 00403850 f i Octopus.obj
 0001:00002860       ?GetApplicationRecoveryParameter@CWinApp@@UAEPAXXZ 00403860 f i Octopus.obj
 0001:00002870       ?GetApplicationRecoveryPingInterval@CWinApp@@UAEKXZ 00403870 f i Octopus.obj
 0001:00002890       ??_ECOctopusApp@@UAEPAXI@Z 00403890 f i Octopus.obj
 0001:00002890       ??_GCOctopusApp@@UAEPAXI@Z 00403890 f i Octopus.obj
 0001:000028d0       ??1COctopusApp@@UAE@XZ     004038d0 f i Octopus.obj
 0001:000028f0       ??0COctopusXCite@@QAE@PAVCWnd@@@Z 004038f0 f   OctopusXCite.obj
 0001:00002a60       ?OnInitDialog@COctopusXCite@@MAEHXZ 00403a60 f   OctopusXCite.obj
 0001:00002a90       ?OnTimer@COctopusXCite@@QAEXI@Z 00403a90 f   OctopusXCite.obj
 0001:00002b00       ?Init@COctopusXCite@@IAE_NXZ 00403b00 f   OctopusXCite.obj
 0001:000032e0       ?DoDataExchange@COctopusXCite@@MAEXPAVCDataExchange@@@Z 004042e0 f   OctopusXCite.obj
 0001:00003320       ?GetMessageMap@COctopusXCite@@MBEPBUAFX_MSGMAP@@XZ 00404320 f   OctopusXCite.obj
 0001:00003330       ?GetThisMessageMap@COctopusXCite@@KGPBUAFX_MSGMAP@@XZ 00404330 f   OctopusXCite.obj
 0001:00003340       ?Close@COctopusXCite@@QAEXXZ 00404340 f   OctopusXCite.obj
 0001:000033d0       ??1COctopusXCite@@UAE@XZ   004043d0 f   OctopusXCite.obj
 0001:00003490       ?Z_StepDown@COctopusXCite@@QAEXXZ 00404490 f   OctopusXCite.obj
 0001:00003560       ?Z_StepUp@COctopusXCite@@QAEXXZ 00404560 f   OctopusXCite.obj
 0001:00003630       ?ObjESC@COctopusXCite@@QAEXXZ 00404630 f   OctopusXCite.obj
 0001:00003770       ?ObjRTN@COctopusXCite@@QAEXXZ 00404770 f   OctopusXCite.obj
 0001:00003870       ?OnObjectiveStepSize1@COctopusXCite@@QAEXXZ 00404870 f   OctopusXCite.obj
 0001:000038b0       ?OnObjectiveStepSize2@COctopusXCite@@QAEXXZ 004048b0 f   OctopusXCite.obj
 0001:000038f0       ?OnObjectiveStepSize3@COctopusXCite@@QAEXXZ 004048f0 f   OctopusXCite.obj
 0001:00003930       ?OnObjectiveStepSize4@COctopusXCite@@QAEXXZ 00404930 f   OctopusXCite.obj
 0001:00003970       ?GetPosition@COctopusXCite@@QAEXXZ 00404970 f   OctopusXCite.obj
 0001:00003b60       ?DisplayPosition@COctopusXCite@@IAEXXZ 00404b60 f   OctopusXCite.obj
 0001:00003c10       ?OnObj_1@COctopusXCite@@QAEXXZ 00404c10 f   OctopusXCite.obj
 0001:00003c40       ?OnObj_2@COctopusXCite@@QAEXXZ 00404c40 f   OctopusXCite.obj
 0001:00003c70       ?OnObj_3@COctopusXCite@@QAEXXZ 00404c70 f   OctopusXCite.obj
 0001:00003ca0       ?OnObj_4@COctopusXCite@@QAEXXZ 00404ca0 f   OctopusXCite.obj
 0001:00003cd0       ?OnObj_5@COctopusXCite@@QAEXXZ 00404cd0 f   OctopusXCite.obj
 0001:00003d00       ?OnObj_6@COctopusXCite@@QAEXXZ 00404d00 f   OctopusXCite.obj
 0001:00003d30       ?OnFW_1@COctopusXCite@@QAEXXZ 00404d30 f   OctopusXCite.obj
 0001:00003d60       ?OnFW_2@COctopusXCite@@QAEXXZ 00404d60 f   OctopusXCite.obj
 0001:00003d90       ?OnFW_3@COctopusXCite@@QAEXXZ 00404d90 f   OctopusXCite.obj
 0001:00003dc0       ?OnFW_4@COctopusXCite@@QAEXXZ 00404dc0 f   OctopusXCite.obj
 0001:00003df0       ?OnFW_5@COctopusXCite@@QAEXXZ 00404df0 f   OctopusXCite.obj
 0001:00003e20       ?OnFW_6@COctopusXCite@@QAEXXZ 00404e20 f   OctopusXCite.obj
 0001:00003e50       ?OnBFW_1@COctopusXCite@@QAEXXZ 00404e50 f   OctopusXCite.obj
 0001:00003e80       ?OnBFW_2@COctopusXCite@@QAEXXZ 00404e80 f   OctopusXCite.obj
 0001:00003eb0       ?OnBFW_3@COctopusXCite@@QAEXXZ 00404eb0 f   OctopusXCite.obj
 0001:00003ee0       ?OnBFW_4@COctopusXCite@@QAEXXZ 00404ee0 f   OctopusXCite.obj
 0001:00003f10       ?OnBFW_5@COctopusXCite@@QAEXXZ 00404f10 f   OctopusXCite.obj
 0001:00003f40       ?OnBFW_6@COctopusXCite@@QAEXXZ 00404f40 f   OctopusXCite.obj
 0001:00003f70       ?Objective@COctopusXCite@@QAEXH@Z 00404f70 f   OctopusXCite.obj
 0001:00004280       ?GetObj@COctopusXCite@@IAEHXZ 00405280 f   OctopusXCite.obj
 0001:00004430       ?GetFW@COctopusXCite@@IAEHXZ 00405430 f   OctopusXCite.obj
 0001:000045e0       ?GetBFW@COctopusXCite@@IAEHXZ 004055e0 f   OctopusXCite.obj
 0001:00004790       ?EpiFilterWheel@COctopusXCite@@QAEXH@Z 00405790 f   OctopusXCite.obj
 0001:00004860       ?BrightFieldFilterWheel@COctopusXCite@@QAEXH@Z 00405860 f   OctopusXCite.obj
 0001:00004930       ?ToggleXCiteLEDStatus@COctopusXCite@@QAEXXZ 00405930 f   OctopusXCite.obj
 0001:000049b0       ?BrightField@COctopusXCite@@QAEXH@Z 004059b0 f   OctopusXCite.obj
 0001:00004a80       ?OnNMCustomdrawExecute@COctopusXCite@@IAEXPAUtagNMHDR@@PAJ@Z 00405a80 f   OctopusXCite.obj
 0001:00004ae0       ?DisplayBFIntensity@COctopusXCite@@IAEXH@Z 00405ae0 f   OctopusXCite.obj
 0001:00004ba0       ?WriteScope@COctopusXCite@@IAE_NV?$CStringT@DV?$StrTraitMFC_DLL@DV?$ChTraitsCRT@D@ATL@@@@@ATL@@@Z 00405ba0 f   OctopusXCite.obj
 0001:00004cc0       ?ReadScope@COctopusXCite@@IAE?AV?$CStringT@DV?$StrTraitMFC_DLL@DV?$ChTraitsCRT@D@ATL@@@@@ATL@@G@Z 00405cc0 f   OctopusXCite.obj
 0001:00004d90       ?OnCommand@COctopusXCite@@MAEHIJ@Z 00405d90 f   OctopusXCite.obj
 0001:00004de0       ?OnStnClickedScopeIntensitySliderSetting@COctopusXCite@@QAEXXZ 00405de0 f   OctopusXCite.obj
 0001:00004df0       ?OnEnChangeEdit1@COctopusXCite@@QAEXXZ 00405df0 f   OctopusXCite.obj
 0001:00004e00       ?OnStnClickedScopePos@COctopusXCite@@QAEXXZ 00405e00 f   OctopusXCite.obj
 0001:00004e10       ?OnStnClickedXciteOnoff@COctopusXCite@@QAEXXZ 00405e10 f   OctopusXCite.obj
 0001:00004e20       ?OnStnClickedShutterImage@COctopusXCite@@QAEXXZ 00405e20 f   OctopusXCite.obj
 0001:00004e30       ?OnNMCustomdrawXciteIntensitySlider2@COctopusXCite@@QAEXPAUtagNMHDR@@PAJ@Z 00405e30 f   OctopusXCite.obj
 0001:00004e50       ?GetIntensityLevel@COctopusXCite@@QAEXXZ 00405e50 f   OctopusXCite.obj
 0001:00005970       ??_GCOctopusXCite@@UAEPAXI@Z 00406970 f i OctopusXCite.obj
 0001:00005970       ??_ECOctopusXCite@@UAEPAXI@Z 00406970 f i OctopusXCite.obj
 0001:000059b0       ??_GCPort@@QAEPAXI@Z       004069b0 f i OctopusXCite.obj
 0001:000059f0       ??9ATL@@YA_NABV?$CStringT@DV?$StrTraitMFC_DLL@DV?$ChTraitsCRT@D@ATL@@@@@0@PBD@Z 004069f0 f i OctopusXCite.obj
 0001:00005a80       ??0Octopus_LED@@QAE@PAVCWnd@@@Z 00406a80 f   Octopus_LED.obj
 0001:00005bf0       ?DoDataExchange@Octopus_LED@@MAEXPAVCDataExchange@@@Z 00406bf0 f   Octopus_LED.obj
 0001:00005d90       ?GetMessageMap@Octopus_LED@@MBEPBUAFX_MSGMAP@@XZ 00406d90 f   Octopus_LED.obj
 0001:00005da0       ?GetThisMessageMap@Octopus_LED@@KGPBUAFX_MSGMAP@@XZ 00406da0 f   Octopus_LED.obj
 0001:00005db0       ?OnInitDialog@Octopus_LED@@MAEHXZ 00406db0 f   Octopus_LED.obj
 0001:00005ea0       ??1Octopus_LED@@UAE@XZ     00406ea0 f   Octopus_LED.obj
 0001:00005f70       ?OnCommand@Octopus_LED@@MAEHIJ@Z 00406f70 f   Octopus_LED.obj
 0001:00005fc0       ?LED_On@Octopus_LED@@QAEXM@Z 00406fc0 f   Octopus_LED.obj
 0001:00006000       ?LED_Off@Octopus_LED@@QAEXXZ 00407000 f   Octopus_LED.obj
 0001:00006020       ?Laser_On@Octopus_LED@@QAEXM@Z 00407020 f   Octopus_LED.obj
 0001:00006060       ?Laser_Off@Octopus_LED@@QAEXXZ 00407060 f   Octopus_LED.obj
 0001:00006080       ?SetLEDIntensity@Octopus_LED@@IAEXM@Z 00407080 f   Octopus_LED.obj
 0001:00006130       ?SetLaserIntensity@Octopus_LED@@IAEXM@Z 00407130 f   Octopus_LED.obj
 0001:000061e0       ?SetFlow@Octopus_LED@@QAEXH@Z 004071e0 f   Octopus_LED.obj
 0001:00006260       ?OnEnChangeLED@Octopus_LED@@QAEXXZ 00407260 f   Octopus_LED.obj
 0001:000062c0       ?OnEnChangeLaser@Octopus_LED@@QAEXXZ 004072c0 f   Octopus_LED.obj
 0001:00006320       ?OnNMCustomdrawLaserIntensitySlider@Octopus_LED@@QAEXPAUtagNMHDR@@PAJ@Z 00407320 f   Octopus_LED.obj
 0001:000063a0       ?OnNMCustomdrawLEDIntensitySlider@Octopus_LED@@QAEXPAUtagNMHDR@@PAJ@Z 004073a0 f   Octopus_LED.obj
 0001:00006420       ?OnBnClickedDout1@Octopus_LED@@QAEXXZ 00407420 f   Octopus_LED.obj
 0001:00006480       ?OnBnClickedDout2@Octopus_LED@@QAEXXZ 00407480 f   Octopus_LED.obj
 0001:000064e0       ?OnBnClickedDout3@Octopus_LED@@QAEXXZ 004074e0 f   Octopus_LED.obj
 0001:00006540       ?OnBnClickedDout4@Octopus_LED@@QAEXXZ 00407540 f   Octopus_LED.obj
 0001:000065a0       ?OnBnClickedDout5@Octopus_LED@@QAEXXZ 004075a0 f   Octopus_LED.obj
 0001:00006600       ?OnBnClickedDout6@Octopus_LED@@QAEXXZ 00407600 f   Octopus_LED.obj
 0001:00006660       ?OnBnClickedDout7@Octopus_LED@@QAEXXZ 00407660 f   Octopus_LED.obj
 0001:000066c0       ?OnBnClickedDout8@Octopus_LED@@QAEXXZ 004076c0 f   Octopus_LED.obj
 0001:00006a50       ??_EOctopus_LED@@UAEPAXI@Z 00407a50 f i Octopus_LED.obj
 0001:00006a50       ??_GOctopus_LED@@UAEPAXI@Z 00407a50 f i Octopus_LED.obj
 0001:00006a90       ??0CTraceFileAndLineInfo@ATL@@QAE@PBDH@Z 00407a90 f i Octopus_LED.obj
 0001:00006ac0       ??RCTraceFileAndLineInfo@ATL@@QBAXPBDZZ 00407ac0 f i Octopus_LED.obj
 0001:00006b20       ?TraceV@CTrace@ATL@@QBAXPBDHKI0PAD@Z 00407b20 f i Octopus_LED.obj
 0001:00006b60       ??BCTraceCategory@ATL@@QBEKXZ 00407b60 f i Octopus_LED.obj
 0001:00006b80       ??0COctopusPictureDisplay@@QAE@PAVCWnd@@GG@Z 00407b80 f   OctopusCameraDisplay.obj
 0001:00006f40       ?OnInitDialog@COctopusPictureDisplay@@MAEHXZ 00407f40 f   OctopusCameraDisplay.obj
 0001:00006f60       ?GetMessageMap@COctopusPictureDisplay@@MBEPBUAFX_MSGMAP@@XZ 00407f60 f   OctopusCameraDisplay.obj
 0001:00006f70       ?GetThisMessageMap@COctopusPictureDisplay@@KGPBUAFX_MSGMAP@@XZ 00407f70 f   OctopusCameraDisplay.obj
 0001:00006f80       ?DoDataExchange@COctopusPictureDisplay@@MAEXPAVCDataExchange@@@Z 00407f80 f   OctopusCameraDisplay.obj
 0001:00006fc0       ??1COctopusPictureDisplay@@UAE@XZ 00407fc0 f   OctopusCameraDisplay.obj
 0001:000071e0       ?Create_Bitmap@COctopusPictureDisplay@@QAEXXZ 004081e0 f   OctopusCameraDisplay.obj
 0001:00007430       ?Draw_Bitmap@COctopusPictureDisplay@@IAEXXZ 00408430 f   OctopusCameraDisplay.obj
 0001:00007810       ?Update_Bitmap@COctopusPictureDisplay@@QAEXPAGG@Z 00408810 f   OctopusCameraDisplay.obj
 0001:00008270       ?BasicAnalysis@COctopusPictureDisplay@@IAEXPAG@Z 00409270 f   OctopusCameraDisplay.obj
 0001:000083d0       ?ROIAnalysis@COctopusPictureDisplay@@IAEXPAG@Z 004093d0 f   OctopusCameraDisplay.obj
 0001:00008700       ?BeadAnalysis@COctopusPictureDisplay@@QAEXPAG@Z 00409700 f   OctopusCameraDisplay.obj
 0001:00008e50       ?gNoise@COctopusPictureDisplay@@QAENNN@Z 00409e50 f   OctopusCameraDisplay.obj
 0001:00008ee0       ?Open_A_File@COctopusPictureDisplay@@IAE_NXZ 00409ee0 f   OctopusCameraDisplay.obj
 0001:00009140       ?Close_The_File@COctopusPictureDisplay@@QAEXXZ 0040a140 f   OctopusCameraDisplay.obj
 0001:000091c0       ?WritePic@COctopusPictureDisplay@@IAEXXZ 0040a1c0 f   OctopusCameraDisplay.obj
 0001:000093f0       ?UpdateTitle@COctopusPictureDisplay@@IAEXXZ 0040a3f0 f   OctopusCameraDisplay.obj
 0001:00009550       ?ValidateMarkersAndSetROI@COctopusPictureDisplay@@IAEXXZ 0040a550 f   OctopusCameraDisplay.obj
 0001:00009830       ?MouseMove@COctopusPictureDisplay@@IAEXVCPoint@@@Z 0040a830 f   OctopusCameraDisplay.obj
 0001:00009990       ?LeftButtonDown@COctopusPictureDisplay@@IAEXVCPoint@@@Z 0040a990 f   OctopusCameraDisplay.obj
 0001:00009a00       ?LeftButtonUp@COctopusPictureDisplay@@IAEXVCPoint@@@Z 0040aa00 f   OctopusCameraDisplay.obj
 0001:00009a80       ?OnMouseMove@COctopusPictureDisplay@@IAEXIVCPoint@@@Z 0040aa80 f   OctopusCameraDisplay.obj
 0001:00009ac0       ?OnLButtonUp@COctopusPictureDisplay@@IAEXIVCPoint@@@Z 0040aac0 f   OctopusCameraDisplay.obj
 0001:00009af0       ?OnLButtonDown@COctopusPictureDisplay@@IAEXIVCPoint@@@Z 0040aaf0 f   OctopusCameraDisplay.obj
 0001:00009b20       ?OnRButtonDown@COctopusPictureDisplay@@IAEXIVCPoint@@@Z 0040ab20 f   OctopusCameraDisplay.obj
 0001:00009b50       ?OnCommand@COctopusPictureDisplay@@MAEHIJ@Z 0040ab50 f   OctopusCameraDisplay.obj
 0001:00009ba0       ?expfunc@@YAXPAN0HHPAX@Z   0040aba0 f   OctopusCameraDisplay.obj
 0001:00009c00       ?Gaussian_2D@@YAXPAN0HHPAX@Z 0040ac00 f   OctopusCameraDisplay.obj
 0001:0000a9b0       ??_GCOctopusPictureDisplay@@UAEPAXI@Z 0040b9b0 f i OctopusCameraDisplay.obj
 0001:0000a9b0       ??_ECOctopusPictureDisplay@@UAEPAXI@Z 0040b9b0 f i OctopusCameraDisplay.obj
 0001:0000a9f0       ??HATL@@YA?AV?$CStringT@DV?$StrTraitMFC_DLL@DV?$ChTraitsCRT@D@ATL@@@@@0@ABV10@0@Z 0040b9f0 f i OctopusCameraDisplay.obj
 0001:0000aad0       ??0COctopusCamera@@QAE@PAVCWnd@@@Z 0040bad0 f   OctopusCameraDlg.obj
 0001:0000af50       ?DoDataExchange@COctopusCamera@@MAEXPAVCDataExchange@@@Z 0040bf50 f   OctopusCameraDlg.obj
 0001:0000b210       ?GetMessageMap@COctopusCamera@@MBEPBUAFX_MSGMAP@@XZ 0040c210 f   OctopusCameraDlg.obj
 0001:0000b220       ?GetThisMessageMap@COctopusCamera@@KGPBUAFX_MSGMAP@@XZ 0040c220 f   OctopusCameraDlg.obj
 0001:0000b230       ?OnInitDialog@COctopusCamera@@MAEHXZ 0040c230 f   OctopusCameraDlg.obj
 0001:0000b360       ??1COctopusCamera@@UAE@XZ  0040c360 f   OctopusCameraDlg.obj
 0001:0000b560       ?SetExposureTime_Single_ms@COctopusCamera@@QAEXH@Z 0040c560 f   OctopusCameraDlg.obj
 0001:0000b590       ?SetExposureTime_Movie_ms@COctopusCamera@@QAEXH@Z 0040c590 f   OctopusCameraDlg.obj
 0001:0000b5c0       ?SetCameraGain@COctopusCamera@@QAEXH@Z 0040c5c0 f   OctopusCameraDlg.obj
 0001:0000b610       ?SetNKinetics@COctopusCamera@@QAEXH@Z 0040c610 f   OctopusCameraDlg.obj
 0001:0000b640       ?SetMovieGain@COctopusCamera@@QAEXH@Z 0040c640 f   OctopusCameraDlg.obj
 0001:0000b690       ?Opencam@COctopusCamera@@IAEXXZ 0040c690 f   OctopusCameraDlg.obj
 0001:0000b810       ?StartPicture@COctopusCamera@@QAEXXZ 0040c810 f   OctopusCameraDlg.obj
 0001:0000b9c0       ?TakePicture@COctopusCamera@@QAEXXZ 0040c9c0 f   OctopusCameraDlg.obj
 0001:0000ba70       ?TakeKineticPicture@COctopusCamera@@QAEXXZ 0040ca70 f   OctopusCameraDlg.obj
 0001:0000bb00       ?StartMovie@COctopusCamera@@QAEXXZ 0040cb00 f   OctopusCameraDlg.obj
 0001:0000bbe0       ?StopCameraThread@COctopusCamera@@QAEXXZ 0040cbe0 f   OctopusCameraDlg.obj
 0001:0000bc30       ?SetROI_To_Default@COctopusCamera@@QAEXXZ 0040cc30 f   OctopusCameraDlg.obj
 0001:0000bca0       ?SetROI@COctopusCamera@@IAEXXZ 0040cca0 f   OctopusCameraDlg.obj
 0001:0000bda0       ?BinChange@COctopusCamera@@IAEXXZ 0040cda0 f   OctopusCameraDlg.obj
 0001:0000be00       ?OpenWindow@COctopusCamera@@IAEXXZ 0040ce00 f   OctopusCameraDlg.obj
 0001:0000bfb0       ?OnKillfocusGeneral@COctopusCamera@@IAEXXZ 0040cfb0 f   OctopusCameraDlg.obj
 0001:0000bfd0       ?OnKillfocusTempTarget@COctopusCamera@@IAEXXZ 0040cfd0 f   OctopusCameraDlg.obj
 0001:0000bff0       ?OnKillfocusManualGain@COctopusCamera@@IAEXXZ 0040cff0 f   OctopusCameraDlg.obj
 0001:0000c020       ?OnKillfocusPicturesPerFile@COctopusCamera@@IAEXXZ 0040d020 f   OctopusCameraDlg.obj
 0001:0000c050       ?OnBinning1x1@COctopusCamera@@IAEXXZ 0040d050 f   OctopusCameraDlg.obj
 0001:0000c080       ?OnBinning2x2@COctopusCamera@@IAEXXZ 0040d080 f   OctopusCameraDlg.obj
 0001:0000c0b0       ?OnBinning4x4@COctopusCamera@@IAEXXZ 0040d0b0 f   OctopusCameraDlg.obj
 0001:0000c0e0       ?OnBinning8x8@COctopusCamera@@IAEXXZ 0040d0e0 f   OctopusCameraDlg.obj
 0001:0000c110       ?OnVSSPEED_0@COctopusCamera@@IAEXXZ 0040d110 f   OctopusCameraDlg.obj
 0001:0000c130       ?OnVSSPEED_1@COctopusCamera@@IAEXXZ 0040d130 f   OctopusCameraDlg.obj
 0001:0000c150       ?OnVSSPEED_2@COctopusCamera@@IAEXXZ 0040d150 f   OctopusCameraDlg.obj
 0001:0000c170       ?OnVSSPEED_3@COctopusCamera@@IAEXXZ 0040d170 f   OctopusCameraDlg.obj
 0001:0000c190       ?OnVSSPEED_4@COctopusCamera@@IAEXXZ 0040d190 f   OctopusCameraDlg.obj
 0001:0000c1b0       ?OnHSSPEED_0@COctopusCamera@@IAEXXZ 0040d1b0 f   OctopusCameraDlg.obj
 0001:0000c1d0       ?OnHSSPEED_1@COctopusCamera@@IAEXXZ 0040d1d0 f   OctopusCameraDlg.obj
 0001:0000c1f0       ?OnHSSPEED_2@COctopusCamera@@IAEXXZ 0040d1f0 f   OctopusCameraDlg.obj
 0001:0000c210       ?OnHSSPEED_3@COctopusCamera@@IAEXXZ 0040d210 f   OctopusCameraDlg.obj
 0001:0000c230       ?OnHSSPEED_4@COctopusCamera@@IAEXXZ 0040d230 f   OctopusCameraDlg.obj
 0001:0000c250       ?OnHSSPEED_5@COctopusCamera@@IAEXXZ 0040d250 f   OctopusCameraDlg.obj
 0001:0000c270       ?OnLMM_0@COctopusCamera@@IAEXXZ 0040d270 f   OctopusCameraDlg.obj
 0001:0000c2a0       ?OnLMM_1@COctopusCamera@@IAEXXZ 0040d2a0 f   OctopusCameraDlg.obj
 0001:0000c2d0       ?OnLMM_2@COctopusCamera@@IAEXXZ 0040d2d0 f   OctopusCameraDlg.obj
 0001:0000c300       ?OnLMM_3@COctopusCamera@@IAEXXZ 0040d300 f   OctopusCameraDlg.obj
 0001:0000c330       ?OnPIC_0@COctopusCamera@@IAEXXZ 0040d330 f   OctopusCameraDlg.obj
 0001:0000c360       ?OnPIC_1@COctopusCamera@@IAEXXZ 0040d360 f   OctopusCameraDlg.obj
 0001:0000c390       ?OnPIC_2@COctopusCamera@@IAEXXZ 0040d390 f   OctopusCameraDlg.obj
 0001:0000c3c0       ?OnGL_0@COctopusCamera@@IAEXXZ 0040d3c0 f   OctopusCameraDlg.obj
 0001:0000c3f0       ?OnGL_1@COctopusCamera@@IAEXXZ 0040d3f0 f   OctopusCameraDlg.obj
 0001:0000c430       ?OnGL_2@COctopusCamera@@IAEXXZ 0040d430 f   OctopusCameraDlg.obj
 0001:0000c470       ?OnVSSPEED_Report@COctopusCamera@@IAEXXZ 0040d470 f   OctopusCameraDlg.obj
 0001:0000c480       ?OnHSSPEED_Report@COctopusCamera@@IAEXXZ 0040d480 f   OctopusCameraDlg.obj
 0001:0000c490       ?OnDisplayGainManual@COctopusCamera@@IAEXXZ 0040d490 f   OctopusCameraDlg.obj
 0001:0000c4c0       ?OnDisplayGainAutomatic@COctopusCamera@@IAEXXZ 0040d4c0 f   OctopusCameraDlg.obj
 0001:0000c4f0       ?OnFileChange@COctopusCamera@@IAEXXZ 0040d4f0 f   OctopusCameraDlg.obj
 0001:0000c520       ?OnFocusChange@COctopusCamera@@IAEXXZ 0040d520 f   OctopusCameraDlg.obj
 0001:0000c540       ?StartSaving@COctopusCamera@@QAEXXZ 0040d540 f   OctopusCameraDlg.obj
 0001:0000c5d0       ?StopSaving@COctopusCamera@@QAEXXZ 0040d5d0 f   OctopusCameraDlg.obj
 0001:0000c650       ?FileClose@COctopusCamera@@QAEXXZ 0040d650 f   OctopusCameraDlg.obj
 0001:0000c6a0       ?OnSetPath@COctopusCamera@@IAEXXZ 0040d6a0 f   OctopusCameraDlg.obj
 0001:0000c870       ?OnTimer@COctopusCamera@@IAEXI@Z 0040d870 f   OctopusCameraDlg.obj
 0001:0000cd90       ?StartWaitThread@COctopusCamera@@IAEXXZ 0040dd90 f   OctopusCameraDlg.obj
 0001:0000cdf0       ?KillWaitThread@COctopusCamera@@IAEXXZ 0040ddf0 f   OctopusCameraDlg.obj
 0001:0000ce90       ?FocusThread@@YGKPAX@Z     0040de90 f   OctopusCameraDlg.obj
 0001:0000ced0       ?OnBnClickedCasFt@COctopusCamera@@QAEXXZ 0040ded0 f   OctopusCameraDlg.obj
 0001:0000cf10       ?OnBnClickedCasTTL@COctopusCamera@@QAEXXZ 0040df10 f   OctopusCameraDlg.obj
 0001:0000cf50       ?OnBnClickedCasAL@COctopusCamera@@QAEXXZ 0040df50 f   OctopusCameraDlg.obj
 0001:0000cf90       ?OnCommand@COctopusCamera@@MAEHIJ@Z 0040df90 f   OctopusCameraDlg.obj
 0001:0000cfe0       ?EnableDlg@COctopusCamera@@IAEXXZ 0040dfe0 f   OctopusCameraDlg.obj
 0001:0000d190       ?DisableDlgMovie@COctopusCamera@@IAEXXZ 0040e190 f   OctopusCameraDlg.obj
 0001:0000d1f0       ?DisableDlg@COctopusCamera@@IAEXXZ 0040e1f0 f   OctopusCameraDlg.obj
 0001:0000d360       ?OnBnClickedGeneralFocus@COctopusCamera@@QAEXXZ 0040e360 f   OctopusCameraDlg.obj
 0001:0000d3c0       ?OnEnChangeFocusEdit@COctopusCamera@@QAEXXZ 0040e3c0 f   OctopusCameraDlg.obj
 0001:0000d3e0       ?OnEnChangeCasPicturesPerFile@COctopusCamera@@QAEXXZ 0040e3e0 f   OctopusCameraDlg.obj
 0001:0000d3f0       ?OnStnClickedCasTempCurrent@COctopusCamera@@QAEXXZ 0040e3f0 f   OctopusCameraDlg.obj
 0001:0000de50       ??_ECOctopusCamera@@UAEPAXI@Z 0040ee50 f i OctopusCameraDlg.obj
 0001:0000de50       ??_GCOctopusCamera@@UAEPAXI@Z 0040ee50 f i OctopusCameraDlg.obj
 0001:0000de90       ??HATL@@YA?AV?$CStringT@DV?$StrTraitMFC_DLL@DV?$ChTraitsCRT@D@ATL@@@@@0@ABV10@PBD@Z 0040ee90 f i OctopusCameraDlg.obj
 0001:0000df70       ??0COctopusGoodClock@@QAE@XZ 0040ef70 f   OctopusClock.obj
 0001:0000dfd0       ??1COctopusGoodClock@@UAE@XZ 0040efd0 f   OctopusClock.obj
 0001:0000dff0       ?End@COctopusGoodClock@@QBENXZ 0040eff0 f   OctopusClock.obj
 0001:0000e080       ??_GCOctopusGoodClock@@UAEPAXI@Z 0040f080 f i OctopusClock.obj
 0001:0000e080       ??_ECOctopusGoodClock@@UAEPAXI@Z 0040f080 f i OctopusClock.obj
 0001:0000e0c0       ?CreateObject@COctopusDoc@@SGPAVCObject@@XZ 0040f0c0 f   OctopusDoc.obj
 0001:0000e140       ?_GetBaseClass@COctopusDoc@@KGPAUCRuntimeClass@@XZ 0040f140 f   OctopusDoc.obj
 0001:0000e150       ?GetThisClass@COctopusDoc@@SGPAUCRuntimeClass@@XZ 0040f150 f   OctopusDoc.obj
 0001:0000e160       ?GetRuntimeClass@COctopusDoc@@UBEPAUCRuntimeClass@@XZ 0040f160 f   OctopusDoc.obj
 0001:0000e170       ??0COctopusDoc@@IAE@XZ     0040f170 f   OctopusDoc.obj
 0001:0000e190       ??1COctopusDoc@@UAE@XZ     0040f190 f   OctopusDoc.obj
 0001:0000e1b0       ?OnNewDocument@COctopusDoc@@UAEHXZ 0040f1b0 f   OctopusDoc.obj
 0001:0000e200       ?GetAdapter@CDocument@@UAEPAUIDocument@ATL@@XZ 0040f200 f i OctopusDoc.obj
 0001:0000e330       ??0CDocumentAdapter@CDocument@@QAE@PAV1@@Z 0040f330 f i OctopusDoc.obj
 0001:0000e370       ??0IDocument@ATL@@IAE@XZ   0040f370 f i OctopusDoc.obj
 0001:0000e3a0       ?AddRef@IDocument@ATL@@UAEJXZ 0040f3a0 f i OctopusDoc.obj
 0001:0000e3c0       ?Release@IDocument@ATL@@UAEJXZ 0040f3c0 f i OctopusDoc.obj
 0001:0000e450       ??_GIDocument@ATL@@UAEPAXI@Z 0040f450 f i OctopusDoc.obj
 0001:0000e450       ??_EIDocument@ATL@@UAEPAXI@Z 0040f450 f i OctopusDoc.obj
 0001:0000e490       ??1IDocument@ATL@@UAE@XZ   0040f490 f i OctopusDoc.obj
 0001:0000e4b0       ?LoadFromStream@CDocumentAdapter@CDocument@@UAEJPAUIStream@@K@Z 0040f4b0 f i OctopusDoc.obj
 0001:0000e590       ?InitializeSearchContent@CDocumentAdapter@CDocument@@UAEXXZ 0040f590 f i OctopusDoc.obj
 0001:0000e620       ?ClearChunkList@CDocumentAdapter@CDocument@@UAEXXZ 0040f620 f i OctopusDoc.obj
 0001:0000e6b0       ?SetChunkValue@CDocumentAdapter@CDocument@@UAEHPAUIFilterChunkValue@ATL@@@Z 0040f6b0 f i OctopusDoc.obj
 0001:0000e740       ?BeginReadChunks@CDocumentAdapter@CDocument@@UAEXXZ 0040f740 f i OctopusDoc.obj
 0001:0000e7d0       ?ReadNextChunkValue@CDocumentAdapter@CDocument@@UAEHPAPAUIFilterChunkValue@ATL@@@Z 0040f7d0 f i OctopusDoc.obj
 0001:0000e860       ?RemoveChunk@CDocumentAdapter@CDocument@@UAEXABU_GUID@@K@Z 0040f860 f i OctopusDoc.obj
 0001:0000e8f0       ?FindChunk@CDocumentAdapter@CDocument@@UAEPAU__POSITION@@ABU_GUID@@K@Z 0040f8f0 f i OctopusDoc.obj
 0001:0000e990       ?GetContainer@CDocumentAdapter@CDocument@@UBEPAXXZ 0040f990 f i OctopusDoc.obj
 0001:0000e9b0       ?GetThumbnail@CDocumentAdapter@CDocument@@UAEHIPAPAUHBITMAP__@@PAW4WTS_ALPHATYPE@@@Z 0040f9b0 f i OctopusDoc.obj
 0001:0000ea50       ?OnBeforeRichPreviewFontChanged@CDocument@@UAEXXZ 0040fa50 f i OctopusDoc.obj
 0001:0000ea60       ?OnRichPreviewFontChanged@CDocument@@UAEXXZ 0040fa60 f i OctopusDoc.obj
 0001:0000ea70       ?OnRichPreviewTextColorChanged@CDocument@@UAEXXZ 0040fa70 f i OctopusDoc.obj
 0001:0000ea80       ?OnRichPreviewBackColorChanged@CDocument@@UAEXXZ 0040fa80 f i OctopusDoc.obj
 0001:0000ea90       ?OnRichPreviewSiteChanged@CDocument@@UAEXXZ 0040fa90 f i OctopusDoc.obj
 0001:0000eaa0       ?InitializeSearchContent@CDocument@@UAEXXZ 0040faa0 f i OctopusDoc.obj
 0001:0000eae0       ??_ECDocumentAdapter@CDocument@@UAEPAXI@Z 0040fae0 f i OctopusDoc.obj
 0001:0000eae0       ??_GCDocumentAdapter@CDocument@@UAEPAXI@Z 0040fae0 f i OctopusDoc.obj
 0001:0000eb20       ??1CDocumentAdapter@CDocument@@UAE@XZ 0040fb20 f i OctopusDoc.obj
 0001:0000ebe0       ??_GCOctopusDoc@@UAEPAXI@Z 0040fbe0 f i OctopusDoc.obj
 0001:0000ebe0       ??_ECOctopusDoc@@UAEPAXI@Z 0040fbe0 f i OctopusDoc.obj
 0001:0000ec20       ??0COctopusFocus@@QAE@PAVCWnd@@@Z 0040fc20 f   OctopusFocus.obj
 0001:0000edf0       ?OnInitDialog@COctopusFocus@@UAEHXZ 0040fdf0 f   OctopusFocus.obj
 0001:0000ee10       ??1COctopusFocus@@UAE@XZ   0040fe10 f   OctopusFocus.obj
 0001:0000eed0       ?Close@COctopusFocus@@QAEXXZ 0040fed0 f   OctopusFocus.obj
 0001:0000eef0       ?OnFocus@COctopusFocus@@QAEXXZ 0040fef0 f   OctopusFocus.obj
 0001:0000eff0       ?AutoFocus@COctopusFocus@@QAEXN@Z 0040fff0 f   OctopusFocus.obj
 0001:0000f210       ?ROIFocus@COctopusFocus@@QAEXN@Z 00410210 f   OctopusFocus.obj
 0001:0000f450       ?EndFocus@COctopusFocus@@QAEXXZ 00410450 f   OctopusFocus.obj
 0001:0000f540       ?OnTimer@COctopusFocus@@QAEXI@Z 00410540 f   OctopusFocus.obj
 0001:0000fb60       ?DoDataExchange@COctopusFocus@@MAEXPAVCDataExchange@@@Z 00410b60 f   OctopusFocus.obj
 0001:0000fbc0       ?GetMessageMap@COctopusFocus@@MBEPBUAFX_MSGMAP@@XZ 00410bc0 f   OctopusFocus.obj
 0001:0000fbd0       ?GetThisMessageMap@COctopusFocus@@KGPBUAFX_MSGMAP@@XZ 00410bd0 f   OctopusFocus.obj
 0001:0000fbe0       ?OnKillfocusGeneral@COctopusFocus@@QAEXXZ 00410be0 f   OctopusFocus.obj
 0001:0000fc00       ?OnCommand@COctopusFocus@@MAEHIJ@Z 00410c00 f   OctopusFocus.obj
 0001:00010050       ??_GCOctopusFocus@@UAEPAXI@Z 00411050 f i OctopusFocus.obj
 0001:00010050       ??_ECOctopusFocus@@UAEPAXI@Z 00411050 f i OctopusFocus.obj
 0001:00010090       ?GetExposureTime_Single_ms@COctopusCamera@@QAEKXZ 00411090 f i OctopusFocus.obj
 0001:000100b0       ??0OctopusLaser@@QAE@PAVCWnd@@@Z 004110b0 f   OctopusLaser.obj
 0001:00010200       ?DoDataExchange@OctopusLaser@@MAEXPAVCDataExchange@@@Z 00411200 f   OctopusLaser.obj
 0001:00010290       ?GetMessageMap@OctopusLaser@@MBEPBUAFX_MSGMAP@@XZ 00411290 f   OctopusLaser.obj
 0001:000102a0       ?GetThisMessageMap@OctopusLaser@@KGPBUAFX_MSGMAP@@XZ 004112a0 f   OctopusLaser.obj
 0001:000102b0       ?OnInitDialog@OctopusLaser@@MAEHXZ 004112b0 f   OctopusLaser.obj
 0001:000103e0       ??1OctopusLaser@@UAE@XZ    004113e0 f   OctopusLaser.obj
 0001:000104a0       ?OnCommand@OctopusLaser@@MAEHIJ@Z 004114a0 f   OctopusLaser.obj
 0001:000104f0       ?LED_On@OctopusLaser@@QAEXM@Z 004114f0 f   OctopusLaser.obj
 0001:00010530       ?LED_Off@OctopusLaser@@QAEXXZ 00411530 f   OctopusLaser.obj
 0001:00010550       ?SetIntensity@OctopusLaser@@IAEXM@Z 00411550 f   OctopusLaser.obj
 0001:00010680       ?OnNMCustomdrawLasersSlider@OctopusLaser@@QAEXPAUtagNMHDR@@PAJ@Z 00411680 f   OctopusLaser.obj
 0001:000107b0       ?OnEnKillfocusLaserInput@OctopusLaser@@QAEXXZ 004117b0 f   OctopusLaser.obj
 0001:00010a60       ??_EOctopusLaser@@UAEPAXI@Z 00411a60 f i OctopusLaser.obj
 0001:00010a60       ??_GOctopusLaser@@UAEPAXI@Z 00411a60 f i OctopusLaser.obj
 0001:00010aa0       ??0COctopusLasers@@QAE@PAVCWnd@@@Z 00411aa0 f   OctopusLasers.obj
 0001:00010c80       ?DoDataExchange@COctopusLasers@@MAEXPAVCDataExchange@@@Z 00411c80 f   OctopusLasers.obj
 0001:00010d60       ?GetMessageMap@COctopusLasers@@MBEPBUAFX_MSGMAP@@XZ 00411d60 f   OctopusLasers.obj
 0001:00010d70       ?GetThisMessageMap@COctopusLasers@@KGPBUAFX_MSGMAP@@XZ 00411d70 f   OctopusLasers.obj
 0001:00010d80       ??1COctopusLasers@@UAE@XZ  00411d80 f   OctopusLasers.obj
 0001:00010e90       ?OnClicked405@COctopusLasers@@QAEXXZ 00411e90 f   OctopusLasers.obj
 0001:00010ec0       ?OnClicked488@COctopusLasers@@QAEXXZ 00411ec0 f   OctopusLasers.obj
 0001:00010ef0       ?OnClicked561@COctopusLasers@@QAEXXZ 00411ef0 f   OctopusLasers.obj
 0001:00010f20       ?OnClicked639@COctopusLasers@@QAEXXZ 00411f20 f   OctopusLasers.obj
 0001:00010f50       ?Laser_639_On@COctopusLasers@@QAEXXZ 00411f50 f   OctopusLasers.obj
 0001:00010fa0       ?Laser_639_Off@COctopusLasers@@QAEXXZ 00411fa0 f   OctopusLasers.obj
 0001:00010ff0       ?Laser_405_On@COctopusLasers@@QAEXXZ 00411ff0 f   OctopusLasers.obj
 0001:00011040       ?Laser_405_Off@COctopusLasers@@QAEXXZ 00412040 f   OctopusLasers.obj
 0001:00011090       ?Laser_488_On@COctopusLasers@@QAEXXZ 00412090 f   OctopusLasers.obj
 0001:000110e0       ?Laser_488_Off@COctopusLasers@@QAEXXZ 004120e0 f   OctopusLasers.obj
 0001:00011130       ?Laser_561_On@COctopusLasers@@QAEXXZ 00412130 f   OctopusLasers.obj
 0001:00011180       ?Laser_561_Off@COctopusLasers@@QAEXXZ 00412180 f   OctopusLasers.obj
 0001:000111d0       ?Initialize@COctopusLasers@@QAEXXZ 004121d0 f   OctopusLasers.obj
 0001:00011370       ?OnCommand@COctopusLasers@@MAEHIJ@Z 00412370 f   OctopusLasers.obj
 0001:00011600       ??_GCOctopusLasers@@UAEPAXI@Z 00412600 f i OctopusLasers.obj
 0001:00011600       ??_ECOctopusLasers@@UAEPAXI@Z 00412600 f i OctopusLasers.obj
 0001:00011640       ?SC_Enable@CMgmotorctrl1@@QAEJJ@Z 00412640 f i OctopusLasers.obj
 0001:00011690       ?SC_Disable@CMgmotorctrl1@@QAEJJ@Z 00412690 f i OctopusLasers.obj
 0001:000116e0       ?StartCtrl@CMgmotorctrl1@@QAEJXZ 004126e0 f i OctopusLasers.obj
 0001:00011720       ?SC_SetOperatingMode@CMgmotorctrl1@@QAEJJJ@Z 00412720 f i OctopusLasers.obj
 0001:00011770       ?SetHWSerialNum@CMgmotorctrl1@@QAEXJ@Z 00412770 f i OctopusLasers.obj
 0001:000117a0       ??0COctopusLog@@QAE@XZ     004127a0 f   OctopusLog.obj
 0001:000117e0       ??1COctopusLog@@QAE@XZ     004127e0 f   OctopusLog.obj
 0001:00011810       ?Open_File@COctopusLog@@IAE_NXZ 00412810 f   OctopusLog.obj
 0001:00011850       ?Write@COctopusLog@@QAEXV?$CStringT@DV?$StrTraitMFC_DLL@DV?$ChTraitsCRT@D@ATL@@@@@ATL@@@Z 00412850 f   OctopusLog.obj
 0001:00011a30       ?Format@CTime@ATL@@QBE?AV?$CStringT@DV?$StrTraitMFC_DLL@DV?$ChTraitsCRT@D@ATL@@@@@2@PBD@Z 00412a30 f i OctopusLog.obj
 0001:00011b30       ?AtlThrowImpl@ATL@@YGXJ@Z  00412b30 f i OctopusLog.obj
 0001:00011ba0       ??RCTraceFileAndLineInfo@ATL@@QBAXKIPBDZZ 00412ba0 f i OctopusLog.obj
 0001:00011bf0       ??0COctopusObjectivePiezo@@QAE@PAVCWnd@@@Z 00412bf0 f   OctopusObjectivePiezo.obj
 0001:00011de0       ?OnInitDialog@COctopusObjectivePiezo@@UAEHXZ 00412de0 f   OctopusObjectivePiezo.obj
 0001:00011e00       ??1COctopusObjectivePiezo@@UAE@XZ 00412e00 f   OctopusObjectivePiezo.obj
 0001:00011ed0       ?Initialize@COctopusObjectivePiezo@@QAEHXZ 00412ed0 f   OctopusObjectivePiezo.obj
 0001:00012050       ?Close@COctopusObjectivePiezo@@QAEXXZ 00413050 f   OctopusObjectivePiezo.obj
 0001:000120f0       ?MoveRelZ@COctopusObjectivePiezo@@QAEXN@Z 004130f0 f   OctopusObjectivePiezo.obj
 0001:00012100       ?MoveUp@COctopusObjectivePiezo@@QAEXXZ 00413100 f   OctopusObjectivePiezo.obj
 0001:00012130       ?MoveDown@COctopusObjectivePiezo@@QAEXXZ 00413130 f   OctopusObjectivePiezo.obj
 0001:00012160       ?OnStepSize1@COctopusObjectivePiezo@@QAEXXZ 00413160 f   OctopusObjectivePiezo.obj
 0001:000121a0       ?OnStepSize2@COctopusObjectivePiezo@@QAEXXZ 004131a0 f   OctopusObjectivePiezo.obj
 0001:000121e0       ?OnStepSize3@COctopusObjectivePiezo@@QAEXXZ 004131e0 f   OctopusObjectivePiezo.obj
 0001:00012220       ?OnStepSize4@COctopusObjectivePiezo@@QAEXXZ 00413220 f   OctopusObjectivePiezo.obj
 0001:00012250       ?OnStepSize5@COctopusObjectivePiezo@@QAEXXZ 00413250 f   OctopusObjectivePiezo.obj
 0001:00012290       ?GetPosition@COctopusObjectivePiezo@@IAENXZ 00413290 f   OctopusObjectivePiezo.obj
 0001:000122b0       ?UpdatePosition@COctopusObjectivePiezo@@IAEXXZ 004132b0 f   OctopusObjectivePiezo.obj
 0001:000122e0       ?ShowPosition@COctopusObjectivePiezo@@IAEXXZ 004132e0 f   OctopusObjectivePiezo.obj
 0001:00012390       ?Center@COctopusObjectivePiezo@@QAEXXZ 00413390 f   OctopusObjectivePiezo.obj
 0001:000123b0       ?OnSave@COctopusObjectivePiezo@@QAEXXZ 004133b0 f   OctopusObjectivePiezo.obj
 0001:00012420       ?OnSaveGoTo@COctopusObjectivePiezo@@QAEXXZ 00413420 f   OctopusObjectivePiezo.obj
 0001:00012440       ?OnTimer@COctopusObjectivePiezo@@QAEXI@Z 00413440 f   OctopusObjectivePiezo.obj
 0001:00012500       ?DoDataExchange@COctopusObjectivePiezo@@MAEXPAVCDataExchange@@@Z 00413500 f   OctopusObjectivePiezo.obj
 0001:00012550       ?GetMessageMap@COctopusObjectivePiezo@@MBEPBUAFX_MSGMAP@@XZ 00413550 f   OctopusObjectivePiezo.obj
 0001:00012560       ?GetThisMessageMap@COctopusObjectivePiezo@@KGPBUAFX_MSGMAP@@XZ 00413560 f   OctopusObjectivePiezo.obj
 0001:00012570       ?OnKillfocusGeneral@COctopusObjectivePiezo@@QAEXXZ 00413570 f   OctopusObjectivePiezo.obj
 0001:00012590       ?OnCommand@COctopusObjectivePiezo@@MAEHIJ@Z 00413590 f   OctopusObjectivePiezo.obj
 0001:00012850       ??_GCOctopusObjectivePiezo@@UAEPAXI@Z 00413850 f i OctopusObjectivePiezo.obj
 0001:00012850       ??_ECOctopusObjectivePiezo@@UAEPAXI@Z 00413850 f i OctopusObjectivePiezo.obj
 0001:00012890       ??0COctopusScope@@QAE@PAVCWnd@@@Z 00413890 f   OctopusScope.obj
 0001:000129f0       ?OnInitDialog@COctopusScope@@MAEHXZ 004139f0 f   OctopusScope.obj
 0001:00012a20       ?OnTimer@COctopusScope@@QAEXI@Z 00413a20 f   OctopusScope.obj
 0001:00012a90       ?Init@COctopusScope@@IAE_NXZ 00413a90 f   OctopusScope.obj
 0001:00013260       ?DoDataExchange@COctopusScope@@MAEXPAVCDataExchange@@@Z 00414260 f   OctopusScope.obj
 0001:00013320       ?GetMessageMap@COctopusScope@@MBEPBUAFX_MSGMAP@@XZ 00414320 f   OctopusScope.obj
 0001:00013330       ?GetThisMessageMap@COctopusScope@@KGPBUAFX_MSGMAP@@XZ 00414330 f   OctopusScope.obj
 0001:00013340       ?Close@COctopusScope@@QAEXXZ 00414340 f   OctopusScope.obj
 0001:000133f0       ??1COctopusScope@@UAE@XZ   004143f0 f   OctopusScope.obj
 0001:000134a0       ?Z_StepDown@COctopusScope@@QAEXXZ 004144a0 f   OctopusScope.obj
 0001:00013570       ?Z_StepUp@COctopusScope@@QAEXXZ 00414570 f   OctopusScope.obj
 0001:00013640       ?ObjESC@COctopusScope@@QAEXXZ 00414640 f   OctopusScope.obj
 0001:00013780       ?ObjRTN@COctopusScope@@QAEXXZ 00414780 f   OctopusScope.obj
 0001:00013880       ?OnObjectiveStepSize1@COctopusScope@@QAEXXZ 00414880 f   OctopusScope.obj
 0001:000138c0       ?OnObjectiveStepSize2@COctopusScope@@QAEXXZ 004148c0 f   OctopusScope.obj
 0001:00013900       ?OnObjectiveStepSize3@COctopusScope@@QAEXXZ 00414900 f   OctopusScope.obj
 0001:00013940       ?OnObjectiveStepSize4@COctopusScope@@QAEXXZ 00414940 f   OctopusScope.obj
 0001:00013980       ?GetPosition@COctopusScope@@QAEXXZ 00414980 f   OctopusScope.obj
 0001:00013b70       ?DisplayPosition@COctopusScope@@IAEXXZ 00414b70 f   OctopusScope.obj
 0001:00013c20       ?OnObj_1@COctopusScope@@QAEXXZ 00414c20 f   OctopusScope.obj
 0001:00013c50       ?OnObj_2@COctopusScope@@QAEXXZ 00414c50 f   OctopusScope.obj
 0001:00013c80       ?OnObj_3@COctopusScope@@QAEXXZ 00414c80 f   OctopusScope.obj
 0001:00013cb0       ?OnObj_4@COctopusScope@@QAEXXZ 00414cb0 f   OctopusScope.obj
 0001:00013ce0       ?OnObj_5@COctopusScope@@QAEXXZ 00414ce0 f   OctopusScope.obj
 0001:00013d10       ?OnObj_6@COctopusScope@@QAEXXZ 00414d10 f   OctopusScope.obj
 0001:00013d40       ?OnFW_1@COctopusScope@@QAEXXZ 00414d40 f   OctopusScope.obj
 0001:00013d70       ?OnFW_2@COctopusScope@@QAEXXZ 00414d70 f   OctopusScope.obj
 0001:00013da0       ?OnFW_3@COctopusScope@@QAEXXZ 00414da0 f   OctopusScope.obj
 0001:00013dd0       ?OnFW_4@COctopusScope@@QAEXXZ 00414dd0 f   OctopusScope.obj
 0001:00013e00       ?OnFW_5@COctopusScope@@QAEXXZ 00414e00 f   OctopusScope.obj
 0001:00013e30       ?OnFW_6@COctopusScope@@QAEXXZ 00414e30 f   OctopusScope.obj
 0001:00013e60       ?OnBFW_1@COctopusScope@@QAEXXZ 00414e60 f   OctopusScope.obj
 0001:00013e90       ?OnBFW_2@COctopusScope@@QAEXXZ 00414e90 f   OctopusScope.obj
 0001:00013ec0       ?OnBFW_3@COctopusScope@@QAEXXZ 00414ec0 f   OctopusScope.obj
 0001:00013ef0       ?OnBFW_4@COctopusScope@@QAEXXZ 00414ef0 f   OctopusScope.obj
 0001:00013f20       ?OnBFW_5@COctopusScope@@QAEXXZ 00414f20 f   OctopusScope.obj
 0001:00013f50       ?OnBFW_6@COctopusScope@@QAEXXZ 00414f50 f   OctopusScope.obj
 0001:00013f80       ?Objective@COctopusScope@@QAEXH@Z 00414f80 f   OctopusScope.obj
 0001:00014290       ?GetObj@COctopusScope@@IAEHXZ 00415290 f   OctopusScope.obj
 0001:00014440       ?GetFW@COctopusScope@@IAEHXZ 00415440 f   OctopusScope.obj
 0001:000145f0       ?GetBFW@COctopusScope@@IAEHXZ 004155f0 f   OctopusScope.obj
 0001:000147a0       ?EpiFilterWheel@COctopusScope@@QAEXH@Z 004157a0 f   OctopusScope.obj
 0001:00014870       ?BrightFieldFilterWheel@COctopusScope@@QAEXH@Z 00415870 f   OctopusScope.obj
 0001:00014940       ?ChangePath@COctopusScope@@QAEXXZ 00415940 f   OctopusScope.obj
 0001:000149c0       ?BrightField@COctopusScope@@QAEXH@Z 004159c0 f   OctopusScope.obj
 0001:00014a90       ?OnNMCustomdrawExecute@COctopusScope@@IAEXPAUtagNMHDR@@PAJ@Z 00415a90 f   OctopusScope.obj
 0001:00014af0       ?DisplayBFIntensity@COctopusScope@@IAEXH@Z 00415af0 f   OctopusScope.obj
 0001:00014bb0       ?WriteScope@COctopusScope@@IAE_NV?$CStringT@DV?$StrTraitMFC_DLL@DV?$ChTraitsCRT@D@ATL@@@@@ATL@@@Z 00415bb0 f   OctopusScope.obj
 0001:00014cd0       ?ReadScope@COctopusScope@@IAE?AV?$CStringT@DV?$StrTraitMFC_DLL@DV?$ChTraitsCRT@D@ATL@@@@@ATL@@G@Z 00415cd0 f   OctopusScope.obj
 0001:00014da0       ?OnCommand@COctopusScope@@MAEHIJ@Z 00415da0 f   OctopusScope.obj
 0001:00015740       ??_GCOctopusScope@@UAEPAXI@Z 00416740 f i OctopusScope.obj
 0001:00015740       ??_ECOctopusScope@@UAEPAXI@Z 00416740 f i OctopusScope.obj
 0001:00015780       ??0COctopusScript@@QAE@PAVCWnd@@@Z 00416780 f   OctopusScript.obj
 0001:00015910       ?DoDataExchange@COctopusScript@@MAEXPAVCDataExchange@@@Z 00416910 f   OctopusScript.obj
 0001:00015990       ?GetMessageMap@COctopusScript@@MBEPBUAFX_MSGMAP@@XZ 00416990 f   OctopusScript.obj
 0001:000159a0       ?GetThisMessageMap@COctopusScript@@KGPBUAFX_MSGMAP@@XZ 004169a0 f   OctopusScript.obj
 0001:000159b0       ??1COctopusScript@@UAE@XZ  004169b0 f   OctopusScript.obj
 0001:00015a70       ?OnButtonSeqLoad@COctopusScript@@IAEXXZ 00416a70 f   OctopusScript.obj
 0001:00016000       ?OnButtonSeqRun@COctopusScript@@IAEXXZ 00417000 f   OctopusScript.obj
 0001:00016110       ?OnButtonSeqStop@COctopusScript@@IAEXXZ 00417110 f   OctopusScript.obj
 0001:00016160       ?OnTimer@COctopusScript@@IAEXI@Z 00417160 f   OctopusScript.obj
 0001:000182c0       ??_GCOctopusScript@@UAEPAXI@Z 004192c0 f i OctopusScript.obj
 0001:000182c0       ??_ECOctopusScript@@UAEPAXI@Z 004192c0 f i OctopusScript.obj
 0001:00018300       ??0COctopusShutterAndWheel@@QAE@PAVCWnd@@@Z 00419300 f   OctopusShutter.obj
 0001:00018430       ?DoDataExchange@COctopusShutterAndWheel@@MAEXPAVCDataExchange@@@Z 00419430 f   OctopusShutter.obj
 0001:000184c0       ?GetMessageMap@COctopusShutterAndWheel@@MBEPBUAFX_MSGMAP@@XZ 004194c0 f   OctopusShutter.obj
 0001:000184d0       ?GetThisMessageMap@COctopusShutterAndWheel@@KGPBUAFX_MSGMAP@@XZ 004194d0 f   OctopusShutter.obj
 0001:000184e0       ?OnInitDialog@COctopusShutterAndWheel@@MAEHXZ 004194e0 f   OctopusShutter.obj
 0001:000185a0       ??1COctopusShutterAndWheel@@UAE@XZ 004195a0 f   OctopusShutter.obj
 0001:00018660       ?OnSnap@COctopusShutterAndWheel@@QAEXXZ 00419660 f   OctopusShutter.obj
 0001:00018710       ?Loadem@COctopusShutterAndWheel@@IAEXXZ 00419710 f   OctopusShutter.obj
 0001:00018b40       ?ShutterOpen@COctopusShutterAndWheel@@QAEXXZ 00419b40 f   OctopusShutter.obj
 0001:00018bc0       ?ShutterPartial@COctopusShutterAndWheel@@QAEXE@Z 00419bc0 f   OctopusShutter.obj
 0001:00018c80       ?ShutterClose@COctopusShutterAndWheel@@QAEXXZ 00419c80 f   OctopusShutter.obj
 0001:00018d10       ?Filter@COctopusShutterAndWheel@@QAEXE@Z 00419d10 f   OctopusShutter.obj
 0001:00018da0       ?ShutterReady@COctopusShutterAndWheel@@QAE_NXZ 00419da0 f   OctopusShutter.obj
 0001:00018dd0       ?Read@COctopusShutterAndWheel@@IAEKPAXKPAK@Z 00419dd0 f   OctopusShutter.obj
 0001:00018e00       ?SetBaudRate@COctopusShutterAndWheel@@IAEKK@Z 00419e00 f   OctopusShutter.obj
 0001:00018e30       ?SetLatencyTimer@COctopusShutterAndWheel@@IAEKE@Z 00419e30 f   OctopusShutter.obj
 0001:00018e60       ?SetUSBParameters@COctopusShutterAndWheel@@IAEKKK@Z 00419e60 f   OctopusShutter.obj
 0001:00018e90       ?Write@COctopusShutterAndWheel@@IAEKPAXKPAK@Z 00419e90 f   OctopusShutter.obj
 0001:00018ec0       ?Open@COctopusShutterAndWheel@@IAEKPAX@Z 00419ec0 f   OctopusShutter.obj
 0001:00018ef0       ?OpenEx@COctopusShutterAndWheel@@IAEKPAXK@Z 00419ef0 f   OctopusShutter.obj
 0001:00018f20       ?ListDevices@COctopusShutterAndWheel@@IAEKPAX0K@Z 00419f20 f   OctopusShutter.obj
 0001:00018f50       ?Close@COctopusShutterAndWheel@@IAEKXZ 00419f50 f   OctopusShutter.obj
 0001:00018f70       ?ResetDevice@COctopusShutterAndWheel@@IAEKXZ 00419f70 f   OctopusShutter.obj
 0001:00018f90       ?Purge@COctopusShutterAndWheel@@IAEKK@Z 00419f90 f   OctopusShutter.obj
 0001:00018fc0       ?SetTimeouts@COctopusShutterAndWheel@@IAEKKK@Z 00419fc0 f   OctopusShutter.obj
 0001:00018ff0       ?GetQueueStatus@COctopusShutterAndWheel@@IAEKPAK@Z 00419ff0 f   OctopusShutter.obj
 0001:00019020       ?OnCommand@COctopusShutterAndWheel@@MAEHIJ@Z 0041a020 f   OctopusShutter.obj
 0001:00019070       ?OnNMCustomdrawExecute@COctopusShutterAndWheel@@QAEXPAUtagNMHDR@@PAJ@Z 0041a070 f   OctopusShutter.obj
 0001:000190d0       ?UpdateShutterVal@COctopusShutterAndWheel@@IAEXXZ 0041a0d0 f   OctopusShutter.obj
 0001:00019190       ?OnBnClickedImageJ@COctopusShutterAndWheel@@QAEXXZ 0041a190 f   OctopusShutter.obj
 0001:000191d0       ?OnKillFocusGeneral@COctopusShutterAndWheel@@IAEXXZ 0041a1d0 f   OctopusShutter.obj
 0001:00019280       ?OnBnClickedReturnfiltercontrol@COctopusShutterAndWheel@@QAEXXZ 0041a280 f   OctopusShutter.obj
 0001:000196d0       ??_GCOctopusShutterAndWheel@@UAEPAXI@Z 0041a6d0 f i OctopusShutter.obj
 0001:000196d0       ??_ECOctopusShutterAndWheel@@UAEPAXI@Z 0041a6d0 f i OctopusShutter.obj
 0001:00019710       ??0COctopusStage545@@QAE@PAVCWnd@@@Z 0041a710 f   OctopusStage545.obj
 0001:00019840       ?OnTimer@COctopusStage545@@QAEXI@Z 0041a840 f   OctopusStage545.obj
 0001:00019990       ?DoDataExchange@COctopusStage545@@MAEXPAVCDataExchange@@@Z 0041a990 f   OctopusStage545.obj
 0001:00019a80       ?GetMessageMap@COctopusStage545@@MBEPBUAFX_MSGMAP@@XZ 0041aa80 f   OctopusStage545.obj
 0001:00019a90       ?GetThisMessageMap@COctopusStage545@@KGPBUAFX_MSGMAP@@XZ 0041aa90 f   OctopusStage545.obj
 0001:00019aa0       ?OnKillfocusGeneral@COctopusStage545@@QAEXXZ 0041aaa0 f   OctopusStage545.obj
 0001:00019ac0       ??1COctopusStage545@@UAE@XZ 0041aac0 f   OctopusStage545.obj
 0001:00019b70       ?MoveLeft@COctopusStage545@@QAEXXZ 0041ab70 f   OctopusStage545.obj
 0001:00019ba0       ?MoveRight@COctopusStage545@@QAEXXZ 0041aba0 f   OctopusStage545.obj
 0001:00019bd0       ?MoveBack@COctopusStage545@@QAEXXZ 0041abd0 f   OctopusStage545.obj
 0001:00019c00       ?MoveFwd@COctopusStage545@@QAEXXZ 0041ac00 f   OctopusStage545.obj
 0001:00019c30       ?MoveUp@COctopusStage545@@QAEXXZ 0041ac30 f   OctopusStage545.obj
 0001:00019c60       ?MoveDown@COctopusStage545@@QAEXXZ 0041ac60 f   OctopusStage545.obj
 0001:00019c90       ?MoveRelX@COctopusStage545@@QAEXN@Z 0041ac90 f   OctopusStage545.obj
 0001:00019cc0       ?MoveRelY@COctopusStage545@@QAEXN@Z 0041acc0 f   OctopusStage545.obj
 0001:00019cf0       ?MoveRelZ@COctopusStage545@@QAEXN@Z 0041acf0 f   OctopusStage545.obj
 0001:00019d20       ?OnStepSize1@COctopusStage545@@QAEXXZ 0041ad20 f   OctopusStage545.obj
 0001:00019d60       ?OnStepSize2@COctopusStage545@@QAEXXZ 0041ad60 f   OctopusStage545.obj
 0001:00019da0       ?OnStepSize3@COctopusStage545@@QAEXXZ 0041ada0 f   OctopusStage545.obj
 0001:00019de0       ?OnStepSize4@COctopusStage545@@QAEXXZ 0041ade0 f   OctopusStage545.obj
 0001:00019e20       ?OnStepSize5@COctopusStage545@@QAEXXZ 0041ae20 f   OctopusStage545.obj
 0001:00019e50       ?InitializeStage@COctopusStage545@@QAEHXZ 0041ae50 f   OctopusStage545.obj
 0001:00019fb0       ?GetPosition@COctopusStage545@@QAEXXZ 0041afb0 f   OctopusStage545.obj
 0001:0001a010       ?Close@COctopusStage545@@QAEXXZ 0041b010 f   OctopusStage545.obj
 0001:0001a070       ?StageCenter@COctopusStage545@@QAEXXZ 0041b070 f   OctopusStage545.obj
 0001:0001a140       ?OnSave@COctopusStage545@@QAEXXZ 0041b140 f   OctopusStage545.obj
 0001:0001a270       ?OnSaveGoTo@COctopusStage545@@QAEXXZ 0041b270 f   OctopusStage545.obj
 0001:0001a350       ?ShowPosition@COctopusStage545@@IAEXXZ 0041b350 f   OctopusStage545.obj
 0001:0001a400       ?OnCommand@COctopusStage545@@MAEHIJ@Z 0041b400 f   OctopusStage545.obj
 0001:0001a450       ?OnBnClickedButtonGotoxy@COctopusStage545@@QAEXXZ 0041b450 f   OctopusStage545.obj
 0001:0001ab40       ??_GCOctopusStage545@@UAEPAXI@Z 0041bb40 f i OctopusStage545.obj
 0001:0001ab40       ??_ECOctopusStage545@@UAEPAXI@Z 0041bb40 f i OctopusStage545.obj
 0001:0001ab80       ?CreateObject@COctopusView@@SGPAVCObject@@XZ 0041bb80 f   OctopusView.obj
 0001:0001ac00       ?_GetBaseClass@COctopusView@@KGPAUCRuntimeClass@@XZ 0041bc00 f   OctopusView.obj
 0001:0001ac10       ?GetThisClass@COctopusView@@SGPAUCRuntimeClass@@XZ 0041bc10 f   OctopusView.obj
 0001:0001ac20       ?GetRuntimeClass@COctopusView@@UBEPAUCRuntimeClass@@XZ 0041bc20 f   OctopusView.obj
 0001:0001ac30       ?GetMessageMap@COctopusView@@MBEPBUAFX_MSGMAP@@XZ 0041bc30 f   OctopusView.obj
 0001:0001ac40       ?GetThisMessageMap@COctopusView@@KGPBUAFX_MSGMAP@@XZ 0041bc40 f   OctopusView.obj
 0001:0001ac50       ?DoDataExchange@COctopusView@@MAEXPAVCDataExchange@@@Z 0041bc50 f   OctopusView.obj
 0001:0001ac70       ??0COctopusView@@IAE@XZ    0041bc70 f   OctopusView.obj
 0001:0001acb0       ?OnInitialUpdate@COctopusView@@MAEXXZ 0041bcb0 f   OctopusView.obj
 0001:0001ae70       ??1COctopusView@@UAE@XZ    0041be70 f   OctopusView.obj
 0001:0001b360       ?OnOpenAndor@COctopusView@@IAEXXZ 0041c360 f   OctopusView.obj
 0001:0001b4a0       ?OnOpenScript@COctopusView@@IAEXXZ 0041c4a0 f   OctopusView.obj
 0001:0001b5c0       ?OnOpenWheel@COctopusView@@IAEXXZ 0041c5c0 f   OctopusView.obj
 0001:0001b7a0       ?OnOpenLED@COctopusView@@IAEXXZ 0041c7a0 f   OctopusView.obj
 0001:0001b8c0       ?OnOpenScope@COctopusView@@IAEXXZ 0041c8c0 f   OctopusView.obj
 0001:0001b9e0       ?OnOpenStage545@COctopusView@@IAEXXZ 0041c9e0 f   OctopusView.obj
 0001:0001bbb0       ?OnOpenPiezo@COctopusView@@IAEXXZ 0041cbb0 f   OctopusView.obj
 0001:0001bda0       ?OnBnClickedStatusOpenFocus@COctopusView@@QAEXXZ 0041cda0 f   OctopusView.obj
 0001:0001bf80       ?OnOpenXCite@COctopusView@@IAEXXZ 0041cf80 f   OctopusView.obj
 0001:0001c670       ?get_accChild@CFormView@@UAEJUtagVARIANT@@PAPAUIDispatch@@@Z 0041d670 f i OctopusView.obj
 0001:0001c6c0       ?get_accChildCount@CFormView@@UAEJPAJ@Z 0041d6c0 f i OctopusView.obj
 0001:0001c6f0       ?get_accName@CFormView@@UAEJUtagVARIANT@@PAPA_W@Z 0041d6f0 f i OctopusView.obj
 0001:0001c740       ?accLocation@CFormView@@UAEJPAJ000UtagVARIANT@@@Z 0041d740 f i OctopusView.obj
 0001:0001c7a0       ?accHitTest@CFormView@@UAEJJJPAUtagVARIANT@@@Z 0041d7a0 f i OctopusView.obj
 0001:0001c7d0       ??_GCOctopusView@@UAEPAXI@Z 0041d7d0 f i OctopusView.obj
 0001:0001c7d0       ??_ECOctopusView@@UAEPAXI@Z 0041d7d0 f i OctopusView.obj
 0001:0001c810       ??0COctopusGlobals@@QAE@XZ 0041d810 f i OctopusView.obj
 0001:0001c840       ??1COctopusGlobals@@QAE@XZ 0041d840 f i OctopusView.obj
 0001:0001c868       _olDaInitialize@8          0041d868 f   oldaapi32:oldaapi32.dll
 0001:0001c86e       _olDaTerminate@4           0041d86e f   oldaapi32:oldaapi32.dll
 0001:0001c874       _olDaReleaseDASS@4         0041d874 f   oldaapi32:oldaapi32.dll
 0001:0001c87a       _olDaPutSingleValue@20     0041d87a f   oldaapi32:oldaapi32.dll
 0001:0001c880       _olDaConfig@4              0041d880 f   oldaapi32:oldaapi32.dll
 0001:0001c886       _olDaSetDataFlow@8         0041d886 f   oldaapi32:oldaapi32.dll
 0001:0001c88c       _olDaGetDASS@16            0041d88c f   oldaapi32:oldaapi32.dll
 0001:0001c8a0       _slevmar_der               0041d8a0 f   levmar:lm.obj
 0001:0001da60       _slevmar_dif               0041ea60 f   levmar:lm.obj
 0001:0001ef80       _dlevmar_der               0041ff80 f   levmar:lm.obj
 0001:00020080       _dlevmar_dif               00421080 f   levmar:lm.obj
 0001:00021500       _slevmar_trans_mat_mat_mult 00422500 f   levmar:misc.obj
 0001:00021550       _slevmar_fdif_forw_jac_approx 00422550 f   levmar:misc.obj
 0001:00021750       _slevmar_fdif_cent_jac_approx 00422750 f   levmar:misc.obj
 0001:00021970       _slevmar_chkjac            00422970 f   levmar:misc.obj
 0001:000220d0       _slevmar_covar             004230d0 f   levmar:misc.obj
 0001:00022170       _slevmar_stddev            00423170 f   levmar:misc.obj
 0001:00022190       _slevmar_corcoef           00423190 f   levmar:misc.obj
 0001:000221e0       _slevmar_R2                004231e0 f   levmar:misc.obj
 0001:00022330       _slevmar_box_check         00423330 f   levmar:misc.obj
 0001:00022380       _slevmar_chol              00423380 f   levmar:misc.obj
 0001:00022490       _slevmar_L2nrmxmy          00423490 f   levmar:misc.obj
 0001:00022930       _dlevmar_trans_mat_mat_mult 00423930 f   levmar:misc.obj
 0001:00022980       _dlevmar_fdif_forw_jac_approx 00423980 f   levmar:misc.obj
 0001:00022b60       _dlevmar_fdif_cent_jac_approx 00423b60 f   levmar:misc.obj
 0001:00022d70       _dlevmar_chkjac            00423d70 f   levmar:misc.obj
 0001:00023410       _dlevmar_covar             00424410 f   levmar:misc.obj
 0001:000234b0       _dlevmar_stddev            004244b0 f   levmar:misc.obj
 0001:000234d0       _dlevmar_corcoef           004244d0 f   levmar:misc.obj
 0001:00023510       _dlevmar_R2                00424510 f   levmar:misc.obj
 0001:00023620       _dlevmar_box_check         00424620 f   levmar:misc.obj
 0001:00023670       _dlevmar_chol              00424670 f   levmar:misc.obj
 0001:00023790       _dlevmar_L2nrmxmy          00424790 f   levmar:misc.obj
 0001:00023ac0       _dAx_eq_b_QR               00424ac0 f   levmar:Axb.obj
 0001:00023d90       _dAx_eq_b_QRLS             00424d90 f   levmar:Axb.obj
 0001:00024190       _dAx_eq_b_Chol             00425190 f   levmar:Axb.obj
 0001:00024310       _dAx_eq_b_LU               00425310 f   levmar:Axb.obj
 0001:000244d0       _dAx_eq_b_SVD              004254d0 f   levmar:Axb.obj
 0001:000247d0       _dAx_eq_b_BK               004257d0 f   levmar:Axb.obj
 0001:000249e0       _sAx_eq_b_QR               004259e0 f   levmar:Axb.obj
 0001:00024cb0       _sAx_eq_b_QRLS             00425cb0 f   levmar:Axb.obj
 0001:000250b0       _sAx_eq_b_Chol             004260b0 f   levmar:Axb.obj
 0001:00025230       _sAx_eq_b_LU               00426230 f   levmar:Axb.obj
 0001:00025400       _sAx_eq_b_SVD              00426400 f   levmar:Axb.obj
 0001:00025710       _sAx_eq_b_BK               00426710 f   levmar:Axb.obj
 0001:00025916       ??3@YAXPAX@Z               00426916 f   mfc100d:mfc100d.dll
 0001:0002591c       ??3CObject@@SGXPAX@Z       0042691c f   mfc100d:mfc100d.dll
 0001:00025922       ??2CObject@@SGPAXI@Z       00426922 f   mfc100d:mfc100d.dll
 0001:00025928       ??0CWnd@@QAE@XZ            00426928 f   mfc100d:mfc100d.dll
 0001:0002592e       ?Serialize@CObject@@UAEXAAVCArchive@@@Z 0042692e f   mfc100d:mfc100d.dll
 0001:00025934       ?AssertValid@CWnd@@UBEXXZ  00426934 f   mfc100d:mfc100d.dll
 0001:0002593a       ?Dump@CWnd@@UBEXAAVCDumpContext@@@Z 0042693a f   mfc100d:mfc100d.dll
 0001:00025940       ?OnCmdMsg@CCmdTarget@@UAEHIHPAXPAUAFX_CMDHANDLERINFO@@@Z 00426940 f   mfc100d:mfc100d.dll
 0001:00025946       ?OnFinalRelease@CWnd@@UAEXXZ 00426946 f   mfc100d:mfc100d.dll
 0001:0002594c       ?IsInvokeAllowed@CCmdTarget@@UAEHJ@Z 0042694c f   mfc100d:mfc100d.dll
 0001:00025952       ?GetDispatchIID@CCmdTarget@@UAEHPAU_GUID@@@Z 00426952 f   mfc100d:mfc100d.dll
 0001:00025958       ?GetTypeInfoCount@CCmdTarget@@UAEIXZ 00426958 f   mfc100d:mfc100d.dll
 0001:0002595e       ?GetTypeLibCache@CCmdTarget@@UAEPAVCTypeLibCache@@XZ 0042695e f   mfc100d:mfc100d.dll
 0001:00025964       ?GetTypeLib@CCmdTarget@@UAEJKPAPAUITypeLib@@@Z 00426964 f   mfc100d:mfc100d.dll
 0001:0002596a       ?GetMessageMap@CWnd@@MBEPBUAFX_MSGMAP@@XZ 0042696a f   mfc100d:mfc100d.dll
 0001:00025970       ?GetCommandMap@CCmdTarget@@MBEPBUAFX_OLECMDMAP@@XZ 00426970 f   mfc100d:mfc100d.dll
 0001:00025976       ?GetDispatchMap@CCmdTarget@@MBEPBUAFX_DISPMAP@@XZ 00426976 f   mfc100d:mfc100d.dll
 0001:0002597c       ?GetConnectionMap@CCmdTarget@@MBEPBUAFX_CONNECTIONMAP@@XZ 0042697c f   mfc100d:mfc100d.dll
 0001:00025982       ?GetInterfaceMap@CWnd@@MBEPBUAFX_INTERFACEMAP@@XZ 00426982 f   mfc100d:mfc100d.dll
 0001:00025988       ?GetEventSinkMap@CCmdTarget@@MBEPBUAFX_EVENTSINKMAP@@XZ 00426988 f   mfc100d:mfc100d.dll
 0001:0002598e       ?OnCreateAggregates@CCmdTarget@@UAEHXZ 0042698e f   mfc100d:mfc100d.dll
 0001:00025994       ?GetInterfaceHook@CCmdTarget@@UAEPAUIUnknown@@PBX@Z 00426994 f   mfc100d:mfc100d.dll
 0001:0002599a       ?GetExtraConnectionPoints@CCmdTarget@@MAEHPAVCPtrArray@@@Z 0042699a f   mfc100d:mfc100d.dll
 0001:000259a0       ?GetConnectionHook@CCmdTarget@@MAEPAUIConnectionPoint@@ABU_GUID@@@Z 004269a0 f   mfc100d:mfc100d.dll
 0001:000259a6       ?PreSubclassWindow@CWnd@@UAEXXZ 004269a6 f   mfc100d:mfc100d.dll
 0001:000259ac       ?CreateEx@CWnd@@UAEHKPBD0KABUtagRECT@@PAV1@IPAX@Z 004269ac f   mfc100d:mfc100d.dll
 0001:000259b2       ?CreateEx@CWnd@@UAEHKPBD0KHHHHPAUHWND__@@PAUHMENU__@@PAX@Z 004269b2 f   mfc100d:mfc100d.dll
 0001:000259b8       ?DestroyWindow@CWnd@@UAEHXZ 004269b8 f   mfc100d:mfc100d.dll
 0001:000259be       ?PreCreateWindow@CWnd@@UAEHAAUtagCREATESTRUCTA@@@Z 004269be f   mfc100d:mfc100d.dll
 0001:000259c4       ?CalcWindowRect@CWnd@@UAEXPAUtagRECT@@I@Z 004269c4 f   mfc100d:mfc100d.dll
 0001:000259ca       ?GetMenu@CWnd@@UBEPAVCMenu@@XZ 004269ca f   mfc100d:mfc100d.dll
 0001:000259d0       ?SetMenu@CWnd@@UAEHPAVCMenu@@@Z 004269d0 f   mfc100d:mfc100d.dll
 0001:000259d6       ?OnToolHitTest@CWnd@@UBEHVCPoint@@PAUtagTOOLINFOA@@@Z 004269d6 f   mfc100d:mfc100d.dll
 0001:000259dc       ?GetScrollBarCtrl@CWnd@@UBEPAVCScrollBar@@H@Z 004269dc f   mfc100d:mfc100d.dll
 0001:000259e2       ?WinHelpA@CWnd@@UAEXKI@Z   004269e2 f   mfc100d:mfc100d.dll
 0001:000259e8       ?HtmlHelpA@CWnd@@UAEXKI@Z  004269e8 f   mfc100d:mfc100d.dll
 0001:000259ee       ?WinHelpInternal@CWnd@@UAEXKI@Z 004269ee f   mfc100d:mfc100d.dll
 0001:000259f4       ?ContinueModal@CWnd@@UAEHXZ 004269f4 f   mfc100d:mfc100d.dll
 0001:000259fa       ?EndModalLoop@CWnd@@UAEXH@Z 004269fa f   mfc100d:mfc100d.dll
 0001:00025a00       ?OnDrawIconicThumbnailOrLivePreview@CWnd@@UAEXAAVCDC@@VCRect@@VCSize@@HAAH@Z 00426a00 f   mfc100d:mfc100d.dll
 0001:00025a06       ?EnsureStdObj@CWnd@@UAEJXZ 00426a06 f   mfc100d:mfc100d.dll
 0001:00025a0c       ?get_accParent@CWnd@@UAEJPAPAUIDispatch@@@Z 00426a0c f   mfc100d:mfc100d.dll
 0001:00025a12       ?get_accChildCount@CWnd@@UAEJPAJ@Z 00426a12 f   mfc100d:mfc100d.dll
 0001:00025a18       ?get_accChild@CWnd@@UAEJUtagVARIANT@@PAPAUIDispatch@@@Z 00426a18 f   mfc100d:mfc100d.dll
 0001:00025a1e       ?get_accName@CWnd@@UAEJUtagVARIANT@@PAPA_W@Z 00426a1e f   mfc100d:mfc100d.dll
 0001:00025a24       ?get_accValue@CWnd@@UAEJUtagVARIANT@@PAPA_W@Z 00426a24 f   mfc100d:mfc100d.dll
 0001:00025a2a       ?get_accDescription@CWnd@@UAEJUtagVARIANT@@PAPA_W@Z 00426a2a f   mfc100d:mfc100d.dll
 0001:00025a30       ?get_accRole@CWnd@@UAEJUtagVARIANT@@PAU2@@Z 00426a30 f   mfc100d:mfc100d.dll
 0001:00025a36       ?get_accState@CWnd@@UAEJUtagVARIANT@@PAU2@@Z 00426a36 f   mfc100d:mfc100d.dll
 0001:00025a3c       ?get_accHelp@CWnd@@UAEJUtagVARIANT@@PAPA_W@Z 00426a3c f   mfc100d:mfc100d.dll
 0001:00025a42       ?get_accHelpTopic@CWnd@@UAEJPAPA_WUtagVARIANT@@PAJ@Z 00426a42 f   mfc100d:mfc100d.dll
 0001:00025a48       ?get_accKeyboardShortcut@CWnd@@UAEJUtagVARIANT@@PAPA_W@Z 00426a48 f   mfc100d:mfc100d.dll
 0001:00025a4e       ?get_accFocus@CWnd@@UAEJPAUtagVARIANT@@@Z 00426a4e f   mfc100d:mfc100d.dll
 0001:00025a54       ?get_accSelection@CWnd@@UAEJPAUtagVARIANT@@@Z 00426a54 f   mfc100d:mfc100d.dll
 0001:00025a5a       ?get_accDefaultAction@CWnd@@UAEJUtagVARIANT@@PAPA_W@Z 00426a5a f   mfc100d:mfc100d.dll
 0001:00025a60       ?accSelect@CWnd@@UAEJJUtagVARIANT@@@Z 00426a60 f   mfc100d:mfc100d.dll
 0001:00025a66       ?accLocation@CWnd@@UAEJPAJ000UtagVARIANT@@@Z 00426a66 f   mfc100d:mfc100d.dll
 0001:00025a6c       ?accNavigate@CWnd@@UAEJJUtagVARIANT@@PAU2@@Z 00426a6c f   mfc100d:mfc100d.dll
 0001:00025a72       ?accHitTest@CWnd@@UAEJJJPAUtagVARIANT@@@Z 00426a72 f   mfc100d:mfc100d.dll
 0001:00025a78       ?accDoDefaultAction@CWnd@@UAEJUtagVARIANT@@@Z 00426a78 f   mfc100d:mfc100d.dll
 0001:00025a7e       ?put_accName@CWnd@@UAEJUtagVARIANT@@PA_W@Z 00426a7e f   mfc100d:mfc100d.dll
 0001:00025a84       ?put_accValue@CWnd@@UAEJUtagVARIANT@@PA_W@Z 00426a84 f   mfc100d:mfc100d.dll
 0001:00025a8a       ?SetProxy@CWnd@@UAEJPAUIAccessibleProxy@@@Z 00426a8a f   mfc100d:mfc100d.dll
 0001:00025a90       ?CreateAccessibleProxy@CWnd@@UAEJIJPAJ@Z 00426a90 f   mfc100d:mfc100d.dll
 0001:00025a96       ?OnCommand@CWnd@@MAEHIJ@Z  00426a96 f   mfc100d:mfc100d.dll
 0001:00025a9c       ?OnNotify@CWnd@@MAEHIJPAJ@Z 00426a9c f   mfc100d:mfc100d.dll
 0001:00025aa2       ?GetSuperWndProcAddr@CWnd@@MAEPAP6GJPAUHWND__@@IIJ@ZXZ 00426aa2 f   mfc100d:mfc100d.dll
 0001:00025aa8       ?DoDataExchange@CWnd@@MAEXPAVCDataExchange@@@Z 00426aa8 f   mfc100d:mfc100d.dll
 0001:00025aae       ?BeginModalState@CWnd@@UAEXXZ 00426aae f   mfc100d:mfc100d.dll
 0001:00025ab4       ?EndModalState@CWnd@@UAEXXZ 00426ab4 f   mfc100d:mfc100d.dll
 0001:00025aba       ?PreTranslateMessage@CWnd@@UAEHPAUtagMSG@@@Z 00426aba f   mfc100d:mfc100d.dll
 0001:00025ac0       ?OnAmbientProperty@CWnd@@UAEHPAVCOleControlSite@@JPAUtagVARIANT@@@Z 00426ac0 f   mfc100d:mfc100d.dll
 0001:00025ac6       ?WindowProc@CWnd@@MAEJIIJ@Z 00426ac6 f   mfc100d:mfc100d.dll
 0001:00025acc       ?OnWndMsg@CWnd@@MAEHIIJPAJ@Z 00426acc f   mfc100d:mfc100d.dll
 0001:00025ad2       ?DefWindowProcA@CWnd@@MAEJIIJ@Z 00426ad2 f   mfc100d:mfc100d.dll
 0001:00025ad8       ?PostNcDestroy@CWnd@@MAEXXZ 00426ad8 f   mfc100d:mfc100d.dll
 0001:00025ade       ?OnChildNotify@CWnd@@MAEHIIJPAJ@Z 00426ade f   mfc100d:mfc100d.dll
 0001:00025ae4       ?OnTouchInputs@CWnd@@MAEHIPAUtagTOUCHINPUT@@@Z 00426ae4 f   mfc100d:mfc100d.dll
 0001:00025aea       ?OnTouchInput@CWnd@@MAEHVCPoint@@HHPAUtagTOUCHINPUT@@@Z 00426aea f   mfc100d:mfc100d.dll
 0001:00025af0       ?GetGestureStatus@CWnd@@MAEKVCPoint@@@Z 00426af0 f   mfc100d:mfc100d.dll
 0001:00025af6       ?OnGestureZoom@CWnd@@MAEHVCPoint@@J@Z 00426af6 f   mfc100d:mfc100d.dll
 0001:00025afc       ?OnGesturePan@CWnd@@MAEHVCPoint@@0@Z 00426afc f   mfc100d:mfc100d.dll
 0001:00025b02       ?OnGestureRotate@CWnd@@MAEHVCPoint@@N@Z 00426b02 f   mfc100d:mfc100d.dll
 0001:00025b08       ?OnGestureTwoFingerTap@CWnd@@MAEHVCPoint@@@Z 00426b08 f   mfc100d:mfc100d.dll
 0001:00025b0e       ?OnGesturePressAndTap@CWnd@@MAEHVCPoint@@J@Z 00426b0e f   mfc100d:mfc100d.dll
 0001:00025b14       ?CheckAutoCenter@CWnd@@UAEHXZ 00426b14 f   mfc100d:mfc100d.dll
 0001:00025b1a       ?IsFrameWnd@CWnd@@UBEHXZ   00426b1a f   mfc100d:mfc100d.dll
 0001:00025b20       ?CreateControlContainer@CWnd@@MAEHPAPAVCOleControlContainer@@@Z 00426b20 f   mfc100d:mfc100d.dll
 0001:00025b26       ?CreateControlSite@CWnd@@MAEHPAVCOleControlContainer@@PAPAVCOleControlSite@@IABU_GUID@@@Z 00426b26 f   mfc100d:mfc100d.dll
 0001:00025b2c       ?SetOccDialogInfo@CWnd@@MAEHPAU_AFX_OCC_DIALOG_INFO@@@Z 00426b2c f   mfc100d:mfc100d.dll
 0001:00025b32       ?GetOccDialogInfo@CWnd@@MAEPAU_AFX_OCC_DIALOG_INFO@@XZ 00426b32 f   mfc100d:mfc100d.dll
 0001:00025b38       ?CreateControl@CWnd@@QAEHABU_GUID@@PBDKABUtagRECT@@PAV1@IPAVCFile@@HPA_W@Z 00426b38 f   mfc100d:mfc100d.dll
 0001:00025b3e       ??1CWnd@@UAE@XZ            00426b3e f   mfc100d:mfc100d.dll
 0001:00025b44       ?GetThisClass@CWnd@@SGPAUCRuntimeClass@@XZ 00426b44 f   mfc100d:mfc100d.dll
 0001:00025b4a       ??0?$CStringT@DV?$StrTraitMFC_DLL@DV?$ChTraitsCRT@D@ATL@@@@@ATL@@QAE@XZ 00426b4a f   mfc100d:mfc100d.dll
 0001:00025b50       ??1?$CStringT@DV?$StrTraitMFC_DLL@DV?$ChTraitsCRT@D@ATL@@@@@ATL@@QAE@XZ 00426b50 f   mfc100d:mfc100d.dll
 0001:00025b56       ??B?$CSimpleStringT@D$00@ATL@@QBEPBDXZ 00426b56 f   mfc100d:mfc100d.dll
 0001:00025b5c       ?GetThisClass@CDialog@@SGPAUCRuntimeClass@@XZ 00426b5c f   mfc100d:mfc100d.dll
 0001:00025b62       ??0CDialog@@QAE@IPAVCWnd@@@Z 00426b62 f   mfc100d:mfc100d.dll
 0001:00025b68       ?AssertValid@CDialog@@UBEXXZ 00426b68 f   mfc100d:mfc100d.dll
 0001:00025b6e       ?Dump@CDialog@@UBEXAAVCDumpContext@@@Z 00426b6e f   mfc100d:mfc100d.dll
 0001:00025b74       ?OnCmdMsg@CDialog@@UAEHIHPAXPAUAFX_CMDHANDLERINFO@@@Z 00426b74 f   mfc100d:mfc100d.dll
 0001:00025b7a       ?Create@CWnd@@UAEHPBD0KABUtagRECT@@PAV1@IPAUCCreateContext@@@Z 00426b7a f   mfc100d:mfc100d.dll
 0001:00025b80       ?PreTranslateMessage@CDialog@@UAEHPAUtagMSG@@@Z 00426b80 f   mfc100d:mfc100d.dll
 0001:00025b86       ?CheckAutoCenter@CDialog@@UAEHXZ 00426b86 f   mfc100d:mfc100d.dll
 0001:00025b8c       ?SetOccDialogInfo@CDialog@@MAEHPAU_AFX_OCC_DIALOG_INFO@@@Z 00426b8c f   mfc100d:mfc100d.dll
 0001:00025b92       ?GetOccDialogInfo@CDialog@@MAEPAU_AFX_OCC_DIALOG_INFO@@XZ 00426b92 f   mfc100d:mfc100d.dll
 0001:00025b98       ?Create@CDialog@@UAEHIPAVCWnd@@@Z 00426b98 f   mfc100d:mfc100d.dll
 0001:00025b9e       ?Create@CDialog@@UAEHPBDPAVCWnd@@@Z 00426b9e f   mfc100d:mfc100d.dll
 0001:00025ba4       ?CreateIndirect@CDialog@@UAEHPAXPAVCWnd@@@Z 00426ba4 f   mfc100d:mfc100d.dll
 0001:00025baa       ?CreateIndirect@CDialog@@UAEHPBUDLGTEMPLATE@@PAVCWnd@@PAX@Z 00426baa f   mfc100d:mfc100d.dll
 0001:00025bb0       ?DoModal@CDialog@@UAEHXZ   00426bb0 f   mfc100d:mfc100d.dll
 0001:00025bb6       ?OnInitDialog@CDialog@@UAEHXZ 00426bb6 f   mfc100d:mfc100d.dll
 0001:00025bbc       ?OnSetFont@CDialog@@UAEXPAVCFont@@@Z 00426bbc f   mfc100d:mfc100d.dll
 0001:00025bc2       ?OnOK@CDialog@@MAEXXZ      00426bc2 f   mfc100d:mfc100d.dll
 0001:00025bc8       ?OnCancel@CDialog@@MAEXXZ  00426bc8 f   mfc100d:mfc100d.dll
 0001:00025bce       ?PreInitDialog@CDialog@@MAEXXZ 00426bce f   mfc100d:mfc100d.dll
 0001:00025bd4       ??1CDialog@@UAE@XZ         00426bd4 f   mfc100d:mfc100d.dll
 0001:00025bda       ?GetThisMessageMap@CDialog@@KGPBUAFX_MSGMAP@@XZ 00426bda f   mfc100d:mfc100d.dll
 0001:00025be0       ?GetThisClass@CFrameWnd@@SGPAUCRuntimeClass@@XZ 00426be0 f   mfc100d:mfc100d.dll
 0001:00025be6       ??0CFrameWnd@@QAE@XZ       00426be6 f   mfc100d:mfc100d.dll
 0001:00025bec       ?AssertValid@CFrameWnd@@UBEXXZ 00426bec f   mfc100d:mfc100d.dll
 0001:00025bf2       ?Dump@CFrameWnd@@UBEXAAVCDumpContext@@@Z 00426bf2 f   mfc100d:mfc100d.dll
 0001:00025bf8       ?OnCmdMsg@CFrameWnd@@UAEHIHPAXPAUAFX_CMDHANDLERINFO@@@Z 00426bf8 f   mfc100d:mfc100d.dll
 0001:00025bfe       ?GetMessageMap@CFrameWnd@@MBEPBUAFX_MSGMAP@@XZ 00426bfe f   mfc100d:mfc100d.dll
 0001:00025c04       ?GetMenu@CFrameWnd@@UBEPAVCMenu@@XZ 00426c04 f   mfc100d:mfc100d.dll
 0001:00025c0a       ?SetMenu@CFrameWnd@@UAEHPAVCMenu@@@Z 00426c0a f   mfc100d:mfc100d.dll
 0001:00025c10       ?OnCommand@CFrameWnd@@MAEHIJ@Z 00426c10 f   mfc100d:mfc100d.dll
 0001:00025c16       ?BeginModalState@CFrameWnd@@UAEXXZ 00426c16 f   mfc100d:mfc100d.dll
 0001:00025c1c       ?EndModalState@CFrameWnd@@UAEXXZ 00426c1c f   mfc100d:mfc100d.dll
 0001:00025c22       ?PreTranslateMessage@CFrameWnd@@UAEHPAUtagMSG@@@Z 00426c22 f   mfc100d:mfc100d.dll
 0001:00025c28       ?PostNcDestroy@CFrameWnd@@MAEXXZ 00426c28 f   mfc100d:mfc100d.dll
 0001:00025c2e       ?IsFrameWnd@CFrameWnd@@UBEHXZ 00426c2e f   mfc100d:mfc100d.dll
 0001:00025c34       ?Create@CFrameWnd@@UAEHPBD0KABUtagRECT@@PAVCWnd@@0KPAUCCreateContext@@@Z 00426c34 f   mfc100d:mfc100d.dll
 0001:00025c3a       ?LoadFrame@CFrameWnd@@UAEHIKPAVCWnd@@PAUCCreateContext@@@Z 00426c3a f   mfc100d:mfc100d.dll
 0001:00025c40       ?GetActiveDocument@CFrameWnd@@UAEPAVCDocument@@XZ 00426c40 f   mfc100d:mfc100d.dll
 0001:00025c46       ?GetActiveFrame@CFrameWnd@@UAEPAV1@XZ 00426c46 f   mfc100d:mfc100d.dll
 0001:00025c4c       ?GetMessageString@CFrameWnd@@UBEXIAAV?$CStringT@DV?$StrTraitMFC_DLL@DV?$ChTraitsCRT@D@ATL@@@@@ATL@@@Z 00426c4c f   mfc100d:mfc100d.dll
 0001:00025c52       ?RecalcLayout@CFrameWnd@@UAEXH@Z 00426c52 f   mfc100d:mfc100d.dll
 0001:00025c58       ?ActivateFrame@CFrameWnd@@UAEXH@Z 00426c58 f   mfc100d:mfc100d.dll
 0001:00025c5e       ?SetMenuBarVisibility@CFrameWnd@@UAEXK@Z 00426c5e f   mfc100d:mfc100d.dll
 0001:00025c64       ?GetMenuBarVisibility@CFrameWnd@@UBEKXZ 00426c64 f   mfc100d:mfc100d.dll
 0001:00025c6a       ?SetMenuBarState@CFrameWnd@@UAEHK@Z 00426c6a f   mfc100d:mfc100d.dll
 0001:00025c70       ?GetMenuBarState@CFrameWnd@@UBEKXZ 00426c70 f   mfc100d:mfc100d.dll
 0001:00025c76       ?OnSetPreviewMode@CFrameWnd@@UAEXHPAUCPrintPreviewState@@@Z 00426c76 f   mfc100d:mfc100d.dll
 0001:00025c7c       ?GetMessageBar@CFrameWnd@@UAEPAVCWnd@@XZ 00426c7c f   mfc100d:mfc100d.dll
 0001:00025c82       ?NegotiateBorderSpace@CFrameWnd@@UAEHIPAUtagRECT@@@Z 00426c82 f   mfc100d:mfc100d.dll
 0001:00025c88       ?OnCreateClient@CFrameWnd@@MAEHPAUtagCREATESTRUCTA@@PAUCCreateContext@@@Z 00426c88 f   mfc100d:mfc100d.dll
 0001:00025c8e       ?OnUpdateFrameTitle@CFrameWnd@@UAEXH@Z 00426c8e f   mfc100d:mfc100d.dll
 0001:00025c94       ?OnUpdateFrameMenu@CFrameWnd@@UAEXPAUHMENU__@@@Z 00426c94 f   mfc100d:mfc100d.dll
 0001:00025c9a       ?GetDefaultAccelerator@CFrameWnd@@UAEPAUHACCEL__@@XZ 00426c9a f   mfc100d:mfc100d.dll
 0001:00025ca0       ?DelayUpdateFrameMenu@CFrameWnd@@UAEXPAUHMENU__@@@Z 00426ca0 f   mfc100d:mfc100d.dll
 0001:00025ca6       ?ExitHelpMode@CFrameWnd@@UAEXXZ 00426ca6 f   mfc100d:mfc100d.dll
 0001:00025cac       ?OnShowMenuBar@CFrameWnd@@MAEXXZ 00426cac f   mfc100d:mfc100d.dll
 0001:00025cb2       ?OnHideMenuBar@CFrameWnd@@MAEXXZ 00426cb2 f   mfc100d:mfc100d.dll
 0001:00025cb8       ??1CFrameWnd@@UAE@XZ       00426cb8 f   mfc100d:mfc100d.dll
 0001:00025cbe       ?PreCreateWindow@CFrameWnd@@MAEHAAUtagCREATESTRUCTA@@@Z 00426cbe f   mfc100d:mfc100d.dll
 0001:00025cc4       ??0CWinApp@@QAE@PBD@Z      00426cc4 f   mfc100d:mfc100d.dll
 0001:00025cca       ?GetRuntimeClass@CWinApp@@UBEPAUCRuntimeClass@@XZ 00426cca f   mfc100d:mfc100d.dll
 0001:00025cd0       ?AssertValid@CWinApp@@UBEXXZ 00426cd0 f   mfc100d:mfc100d.dll
 0001:00025cd6       ?Dump@CWinApp@@UBEXAAVCDumpContext@@@Z 00426cd6 f   mfc100d:mfc100d.dll
 0001:00025cdc       ?OnFinalRelease@CCmdTarget@@UAEXXZ 00426cdc f   mfc100d:mfc100d.dll
 0001:00025ce2       ?GetMessageMap@CWinApp@@MBEPBUAFX_MSGMAP@@XZ 00426ce2 f   mfc100d:mfc100d.dll
 0001:00025ce8       ?GetInterfaceMap@CCmdTarget@@MBEPBUAFX_INTERFACEMAP@@XZ 00426ce8 f   mfc100d:mfc100d.dll
 0001:00025cee       ?Run@CWinApp@@UAEHXZ       00426cee f   mfc100d:mfc100d.dll
 0001:00025cf4       ?PreTranslateMessage@CWinThread@@UAEHPAUtagMSG@@@Z 00426cf4 f   mfc100d:mfc100d.dll
 0001:00025cfa       ?PumpMessage@CWinThread@@UAEHXZ 00426cfa f   mfc100d:mfc100d.dll
 0001:00025d00       ?OnIdle@CWinApp@@UAEHJ@Z   00426d00 f   mfc100d:mfc100d.dll
 0001:00025d06       ?IsIdleMessage@CWinThread@@UAEHPAUtagMSG@@@Z 00426d06 f   mfc100d:mfc100d.dll
 0001:00025d0c       ?ProcessWndProcException@CWinApp@@UAEJPAVCException@@PBUtagMSG@@@Z 00426d0c f   mfc100d:mfc100d.dll
 0001:00025d12       ?ProcessMessageFilter@CWinThread@@UAEHHPAUtagMSG@@@Z 00426d12 f   mfc100d:mfc100d.dll
 0001:00025d18       ?GetMainWnd@CWinThread@@UAEPAVCWnd@@XZ 00426d18 f   mfc100d:mfc100d.dll
 0001:00025d1e       ?Delete@CWinThread@@UAEXXZ 00426d1e f   mfc100d:mfc100d.dll
 0001:00025d24       ?GetProfileIntA@CWinApp@@UAEIPBD0H@Z 00426d24 f   mfc100d:mfc100d.dll
 0001:00025d2a       ?WriteProfileInt@CWinApp@@UAEHPBD0H@Z 00426d2a f   mfc100d:mfc100d.dll
 0001:00025d30       ?GetProfileStringA@CWinApp@@UAE?AV?$CStringT@DV?$StrTraitMFC_DLL@DV?$ChTraitsCRT@D@ATL@@@@@ATL@@PBD00@Z 00426d30 f   mfc100d:mfc100d.dll
 0001:00025d36       ?WriteProfileStringA@CWinApp@@UAEHPBD00@Z 00426d36 f   mfc100d:mfc100d.dll
 0001:00025d3c       ?GetProfileBinary@CWinApp@@UAEHPBD0PAPAEPAI@Z 00426d3c f   mfc100d:mfc100d.dll
 0001:00025d42       ?WriteProfileBinary@CWinApp@@UAEHPBD0PAEI@Z 00426d42 f   mfc100d:mfc100d.dll
 0001:00025d48       ?InitLibId@CWinApp@@UAEXXZ 00426d48 f   mfc100d:mfc100d.dll
 0001:00025d4e       ?Register@CWinApp@@UAEHXZ  00426d4e f   mfc100d:mfc100d.dll
 0001:00025d54       ?Unregister@CWinApp@@UAEHXZ 00426d54 f   mfc100d:mfc100d.dll
 0001:00025d5a       ?OpenDocumentFile@CWinApp@@UAEPAVCDocument@@PBDH@Z 00426d5a f   mfc100d:mfc100d.dll
 0001:00025d60       ?OpenDocumentFile@CWinApp@@UAEPAVCDocument@@PBD@Z 00426d60 f   mfc100d:mfc100d.dll
 0001:00025d66       ?AddToRecentFileList@CWinApp@@UAEXPBD@Z 00426d66 f   mfc100d:mfc100d.dll
 0001:00025d6c       ?InitApplication@CWinApp@@UAEHXZ 00426d6c f   mfc100d:mfc100d.dll
 0001:00025d72       ?SaveAllModified@CWinApp@@UAEHXZ 00426d72 f   mfc100d:mfc100d.dll
 0001:00025d78       ?DoMessageBox@CWinApp@@UAEHPBDII@Z 00426d78 f   mfc100d:mfc100d.dll
 0001:00025d7e       ?DoWaitCursor@CWinApp@@UAEXH@Z 00426d7e f   mfc100d:mfc100d.dll
 0001:00025d84       ?OnDDECommand@CWinApp@@UAEHPAD@Z 00426d84 f   mfc100d:mfc100d.dll
 0001:00025d8a       ?WinHelpA@CWinApp@@UAEXKI@Z 00426d8a f   mfc100d:mfc100d.dll
 0001:00025d90       ?HtmlHelpA@CWinApp@@UAEXKI@Z 00426d90 f   mfc100d:mfc100d.dll
 0001:00025d96       ?WinHelpInternal@CWinApp@@UAEXKI@Z 00426d96 f   mfc100d:mfc100d.dll
 0001:00025d9c       ?RegisterWithRestartManager@CWinApp@@UAEJPB_WKP6GKPAX@Z1KK@Z 00426d9c f   mfc100d:mfc100d.dll
 0001:00025da2       ?RegisterWithRestartManager@CWinApp@@UAEJHABV?$CStringT@DV?$StrTraitMFC_DLL@DV?$ChTraitsCRT@D@ATL@@@@@ATL@@@Z 00426da2 f   mfc100d:mfc100d.dll
 0001:00025da8       ?ApplicationRecoveryCallback@CWinApp@@UAEKPAX@Z 00426da8 f   mfc100d:mfc100d.dll
 0001:00025dae       ?GetDataRecoveryHandler@CWinApp@@UAEPAVCDataRecoveryHandler@@XZ 00426dae f   mfc100d:mfc100d.dll
 0001:00025db4       ?IsTaskbarInteractionEnabled@CWinApp@@UAEHXZ 00426db4 f   mfc100d:mfc100d.dll
 0001:00025dba       ?RestartInstance@CWinApp@@UAEHXZ 00426dba f   mfc100d:mfc100d.dll
 0001:00025dc0       ?LoadAppLangResourceDLL@CWinApp@@UAEPAUHINSTANCE__@@XZ 00426dc0 f   mfc100d:mfc100d.dll
 0001:00025dc6       ?LoadSysPolicies@CWinApp@@UAEHXZ 00426dc6 f   mfc100d:mfc100d.dll
 0001:00025dcc       ??1CWinApp@@UAE@XZ         00426dcc f   mfc100d:mfc100d.dll
 0001:00025dd2       ??1CCommandLineInfo@@UAE@XZ 00426dd2 f   mfc100d:mfc100d.dll
 0001:00025dd8       ?ProcessShellCommand@CWinApp@@QAEHAAVCCommandLineInfo@@@Z 00426dd8 f   mfc100d:mfc100d.dll
 0001:00025dde       ?ParseCommandLine@CWinApp@@QAEXAAVCCommandLineInfo@@@Z 00426dde f   mfc100d:mfc100d.dll
 0001:00025de4       ??0CCommandLineInfo@@QAE@XZ 00426de4 f   mfc100d:mfc100d.dll
 0001:00025dea       ?AddDocTemplate@CWinApp@@QAEXPAVCDocTemplate@@@Z 00426dea f   mfc100d:mfc100d.dll
 0001:00025df0       ??0CSingleDocTemplate@@QAE@IPAUCRuntimeClass@@00@Z 00426df0 f   mfc100d:mfc100d.dll
 0001:00025df6       ?LoadStdProfileSettings@CWinApp@@IAEXI@Z 00426df6 f   mfc100d:mfc100d.dll
 0001:00025dfc       ?AfxEnableControlContainer@@YAXPAVCOccManager@@@Z 00426dfc f   mfc100d:mfc100d.dll
 0001:00025e02       ?ExitInstance@CWinApp@@UAEHXZ 00426e02 f   mfc100d:mfc100d.dll
 0001:00025e08       ??1CSliderCtrl@@UAE@XZ     00426e08 f   mfc100d:mfc100d.dll
 0001:00025e0e       ??1CStatic@@UAE@XZ         00426e0e f   mfc100d:mfc100d.dll
 0001:00025e14       ?SetTicFreq@CSliderCtrl@@QAEXH@Z 00426e14 f   mfc100d:mfc100d.dll
 0001:00025e1a       ?SetPos@CSliderCtrl@@QAEXH@Z 00426e1a f   mfc100d:mfc100d.dll
 0001:00025e20       ?SetRange@CSliderCtrl@@QAEXHHH@Z 00426e20 f   mfc100d:mfc100d.dll
 0001:00025e26       ?ShowWindow@CWnd@@QAEHH@Z  00426e26 f   mfc100d:mfc100d.dll
 0001:00025e2c       ??4?$CStringT@DV?$StrTraitMFC_DLL@DV?$ChTraitsCRT@D@ATL@@@@@ATL@@QAEAAV01@PBD@Z 00426e2c f   mfc100d:mfc100d.dll
 0001:00025e32       ??0CSliderCtrl@@QAE@XZ     00426e32 f   mfc100d:mfc100d.dll
 0001:00025e38       ??0CStatic@@QAE@XZ         00426e38 f   mfc100d:mfc100d.dll
 0001:00025e3e       ?GetRuntimeClass@CDialog@@UBEPAUCRuntimeClass@@XZ 00426e3e f   mfc100d:mfc100d.dll
 0001:00025e44       ?SetTimer@CWnd@@QAEIIIP6GXPAUHWND__@@IIK@Z@Z 00426e44 f   mfc100d:mfc100d.dll
 0001:00025e4a       ?OnTimer@CWnd@@IAEXI@Z     00426e4a f   mfc100d:mfc100d.dll
 0001:00025e50       ?UpdateData@CWnd@@QAEHH@Z  00426e50 f   mfc100d:mfc100d.dll
 0001:00025e56       ?Find@?$CStringT@DV?$StrTraitMFC_DLL@DV?$ChTraitsCRT@D@ATL@@@@@ATL@@QBEHPBDH@Z 00426e56 f   mfc100d:mfc100d.dll
 0001:00025e5c       ??0?$CStringT@DV?$StrTraitMFC_DLL@DV?$ChTraitsCRT@D@ATL@@@@@ATL@@QAE@PBD@Z 00426e5c f   mfc100d:mfc100d.dll
[...]
 0004:00001570       __imp_?OnPreparePrinting@CView@@MAEHPAUCPrintInfo@@@Z 004cf570     mfc100d:mfc100d.dll
 0004:00001574       __imp_?OnBeginPrinting@CView@@MAEXPAVCDC@@PAUCPrintInfo@@@Z 004cf574     mfc100d:mfc100d.dll
 0004:00001578       __imp_?OnPrint@CView@@MAEXPAVCDC@@PAUCPrintInfo@@@Z 004cf578     mfc100d:mfc100d.dll
 0004:0000157c       __imp_?OnEndPrinting@CView@@MAEXPAVCDC@@PAUCPrintInfo@@@Z 004cf57c     mfc100d:mfc100d.dll
 0004:00001580       __imp_?OnEndPrintPreview@CView@@MAEXPAVCDC@@PAUCPrintInfo@@UtagPOINT@@PAVCPreviewView@@@Z 004cf580     mfc100d:mfc100d.dll
 0004:00001584       __imp_?GetWheelScrollDistance@CScrollView@@UAE?AVCSize@@V2@HH@Z 004cf584     mfc100d:mfc100d.dll
 0004:00001588       __imp_?GetAccessibleChild@CWnd@@QAEJUtagVARIANT@@PAPAUIDispatch@@@Z 004cf588     mfc100d:mfc100d.dll
 0004:0000158c       __imp_?GetAccessibleChildCount@CWnd@@QAEJXZ 004cf58c     mfc100d:mfc100d.dll
 0004:00001590       __imp_?GetAccessibleName@CWnd@@QAEJUtagVARIANT@@PAPA_W@Z 004cf590     mfc100d:mfc100d.dll
 0004:00001594       __imp_?GetAccessibilityLocation@CWnd@@QAEJUtagVARIANT@@PAJ111@Z 004cf594     mfc100d:mfc100d.dll
 0004:00001598       __imp_?GetAccessibilityHitTest@CWnd@@QAEJJJPAUtagVARIANT@@@Z 004cf598     mfc100d:mfc100d.dll
 0004:0000159c       __imp_?OnInitialUpdate@CFormView@@UAEXXZ 004cf59c     mfc100d:mfc100d.dll
 0004:000015a0       __imp_??1CFormView@@UAE@XZ 004cf5a0     mfc100d:mfc100d.dll
 0004:000015a4       __imp_?IsIdleMessage@CWinThread@@UAEHPAUtagMSG@@@Z 004cf5a4     mfc100d:mfc100d.dll
 0004:000015a8       __imp_?OnIdle@CWinApp@@UAEHJ@Z 004cf5a8     mfc100d:mfc100d.dll
 0004:000015ac       __imp_?PumpMessage@CWinThread@@UAEHXZ 004cf5ac     mfc100d:mfc100d.dll
 0004:000015b0       __imp_?PreTranslateMessage@CWinThread@@UAEHPAUtagMSG@@@Z 004cf5b0     mfc100d:mfc100d.dll
 0004:000015b4       __imp_?Run@CWinApp@@UAEHXZ 004cf5b4     mfc100d:mfc100d.dll
 0004:000015b8       __imp_?GetInterfaceMap@CCmdTarget@@MBEPBUAFX_INTERFACEMAP@@XZ 004cf5b8     mfc100d:mfc100d.dll
 0004:000015bc       __imp_?GetMessageMap@CWinApp@@MBEPBUAFX_MSGMAP@@XZ 004cf5bc     mfc100d:mfc100d.dll
 0004:000015c0       __imp_?OnFinalRelease@CCmdTarget@@UAEXXZ 004cf5c0     mfc100d:mfc100d.dll
 0004:000015c4       __imp_?Dump@CWinApp@@UBEXAAVCDumpContext@@@Z 004cf5c4     mfc100d:mfc100d.dll
 0004:000015c8       __imp_?AssertValid@CWinApp@@UBEXXZ 004cf5c8     mfc100d:mfc100d.dll
 0004:000015cc       __imp_?GetRuntimeClass@CWinApp@@UBEPAUCRuntimeClass@@XZ 004cf5cc     mfc100d:mfc100d.dll
 0004:000015d0       __imp_??0CWinApp@@QAE@PBD@Z 004cf5d0     mfc100d:mfc100d.dll
 0004:000015d4       __imp_?PreCreateWindow@CFrameWnd@@MAEHAAUtagCREATESTRUCTA@@@Z 004cf5d4     mfc100d:mfc100d.dll
 0004:000015d8       __imp_??1CFrameWnd@@UAE@XZ 004cf5d8     mfc100d:mfc100d.dll
 0004:000015dc       __imp_?OnHideMenuBar@CFrameWnd@@MAEXXZ 004cf5dc     mfc100d:mfc100d.dll
 0004:000015e0       __imp_?OnShowMenuBar@CFrameWnd@@MAEXXZ 004cf5e0     mfc100d:mfc100d.dll
 0004:000015e4       __imp_?ExitHelpMode@CFrameWnd@@UAEXXZ 004cf5e4     mfc100d:mfc100d.dll
 0004:000015e8       __imp_?DelayUpdateFrameMenu@CFrameWnd@@UAEXPAUHMENU__@@@Z 004cf5e8     mfc100d:mfc100d.dll
 0004:000015ec       __imp_?GetDefaultAccelerator@CFrameWnd@@UAEPAUHACCEL__@@XZ 004cf5ec     mfc100d:mfc100d.dll
 0004:000015f0       __imp_?OnUpdateFrameMenu@CFrameWnd@@UAEXPAUHMENU__@@@Z 004cf5f0     mfc100d:mfc100d.dll
 0004:000015f4       __imp_?OnUpdateFrameTitle@CFrameWnd@@UAEXH@Z 004cf5f4     mfc100d:mfc100d.dll
 0004:000015f8       __imp_?OnCreateClient@CFrameWnd@@MAEHPAUtagCREATESTRUCTA@@PAUCCreateContext@@@Z 004cf5f8     mfc100d:mfc100d.dll
 0004:000015fc       __imp_?NegotiateBorderSpace@CFrameWnd@@UAEHIPAUtagRECT@@@Z 004cf5fc     mfc100d:mfc100d.dll
 0004:00001600       __imp_?GetMessageBar@CFrameWnd@@UAEPAVCWnd@@XZ 004cf600     mfc100d:mfc100d.dll
 0004:00001604       __imp_?OnSetPreviewMode@CFrameWnd@@UAEXHPAUCPrintPreviewState@@@Z 004cf604     mfc100d:mfc100d.dll
 0004:00001608       __imp_?GetMenuBarState@CFrameWnd@@UBEKXZ 004cf608     mfc100d:mfc100d.dll
 0004:0000160c       __imp_?SetMenuBarState@CFrameWnd@@UAEHK@Z 004cf60c     mfc100d:mfc100d.dll
 0004:00001610       __imp_?GetMenuBarVisibility@CFrameWnd@@UBEKXZ 004cf610     mfc100d:mfc100d.dll
 0004:00001614       __imp_?SetMenuBarVisibility@CFrameWnd@@UAEXK@Z 004cf614     mfc100d:mfc100d.dll
 0004:00001618       __imp_?ActivateFrame@CFrameWnd@@UAEXH@Z 004cf618     mfc100d:mfc100d.dll
 0004:0000161c       __imp_?RecalcLayout@CFrameWnd@@UAEXH@Z 004cf61c     mfc100d:mfc100d.dll
 0004:00001620       __imp_?GetMessageString@CFrameWnd@@UBEXIAAV?$CStringT@DV?$StrTraitMFC_DLL@DV?$ChTraitsCRT@D@ATL@@@@@ATL@@@Z 004cf620     mfc100d:mfc100d.dll
 0004:00001624       __imp_?GetActiveFrame@CFrameWnd@@UAEPAV1@XZ 004cf624     mfc100d:mfc100d.dll
 0004:00001628       __imp_?GetActiveDocument@CFrameWnd@@UAEPAVCDocument@@XZ 004cf628     mfc100d:mfc100d.dll
 0004:0000162c       __imp_?LoadFrame@CFrameWnd@@UAEHIKPAVCWnd@@PAUCCreateContext@@@Z 004cf62c     mfc100d:mfc100d.dll
 0004:00001630       __imp_?Create@CFrameWnd@@UAEHPBD0KABUtagRECT@@PAVCWnd@@0KPAUCCreateContext@@@Z 004cf630     mfc100d:mfc100d.dll
 0004:00001634       __imp_?IsFrameWnd@CFrameWnd@@UBEHXZ 004cf634     mfc100d:mfc100d.dll
 0004:00001638       __imp_?PostNcDestroy@CFrameWnd@@MAEXXZ 004cf638     mfc100d:mfc100d.dll
 0004:0000163c       __imp_?PreTranslateMessage@CFrameWnd@@UAEHPAUtagMSG@@@Z 004cf63c     mfc100d:mfc100d.dll
 0004:00001640       __imp_?EndModalState@CFrameWnd@@UAEXXZ 004cf640     mfc100d:mfc100d.dll
 0004:00001644       __imp_?BeginModalState@CFrameWnd@@UAEXXZ 004cf644     mfc100d:mfc100d.dll
 0004:00001648       __imp_?OnCommand@CFrameWnd@@MAEHIJ@Z 004cf648     mfc100d:mfc100d.dll
 0004:0000164c       __imp_?SetMenu@CFrameWnd@@UAEHPAVCMenu@@@Z 004cf64c     mfc100d:mfc100d.dll
 0004:00001650       __imp_?GetMenu@CFrameWnd@@UBEPAVCMenu@@XZ 004cf650     mfc100d:mfc100d.dll
 0004:00001654       __imp_?GetMessageMap@CFrameWnd@@MBEPBUAFX_MSGMAP@@XZ 004cf654     mfc100d:mfc100d.dll
 0004:00001658       __imp_?OnCmdMsg@CFrameWnd@@UAEHIHPAXPAUAFX_CMDHANDLERINFO@@@Z 004cf658     mfc100d:mfc100d.dll
 0004:0000165c       __imp_?Dump@CFrameWnd@@UBEXAAVCDumpContext@@@Z 004cf65c     mfc100d:mfc100d.dll
 0004:00001660       __imp_?AssertValid@CFrameWnd@@UBEXXZ 004cf660     mfc100d:mfc100d.dll
 0004:00001664       __imp_??0CFrameWnd@@QAE@XZ 004cf664     mfc100d:mfc100d.dll
 0004:00001668       __imp_?GetThisClass@CFrameWnd@@SGPAUCRuntimeClass@@XZ 004cf668     mfc100d:mfc100d.dll
 0004:0000166c       __imp_?GetThisMessageMap@CDialog@@KGPBUAFX_MSGMAP@@XZ 004cf66c     mfc100d:mfc100d.dll
 0004:00001670       __imp_??1CDialog@@UAE@XZ   004cf670     mfc100d:mfc100d.dll
 0004:00001674       __imp_?PreInitDialog@CDialog@@MAEXXZ 004cf674     mfc100d:mfc100d.dll
 0004:00001678       __imp_?OnCancel@CDialog@@MAEXXZ 004cf678     mfc100d:mfc100d.dll
 0004:0000167c       __imp_?OnOK@CDialog@@MAEXXZ 004cf67c     mfc100d:mfc100d.dll
 0004:00001680       __imp_?OnSetFont@CDialog@@UAEXPAVCFont@@@Z 004cf680     mfc100d:mfc100d.dll
 0004:00001684       __imp_?OnInitDialog@CDialog@@UAEHXZ 004cf684     mfc100d:mfc100d.dll
 0004:00001688       __imp_?DoModal@CDialog@@UAEHXZ 004cf688     mfc100d:mfc100d.dll
 0004:0000168c       __imp_?CreateIndirect@CDialog@@UAEHPBUDLGTEMPLATE@@PAVCWnd@@PAX@Z 004cf68c     mfc100d:mfc100d.dll
 0004:00001690       __imp_?CreateIndirect@CDialog@@UAEHPAXPAVCWnd@@@Z 004cf690     mfc100d:mfc100d.dll
 0004:00001694       __imp_?Create@CDialog@@UAEHPBDPAVCWnd@@@Z 004cf694     mfc100d:mfc100d.dll
 0004:00001698       __imp_?Create@CDialog@@UAEHIPAVCWnd@@@Z 004cf698     mfc100d:mfc100d.dll
 0004:0000169c       __imp_?GetOccDialogInfo@CDialog@@MAEPAU_AFX_OCC_DIALOG_INFO@@XZ 004cf69c     mfc100d:mfc100d.dll
 0004:000016a0       __imp_?SetOccDialogInfo@CDialog@@MAEHPAU_AFX_OCC_DIALOG_INFO@@@Z 004cf6a0     mfc100d:mfc100d.dll
 0004:000016a4       __imp_?CheckAutoCenter@CDialog@@UAEHXZ 004cf6a4     mfc100d:mfc100d.dll
 0004:000016a8       __imp_?PreTranslateMessage@CDialog@@UAEHPAUtagMSG@@@Z 004cf6a8     mfc100d:mfc100d.dll
 0004:000016ac       __imp_?Create@CWnd@@UAEHPBD0KABUtagRECT@@PAV1@IPAUCCreateContext@@@Z 004cf6ac     mfc100d:mfc100d.dll
 0004:000016b0       __imp_?OnCmdMsg@CDialog@@UAEHIHPAXPAUAFX_CMDHANDLERINFO@@@Z 004cf6b0     mfc100d:mfc100d.dll
 0004:000016b4       __imp_?Dump@CDialog@@UBEXAAVCDumpContext@@@Z 004cf6b4     mfc100d:mfc100d.dll
 0004:000016b8       __imp_?AssertValid@CDialog@@UBEXXZ 004cf6b8     mfc100d:mfc100d.dll
 0004:000016bc       __imp_??0CDialog@@QAE@IPAVCWnd@@@Z 004cf6bc     mfc100d:mfc100d.dll
 0004:000016c0       __imp_?GetThisClass@CDialog@@SGPAUCRuntimeClass@@XZ 004cf6c0     mfc100d:mfc100d.dll
 0004:000016c4       __imp_??B?$CSimpleStringT@D$00@ATL@@QBEPBDXZ 004cf6c4     mfc100d:mfc100d.dll
 0004:000016c8       __imp_??1?$CStringT@DV?$StrTraitMFC_DLL@DV?$ChTraitsCRT@D@ATL@@@@@ATL@@QAE@XZ 004cf6c8     mfc100d:mfc100d.dll
 0004:000016cc       __imp_??0?$CStringT@DV?$StrTraitMFC_DLL@DV?$ChTraitsCRT@D@ATL@@@@@ATL@@QAE@XZ 004cf6cc     mfc100d:mfc100d.dll
 0004:000016d0       __imp_?GetThisClass@CWnd@@SGPAUCRuntimeClass@@XZ 004cf6d0     mfc100d:mfc100d.dll
 0004:000016d4       __imp_??1CWnd@@UAE@XZ      004cf6d4     mfc100d:mfc100d.dll
 0004:000016d8       __imp_?CreateControl@CWnd@@QAEHABU_GUID@@PBDKABUtagRECT@@PAV1@IPAVCFile@@HPA_W@Z 004cf6d8     mfc100d:mfc100d.dll
 0004:000016dc       __imp_?GetOccDialogInfo@CWnd@@MAEPAU_AFX_OCC_DIALOG_INFO@@XZ 004cf6dc     mfc100d:mfc100d.dll
 0004:000016e0       __imp_?SetOccDialogInfo@CWnd@@MAEHPAU_AFX_OCC_DIALOG_INFO@@@Z 004cf6e0     mfc100d:mfc100d.dll
 0004:000016e4       __imp_?CreateControlSite@CWnd@@MAEHPAVCOleControlContainer@@PAPAVCOleControlSite@@IABU_GUID@@@Z 004cf6e4     mfc100d:mfc100d.dll
 0004:000016e8       __imp_?CreateControlContainer@CWnd@@MAEHPAPAVCOleControlContainer@@@Z 004cf6e8     mfc100d:mfc100d.dll
 0004:000016ec       __imp_?IsFrameWnd@CWnd@@UBEHXZ 004cf6ec     mfc100d:mfc100d.dll
 0004:000016f0       __imp_?CheckAutoCenter@CWnd@@UAEHXZ 004cf6f0     mfc100d:mfc100d.dll
 0004:000016f4       __imp_?OnGesturePressAndTap@CWnd@@MAEHVCPoint@@J@Z 004cf6f4     mfc100d:mfc100d.dll
 0004:000016f8       __imp_?OnGestureTwoFingerTap@CWnd@@MAEHVCPoint@@@Z 004cf6f8     mfc100d:mfc100d.dll
 0004:000016fc       __imp_?OnGestureRotate@CWnd@@MAEHVCPoint@@N@Z 004cf6fc     mfc100d:mfc100d.dll
 0004:00001700       __imp_?OnGesturePan@CWnd@@MAEHVCPoint@@0@Z 004cf700     mfc100d:mfc100d.dll
 0004:00001704       __imp_?OnGestureZoom@CWnd@@MAEHVCPoint@@J@Z 004cf704     mfc100d:mfc100d.dll
 0004:00001708       __imp_?GetGestureStatus@CWnd@@MAEKVCPoint@@@Z 004cf708     mfc100d:mfc100d.dll
 0004:0000170c       __imp_?OnTouchInput@CWnd@@MAEHVCPoint@@HHPAUtagTOUCHINPUT@@@Z 004cf70c     mfc100d:mfc100d.dll
 0004:00001710       __imp_?OnTouchInputs@CWnd@@MAEHIPAUtagTOUCHINPUT@@@Z 004cf710     mfc100d:mfc100d.dll
 0004:00001714       __imp_?OnChildNotify@CWnd@@MAEHIIJPAJ@Z 004cf714     mfc100d:mfc100d.dll
 0004:00001718       __imp_?PostNcDestroy@CWnd@@MAEXXZ 004cf718     mfc100d:mfc100d.dll
 0004:0000171c       __imp_?DefWindowProcA@CWnd@@MAEJIIJ@Z 004cf71c     mfc100d:mfc100d.dll
 0004:00001720       __imp_?OnWndMsg@CWnd@@MAEHIIJPAJ@Z 004cf720     mfc100d:mfc100d.dll
 0004:00001724       __imp_?WindowProc@CWnd@@MAEJIIJ@Z 004cf724     mfc100d:mfc100d.dll
 0004:00001728       __imp_?OnAmbientProperty@CWnd@@UAEHPAVCOleControlSite@@JPAUtagVARIANT@@@Z 004cf728     mfc100d:mfc100d.dll
 0004:0000172c       __imp_?PreTranslateMessage@CWnd@@UAEHPAUtagMSG@@@Z 004cf72c     mfc100d:mfc100d.dll
 0004:00001730       __imp_?EndModalState@CWnd@@UAEXXZ 004cf730     mfc100d:mfc100d.dll
 0004:00001734       __imp_?BeginModalState@CWnd@@UAEXXZ 004cf734     mfc100d:mfc100d.dll
 0004:00001738       __imp_?DoDataExchange@CWnd@@MAEXPAVCDataExchange@@@Z 004cf738     mfc100d:mfc100d.dll
 0004:0000173c       __imp_?GetSuperWndProcAddr@CWnd@@MAEPAP6GJPAUHWND__@@IIJ@ZXZ 004cf73c     mfc100d:mfc100d.dll
 0004:00001740       __imp_?OnNotify@CWnd@@MAEHIJPAJ@Z 004cf740     mfc100d:mfc100d.dll
 0004:00001744       __imp_?OnCommand@CWnd@@MAEHIJ@Z 004cf744     mfc100d:mfc100d.dll
 0004:00001748       __imp_?CreateAccessibleProxy@CWnd@@UAEJIJPAJ@Z 004cf748     mfc100d:mfc100d.dll
 0004:0000174c       __imp_?SetProxy@CWnd@@UAEJPAUIAccessibleProxy@@@Z 004cf74c     mfc100d:mfc100d.dll
 0004:00001750       __imp_?put_accValue@CWnd@@UAEJUtagVARIANT@@PA_W@Z 004cf750     mfc100d:mfc100d.dll
 0004:00001754       __imp_?put_accName@CWnd@@UAEJUtagVARIANT@@PA_W@Z 004cf754     mfc100d:mfc100d.dll
 0004:00001758       __imp_?accDoDefaultAction@CWnd@@UAEJUtagVARIANT@@@Z 004cf758     mfc100d:mfc100d.dll
 0004:0000175c       __imp_?accHitTest@CWnd@@UAEJJJPAUtagVARIANT@@@Z 004cf75c     mfc100d:mfc100d.dll
 0004:00001760       __imp_?accNavigate@CWnd@@UAEJJUtagVARIANT@@PAU2@@Z 004cf760     mfc100d:mfc100d.dll
 0004:00001764       __imp_?accLocation@CWnd@@UAEJPAJ000UtagVARIANT@@@Z 004cf764     mfc100d:mfc100d.dll
 0004:00001768       __imp_?accSelect@CWnd@@UAEJJUtagVARIANT@@@Z 004cf768     mfc100d:mfc100d.dll
 0004:0000176c       __imp_?get_accDefaultAction@CWnd@@UAEJUtagVARIANT@@PAPA_W@Z 004cf76c     mfc100d:mfc100d.dll
 0004:00001770       __imp_?get_accSelection@CWnd@@UAEJPAUtagVARIANT@@@Z 004cf770     mfc100d:mfc100d.dll
 0004:00001774       __imp_?get_accFocus@CWnd@@UAEJPAUtagVARIANT@@@Z 004cf774     mfc100d:mfc100d.dll
 0004:00001778       __imp_?get_accKeyboardShortcut@CWnd@@UAEJUtagVARIANT@@PAPA_W@Z 004cf778     mfc100d:mfc100d.dll
 0004:0000177c       __imp_?get_accHelpTopic@CWnd@@UAEJPAPA_WUtagVARIANT@@PAJ@Z 004cf77c     mfc100d:mfc100d.dll
 0004:00001780       __imp_?get_accHelp@CWnd@@UAEJUtagVARIANT@@PAPA_W@Z 004cf780     mfc100d:mfc100d.dll
 0004:00001784       __imp_?get_accState@CWnd@@UAEJUtagVARIANT@@PAU2@@Z 004cf784     mfc100d:mfc100d.dll
 0004:00001788       __imp_?get_accRole@CWnd@@UAEJUtagVARIANT@@PAU2@@Z 004cf788     mfc100d:mfc100d.dll
 0004:0000178c       __imp_?get_accDescription@CWnd@@UAEJUtagVARIANT@@PAPA_W@Z 004cf78c     mfc100d:mfc100d.dll
 0004:00001790       __imp_?get_accValue@CWnd@@UAEJUtagVARIANT@@PAPA_W@Z 004cf790     mfc100d:mfc100d.dll
 0004:00001794       __imp_?get_accName@CWnd@@UAEJUtagVARIANT@@PAPA_W@Z 004cf794     mfc100d:mfc100d.dll
 0004:00001798       __imp_?get_accChild@CWnd@@UAEJUtagVARIANT@@PAPAUIDispatch@@@Z 004cf798     mfc100d:mfc100d.dll
 0004:0000179c       __imp_?get_accChildCount@CWnd@@UAEJPAJ@Z 004cf79c     mfc100d:mfc100d.dll
 0004:000017a0       __imp_?get_accParent@CWnd@@UAEJPAPAUIDispatch@@@Z 004cf7a0     mfc100d:mfc100d.dll
 0004:000017a4       __imp_?EnsureStdObj@CWnd@@UAEJXZ 004cf7a4     mfc100d:mfc100d.dll
 0004:000017a8       __imp_?OnDrawIconicThumbnailOrLivePreview@CWnd@@UAEXAAVCDC@@VCRect@@VCSize@@HAAH@Z 004cf7a8     mfc100d:mfc100d.dll
 0004:000017ac       __imp_?EndModalLoop@CWnd@@UAEXH@Z 004cf7ac     mfc100d:mfc100d.dll
 0004:000017b0       __imp_?ContinueModal@CWnd@@UAEHXZ 004cf7b0     mfc100d:mfc100d.dll
 0004:000017b4       __imp_?WinHelpInternal@CWnd@@UAEXKI@Z 004cf7b4     mfc100d:mfc100d.dll
 0004:000017b8       __imp_?HtmlHelpA@CWnd@@UAEXKI@Z 004cf7b8     mfc100d:mfc100d.dll
 0004:000017bc       __imp_?WinHelpA@CWnd@@UAEXKI@Z 004cf7bc     mfc100d:mfc100d.dll
 0004:000017c0       __imp_?GetScrollBarCtrl@CWnd@@UBEPAVCScrollBar@@H@Z 004cf7c0     mfc100d:mfc100d.dll
 0004:000017c4       __imp_?OnToolHitTest@CWnd@@UBEHVCPoint@@PAUtagTOOLINFOA@@@Z 004cf7c4     mfc100d:mfc100d.dll
 0004:000017c8       __imp_?SetMenu@CWnd@@UAEHPAVCMenu@@@Z 004cf7c8     mfc100d:mfc100d.dll
 0004:000017cc       __imp_?GetMenu@CWnd@@UBEPAVCMenu@@XZ 004cf7cc     mfc100d:mfc100d.dll
 0004:000017d0       __imp_?CalcWindowRect@CWnd@@UAEXPAUtagRECT@@I@Z 004cf7d0     mfc100d:mfc100d.dll
 0004:000017d4       __imp_?PreCreateWindow@CWnd@@UAEHAAUtagCREATESTRUCTA@@@Z 004cf7d4     mfc100d:mfc100d.dll
 0004:000017d8       __imp_?DestroyWindow@CWnd@@UAEHXZ 004cf7d8     mfc100d:mfc100d.dll
 0004:000017dc       __imp_?CreateEx@CWnd@@UAEHKPBD0KHHHHPAUHWND__@@PAUHMENU__@@PAX@Z 004cf7dc     mfc100d:mfc100d.dll
 0004:000017e0       __imp_?CreateEx@CWnd@@UAEHKPBD0KABUtagRECT@@PAV1@IPAX@Z 004cf7e0     mfc100d:mfc100d.dll
 0004:000017e4       __imp_?PreSubclassWindow@CWnd@@UAEXXZ 004cf7e4     mfc100d:mfc100d.dll
 0004:000017e8       __imp_?GetConnectionHook@CCmdTarget@@MAEPAUIConnectionPoint@@ABU_GUID@@@Z 004cf7e8     mfc100d:mfc100d.dll
 0004:000017ec       __imp_?GetExtraConnectionPoints@CCmdTarget@@MAEHPAVCPtrArray@@@Z 004cf7ec     mfc100d:mfc100d.dll
 0004:000017f0       __imp_?GetInterfaceHook@CCmdTarget@@UAEPAUIUnknown@@PBX@Z 004cf7f0     mfc100d:mfc100d.dll
 0004:000017f4       __imp_?OnCreateAggregates@CCmdTarget@@UAEHXZ 004cf7f4     mfc100d:mfc100d.dll
 0004:000017f8       __imp_?GetEventSinkMap@CCmdTarget@@MBEPBUAFX_EVENTSINKMAP@@XZ 004cf7f8     mfc100d:mfc100d.dll
 0004:000017fc       __imp_?GetInterfaceMap@CWnd@@MBEPBUAFX_INTERFACEMAP@@XZ 004cf7fc     mfc100d:mfc100d.dll
 0004:00001800       __imp_?GetConnectionMap@CCmdTarget@@MBEPBUAFX_CONNECTIONMAP@@XZ 004cf800     mfc100d:mfc100d.dll
 0004:00001804       __imp_?GetDispatchMap@CCmdTarget@@MBEPBUAFX_DISPMAP@@XZ 004cf804     mfc100d:mfc100d.dll
 0004:00001808       __imp_?GetCommandMap@CCmdTarget@@MBEPBUAFX_OLECMDMAP@@XZ 004cf808     mfc100d:mfc100d.dll
 0004:0000180c       __imp_?GetMessageMap@CWnd@@MBEPBUAFX_MSGMAP@@XZ 004cf80c     mfc100d:mfc100d.dll
 0004:00001810       __imp_?GetTypeLib@CCmdTarget@@UAEJKPAPAUITypeLib@@@Z 004cf810     mfc100d:mfc100d.dll
 0004:00001814       __imp_?GetTypeLibCache@CCmdTarget@@UAEPAVCTypeLibCache@@XZ 004cf814     mfc100d:mfc100d.dll
 0004:00001818       __imp_?GetTypeInfoCount@CCmdTarget@@UAEIXZ 004cf818     mfc100d:mfc100d.dll
 0004:0000181c       __imp_?GetDispatchIID@CCmdTarget@@UAEHPAU_GUID@@@Z 004cf81c     mfc100d:mfc100d.dll
 0004:00001820       __imp_?IsInvokeAllowed@CCmdTarget@@UAEHJ@Z 004cf820     mfc100d:mfc100d.dll
 0004:00001824       __imp_?OnFinalRelease@CWnd@@UAEXXZ 004cf824     mfc100d:mfc100d.dll
 0004:00001828       __imp_?OnCmdMsg@CCmdTarget@@UAEHIHPAXPAUAFX_CMDHANDLERINFO@@@Z 004cf828     mfc100d:mfc100d.dll
 0004:0000182c       __imp_?Dump@CWnd@@UBEXAAVCDumpContext@@@Z 004cf82c     mfc100d:mfc100d.dll
 0004:00001830       __imp_?AssertValid@CWnd@@UBEXXZ 004cf830     mfc100d:mfc100d.dll
 0004:00001834       __imp_?Serialize@CObject@@UAEXAAVCArchive@@@Z 004cf834     mfc100d:mfc100d.dll
 0004:00001838       __imp_??0CWnd@@QAE@XZ      004cf838     mfc100d:mfc100d.dll
 0004:0000183c       __imp_??2CObject@@SGPAXI@Z 004cf83c     mfc100d:mfc100d.dll
 0004:00001840       __imp_??3CObject@@SGXPAX@Z 004cf840     mfc100d:mfc100d.dll
 0004:00001844       __imp_??3@YAXPAX@Z         004cf844     mfc100d:mfc100d.dll
 0004:00001848       __imp_?AfxWinMain@@YGHPAUHINSTANCE__@@0PADH@Z 004cf848     mfc100d:mfc100d.dll
 0004:0000184c       __imp_?GetDlgItem@CWnd@@QBEPAV1@H@Z 004cf84c     mfc100d:mfc100d.dll
 0004:00001850       __imp_?GetPathName@CFileDialog@@QBE?AV?$CStringT@DV?$StrTraitMFC_DLL@DV?$ChTraitsCRT@D@ATL@@@@@ATL@@XZ 004cf850     mfc100d:mfc100d.dll
 0004:00001854       \177mfc100d_NULL_THUNK_DATA 004cf854     mfc100d:mfc100d.dll
 0004:000019cc       __imp__olDaGetDASS@16      004cf9cc     oldaapi32:oldaapi32.dll
 0004:000019d0       __imp__olDaSetDataFlow@8   004cf9d0     oldaapi32:oldaapi32.dll
 0004:000019d4       __imp__olDaConfig@4        004cf9d4     oldaapi32:oldaapi32.dll
 0004:000019d8       __imp__olDaPutSingleValue@20 004cf9d8     oldaapi32:oldaapi32.dll
 0004:000019dc       __imp__olDaReleaseDASS@4   004cf9dc     oldaapi32:oldaapi32.dll
 0004:000019e0       __imp__olDaTerminate@4     004cf9e0     oldaapi32:oldaapi32.dll
 0004:000019e4       __imp__olDaInitialize@8    004cf9e4     oldaapi32:oldaapi32.dll
 0004:000019e8       \177oldaapi32_NULL_THUNK_DATA 004cf9e8     oldaapi32:oldaapi32.dll

 entry point at        0001:00026790

