 Octopus

 Timestamp is 563a49e6 (Wed Nov 04 13:09:42 2015)

 Preferred load address is 00400000

 Start         Length     Name                   Class
 0001:00000000 00090081H .text                   CODE
 0001:00090090 00002afeH .text$x                 CODE
 0001:00092b90 00001addH .text$yc                CODE
 0001:00094670 000010ceH .text$yd                CODE
 0002:00000000 00000104H .CRT$XCA                DATA
 0002:00000104 00000104H .CRT$XCAA               DATA
 0002:00000208 0000010eH .CRT$XCC                DATA
 0002:00000318 00000186H .CRT$XCL                DATA
 0002:000004a0 0000011cH .CRT$XCU                DATA
 0002:000005bc 00000104H .CRT$XCZ                DATA
 0002:000006c0 00000104H .CRT$XIA                DATA
 0002:000007c4 00000104H .CRT$XIAA               DATA
 0002:000008c8 00000104H .CRT$XIC                DATA
 0002:000009cc 00000104H .CRT$XIY                DATA
 0002:00000ad0 00000104H .CRT$XIZ                DATA
 0002:00000be0 00028f6dH .rdata                  DATA
 0002:00029b50 00000190H .rdata$debug            DATA
 0002:00029ce0 00000dc6H .rdata$r                DATA
 0002:0002aab0 000002abH .rdata$sxdata           DATA
 0002:0002ad5c 00000104H .rtc$IAA                DATA
 0002:0002ae60 00000104H .rtc$IZZ                DATA
 0002:0002af64 00000104H .rtc$TAA                DATA
 0002:0002b068 00000104H .rtc$TZZ                DATA
 0002:0002b170 00001af0H .xdata$x                DATA
 0002:0002cc60 00000104H ATL$__a                 DATA
 0002:0002cd64 00000104H ATL$__z                 DATA
 0002:0002ce68 00000000H .edata                  DATA
 0003:00000000 00001024H .data                   DATA
 0003:00001040 00003288H .bss                    DATA
 0004:00000000 000000b4H .idata$2                DATA
 0004:000000b4 00000014H .idata$3                DATA
 0004:000000c8 00000ca8H .idata$4                DATA
 0004:00000d70 00000ca8H .idata$5                DATA
 0004:00001a18 00000c55H .idata$6                DATA
 0005:00000000 0000092cH .rsrc$01                DATA
 0005:00000930 00004ee3H .rsrc$02                DATA

  Address         Publics by Value              Rva+Base       Lib:Object

 0000:00000000       __except_list              00000000     <absolute>
 0000:00000059       ___safe_se_handler_count   00000059     <absolute>
 0000:00009876       __fltused                  00009876     <absolute>
 0000:00009876       __ldused                   00009876     <absolute>
 0000:00000000       ___ImageBase               00400000     <linker-defined>
 0001:00001390       ?_AfxInitManaged@@YAHXZ    00402390 f i APTMotor.obj
 0001:000013a0       ?CreateObject@CMgmotorctrl1@@SGPAVCObject@@XZ 004023a0 f   APTMotor.obj
 0001:00001420       ?_GetBaseClass@CMgmotorctrl1@@KGPAUCRuntimeClass@@XZ 00402420 f   APTMotor.obj
 0001:00001430       ?GetThisClass@CMgmotorctrl1@@SGPAUCRuntimeClass@@XZ 00402430 f   APTMotor.obj
 0001:00001440       ?GetRuntimeClass@CMgmotorctrl1@@UBEPAUCRuntimeClass@@XZ 00402440 f   APTMotor.obj
 0001:00001480       ??0CMgmotorctrl1@@QAE@XZ   00402480 f i APTMotor.obj
 0001:000014b0       ?Create@CMgmotorctrl1@@UAEHPBD0KABUtagRECT@@PAVCWnd@@IPAUCCreateContext@@@Z 004024b0 f i APTMotor.obj
 0001:00001500       ?GetClsid@CMgmotorctrl1@@QAEABU_GUID@@XZ 00402500 f i APTMotor.obj
 0001:00001520       ??_GCMgmotorctrl1@@UAEPAXI@Z 00402520 f i APTMotor.obj
 0001:00001520       ??_ECMgmotorctrl1@@UAEPAXI@Z 00402520 f i APTMotor.obj
 0001:00001560       ??1CMgmotorctrl1@@UAE@XZ   00402560 f i APTMotor.obj
 0001:00001580       ??0Thank_you@Define_the_symbol__ATL_MIXED@@QAE@XZ 00402580 f i APTMotor.obj
 0001:000015a0       ?one@Thank_you@Define_the_symbol__ATL_MIXED@@UAEXXZ 004025a0 f i APTMotor.obj
 0001:000015b0       ?CreateObject@APT_system@@SGPAVCObject@@XZ 004025b0 f   APTSystem.obj
 0001:00001620       ?_GetBaseClass@APT_system@@KGPAUCRuntimeClass@@XZ 00402620 f   APTSystem.obj
 0001:00001630       ?GetThisClass@APT_system@@SGPAUCRuntimeClass@@XZ 00402630 f   APTSystem.obj
 0001:00001640       ?GetRuntimeClass@APT_system@@UBEPAUCRuntimeClass@@XZ 00402640 f   APTSystem.obj
 0001:00001680       ??0APT_system@@QAE@XZ      00402680 f i APTSystem.obj
 0001:000016b0       ?Create@APT_system@@UAEHPBD0KABUtagRECT@@PAVCWnd@@IPAUCCreateContext@@@Z 004026b0 f i APTSystem.obj
 0001:00001700       ?GetClsid@APT_system@@QAEABU_GUID@@XZ 00402700 f i APTSystem.obj
 0001:00001720       ??_GAPT_system@@UAEPAXI@Z  00402720 f i APTSystem.obj
 0001:00001720       ??_EAPT_system@@UAEPAXI@Z  00402720 f i APTSystem.obj
 0001:00001760       ??1APT_system@@UAE@XZ      00402760 f i APTSystem.obj
 0001:00001780       ??0CPort@@QAE@XZ           00402780 f   cport.obj
 0001:000017b0       ??1CPort@@QAE@XZ           004027b0 f   cport.obj
 0001:000017e0       ?OpenCPort@CPort@@QAE_NXZ  004027e0 f   cport.obj
 0001:000019e0       ?CloseCPort@CPort@@QAE_NXZ 004029e0 f   cport.obj
 0001:00001a30       ?WriteCPort@CPort@@QAE_NXZ 00402a30 f   cport.obj
 0001:00001b10       ?WriteCPortOneByte@CPort@@QAE_NXZ 00402b10 f   cport.obj
 0001:00001be0       ?CheckWrite@CPort@@QAE_NXZ 00402be0 f   cport.obj
 0001:00001c50       ?ReadCPort@CPort@@QAE_NXZ  00402c50 f   cport.obj
 0001:00001d60       ?ReadCPortOneByte@CPort@@QAE_NXZ 00402d60 f   cport.obj
 0001:00001e30       ?CheckRead@CPort@@QAE_NXZ  00402e30 f   cport.obj
 0001:00002060       ?_GetBaseClass@DisplayDialog@@KGPAUCRuntimeClass@@XZ 00403060 f   DisplayDialog.obj
 0001:00002070       ?GetThisClass@DisplayDialog@@SGPAUCRuntimeClass@@XZ 00403070 f   DisplayDialog.obj
 0001:00002080       ?GetRuntimeClass@DisplayDialog@@UBEPAUCRuntimeClass@@XZ 00403080 f   DisplayDialog.obj
 0001:00002090       ??0DisplayDialog@@QAE@PAVCWnd@@@Z 00403090 f   DisplayDialog.obj
 0001:000020c0       ??1DisplayDialog@@UAE@XZ   004030c0 f   DisplayDialog.obj
 0001:000020e0       ?DoDataExchange@DisplayDialog@@MAEXPAVCDataExchange@@@Z 004030e0 f   DisplayDialog.obj
 0001:00002100       ?GetMessageMap@DisplayDialog@@MBEPBUAFX_MSGMAP@@XZ 00403100 f   DisplayDialog.obj
 0001:00002110       ?GetThisMessageMap@DisplayDialog@@KGPBUAFX_MSGMAP@@XZ 00403110 f   DisplayDialog.obj
 0001:00002150       ??_EDisplayDialog@@UAEPAXI@Z 00403150 f i DisplayDialog.obj
 0001:00002150       ??_GDisplayDialog@@UAEPAXI@Z 00403150 f i DisplayDialog.obj
 0001:00002190       ?CreateObject@CMainFrame@@SGPAVCObject@@XZ 00403190 f   MainFrm.obj
 0001:00002210       ?_GetBaseClass@CMainFrame@@KGPAUCRuntimeClass@@XZ 00403210 f   MainFrm.obj
 0001:00002220       ?GetThisClass@CMainFrame@@SGPAUCRuntimeClass@@XZ 00403220 f   MainFrm.obj
 0001:00002230       ?GetRuntimeClass@CMainFrame@@UBEPAUCRuntimeClass@@XZ 00403230 f   MainFrm.obj
 0001:00002240       ??0CMainFrame@@IAE@XZ      00403240 f   MainFrm.obj
 0001:00002260       ??1CMainFrame@@UAE@XZ      00403260 f   MainFrm.obj
 0001:00002280       ?PreCreateWindow@CMainFrame@@UAEHAAUtagCREATESTRUCTA@@@Z 00403280 f   MainFrm.obj
 0001:00002320       ??_ECMainFrame@@UAEPAXI@Z  00403320 f i MainFrm.obj
 0001:00002320       ??_GCMainFrame@@UAEPAXI@Z  00403320 f i MainFrm.obj
 0001:00002360       ??0COctopusApp@@QAE@XZ     00403360 f   Octopus.obj
 0001:00002390       ?InitInstance@COctopusApp@@UAEHXZ 00403390 f   Octopus.obj
 0001:000024c0       ?ExitInstance@COctopusApp@@UAEHXZ 004034c0 f   Octopus.obj
 0001:00002530       ?SupportsRestartManager@CWinApp@@UBEHXZ 00403530 f i Octopus.obj
 0001:00002550       ?SupportsApplicationRecovery@CWinApp@@UBEHXZ 00403550 f i Octopus.obj
 0001:00002570       ?SupportsAutosaveAtRestart@CWinApp@@UBEHXZ 00403570 f i Octopus.obj
 0001:00002590       ?SupportsAutosaveAtInterval@CWinApp@@UBEHXZ 00403590 f i Octopus.obj
 0001:000025b0       ?ReopenPreviousFilesAtRestart@CWinApp@@UBEHXZ 004035b0 f i Octopus.obj
 0001:000025d0       ?RestoreAutosavedFilesAtRestart@CWinApp@@UBEHXZ 004035d0 f i Octopus.obj
 0001:000025f0       ?GetApplicationRestartFlags@CWinApp@@UAEKXZ 004035f0 f i Octopus.obj
 0001:00002600       ?GetApplicationRecoveryParameter@CWinApp@@UAEPAXXZ 00403600 f i Octopus.obj
 0001:00002610       ?GetApplicationRecoveryPingInterval@CWinApp@@UAEKXZ 00403610 f i Octopus.obj
 0001:00002630       ??_GCOctopusApp@@UAEPAXI@Z 00403630 f i Octopus.obj
 0001:00002630       ??_ECOctopusApp@@UAEPAXI@Z 00403630 f i Octopus.obj
 0001:00002670       ??1COctopusApp@@UAE@XZ     00403670 f i Octopus.obj
 0001:00002690       ??0Octopus_LED@@QAE@PAVCWnd@@@Z 00403690 f   Octopus_LED.obj
 0001:00002800       ?DoDataExchange@Octopus_LED@@MAEXPAVCDataExchange@@@Z 00403800 f   Octopus_LED.obj
 0001:000029a0       ?GetMessageMap@Octopus_LED@@MBEPBUAFX_MSGMAP@@XZ 004039a0 f   Octopus_LED.obj
 0001:000029b0       ?GetThisMessageMap@Octopus_LED@@KGPBUAFX_MSGMAP@@XZ 004039b0 f   Octopus_LED.obj
 0001:000029c0       ?OnInitDialog@Octopus_LED@@MAEHXZ 004039c0 f   Octopus_LED.obj
 0001:00002ab0       ??1Octopus_LED@@UAE@XZ     00403ab0 f   Octopus_LED.obj
 0001:00002b80       ?OnCommand@Octopus_LED@@MAEHIJ@Z 00403b80 f   Octopus_LED.obj
 0001:00002bd0       ?LED_On@Octopus_LED@@QAEXM@Z 00403bd0 f   Octopus_LED.obj
 0001:00002c10       ?LED_Off@Octopus_LED@@QAEXXZ 00403c10 f   Octopus_LED.obj
 0001:00002c30       ?Laser_On@Octopus_LED@@QAEXM@Z 00403c30 f   Octopus_LED.obj
 0001:00002c70       ?Laser_Off@Octopus_LED@@QAEXXZ 00403c70 f   Octopus_LED.obj
 0001:00002c90       ?SetLEDIntensity@Octopus_LED@@IAEXM@Z 00403c90 f   Octopus_LED.obj
 0001:00002d40       ?SetLaserIntensity@Octopus_LED@@IAEXM@Z 00403d40 f   Octopus_LED.obj
 0001:00002df0       ?SetFlow@Octopus_LED@@QAEXH@Z 00403df0 f   Octopus_LED.obj
 0001:00002e70       ?OnEnChangeLED@Octopus_LED@@QAEXXZ 00403e70 f   Octopus_LED.obj
 0001:00002ed0       ?OnEnChangeLaser@Octopus_LED@@QAEXXZ 00403ed0 f   Octopus_LED.obj
 0001:00002f30       ?OnNMCustomdrawLaserIntensitySlider@Octopus_LED@@QAEXPAUtagNMHDR@@PAJ@Z 00403f30 f   Octopus_LED.obj
 0001:00002fb0       ?OnNMCustomdrawLEDIntensitySlider@Octopus_LED@@QAEXPAUtagNMHDR@@PAJ@Z 00403fb0 f   Octopus_LED.obj
 0001:00003030       ?OnBnClickedDout1@Octopus_LED@@QAEXXZ 00404030 f   Octopus_LED.obj
 0001:00003090       ?OnBnClickedDout2@Octopus_LED@@QAEXXZ 00404090 f   Octopus_LED.obj
 0001:000030f0       ?OnBnClickedDout3@Octopus_LED@@QAEXXZ 004040f0 f   Octopus_LED.obj
 0001:00003150       ?OnBnClickedDout4@Octopus_LED@@QAEXXZ 00404150 f   Octopus_LED.obj
 0001:000031b0       ?OnBnClickedDout5@Octopus_LED@@QAEXXZ 004041b0 f   Octopus_LED.obj
 0001:00003210       ?OnBnClickedDout6@Octopus_LED@@QAEXXZ 00404210 f   Octopus_LED.obj
 0001:00003270       ?OnBnClickedDout7@Octopus_LED@@QAEXXZ 00404270 f   Octopus_LED.obj
 0001:000032d0       ?OnBnClickedDout8@Octopus_LED@@QAEXXZ 004042d0 f   Octopus_LED.obj
 0001:00003660       ??_EOctopus_LED@@UAEPAXI@Z 00404660 f i Octopus_LED.obj
 0001:00003660       ??_GOctopus_LED@@UAEPAXI@Z 00404660 f i Octopus_LED.obj
 0001:000036a0       ??0CTraceFileAndLineInfo@ATL@@QAE@PBDH@Z 004046a0 f i Octopus_LED.obj
 0001:000036d0       ??RCTraceFileAndLineInfo@ATL@@QBAXPBDZZ 004046d0 f i Octopus_LED.obj
 0001:00003730       ?TraceV@CTrace@ATL@@QBAXPBDHKI0PAD@Z 00404730 f i Octopus_LED.obj
 0001:00003770       ??BCTraceCategory@ATL@@QBEKXZ 00404770 f i Octopus_LED.obj
 0001:00003790       ??0COctopusPictureDisplay@@QAE@PAVCWnd@@GG@Z 00404790 f   OctopusCameraDisplay.obj
 0001:00003b50       ?OnInitDialog@COctopusPictureDisplay@@MAEHXZ 00404b50 f   OctopusCameraDisplay.obj
 0001:00003b70       ?GetMessageMap@COctopusPictureDisplay@@MBEPBUAFX_MSGMAP@@XZ 00404b70 f   OctopusCameraDisplay.obj
 0001:00003b80       ?GetThisMessageMap@COctopusPictureDisplay@@KGPBUAFX_MSGMAP@@XZ 00404b80 f   OctopusCameraDisplay.obj
 0001:00003b90       ?DoDataExchange@COctopusPictureDisplay@@MAEXPAVCDataExchange@@@Z 00404b90 f   OctopusCameraDisplay.obj
 0001:00003bd0       ??1COctopusPictureDisplay@@UAE@XZ 00404bd0 f   OctopusCameraDisplay.obj
 0001:00003df0       ?Create_Bitmap@COctopusPictureDisplay@@QAEXXZ 00404df0 f   OctopusCameraDisplay.obj
 0001:00004040       ?Draw_Bitmap@COctopusPictureDisplay@@IAEXXZ 00405040 f   OctopusCameraDisplay.obj
 0001:00004420       ?Update_Bitmap@COctopusPictureDisplay@@QAEXPAGG@Z 00405420 f   OctopusCameraDisplay.obj
 0001:00004e80       ?BasicAnalysis@COctopusPictureDisplay@@IAEXPAG@Z 00405e80 f   OctopusCameraDisplay.obj
 0001:00004fe0       ?ROIAnalysis@COctopusPictureDisplay@@IAEXPAG@Z 00405fe0 f   OctopusCameraDisplay.obj
 0001:00005310       ?BeadAnalysis@COctopusPictureDisplay@@QAEXPAG@Z 00406310 f   OctopusCameraDisplay.obj
 0001:00005a60       ?gNoise@COctopusPictureDisplay@@QAENNN@Z 00406a60 f   OctopusCameraDisplay.obj
 0001:00005af0       ?Open_A_File@COctopusPictureDisplay@@IAE_NXZ 00406af0 f   OctopusCameraDisplay.obj
 0001:00005d50       ?Close_The_File@COctopusPictureDisplay@@QAEXXZ 00406d50 f   OctopusCameraDisplay.obj
 0001:00005dd0       ?WritePic@COctopusPictureDisplay@@IAEXXZ 00406dd0 f   OctopusCameraDisplay.obj
 0001:00006000       ?UpdateTitle@COctopusPictureDisplay@@IAEXXZ 00407000 f   OctopusCameraDisplay.obj
 0001:00006160       ?ValidateMarkersAndSetROI@COctopusPictureDisplay@@IAEXXZ 00407160 f   OctopusCameraDisplay.obj
 0001:00006440       ?MouseMove@COctopusPictureDisplay@@IAEXVCPoint@@@Z 00407440 f   OctopusCameraDisplay.obj
 0001:000065a0       ?LeftButtonDown@COctopusPictureDisplay@@IAEXVCPoint@@@Z 004075a0 f   OctopusCameraDisplay.obj
 0001:00006610       ?LeftButtonUp@COctopusPictureDisplay@@IAEXVCPoint@@@Z 00407610 f   OctopusCameraDisplay.obj
 0001:00006690       ?OnMouseMove@COctopusPictureDisplay@@IAEXIVCPoint@@@Z 00407690 f   OctopusCameraDisplay.obj
 0001:000066d0       ?OnLButtonUp@COctopusPictureDisplay@@IAEXIVCPoint@@@Z 004076d0 f   OctopusCameraDisplay.obj
 0001:00006700       ?OnLButtonDown@COctopusPictureDisplay@@IAEXIVCPoint@@@Z 00407700 f   OctopusCameraDisplay.obj
 0001:00006730       ?OnRButtonDown@COctopusPictureDisplay@@IAEXIVCPoint@@@Z 00407730 f   OctopusCameraDisplay.obj
 0001:00006760       ?OnCommand@COctopusPictureDisplay@@MAEHIJ@Z 00407760 f   OctopusCameraDisplay.obj
 0001:000067b0       ?expfunc@@YAXPAN0HHPAX@Z   004077b0 f   OctopusCameraDisplay.obj
 0001:00006810       ?Gaussian_2D@@YAXPAN0HHPAX@Z 00407810 f   OctopusCameraDisplay.obj
 0001:000075c0       ??_GCOctopusPictureDisplay@@UAEPAXI@Z 004085c0 f i OctopusCameraDisplay.obj
 0001:000075c0       ??_ECOctopusPictureDisplay@@UAEPAXI@Z 004085c0 f i OctopusCameraDisplay.obj
 0001:00007600       ??HATL@@YA?AV?$CStringT@DV?$StrTraitMFC_DLL@DV?$ChTraitsCRT@D@ATL@@@@@0@ABV10@0@Z 00408600 f i OctopusCameraDisplay.obj
 0001:000076e0       ??0COctopusCamera@@QAE@PAVCWnd@@@Z 004086e0 f   OctopusCameraDlg.obj
 0001:00007b60       ?DoDataExchange@COctopusCamera@@MAEXPAVCDataExchange@@@Z 00408b60 f   OctopusCameraDlg.obj
 0001:00007e20       ?GetMessageMap@COctopusCamera@@MBEPBUAFX_MSGMAP@@XZ 00408e20 f   OctopusCameraDlg.obj
 0001:00007e30       ?GetThisMessageMap@COctopusCamera@@KGPBUAFX_MSGMAP@@XZ 00408e30 f   OctopusCameraDlg.obj
 0001:00007e40       ?OnInitDialog@COctopusCamera@@MAEHXZ 00408e40 f   OctopusCameraDlg.obj
 0001:00007f70       ??1COctopusCamera@@UAE@XZ  00408f70 f   OctopusCameraDlg.obj
 0001:00008170       ?SetExposureTime_Single_ms@COctopusCamera@@QAEXH@Z 00409170 f   OctopusCameraDlg.obj
 0001:000081a0       ?SetExposureTime_Movie_ms@COctopusCamera@@QAEXH@Z 004091a0 f   OctopusCameraDlg.obj
 0001:000081d0       ?SetCameraGain@COctopusCamera@@QAEXH@Z 004091d0 f   OctopusCameraDlg.obj
 0001:00008220       ?SetNKinetics@COctopusCamera@@QAEXH@Z 00409220 f   OctopusCameraDlg.obj
 0001:00008250       ?SetMovieGain@COctopusCamera@@QAEXH@Z 00409250 f   OctopusCameraDlg.obj
 0001:000082a0       ?Opencam@COctopusCamera@@IAEXXZ 004092a0 f   OctopusCameraDlg.obj
 0001:00008420       ?StartPicture@COctopusCamera@@QAEXXZ 00409420 f   OctopusCameraDlg.obj
 0001:000085d0       ?TakePicture@COctopusCamera@@QAEXXZ 004095d0 f   OctopusCameraDlg.obj
 0001:00008680       ?TakeKineticPicture@COctopusCamera@@QAEXXZ 00409680 f   OctopusCameraDlg.obj
 0001:00008710       ?StartMovie@COctopusCamera@@QAEXXZ 00409710 f   OctopusCameraDlg.obj
 0001:000087f0       ?StopCameraThread@COctopusCamera@@QAEXXZ 004097f0 f   OctopusCameraDlg.obj
 0001:00008840       ?SetROI_To_Default@COctopusCamera@@QAEXXZ 00409840 f   OctopusCameraDlg.obj
 0001:000088b0       ?SetROI@COctopusCamera@@IAEXXZ 004098b0 f   OctopusCameraDlg.obj
 0001:000089b0       ?BinChange@COctopusCamera@@IAEXXZ 004099b0 f   OctopusCameraDlg.obj
 0001:00008a10       ?OpenWindow@COctopusCamera@@IAEXXZ 00409a10 f   OctopusCameraDlg.obj
 0001:00008bc0       ?OnKillfocusGeneral@COctopusCamera@@IAEXXZ 00409bc0 f   OctopusCameraDlg.obj
 0001:00008be0       ?OnKillfocusTempTarget@COctopusCamera@@IAEXXZ 00409be0 f   OctopusCameraDlg.obj
 0001:00008c00       ?OnKillfocusManualGain@COctopusCamera@@IAEXXZ 00409c00 f   OctopusCameraDlg.obj
 0001:00008c30       ?OnKillfocusPicturesPerFile@COctopusCamera@@IAEXXZ 00409c30 f   OctopusCameraDlg.obj
 0001:00008c60       ?OnBinning1x1@COctopusCamera@@IAEXXZ 00409c60 f   OctopusCameraDlg.obj
 0001:00008c90       ?OnBinning2x2@COctopusCamera@@IAEXXZ 00409c90 f   OctopusCameraDlg.obj
 0001:00008cc0       ?OnBinning4x4@COctopusCamera@@IAEXXZ 00409cc0 f   OctopusCameraDlg.obj
 0001:00008cf0       ?OnBinning8x8@COctopusCamera@@IAEXXZ 00409cf0 f   OctopusCameraDlg.obj
 0001:00008d20       ?OnVSSPEED_0@COctopusCamera@@IAEXXZ 00409d20 f   OctopusCameraDlg.obj
 0001:00008d40       ?OnVSSPEED_1@COctopusCamera@@IAEXXZ 00409d40 f   OctopusCameraDlg.obj
 0001:00008d60       ?OnVSSPEED_2@COctopusCamera@@IAEXXZ 00409d60 f   OctopusCameraDlg.obj
 0001:00008d80       ?OnVSSPEED_3@COctopusCamera@@IAEXXZ 00409d80 f   OctopusCameraDlg.obj
 0001:00008da0       ?OnVSSPEED_4@COctopusCamera@@IAEXXZ 00409da0 f   OctopusCameraDlg.obj
 0001:00008dc0       ?OnHSSPEED_0@COctopusCamera@@IAEXXZ 00409dc0 f   OctopusCameraDlg.obj
 0001:00008de0       ?OnHSSPEED_1@COctopusCamera@@IAEXXZ 00409de0 f   OctopusCameraDlg.obj
 0001:00008e00       ?OnHSSPEED_2@COctopusCamera@@IAEXXZ 00409e00 f   OctopusCameraDlg.obj
 0001:00008e20       ?OnHSSPEED_3@COctopusCamera@@IAEXXZ 00409e20 f   OctopusCameraDlg.obj
 0001:00008e40       ?OnHSSPEED_4@COctopusCamera@@IAEXXZ 00409e40 f   OctopusCameraDlg.obj
 0001:00008e60       ?OnHSSPEED_5@COctopusCamera@@IAEXXZ 00409e60 f   OctopusCameraDlg.obj
 0001:00008e80       ?OnLMM_0@COctopusCamera@@IAEXXZ 00409e80 f   OctopusCameraDlg.obj
 0001:00008eb0       ?OnLMM_1@COctopusCamera@@IAEXXZ 00409eb0 f   OctopusCameraDlg.obj
 0001:00008ee0       ?OnLMM_2@COctopusCamera@@IAEXXZ 00409ee0 f   OctopusCameraDlg.obj
 0001:00008f10       ?OnLMM_3@COctopusCamera@@IAEXXZ 00409f10 f   OctopusCameraDlg.obj
 0001:00008f40       ?OnPIC_0@COctopusCamera@@IAEXXZ 00409f40 f   OctopusCameraDlg.obj
 0001:00008f70       ?OnPIC_1@COctopusCamera@@IAEXXZ 00409f70 f   OctopusCameraDlg.obj
 0001:00008fa0       ?OnPIC_2@COctopusCamera@@IAEXXZ 00409fa0 f   OctopusCameraDlg.obj
 0001:00008fd0       ?OnGL_0@COctopusCamera@@IAEXXZ 00409fd0 f   OctopusCameraDlg.obj
 0001:00009000       ?OnGL_1@COctopusCamera@@IAEXXZ 0040a000 f   OctopusCameraDlg.obj
 0001:00009040       ?OnGL_2@COctopusCamera@@IAEXXZ 0040a040 f   OctopusCameraDlg.obj
 0001:00009080       ?OnVSSPEED_Report@COctopusCamera@@IAEXXZ 0040a080 f   OctopusCameraDlg.obj
 0001:00009090       ?OnHSSPEED_Report@COctopusCamera@@IAEXXZ 0040a090 f   OctopusCameraDlg.obj
 0001:000090a0       ?OnDisplayGainManual@COctopusCamera@@IAEXXZ 0040a0a0 f   OctopusCameraDlg.obj
 0001:000090d0       ?OnDisplayGainAutomatic@COctopusCamera@@IAEXXZ 0040a0d0 f   OctopusCameraDlg.obj
 0001:00009100       ?OnFileChange@COctopusCamera@@IAEXXZ 0040a100 f   OctopusCameraDlg.obj
 0001:00009130       ?OnFocusChange@COctopusCamera@@IAEXXZ 0040a130 f   OctopusCameraDlg.obj
 0001:00009150       ?StartSaving@COctopusCamera@@QAEXXZ 0040a150 f   OctopusCameraDlg.obj
 0001:000091e0       ?StopSaving@COctopusCamera@@QAEXXZ 0040a1e0 f   OctopusCameraDlg.obj
 0001:00009260       ?FileClose@COctopusCamera@@QAEXXZ 0040a260 f   OctopusCameraDlg.obj
 0001:000092b0       ?OnSetPath@COctopusCamera@@IAEXXZ 0040a2b0 f   OctopusCameraDlg.obj
 0001:00009480       ?OnTimer@COctopusCamera@@IAEXI@Z 0040a480 f   OctopusCameraDlg.obj
 0001:000099a0       ?StartWaitThread@COctopusCamera@@IAEXXZ 0040a9a0 f   OctopusCameraDlg.obj
 0001:00009a00       ?KillWaitThread@COctopusCamera@@IAEXXZ 0040aa00 f   OctopusCameraDlg.obj
 0001:00009aa0       ?FocusThread@@YGKPAX@Z     0040aaa0 f   OctopusCameraDlg.obj
 0001:00009ae0       ?OnBnClickedCasFt@COctopusCamera@@QAEXXZ 0040aae0 f   OctopusCameraDlg.obj
 0001:00009b20       ?OnBnClickedCasTTL@COctopusCamera@@QAEXXZ 0040ab20 f   OctopusCameraDlg.obj
 0001:00009b60       ?OnBnClickedCasAL@COctopusCamera@@QAEXXZ 0040ab60 f   OctopusCameraDlg.obj
 0001:00009ba0       ?OnCommand@COctopusCamera@@MAEHIJ@Z 0040aba0 f   OctopusCameraDlg.obj
 0001:00009bf0       ?EnableDlg@COctopusCamera@@IAEXXZ 0040abf0 f   OctopusCameraDlg.obj
 0001:00009da0       ?DisableDlgMovie@COctopusCamera@@IAEXXZ 0040ada0 f   OctopusCameraDlg.obj
 0001:00009e00       ?DisableDlg@COctopusCamera@@IAEXXZ 0040ae00 f   OctopusCameraDlg.obj
 0001:00009f70       ?OnBnClickedGeneralFocus@COctopusCamera@@QAEXXZ 0040af70 f   OctopusCameraDlg.obj
 0001:00009fd0       ?OnEnChangeFocusEdit@COctopusCamera@@QAEXXZ 0040afd0 f   OctopusCameraDlg.obj
 0001:00009ff0       ?OnEnChangeCasPicturesPerFile@COctopusCamera@@QAEXXZ 0040aff0 f   OctopusCameraDlg.obj
 0001:0000aa50       ??_GCOctopusCamera@@UAEPAXI@Z 0040ba50 f i OctopusCameraDlg.obj
 0001:0000aa50       ??_ECOctopusCamera@@UAEPAXI@Z 0040ba50 f i OctopusCameraDlg.obj
 0001:0000aa90       ??HATL@@YA?AV?$CStringT@DV?$StrTraitMFC_DLL@DV?$ChTraitsCRT@D@ATL@@@@@0@ABV10@PBD@Z 0040ba90 f i OctopusCameraDlg.obj
 0001:0000ab70       ??0COctopusGoodClock@@QAE@XZ 0040bb70 f   OctopusClock.obj
 0001:0000abd0       ??1COctopusGoodClock@@UAE@XZ 0040bbd0 f   OctopusClock.obj
 0001:0000abf0       ?End@COctopusGoodClock@@QBENXZ 0040bbf0 f   OctopusClock.obj
 0001:0000ac80       ??_GCOctopusGoodClock@@UAEPAXI@Z 0040bc80 f i OctopusClock.obj
 0001:0000ac80       ??_ECOctopusGoodClock@@UAEPAXI@Z 0040bc80 f i OctopusClock.obj
 0001:0000acc0       ?CreateObject@COctopusDoc@@SGPAVCObject@@XZ 0040bcc0 f   OctopusDoc.obj
 0001:0000ad40       ?_GetBaseClass@COctopusDoc@@KGPAUCRuntimeClass@@XZ 0040bd40 f   OctopusDoc.obj
 0001:0000ad50       ?GetThisClass@COctopusDoc@@SGPAUCRuntimeClass@@XZ 0040bd50 f   OctopusDoc.obj
 0001:0000ad60       ?GetRuntimeClass@COctopusDoc@@UBEPAUCRuntimeClass@@XZ 0040bd60 f   OctopusDoc.obj
 0001:0000ad70       ??0COctopusDoc@@IAE@XZ     0040bd70 f   OctopusDoc.obj
 0001:0000ad90       ??1COctopusDoc@@UAE@XZ     0040bd90 f   OctopusDoc.obj
 0001:0000adb0       ?OnNewDocument@COctopusDoc@@UAEHXZ 0040bdb0 f   OctopusDoc.obj
 0001:0000ae00       ?GetAdapter@CDocument@@UAEPAUIDocument@ATL@@XZ 0040be00 f i OctopusDoc.obj
 0001:0000af30       ??0CDocumentAdapter@CDocument@@QAE@PAV1@@Z 0040bf30 f i OctopusDoc.obj
 0001:0000af70       ??0IDocument@ATL@@IAE@XZ   0040bf70 f i OctopusDoc.obj
 0001:0000afa0       ?AddRef@IDocument@ATL@@UAEJXZ 0040bfa0 f i OctopusDoc.obj
 0001:0000afc0       ?Release@IDocument@ATL@@UAEJXZ 0040bfc0 f i OctopusDoc.obj
 0001:0000b050       ??_GIDocument@ATL@@UAEPAXI@Z 0040c050 f i OctopusDoc.obj
 0001:0000b050       ??_EIDocument@ATL@@UAEPAXI@Z 0040c050 f i OctopusDoc.obj
 0001:0000b090       ??1IDocument@ATL@@UAE@XZ   0040c090 f i OctopusDoc.obj
 0001:0000b0b0       ?LoadFromStream@CDocumentAdapter@CDocument@@UAEJPAUIStream@@K@Z 0040c0b0 f i OctopusDoc.obj
 0001:0000b190       ?InitializeSearchContent@CDocumentAdapter@CDocument@@UAEXXZ 0040c190 f i OctopusDoc.obj
 0001:0000b220       ?ClearChunkList@CDocumentAdapter@CDocument@@UAEXXZ 0040c220 f i OctopusDoc.obj
 0001:0000b2b0       ?SetChunkValue@CDocumentAdapter@CDocument@@UAEHPAUIFilterChunkValue@ATL@@@Z 0040c2b0 f i OctopusDoc.obj
 0001:0000b340       ?BeginReadChunks@CDocumentAdapter@CDocument@@UAEXXZ 0040c340 f i OctopusDoc.obj
 0001:0000b3d0       ?ReadNextChunkValue@CDocumentAdapter@CDocument@@UAEHPAPAUIFilterChunkValue@ATL@@@Z 0040c3d0 f i OctopusDoc.obj
 0001:0000b460       ?RemoveChunk@CDocumentAdapter@CDocument@@UAEXABU_GUID@@K@Z 0040c460 f i OctopusDoc.obj
 0001:0000b4f0       ?FindChunk@CDocumentAdapter@CDocument@@UAEPAU__POSITION@@ABU_GUID@@K@Z 0040c4f0 f i OctopusDoc.obj
 0001:0000b590       ?GetContainer@CDocumentAdapter@CDocument@@UBEPAXXZ 0040c590 f i OctopusDoc.obj
 0001:0000b5b0       ?GetThumbnail@CDocumentAdapter@CDocument@@UAEHIPAPAUHBITMAP__@@PAW4WTS_ALPHATYPE@@@Z 0040c5b0 f i OctopusDoc.obj
 0001:0000b650       ?OnBeforeRichPreviewFontChanged@CDocument@@UAEXXZ 0040c650 f i OctopusDoc.obj
 0001:0000b660       ?OnRichPreviewFontChanged@CDocument@@UAEXXZ 0040c660 f i OctopusDoc.obj
 0001:0000b670       ?OnRichPreviewTextColorChanged@CDocument@@UAEXXZ 0040c670 f i OctopusDoc.obj
 0001:0000b680       ?OnRichPreviewBackColorChanged@CDocument@@UAEXXZ 0040c680 f i OctopusDoc.obj
 0001:0000b690       ?OnRichPreviewSiteChanged@CDocument@@UAEXXZ 0040c690 f i OctopusDoc.obj
 0001:0000b6a0       ?InitializeSearchContent@CDocument@@UAEXXZ 0040c6a0 f i OctopusDoc.obj
 0001:0000b6e0       ??_ECDocumentAdapter@CDocument@@UAEPAXI@Z 0040c6e0 f i OctopusDoc.obj
 0001:0000b6e0       ??_GCDocumentAdapter@CDocument@@UAEPAXI@Z 0040c6e0 f i OctopusDoc.obj
 0001:0000b720       ??1CDocumentAdapter@CDocument@@UAE@XZ 0040c720 f i OctopusDoc.obj
 0001:0000b7e0       ??_ECOctopusDoc@@UAEPAXI@Z 0040c7e0 f i OctopusDoc.obj
 0001:0000b7e0       ??_GCOctopusDoc@@UAEPAXI@Z 0040c7e0 f i OctopusDoc.obj
 0001:0000b820       ??0COctopusFocus@@QAE@PAVCWnd@@@Z 0040c820 f   OctopusFocus.obj
 0001:0000b9f0       ?OnInitDialog@COctopusFocus@@UAEHXZ 0040c9f0 f   OctopusFocus.obj
 0001:0000ba10       ??1COctopusFocus@@UAE@XZ   0040ca10 f   OctopusFocus.obj
 0001:0000bad0       ?Close@COctopusFocus@@QAEXXZ 0040cad0 f   OctopusFocus.obj
 0001:0000baf0       ?OnFocus@COctopusFocus@@QAEXXZ 0040caf0 f   OctopusFocus.obj
 0001:0000bbf0       ?AutoFocus@COctopusFocus@@QAEXN@Z 0040cbf0 f   OctopusFocus.obj
 0001:0000be10       ?ROIFocus@COctopusFocus@@QAEXN@Z 0040ce10 f   OctopusFocus.obj
 0001:0000c050       ?EndFocus@COctopusFocus@@QAEXXZ 0040d050 f   OctopusFocus.obj
 0001:0000c140       ?OnTimer@COctopusFocus@@QAEXI@Z 0040d140 f   OctopusFocus.obj
 0001:0000c760       ?DoDataExchange@COctopusFocus@@MAEXPAVCDataExchange@@@Z 0040d760 f   OctopusFocus.obj
 0001:0000c7c0       ?GetMessageMap@COctopusFocus@@MBEPBUAFX_MSGMAP@@XZ 0040d7c0 f   OctopusFocus.obj
 0001:0000c7d0       ?GetThisMessageMap@COctopusFocus@@KGPBUAFX_MSGMAP@@XZ 0040d7d0 f   OctopusFocus.obj
 0001:0000c7e0       ?OnKillfocusGeneral@COctopusFocus@@QAEXXZ 0040d7e0 f   OctopusFocus.obj
 0001:0000c800       ?OnCommand@COctopusFocus@@MAEHIJ@Z 0040d800 f   OctopusFocus.obj
 0001:0000cc50       ??_ECOctopusFocus@@UAEPAXI@Z 0040dc50 f i OctopusFocus.obj
 0001:0000cc50       ??_GCOctopusFocus@@UAEPAXI@Z 0040dc50 f i OctopusFocus.obj
 0001:0000cc90       ?GetExposureTime_Single_ms@COctopusCamera@@QAEKXZ 0040dc90 f i OctopusFocus.obj
 0001:0000ccb0       ??0OctopusLaser@@QAE@PAVCWnd@@@Z 0040dcb0 f   OctopusLaser.obj
 0001:0000ce00       ?DoDataExchange@OctopusLaser@@MAEXPAVCDataExchange@@@Z 0040de00 f   OctopusLaser.obj
 0001:0000ce90       ?GetMessageMap@OctopusLaser@@MBEPBUAFX_MSGMAP@@XZ 0040de90 f   OctopusLaser.obj
 0001:0000cea0       ?GetThisMessageMap@OctopusLaser@@KGPBUAFX_MSGMAP@@XZ 0040dea0 f   OctopusLaser.obj
 0001:0000ceb0       ?OnInitDialog@OctopusLaser@@MAEHXZ 0040deb0 f   OctopusLaser.obj
 0001:0000cfe0       ??1OctopusLaser@@UAE@XZ    0040dfe0 f   OctopusLaser.obj
 0001:0000d0a0       ?OnCommand@OctopusLaser@@MAEHIJ@Z 0040e0a0 f   OctopusLaser.obj
 0001:0000d0f0       ?LED_On@OctopusLaser@@QAEXM@Z 0040e0f0 f   OctopusLaser.obj
 0001:0000d130       ?LED_Off@OctopusLaser@@QAEXXZ 0040e130 f   OctopusLaser.obj
 0001:0000d150       ?SetIntensity@OctopusLaser@@IAEXM@Z 0040e150 f   OctopusLaser.obj
 0001:0000d280       ?OnNMCustomdrawLasersSlider@OctopusLaser@@QAEXPAUtagNMHDR@@PAJ@Z 0040e280 f   OctopusLaser.obj
 0001:0000d3b0       ?OnEnKillfocusLaserInput@OctopusLaser@@QAEXXZ 0040e3b0 f   OctopusLaser.obj
 0001:0000d660       ??_EOctopusLaser@@UAEPAXI@Z 0040e660 f i OctopusLaser.obj
 0001:0000d660       ??_GOctopusLaser@@UAEPAXI@Z 0040e660 f i OctopusLaser.obj
 0001:0000d6a0       ??0COctopusLasers@@QAE@PAVCWnd@@@Z 0040e6a0 f   OctopusLasers.obj
 0001:0000d880       ?DoDataExchange@COctopusLasers@@MAEXPAVCDataExchange@@@Z 0040e880 f   OctopusLasers.obj
 0001:0000d960       ?GetMessageMap@COctopusLasers@@MBEPBUAFX_MSGMAP@@XZ 0040e960 f   OctopusLasers.obj
 0001:0000d970       ?GetThisMessageMap@COctopusLasers@@KGPBUAFX_MSGMAP@@XZ 0040e970 f   OctopusLasers.obj
 0001:0000d980       ??1COctopusLasers@@UAE@XZ  0040e980 f   OctopusLasers.obj
 0001:0000da90       ?OnClicked405@COctopusLasers@@QAEXXZ 0040ea90 f   OctopusLasers.obj
 0001:0000dac0       ?OnClicked488@COctopusLasers@@QAEXXZ 0040eac0 f   OctopusLasers.obj
 0001:0000daf0       ?OnClicked561@COctopusLasers@@QAEXXZ 0040eaf0 f   OctopusLasers.obj
 0001:0000db20       ?OnClicked639@COctopusLasers@@QAEXXZ 0040eb20 f   OctopusLasers.obj
 0001:0000db50       ?Laser_639_On@COctopusLasers@@QAEXXZ 0040eb50 f   OctopusLasers.obj
 0001:0000dba0       ?Laser_639_Off@COctopusLasers@@QAEXXZ 0040eba0 f   OctopusLasers.obj
 0001:0000dbf0       ?Laser_405_On@COctopusLasers@@QAEXXZ 0040ebf0 f   OctopusLasers.obj
 0001:0000dc40       ?Laser_405_Off@COctopusLasers@@QAEXXZ 0040ec40 f   OctopusLasers.obj
 0001:0000dc90       ?Laser_488_On@COctopusLasers@@QAEXXZ 0040ec90 f   OctopusLasers.obj
 0001:0000dce0       ?Laser_488_Off@COctopusLasers@@QAEXXZ 0040ece0 f   OctopusLasers.obj
 0001:0000dd30       ?Laser_561_On@COctopusLasers@@QAEXXZ 0040ed30 f   OctopusLasers.obj
 0001:0000dd80       ?Laser_561_Off@COctopusLasers@@QAEXXZ 0040ed80 f   OctopusLasers.obj
 0001:0000ddd0       ?Initialize@COctopusLasers@@QAEXXZ 0040edd0 f   OctopusLasers.obj
 0001:0000df70       ?OnCommand@COctopusLasers@@MAEHIJ@Z 0040ef70 f   OctopusLasers.obj
 0001:0000e200       ??_ECOctopusLasers@@UAEPAXI@Z 0040f200 f i OctopusLasers.obj
 0001:0000e200       ??_GCOctopusLasers@@UAEPAXI@Z 0040f200 f i OctopusLasers.obj
 0001:0000e240       ?SC_Enable@CMgmotorctrl1@@QAEJJ@Z 0040f240 f i OctopusLasers.obj
 0001:0000e290       ?SC_Disable@CMgmotorctrl1@@QAEJJ@Z 0040f290 f i OctopusLasers.obj
 0001:0000e2e0       ?StartCtrl@CMgmotorctrl1@@QAEJXZ 0040f2e0 f i OctopusLasers.obj
 0001:0000e320       ?SC_SetOperatingMode@CMgmotorctrl1@@QAEJJJ@Z 0040f320 f i OctopusLasers.obj
 0001:0000e370       ?SetHWSerialNum@CMgmotorctrl1@@QAEXJ@Z 0040f370 f i OctopusLasers.obj
 0001:0000e3a0       ??0COctopusLog@@QAE@XZ     0040f3a0 f   OctopusLog.obj
 0001:0000e3e0       ??1COctopusLog@@QAE@XZ     0040f3e0 f   OctopusLog.obj
 0001:0000e410       ?Open_File@COctopusLog@@IAE_NXZ 0040f410 f   OctopusLog.obj
 0001:0000e450       ?Write@COctopusLog@@QAEXV?$CStringT@DV?$StrTraitMFC_DLL@DV?$ChTraitsCRT@D@ATL@@@@@ATL@@@Z 0040f450 f   OctopusLog.obj
 0001:0000e630       ?Format@CTime@ATL@@QBE?AV?$CStringT@DV?$StrTraitMFC_DLL@DV?$ChTraitsCRT@D@ATL@@@@@2@PBD@Z 0040f630 f i OctopusLog.obj
 0001:0000e730       ?AtlThrowImpl@ATL@@YGXJ@Z  0040f730 f i OctopusLog.obj
 0001:0000e7a0       ??RCTraceFileAndLineInfo@ATL@@QBAXKIPBDZZ 0040f7a0 f i OctopusLog.obj
 0001:0000e7f0       ??0COctopusObjectivePiezo@@QAE@PAVCWnd@@@Z 0040f7f0 f   OctopusObjectivePiezo.obj
 0001:0000e9e0       ?OnInitDialog@COctopusObjectivePiezo@@UAEHXZ 0040f9e0 f   OctopusObjectivePiezo.obj
 0001:0000ea00       ??1COctopusObjectivePiezo@@UAE@XZ 0040fa00 f   OctopusObjectivePiezo.obj
 0001:0000ead0       ?Initialize@COctopusObjectivePiezo@@QAEHXZ 0040fad0 f   OctopusObjectivePiezo.obj
 0001:0000ec50       ?Close@COctopusObjectivePiezo@@QAEXXZ 0040fc50 f   OctopusObjectivePiezo.obj
 0001:0000ecf0       ?MoveRelZ@COctopusObjectivePiezo@@QAEXN@Z 0040fcf0 f   OctopusObjectivePiezo.obj
 0001:0000ed00       ?MoveUp@COctopusObjectivePiezo@@QAEXXZ 0040fd00 f   OctopusObjectivePiezo.obj
 0001:0000ed30       ?MoveDown@COctopusObjectivePiezo@@QAEXXZ 0040fd30 f   OctopusObjectivePiezo.obj
 0001:0000ed60       ?OnStepSize1@COctopusObjectivePiezo@@QAEXXZ 0040fd60 f   OctopusObjectivePiezo.obj
 0001:0000eda0       ?OnStepSize2@COctopusObjectivePiezo@@QAEXXZ 0040fda0 f   OctopusObjectivePiezo.obj
 0001:0000ede0       ?OnStepSize3@COctopusObjectivePiezo@@QAEXXZ 0040fde0 f   OctopusObjectivePiezo.obj
 0001:0000ee20       ?OnStepSize4@COctopusObjectivePiezo@@QAEXXZ 0040fe20 f   OctopusObjectivePiezo.obj
 0001:0000ee50       ?OnStepSize5@COctopusObjectivePiezo@@QAEXXZ 0040fe50 f   OctopusObjectivePiezo.obj
 0001:0000ee90       ?GetPosition@COctopusObjectivePiezo@@IAENXZ 0040fe90 f   OctopusObjectivePiezo.obj
 0001:0000eeb0       ?UpdatePosition@COctopusObjectivePiezo@@IAEXXZ 0040feb0 f   OctopusObjectivePiezo.obj
 0001:0000eee0       ?ShowPosition@COctopusObjectivePiezo@@IAEXXZ 0040fee0 f   OctopusObjectivePiezo.obj
 0001:0000ef90       ?Center@COctopusObjectivePiezo@@QAEXXZ 0040ff90 f   OctopusObjectivePiezo.obj
 0001:0000efb0       ?OnSave@COctopusObjectivePiezo@@QAEXXZ 0040ffb0 f   OctopusObjectivePiezo.obj
 0001:0000f020       ?OnSaveGoTo@COctopusObjectivePiezo@@QAEXXZ 00410020 f   OctopusObjectivePiezo.obj
 0001:0000f040       ?OnTimer@COctopusObjectivePiezo@@QAEXI@Z 00410040 f   OctopusObjectivePiezo.obj
 0001:0000f100       ?DoDataExchange@COctopusObjectivePiezo@@MAEXPAVCDataExchange@@@Z 00410100 f   OctopusObjectivePiezo.obj
 0001:0000f150       ?GetMessageMap@COctopusObjectivePiezo@@MBEPBUAFX_MSGMAP@@XZ 00410150 f   OctopusObjectivePiezo.obj
 0001:0000f160       ?GetThisMessageMap@COctopusObjectivePiezo@@KGPBUAFX_MSGMAP@@XZ 00410160 f   OctopusObjectivePiezo.obj
 0001:0000f170       ?OnKillfocusGeneral@COctopusObjectivePiezo@@QAEXXZ 00410170 f   OctopusObjectivePiezo.obj
 0001:0000f190       ?OnCommand@COctopusObjectivePiezo@@MAEHIJ@Z 00410190 f   OctopusObjectivePiezo.obj
 0001:0000f450       ??_ECOctopusObjectivePiezo@@UAEPAXI@Z 00410450 f i OctopusObjectivePiezo.obj
 0001:0000f450       ??_GCOctopusObjectivePiezo@@UAEPAXI@Z 00410450 f i OctopusObjectivePiezo.obj
 0001:0000f490       ??0COctopusScope@@QAE@PAVCWnd@@@Z 00410490 f   OctopusScope.obj
 0001:0000f5f0       ?OnInitDialog@COctopusScope@@MAEHXZ 004105f0 f   OctopusScope.obj
 0001:0000f620       ?OnTimer@COctopusScope@@QAEXI@Z 00410620 f   OctopusScope.obj
 0001:0000f690       ?Init@COctopusScope@@IAE_NXZ 00410690 f   OctopusScope.obj
 0001:0000fe60       ?DoDataExchange@COctopusScope@@MAEXPAVCDataExchange@@@Z 00410e60 f   OctopusScope.obj
 0001:0000ff20       ?GetMessageMap@COctopusScope@@MBEPBUAFX_MSGMAP@@XZ 00410f20 f   OctopusScope.obj
 0001:0000ff30       ?GetThisMessageMap@COctopusScope@@KGPBUAFX_MSGMAP@@XZ 00410f30 f   OctopusScope.obj
 0001:0000ff40       ?Close@COctopusScope@@QAEXXZ 00410f40 f   OctopusScope.obj
 0001:0000fff0       ??1COctopusScope@@UAE@XZ   00410ff0 f   OctopusScope.obj
 0001:000100a0       ?Z_StepDown@COctopusScope@@QAEXXZ 004110a0 f   OctopusScope.obj
 0001:00010170       ?Z_StepUp@COctopusScope@@QAEXXZ 00411170 f   OctopusScope.obj
 0001:00010240       ?ObjESC@COctopusScope@@QAEXXZ 00411240 f   OctopusScope.obj
 0001:00010380       ?ObjRTN@COctopusScope@@QAEXXZ 00411380 f   OctopusScope.obj
 0001:00010480       ?OnObjectiveStepSize1@COctopusScope@@QAEXXZ 00411480 f   OctopusScope.obj
 0001:000104c0       ?OnObjectiveStepSize2@COctopusScope@@QAEXXZ 004114c0 f   OctopusScope.obj
 0001:00010500       ?OnObjectiveStepSize3@COctopusScope@@QAEXXZ 00411500 f   OctopusScope.obj
 0001:00010540       ?OnObjectiveStepSize4@COctopusScope@@QAEXXZ 00411540 f   OctopusScope.obj
 0001:00010580       ?GetPosition@COctopusScope@@QAEXXZ 00411580 f   OctopusScope.obj
 0001:00010770       ?DisplayPosition@COctopusScope@@IAEXXZ 00411770 f   OctopusScope.obj
 0001:00010820       ?OnObj_1@COctopusScope@@QAEXXZ 00411820 f   OctopusScope.obj
 0001:00010850       ?OnObj_2@COctopusScope@@QAEXXZ 00411850 f   OctopusScope.obj
 0001:00010880       ?OnObj_3@COctopusScope@@QAEXXZ 00411880 f   OctopusScope.obj
 0001:000108b0       ?OnObj_4@COctopusScope@@QAEXXZ 004118b0 f   OctopusScope.obj
 0001:000108e0       ?OnObj_5@COctopusScope@@QAEXXZ 004118e0 f   OctopusScope.obj
 0001:00010910       ?OnObj_6@COctopusScope@@QAEXXZ 00411910 f   OctopusScope.obj
 0001:00010940       ?OnFW_1@COctopusScope@@QAEXXZ 00411940 f   OctopusScope.obj
 0001:00010970       ?OnFW_2@COctopusScope@@QAEXXZ 00411970 f   OctopusScope.obj
 0001:000109a0       ?OnFW_3@COctopusScope@@QAEXXZ 004119a0 f   OctopusScope.obj
 0001:000109d0       ?OnFW_4@COctopusScope@@QAEXXZ 004119d0 f   OctopusScope.obj
 0001:00010a00       ?OnFW_5@COctopusScope@@QAEXXZ 00411a00 f   OctopusScope.obj
 0001:00010a30       ?OnFW_6@COctopusScope@@QAEXXZ 00411a30 f   OctopusScope.obj
 0001:00010a60       ?OnBFW_1@COctopusScope@@QAEXXZ 00411a60 f   OctopusScope.obj
 0001:00010a90       ?OnBFW_2@COctopusScope@@QAEXXZ 00411a90 f   OctopusScope.obj
 0001:00010ac0       ?OnBFW_3@COctopusScope@@QAEXXZ 00411ac0 f   OctopusScope.obj
 0001:00010af0       ?OnBFW_4@COctopusScope@@QAEXXZ 00411af0 f   OctopusScope.obj
 0001:00010b20       ?OnBFW_5@COctopusScope@@QAEXXZ 00411b20 f   OctopusScope.obj
 0001:00010b50       ?OnBFW_6@COctopusScope@@QAEXXZ 00411b50 f   OctopusScope.obj
 0001:00010b80       ?Objective@COctopusScope@@QAEXH@Z 00411b80 f   OctopusScope.obj
 0001:00010e90       ?GetObj@COctopusScope@@IAEHXZ 00411e90 f   OctopusScope.obj
 0001:00011040       ?GetFW@COctopusScope@@IAEHXZ 00412040 f   OctopusScope.obj
 0001:000111f0       ?GetBFW@COctopusScope@@IAEHXZ 004121f0 f   OctopusScope.obj
 0001:000113a0       ?EpiFilterWheel@COctopusScope@@QAEXH@Z 004123a0 f   OctopusScope.obj
 0001:00011470       ?BrightFieldFilterWheel@COctopusScope@@QAEXH@Z 00412470 f   OctopusScope.obj
 0001:00011540       ?ChangePath@COctopusScope@@QAEXXZ 00412540 f   OctopusScope.obj
 0001:000115c0       ?BrightField@COctopusScope@@QAEXH@Z 004125c0 f   OctopusScope.obj
 0001:00011690       ?OnNMCustomdrawExecute@COctopusScope@@IAEXPAUtagNMHDR@@PAJ@Z 00412690 f   OctopusScope.obj
 0001:000116f0       ?DisplayBFIntensity@COctopusScope@@IAEXH@Z 004126f0 f   OctopusScope.obj
 0001:000117b0       ?WriteScope@COctopusScope@@IAE_NV?$CStringT@DV?$StrTraitMFC_DLL@DV?$ChTraitsCRT@D@ATL@@@@@ATL@@@Z 004127b0 f   OctopusScope.obj
 0001:000118d0       ?ReadScope@COctopusScope@@IAE?AV?$CStringT@DV?$StrTraitMFC_DLL@DV?$ChTraitsCRT@D@ATL@@@@@ATL@@G@Z 004128d0 f   OctopusScope.obj
 0001:000119a0       ?OnCommand@COctopusScope@@MAEHIJ@Z 004129a0 f   OctopusScope.obj
 0001:00012340       ??_ECOctopusScope@@UAEPAXI@Z 00413340 f i OctopusScope.obj
 0001:00012340       ??_GCOctopusScope@@UAEPAXI@Z 00413340 f i OctopusScope.obj
 0001:00012380       ??_GCPort@@QAEPAXI@Z       00413380 f i OctopusScope.obj
 0001:000123c0       ??9ATL@@YA_NABV?$CStringT@DV?$StrTraitMFC_DLL@DV?$ChTraitsCRT@D@ATL@@@@@0@PBD@Z 004133c0 f i OctopusScope.obj
 0001:000123e0       ??9ATL@@YA_NABV?$CStringT@DV?$StrTraitMFC_DLL@DV?$ChTraitsCRT@D@ATL@@@@@0@D@Z 004133e0 f i OctopusScope.obj
 0001:00012430       ??0COctopusScript@@QAE@PAVCWnd@@@Z 00413430 f   OctopusScript.obj
 0001:000125c0       ?DoDataExchange@COctopusScript@@MAEXPAVCDataExchange@@@Z 004135c0 f   OctopusScript.obj
 0001:00012640       ?GetMessageMap@COctopusScript@@MBEPBUAFX_MSGMAP@@XZ 00413640 f   OctopusScript.obj
 0001:00012650       ?GetThisMessageMap@COctopusScript@@KGPBUAFX_MSGMAP@@XZ 00413650 f   OctopusScript.obj
 0001:00012660       ??1COctopusScript@@UAE@XZ  00413660 f   OctopusScript.obj
 0001:00012720       ?OnButtonSeqLoad@COctopusScript@@IAEXXZ 00413720 f   OctopusScript.obj
 0001:00012cb0       ?OnButtonSeqRun@COctopusScript@@IAEXXZ 00413cb0 f   OctopusScript.obj
 0001:00012dc0       ?OnButtonSeqStop@COctopusScript@@IAEXXZ 00413dc0 f   OctopusScript.obj
 0001:00012e10       ?OnTimer@COctopusScript@@IAEXI@Z 00413e10 f   OctopusScript.obj
 0001:00014f70       ??_GCOctopusScript@@UAEPAXI@Z 00415f70 f i OctopusScript.obj
 0001:00014f70       ??_ECOctopusScript@@UAEPAXI@Z 00415f70 f i OctopusScript.obj
 0001:00014fb0       ??0COctopusShutterAndWheel@@QAE@PAVCWnd@@@Z 00415fb0 f   OctopusShutter.obj
 0001:000150e0       ?DoDataExchange@COctopusShutterAndWheel@@MAEXPAVCDataExchange@@@Z 004160e0 f   OctopusShutter.obj
 0001:00015170       ?GetMessageMap@COctopusShutterAndWheel@@MBEPBUAFX_MSGMAP@@XZ 00416170 f   OctopusShutter.obj
 0001:00015180       ?GetThisMessageMap@COctopusShutterAndWheel@@KGPBUAFX_MSGMAP@@XZ 00416180 f   OctopusShutter.obj
 0001:00015190       ?OnInitDialog@COctopusShutterAndWheel@@MAEHXZ 00416190 f   OctopusShutter.obj
 0001:00015250       ??1COctopusShutterAndWheel@@UAE@XZ 00416250 f   OctopusShutter.obj
 0001:00015310       ?OnSnap@COctopusShutterAndWheel@@QAEXXZ 00416310 f   OctopusShutter.obj
 0001:000153c0       ?Loadem@COctopusShutterAndWheel@@IAEXXZ 004163c0 f   OctopusShutter.obj
 0001:000157f0       ?ShutterOpen@COctopusShutterAndWheel@@QAEXXZ 004167f0 f   OctopusShutter.obj
 0001:00015870       ?ShutterPartial@COctopusShutterAndWheel@@QAEXE@Z 00416870 f   OctopusShutter.obj
 0001:00015930       ?ShutterClose@COctopusShutterAndWheel@@QAEXXZ 00416930 f   OctopusShutter.obj
 0001:000159c0       ?Filter@COctopusShutterAndWheel@@QAEXE@Z 004169c0 f   OctopusShutter.obj
 0001:00015a50       ?ShutterReady@COctopusShutterAndWheel@@QAE_NXZ 00416a50 f   OctopusShutter.obj
 0001:00015a80       ?Read@COctopusShutterAndWheel@@IAEKPAXKPAK@Z 00416a80 f   OctopusShutter.obj
 0001:00015ab0       ?SetBaudRate@COctopusShutterAndWheel@@IAEKK@Z 00416ab0 f   OctopusShutter.obj
 0001:00015ae0       ?SetLatencyTimer@COctopusShutterAndWheel@@IAEKE@Z 00416ae0 f   OctopusShutter.obj
 0001:00015b10       ?SetUSBParameters@COctopusShutterAndWheel@@IAEKKK@Z 00416b10 f   OctopusShutter.obj
 0001:00015b40       ?Write@COctopusShutterAndWheel@@IAEKPAXKPAK@Z 00416b40 f   OctopusShutter.obj
 0001:00015b70       ?Open@COctopusShutterAndWheel@@IAEKPAX@Z 00416b70 f   OctopusShutter.obj
 0001:00015ba0       ?OpenEx@COctopusShutterAndWheel@@IAEKPAXK@Z 00416ba0 f   OctopusShutter.obj
 0001:00015bd0       ?ListDevices@COctopusShutterAndWheel@@IAEKPAX0K@Z 00416bd0 f   OctopusShutter.obj
 0001:00015c00       ?Close@COctopusShutterAndWheel@@IAEKXZ 00416c00 f   OctopusShutter.obj
 0001:00015c20       ?ResetDevice@COctopusShutterAndWheel@@IAEKXZ 00416c20 f   OctopusShutter.obj
 0001:00015c40       ?Purge@COctopusShutterAndWheel@@IAEKK@Z 00416c40 f   OctopusShutter.obj
 0001:00015c70       ?SetTimeouts@COctopusShutterAndWheel@@IAEKKK@Z 00416c70 f   OctopusShutter.obj
 0001:00015ca0       ?GetQueueStatus@COctopusShutterAndWheel@@IAEKPAK@Z 00416ca0 f   OctopusShutter.obj
 0001:00015cd0       ?OnCommand@COctopusShutterAndWheel@@MAEHIJ@Z 00416cd0 f   OctopusShutter.obj
 0001:00015d20       ?OnNMCustomdrawExecute@COctopusShutterAndWheel@@QAEXPAUtagNMHDR@@PAJ@Z 00416d20 f   OctopusShutter.obj
 0001:00015d80       ?UpdateShutterVal@COctopusShutterAndWheel@@IAEXXZ 00416d80 f   OctopusShutter.obj
 0001:00015e40       ?OnBnClickedImageJ@COctopusShutterAndWheel@@QAEXXZ 00416e40 f   OctopusShutter.obj
 0001:00015e80       ?OnKillFocusGeneral@COctopusShutterAndWheel@@IAEXXZ 00416e80 f   OctopusShutter.obj
 0001:00015f30       ?OnBnClickedReturnfiltercontrol@COctopusShutterAndWheel@@QAEXXZ 00416f30 f   OctopusShutter.obj
 0001:00016380       ??_ECOctopusShutterAndWheel@@UAEPAXI@Z 00417380 f i OctopusShutter.obj
 0001:00016380       ??_GCOctopusShutterAndWheel@@UAEPAXI@Z 00417380 f i OctopusShutter.obj
 0001:000163c0       ??0COctopusStage545@@QAE@PAVCWnd@@@Z 004173c0 f   OctopusStage545.obj
 0001:000164f0       ?OnTimer@COctopusStage545@@QAEXI@Z 004174f0 f   OctopusStage545.obj
 0001:00016640       ?DoDataExchange@COctopusStage545@@MAEXPAVCDataExchange@@@Z 00417640 f   OctopusStage545.obj
 0001:00016730       ?GetMessageMap@COctopusStage545@@MBEPBUAFX_MSGMAP@@XZ 00417730 f   OctopusStage545.obj
 0001:00016740       ?GetThisMessageMap@COctopusStage545@@KGPBUAFX_MSGMAP@@XZ 00417740 f   OctopusStage545.obj
 0001:00016750       ?OnKillfocusGeneral@COctopusStage545@@QAEXXZ 00417750 f   OctopusStage545.obj
 0001:00016770       ??1COctopusStage545@@UAE@XZ 00417770 f   OctopusStage545.obj
 0001:00016820       ?MoveLeft@COctopusStage545@@QAEXXZ 00417820 f   OctopusStage545.obj
 0001:00016850       ?MoveRight@COctopusStage545@@QAEXXZ 00417850 f   OctopusStage545.obj
 0001:00016880       ?MoveBack@COctopusStage545@@QAEXXZ 00417880 f   OctopusStage545.obj
 0001:000168b0       ?MoveFwd@COctopusStage545@@QAEXXZ 004178b0 f   OctopusStage545.obj
 0001:000168e0       ?MoveUp@COctopusStage545@@QAEXXZ 004178e0 f   OctopusStage545.obj
 0001:00016910       ?MoveDown@COctopusStage545@@QAEXXZ 00417910 f   OctopusStage545.obj
 0001:00016940       ?MoveRelX@COctopusStage545@@QAEXN@Z 00417940 f   OctopusStage545.obj
 0001:00016970       ?MoveRelY@COctopusStage545@@QAEXN@Z 00417970 f   OctopusStage545.obj
 0001:000169a0       ?MoveRelZ@COctopusStage545@@QAEXN@Z 004179a0 f   OctopusStage545.obj
 0001:000169d0       ?OnStepSize1@COctopusStage545@@QAEXXZ 004179d0 f   OctopusStage545.obj
 0001:00016a10       ?OnStepSize2@COctopusStage545@@QAEXXZ 00417a10 f   OctopusStage545.obj
 0001:00016a50       ?OnStepSize3@COctopusStage545@@QAEXXZ 00417a50 f   OctopusStage545.obj
 0001:00016a90       ?OnStepSize4@COctopusStage545@@QAEXXZ 00417a90 f   OctopusStage545.obj
 0001:00016ad0       ?OnStepSize5@COctopusStage545@@QAEXXZ 00417ad0 f   OctopusStage545.obj
 0001:00016b00       ?InitializeStage@COctopusStage545@@QAEHXZ 00417b00 f   OctopusStage545.obj
 0001:00016c60       ?GetPosition@COctopusStage545@@QAEXXZ 00417c60 f   OctopusStage545.obj
 0001:00016cc0       ?Close@COctopusStage545@@QAEXXZ 00417cc0 f   OctopusStage545.obj
 0001:00016d20       ?StageCenter@COctopusStage545@@QAEXXZ 00417d20 f   OctopusStage545.obj
 0001:00016df0       ?OnSave@COctopusStage545@@QAEXXZ 00417df0 f   OctopusStage545.obj
 0001:00016f20       ?OnSaveGoTo@COctopusStage545@@QAEXXZ 00417f20 f   OctopusStage545.obj
 0001:00017000       ?ShowPosition@COctopusStage545@@IAEXXZ 00418000 f   OctopusStage545.obj
 0001:000170b0       ?OnCommand@COctopusStage545@@MAEHIJ@Z 004180b0 f   OctopusStage545.obj
 0001:00017100       ?OnBnClickedButtonGotoxy@COctopusStage545@@QAEXXZ 00418100 f   OctopusStage545.obj
 0001:000177f0       ??_ECOctopusStage545@@UAEPAXI@Z 004187f0 f i OctopusStage545.obj
 0001:000177f0       ??_GCOctopusStage545@@UAEPAXI@Z 004187f0 f i OctopusStage545.obj
 0001:00017830       ?CreateObject@COctopusView@@SGPAVCObject@@XZ 00418830 f   OctopusView.obj
 0001:000178b0       ?_GetBaseClass@COctopusView@@KGPAUCRuntimeClass@@XZ 004188b0 f   OctopusView.obj
 0001:000178c0       ?GetThisClass@COctopusView@@SGPAUCRuntimeClass@@XZ 004188c0 f   OctopusView.obj
 0001:000178d0       ?GetRuntimeClass@COctopusView@@UBEPAUCRuntimeClass@@XZ 004188d0 f   OctopusView.obj
 0001:000178e0       ?GetMessageMap@COctopusView@@MBEPBUAFX_MSGMAP@@XZ 004188e0 f   OctopusView.obj
 0001:000178f0       ?GetThisMessageMap@COctopusView@@KGPBUAFX_MSGMAP@@XZ 004188f0 f   OctopusView.obj
 0001:00017900       ?DoDataExchange@COctopusView@@MAEXPAVCDataExchange@@@Z 00418900 f   OctopusView.obj
 0001:00017920       ??0COctopusView@@IAE@XZ    00418920 f   OctopusView.obj
 0001:00017960       ?OnInitialUpdate@COctopusView@@MAEXXZ 00418960 f   OctopusView.obj
 0001:00017af0       ??1COctopusView@@UAE@XZ    00418af0 f   OctopusView.obj
 0001:00017f70       ?OnOpenAndor@COctopusView@@IAEXXZ 00418f70 f   OctopusView.obj
 0001:000180b0       ?OnOpenScript@COctopusView@@IAEXXZ 004190b0 f   OctopusView.obj
 0001:000181d0       ?OnOpenWheel@COctopusView@@IAEXXZ 004191d0 f   OctopusView.obj
 0001:000183b0       ?OnOpenLED@COctopusView@@IAEXXZ 004193b0 f   OctopusView.obj
 0001:000184d0       ?OnOpenScope@COctopusView@@IAEXXZ 004194d0 f   OctopusView.obj
 0001:000185f0       ?OnOpenStage545@COctopusView@@IAEXXZ 004195f0 f   OctopusView.obj
 0001:000187c0       ?OnOpenPiezo@COctopusView@@IAEXXZ 004197c0 f   OctopusView.obj
 0001:000189b0       ?OnOpenLasers@COctopusView@@IAEXXZ 004199b0 f   OctopusView.obj
 0001:00018b30       ?OnBnClickedStatusOpenFocus@COctopusView@@QAEXXZ 00419b30 f   OctopusView.obj
 0001:00019240       ?get_accChild@CFormView@@UAEJUtagVARIANT@@PAPAUIDispatch@@@Z 0041a240 f i OctopusView.obj
 0001:00019290       ?get_accChildCount@CFormView@@UAEJPAJ@Z 0041a290 f i OctopusView.obj
 0001:000192c0       ?get_accName@CFormView@@UAEJUtagVARIANT@@PAPA_W@Z 0041a2c0 f i OctopusView.obj
 0001:00019310       ?accLocation@CFormView@@UAEJPAJ000UtagVARIANT@@@Z 0041a310 f i OctopusView.obj
 0001:00019370       ?accHitTest@CFormView@@UAEJJJPAUtagVARIANT@@@Z 0041a370 f i OctopusView.obj
 0001:000193a0       ??_ECOctopusView@@UAEPAXI@Z 0041a3a0 f i OctopusView.obj
 0001:000193a0       ??_GCOctopusView@@UAEPAXI@Z 0041a3a0 f i OctopusView.obj
 0001:000193e0       ??0COctopusGlobals@@QAE@XZ 0041a3e0 f i OctopusView.obj
 0001:00019410       ??1COctopusGlobals@@QAE@XZ 0041a410 f i OctopusView.obj
 0001:00019438       _olDaInitialize@8          0041a438 f   oldaapi32:oldaapi32.dll
 0001:0001943e       _olDaTerminate@4           0041a43e f   oldaapi32:oldaapi32.dll
 0001:00019444       _olDaReleaseDASS@4         0041a444 f   oldaapi32:oldaapi32.dll
 0001:0001944a       _olDaPutSingleValue@20     0041a44a f   oldaapi32:oldaapi32.dll
 0001:00019450       _olDaConfig@4              0041a450 f   oldaapi32:oldaapi32.dll
 0001:00019456       _olDaSetDataFlow@8         0041a456 f   oldaapi32:oldaapi32.dll
 0001:0001945c       _olDaGetDASS@16            0041a45c f   oldaapi32:oldaapi32.dll
 0001:00019470       _slevmar_der               0041a470 f   levmar:lm.obj
 0001:0001a630       _slevmar_dif               0041b630 f   levmar:lm.obj
 0001:0001bb50       _dlevmar_der               0041cb50 f   levmar:lm.obj
 0001:0001cc50       _dlevmar_dif               0041dc50 f   levmar:lm.obj
 0001:0001e0d0       _slevmar_trans_mat_mat_mult 0041f0d0 f   levmar:misc.obj
 0001:0001e120       _slevmar_fdif_forw_jac_approx 0041f120 f   levmar:misc.obj
 0001:0001e320       _slevmar_fdif_cent_jac_approx 0041f320 f   levmar:misc.obj
 0001:0001e540       _slevmar_chkjac            0041f540 f   levmar:misc.obj
 0001:0001eca0       _slevmar_covar             0041fca0 f   levmar:misc.obj
 0001:0001ed40       _slevmar_stddev            0041fd40 f   levmar:misc.obj
 0001:0001ed60       _slevmar_corcoef           0041fd60 f   levmar:misc.obj
 0001:0001edb0       _slevmar_R2                0041fdb0 f   levmar:misc.obj
 0001:0001ef00       _slevmar_box_check         0041ff00 f   levmar:misc.obj
 0001:0001ef50       _slevmar_chol              0041ff50 f   levmar:misc.obj
 0001:0001f060       _slevmar_L2nrmxmy          00420060 f   levmar:misc.obj
 0001:0001f500       _dlevmar_trans_mat_mat_mult 00420500 f   levmar:misc.obj
 0001:0001f550       _dlevmar_fdif_forw_jac_approx 00420550 f   levmar:misc.obj
 0001:0001f730       _dlevmar_fdif_cent_jac_approx 00420730 f   levmar:misc.obj
 0001:0001f940       _dlevmar_chkjac            00420940 f   levmar:misc.obj
 0001:0001ffe0       _dlevmar_covar             00420fe0 f   levmar:misc.obj
 0001:00020080       _dlevmar_stddev            00421080 f   levmar:misc.obj
 0001:000200a0       _dlevmar_corcoef           004210a0 f   levmar:misc.obj
 0001:000200e0       _dlevmar_R2                004210e0 f   levmar:misc.obj
 0001:000201f0       _dlevmar_box_check         004211f0 f   levmar:misc.obj
 0001:00020240       _dlevmar_chol              00421240 f   levmar:misc.obj
 0001:00020360       _dlevmar_L2nrmxmy          00421360 f   levmar:misc.obj
 0001:00020690       _dAx_eq_b_QR               00421690 f   levmar:Axb.obj
 0001:00020960       _dAx_eq_b_QRLS             00421960 f   levmar:Axb.obj
 0001:00020d60       _dAx_eq_b_Chol             00421d60 f   levmar:Axb.obj
 0001:00020ee0       _dAx_eq_b_LU               00421ee0 f   levmar:Axb.obj
 0001:000210a0       _dAx_eq_b_SVD              004220a0 f   levmar:Axb.obj
 0001:000213a0       _dAx_eq_b_BK               004223a0 f   levmar:Axb.obj
 0001:000215b0       _sAx_eq_b_QR               004225b0 f   levmar:Axb.obj
 0001:00021880       _sAx_eq_b_QRLS             00422880 f   levmar:Axb.obj
 0001:00021c80       _sAx_eq_b_Chol             00422c80 f   levmar:Axb.obj
 0001:00021e00       _sAx_eq_b_LU               00422e00 f   levmar:Axb.obj
 0001:00021fd0       _sAx_eq_b_SVD              00422fd0 f   levmar:Axb.obj
 0001:000222e0       _sAx_eq_b_BK               004232e0 f   levmar:Axb.obj
 0001:000224e6       ??3@YAXPAX@Z               004234e6 f   mfc100d:mfc100d.dll
 0001:000224ec       ??3CObject@@SGXPAX@Z       004234ec f   mfc100d:mfc100d.dll
 0001:000224f2       ??2CObject@@SGPAXI@Z       004234f2 f   mfc100d:mfc100d.dll
 0001:000224f8       ??0CWnd@@QAE@XZ            004234f8 f   mfc100d:mfc100d.dll
 0001:000224fe       ?Serialize@CObject@@UAEXAAVCArchive@@@Z 004234fe f   mfc100d:mfc100d.dll
 0001:00022504       ?AssertValid@CWnd@@UBEXXZ  00423504 f   mfc100d:mfc100d.dll
 0001:0002250a       ?Dump@CWnd@@UBEXAAVCDumpContext@@@Z 0042350a f   mfc100d:mfc100d.dll
 0001:00022510       ?OnCmdMsg@CCmdTarget@@UAEHIHPAXPAUAFX_CMDHANDLERINFO@@@Z 00423510 f   mfc100d:mfc100d.dll
 0001:00022516       ?OnFinalRelease@CWnd@@UAEXXZ 00423516 f   mfc100d:mfc100d.dll
 0001:0002251c       ?IsInvokeAllowed@CCmdTarget@@UAEHJ@Z 0042351c f   mfc100d:mfc100d.dll
 0001:00022522       ?GetDispatchIID@CCmdTarget@@UAEHPAU_GUID@@@Z 00423522 f   mfc100d:mfc100d.dll
 0001:00022528       ?GetTypeInfoCount@CCmdTarget@@UAEIXZ 00423528 f   mfc100d:mfc100d.dll
 0001:0002252e       ?GetTypeLibCache@CCmdTarget@@UAEPAVCTypeLibCache@@XZ 0042352e f   mfc100d:mfc100d.dll
 0001:00022534       ?GetTypeLib@CCmdTarget@@UAEJKPAPAUITypeLib@@@Z 00423534 f   mfc100d:mfc100d.dll
 0001:0002253a       ?GetMessageMap@CWnd@@MBEPBUAFX_MSGMAP@@XZ 0042353a f   mfc100d:mfc100d.dll
 0001:00022540       ?GetCommandMap@CCmdTarget@@MBEPBUAFX_OLECMDMAP@@XZ 00423540 f   mfc100d:mfc100d.dll
 0001:00022546       ?GetDispatchMap@CCmdTarget@@MBEPBUAFX_DISPMAP@@XZ 00423546 f   mfc100d:mfc100d.dll
 0001:0002254c       ?GetConnectionMap@CCmdTarget@@MBEPBUAFX_CONNECTIONMAP@@XZ 0042354c f   mfc100d:mfc100d.dll
 0001:00022552       ?GetInterfaceMap@CWnd@@MBEPBUAFX_INTERFACEMAP@@XZ 00423552 f   mfc100d:mfc100d.dll
 0001:00022558       ?GetEventSinkMap@CCmdTarget@@MBEPBUAFX_EVENTSINKMAP@@XZ 00423558 f   mfc100d:mfc100d.dll
 0001:0002255e       ?OnCreateAggregates@CCmdTarget@@UAEHXZ 0042355e f   mfc100d:mfc100d.dll
 0001:00022564       ?GetInterfaceHook@CCmdTarget@@UAEPAUIUnknown@@PBX@Z 00423564 f   mfc100d:mfc100d.dll
 0001:0002256a       ?GetExtraConnectionPoints@CCmdTarget@@MAEHPAVCPtrArray@@@Z 0042356a f   mfc100d:mfc100d.dll
 0001:00022570       ?GetConnectionHook@CCmdTarget@@MAEPAUIConnectionPoint@@ABU_GUID@@@Z 00423570 f   mfc100d:mfc100d.dll
 0001:00022576       ?PreSubclassWindow@CWnd@@UAEXXZ 00423576 f   mfc100d:mfc100d.dll
 0001:0002257c       ?CreateEx@CWnd@@UAEHKPBD0KABUtagRECT@@PAV1@IPAX@Z 0042357c f   mfc100d:mfc100d.dll
 0001:00022582       ?CreateEx@CWnd@@UAEHKPBD0KHHHHPAUHWND__@@PAUHMENU__@@PAX@Z 00423582 f   mfc100d:mfc100d.dll
 0001:00022588       ?DestroyWindow@CWnd@@UAEHXZ 00423588 f   mfc100d:mfc100d.dll
 0001:0002258e       ?PreCreateWindow@CWnd@@UAEHAAUtagCREATESTRUCTA@@@Z 0042358e f   mfc100d:mfc100d.dll
 0001:00022594       ?CalcWindowRect@CWnd@@UAEXPAUtagRECT@@I@Z 00423594 f   mfc100d:mfc100d.dll
 0001:0002259a       ?GetMenu@CWnd@@UBEPAVCMenu@@XZ 0042359a f   mfc100d:mfc100d.dll
 0001:000225a0       ?SetMenu@CWnd@@UAEHPAVCMenu@@@Z 004235a0 f   mfc100d:mfc100d.dll
 0001:000225a6       ?OnToolHitTest@CWnd@@UBEHVCPoint@@PAUtagTOOLINFOA@@@Z 004235a6 f   mfc100d:mfc100d.dll
 0001:000225ac       ?GetScrollBarCtrl@CWnd@@UBEPAVCScrollBar@@H@Z 004235ac f   mfc100d:mfc100d.dll
 0001:000225b2       ?WinHelpA@CWnd@@UAEXKI@Z   004235b2 f   mfc100d:mfc100d.dll
 0001:000225b8       ?HtmlHelpA@CWnd@@UAEXKI@Z  004235b8 f   mfc100d:mfc100d.dll
 0001:000225be       ?WinHelpInternal@CWnd@@UAEXKI@Z 004235be f   mfc100d:mfc100d.dll
 0001:000225c4       ?ContinueModal@CWnd@@UAEHXZ 004235c4 f   mfc100d:mfc100d.dll
 0001:000225ca       ?EndModalLoop@CWnd@@UAEXH@Z 004235ca f   mfc100d:mfc100d.dll
 0001:000225d0       ?OnDrawIconicThumbnailOrLivePreview@CWnd@@UAEXAAVCDC@@VCRect@@VCSize@@HAAH@Z 004235d0 f   mfc100d:mfc100d.dll
 0001:000225d6       ?EnsureStdObj@CWnd@@UAEJXZ 004235d6 f   mfc100d:mfc100d.dll
 0001:000225dc       ?get_accParent@CWnd@@UAEJPAPAUIDispatch@@@Z 004235dc f   mfc100d:mfc100d.dll
 0001:000225e2       ?get_accChildCount@CWnd@@UAEJPAJ@Z 004235e2 f   mfc100d:mfc100d.dll
 0001:000225e8       ?get_accChild@CWnd@@UAEJUtagVARIANT@@PAPAUIDispatch@@@Z 004235e8 f   mfc100d:mfc100d.dll
 0001:000225ee       ?get_accName@CWnd@@UAEJUtagVARIANT@@PAPA_W@Z 004235ee f   mfc100d:mfc100d.dll
 0001:000225f4       ?get_accValue@CWnd@@UAEJUtagVARIANT@@PAPA_W@Z 004235f4 f   mfc100d:mfc100d.dll
 0001:000225fa       ?get_accDescription@CWnd@@UAEJUtagVARIANT@@PAPA_W@Z 004235fa f   mfc100d:mfc100d.dll
 0001:00022600       ?get_accRole@CWnd@@UAEJUtagVARIANT@@PAU2@@Z 00423600 f   mfc100d:mfc100d.dll
 0001:00022606       ?get_accState@CWnd@@UAEJUtagVARIANT@@PAU2@@Z 00423606 f   mfc100d:mfc100d.dll
 0001:0002260c       ?get_accHelp@CWnd@@UAEJUtagVARIANT@@PAPA_W@Z 0042360c f   mfc100d:mfc100d.dll
 0001:00022612       ?get_accHelpTopic@CWnd@@UAEJPAPA_WUtagVARIANT@@PAJ@Z 00423612 f   mfc100d:mfc100d.dll
 0001:00022618       ?get_accKeyboardShortcut@CWnd@@UAEJUtagVARIANT@@PAPA_W@Z 00423618 f   mfc100d:mfc100d.dll
 0001:0002261e       ?get_accFocus@CWnd@@UAEJPAUtagVARIANT@@@Z 0042361e f   mfc100d:mfc100d.dll
 0001:00022624       ?get_accSelection@CWnd@@UAEJPAUtagVARIANT@@@Z 00423624 f   mfc100d:mfc100d.dll
 0001:0002262a       ?get_accDefaultAction@CWnd@@UAEJUtagVARIANT@@PAPA_W@Z 0042362a f   mfc100d:mfc100d.dll
 0001:00022630       ?accSelect@CWnd@@UAEJJUtagVARIANT@@@Z 00423630 f   mfc100d:mfc100d.dll
 0001:00022636       ?accLocation@CWnd@@UAEJPAJ000UtagVARIANT@@@Z 00423636 f   mfc100d:mfc100d.dll
 0001:0002263c       ?accNavigate@CWnd@@UAEJJUtagVARIANT@@PAU2@@Z 0042363c f   mfc100d:mfc100d.dll
 0001:00022642       ?accHitTest@CWnd@@UAEJJJPAUtagVARIANT@@@Z 00423642 f   mfc100d:mfc100d.dll
 0001:00022648       ?accDoDefaultAction@CWnd@@UAEJUtagVARIANT@@@Z 00423648 f   mfc100d:mfc100d.dll
 0001:0002264e       ?put_accName@CWnd@@UAEJUtagVARIANT@@PA_W@Z 0042364e f   mfc100d:mfc100d.dll
 0001:00022654       ?put_accValue@CWnd@@UAEJUtagVARIANT@@PA_W@Z 00423654 f   mfc100d:mfc100d.dll
 0001:0002265a       ?SetProxy@CWnd@@UAEJPAUIAccessibleProxy@@@Z 0042365a f   mfc100d:mfc100d.dll
 0001:00022660       ?CreateAccessibleProxy@CWnd@@UAEJIJPAJ@Z 00423660 f   mfc100d:mfc100d.dll
 0001:00022666       ?OnCommand@CWnd@@MAEHIJ@Z  00423666 f   mfc100d:mfc100d.dll
 0001:0002266c       ?OnNotify@CWnd@@MAEHIJPAJ@Z 0042366c f   mfc100d:mfc100d.dll
 0001:00022672       ?GetSuperWndProcAddr@CWnd@@MAEPAP6GJPAUHWND__@@IIJ@ZXZ 00423672 f   mfc100d:mfc100d.dll
 0001:00022678       ?DoDataExchange@CWnd@@MAEXPAVCDataExchange@@@Z 00423678 f   mfc100d:mfc100d.dll
 0001:0002267e       ?BeginModalState@CWnd@@UAEXXZ 0042367e f   mfc100d:mfc100d.dll
 0001:00022684       ?EndModalState@CWnd@@UAEXXZ 00423684 f   mfc100d:mfc100d.dll
 0001:0002268a       ?PreTranslateMessage@CWnd@@UAEHPAUtagMSG@@@Z 0042368a f   mfc100d:mfc100d.dll
 0001:00022690       ?OnAmbientProperty@CWnd@@UAEHPAVCOleControlSite@@JPAUtagVARIANT@@@Z 00423690 f   mfc100d:mfc100d.dll
 0001:00022696       ?WindowProc@CWnd@@MAEJIIJ@Z 00423696 f   mfc100d:mfc100d.dll
 0001:0002269c       ?OnWndMsg@CWnd@@MAEHIIJPAJ@Z 0042369c f   mfc100d:mfc100d.dll
 0001:000226a2       ?DefWindowProcA@CWnd@@MAEJIIJ@Z 004236a2 f   mfc100d:mfc100d.dll
 0001:000226a8       ?PostNcDestroy@CWnd@@MAEXXZ 004236a8 f   mfc100d:mfc100d.dll
 0001:000226ae       ?OnChildNotify@CWnd@@MAEHIIJPAJ@Z 004236ae f   mfc100d:mfc100d.dll
 0001:000226b4       ?OnTouchInputs@CWnd@@MAEHIPAUtagTOUCHINPUT@@@Z 004236b4 f   mfc100d:mfc100d.dll
 0001:000226ba       ?OnTouchInput@CWnd@@MAEHVCPoint@@HHPAUtagTOUCHINPUT@@@Z 004236ba f   mfc100d:mfc100d.dll
 0001:000226c0       ?GetGestureStatus@CWnd@@MAEKVCPoint@@@Z 004236c0 f   mfc100d:mfc100d.dll
 0001:000226c6       ?OnGestureZoom@CWnd@@MAEHVCPoint@@J@Z 004236c6 f   mfc100d:mfc100d.dll
 0001:000226cc       ?OnGesturePan@CWnd@@MAEHVCPoint@@0@Z 004236cc f   mfc100d:mfc100d.dll
 0001:000226d2       ?OnGestureRotate@CWnd@@MAEHVCPoint@@N@Z 004236d2 f   mfc100d:mfc100d.dll
 0001:000226d8       ?OnGestureTwoFingerTap@CWnd@@MAEHVCPoint@@@Z 004236d8 f   mfc100d:mfc100d.dll
 0001:000226de       ?OnGesturePressAndTap@CWnd@@MAEHVCPoint@@J@Z 004236de f   mfc100d:mfc100d.dll
 0001:000226e4       ?CheckAutoCenter@CWnd@@UAEHXZ 004236e4 f   mfc100d:mfc100d.dll
 0001:000226ea       ?IsFrameWnd@CWnd@@UBEHXZ   004236ea f   mfc100d:mfc100d.dll
 0001:000226f0       ?CreateControlContainer@CWnd@@MAEHPAPAVCOleControlContainer@@@Z 004236f0 f   mfc100d:mfc100d.dll
 0001:000226f6       ?CreateControlSite@CWnd@@MAEHPAVCOleControlContainer@@PAPAVCOleControlSite@@IABU_GUID@@@Z 004236f6 f   mfc100d:mfc100d.dll
 0001:000226fc       ?SetOccDialogInfo@CWnd@@MAEHPAU_AFX_OCC_DIALOG_INFO@@@Z 004236fc f   mfc100d:mfc100d.dll
 0001:00022702       ?GetOccDialogInfo@CWnd@@MAEPAU_AFX_OCC_DIALOG_INFO@@XZ 00423702 f   mfc100d:mfc100d.dll
 0001:00022708       ?CreateControl@CWnd@@QAEHABU_GUID@@PBDKABUtagRECT@@PAV1@IPAVCFile@@HPA_W@Z 00423708 f   mfc100d:mfc100d.dll
 0001:0002270e       ??1CWnd@@UAE@XZ            0042370e f   mfc100d:mfc100d.dll
 0001:00022714       ?GetThisClass@CWnd@@SGPAUCRuntimeClass@@XZ 00423714 f   mfc100d:mfc100d.dll
 0001:0002271a       ??0?$CStringT@DV?$StrTraitMFC_DLL@DV?$ChTraitsCRT@D@ATL@@@@@ATL@@QAE@XZ 0042371a f   mfc100d:mfc100d.dll
 0001:00022720       ??1?$CStringT@DV?$StrTraitMFC_DLL@DV?$ChTraitsCRT@D@ATL@@@@@ATL@@QAE@XZ 00423720 f   mfc100d:mfc100d.dll
 0001:00022726       ??B?$CSimpleStringT@D$00@ATL@@QBEPBDXZ 00423726 f   mfc100d:mfc100d.dll
 0001:0002272c       ?GetThisClass@CDialog@@SGPAUCRuntimeClass@@XZ 0042372c f   mfc100d:mfc100d.dll
 0001:00022732       ??0CDialog@@QAE@IPAVCWnd@@@Z 00423732 f   mfc100d:mfc100d.dll
 0001:00022738       ?AssertValid@CDialog@@UBEXXZ 00423738 f   mfc100d:mfc100d.dll
 0001:0002273e       ?Dump@CDialog@@UBEXAAVCDumpContext@@@Z 0042373e f   mfc100d:mfc100d.dll
 0001:00022744       ?OnCmdMsg@CDialog@@UAEHIHPAXPAUAFX_CMDHANDLERINFO@@@Z 00423744 f   mfc100d:mfc100d.dll
 0001:0002274a       ?Create@CWnd@@UAEHPBD0KABUtagRECT@@PAV1@IPAUCCreateContext@@@Z 0042374a f   mfc100d:mfc100d.dll
 0001:00022750       ?PreTranslateMessage@CDialog@@UAEHPAUtagMSG@@@Z 00423750 f   mfc100d:mfc100d.dll
 0001:00022756       ?CheckAutoCenter@CDialog@@UAEHXZ 00423756 f   mfc100d:mfc100d.dll
 0001:0002275c       ?SetOccDialogInfo@CDialog@@MAEHPAU_AFX_OCC_DIALOG_INFO@@@Z 0042375c f   mfc100d:mfc100d.dll
 0001:00022762       ?GetOccDialogInfo@CDialog@@MAEPAU_AFX_OCC_DIALOG_INFO@@XZ 00423762 f   mfc100d:mfc100d.dll
 0001:00022768       ?Create@CDialog@@UAEHIPAVCWnd@@@Z 00423768 f   mfc100d:mfc100d.dll
 0001:0002276e       ?Create@CDialog@@UAEHPBDPAVCWnd@@@Z 0042376e f   mfc100d:mfc100d.dll
 0001:00022774       ?CreateIndirect@CDialog@@UAEHPAXPAVCWnd@@@Z 00423774 f   mfc100d:mfc100d.dll
 0001:0002277a       ?CreateIndirect@CDialog@@UAEHPBUDLGTEMPLATE@@PAVCWnd@@PAX@Z 0042377a f   mfc100d:mfc100d.dll
 0001:00022780       ?DoModal@CDialog@@UAEHXZ   00423780 f   mfc100d:mfc100d.dll
 0001:00022786       ?OnInitDialog@CDialog@@UAEHXZ 00423786 f   mfc100d:mfc100d.dll
 0001:0002278c       ?OnSetFont@CDialog@@UAEXPAVCFont@@@Z 0042378c f   mfc100d:mfc100d.dll
 0001:00022792       ?OnOK@CDialog@@MAEXXZ      00423792 f   mfc100d:mfc100d.dll
 0001:00022798       ?OnCancel@CDialog@@MAEXXZ  00423798 f   mfc100d:mfc100d.dll
 0001:0002279e       ?PreInitDialog@CDialog@@MAEXXZ 0042379e f   mfc100d:mfc100d.dll
 0001:000227a4       ??1CDialog@@UAE@XZ         004237a4 f   mfc100d:mfc100d.dll
 0001:000227aa       ?GetThisMessageMap@CDialog@@KGPBUAFX_MSGMAP@@XZ 004237aa f   mfc100d:mfc100d.dll
 0001:000227b0       ?GetThisClass@CFrameWnd@@SGPAUCRuntimeClass@@XZ 004237b0 f   mfc100d:mfc100d.dll
 0001:000227b6       ??0CFrameWnd@@QAE@XZ       004237b6 f   mfc100d:mfc100d.dll
 0001:000227bc       ?AssertValid@CFrameWnd@@UBEXXZ 004237bc f   mfc100d:mfc100d.dll
 0001:000227c2       ?Dump@CFrameWnd@@UBEXAAVCDumpContext@@@Z 004237c2 f   mfc100d:mfc100d.dll
 0001:000227c8       ?OnCmdMsg@CFrameWnd@@UAEHIHPAXPAUAFX_CMDHANDLERINFO@@@Z 004237c8 f   mfc100d:mfc100d.dll
 0001:000227ce       ?GetMessageMap@CFrameWnd@@MBEPBUAFX_MSGMAP@@XZ 004237ce f   mfc100d:mfc100d.dll
 0001:000227d4       ?GetMenu@CFrameWnd@@UBEPAVCMenu@@XZ 004237d4 f   mfc100d:mfc100d.dll
 0001:000227da       ?SetMenu@CFrameWnd@@UAEHPAVCMenu@@@Z 004237da f   mfc100d:mfc100d.dll
 0001:000227e0       ?OnCommand@CFrameWnd@@MAEHIJ@Z 004237e0 f   mfc100d:mfc100d.dll
 0001:000227e6       ?BeginModalState@CFrameWnd@@UAEXXZ 004237e6 f   mfc100d:mfc100d.dll
 0001:000227ec       ?EndModalState@CFrameWnd@@UAEXXZ 004237ec f   mfc100d:mfc100d.dll
 0001:000227f2       ?PreTranslateMessage@CFrameWnd@@UAEHPAUtagMSG@@@Z 004237f2 f   mfc100d:mfc100d.dll
 0001:000227f8       ?PostNcDestroy@CFrameWnd@@MAEXXZ 004237f8 f   mfc100d:mfc100d.dll
 0001:000227fe       ?IsFrameWnd@CFrameWnd@@UBEHXZ 004237fe f   mfc100d:mfc100d.dll
 0001:00022804       ?Create@CFrameWnd@@UAEHPBD0KABUtagRECT@@PAVCWnd@@0KPAUCCreateContext@@@Z 00423804 f   mfc100d:mfc100d.dll
 0001:0002280a       ?LoadFrame@CFrameWnd@@UAEHIKPAVCWnd@@PAUCCreateContext@@@Z 0042380a f   mfc100d:mfc100d.dll
 0001:00022810       ?GetActiveDocument@CFrameWnd@@UAEPAVCDocument@@XZ 00423810 f   mfc100d:mfc100d.dll
 0001:00022816       ?GetActiveFrame@CFrameWnd@@UAEPAV1@XZ 00423816 f   mfc100d:mfc100d.dll
 0001:0002281c       ?GetMessageString@CFrameWnd@@UBEXIAAV?$CStringT@DV?$StrTraitMFC_DLL@DV?$ChTraitsCRT@D@ATL@@@@@ATL@@@Z 0042381c f   mfc100d:mfc100d.dll
 0001:00022822       ?RecalcLayout@CFrameWnd@@UAEXH@Z 00423822 f   mfc100d:mfc100d.dll
 0001:00022828       ?ActivateFrame@CFrameWnd@@UAEXH@Z 00423828 f   mfc100d:mfc100d.dll
 0001:0002282e       ?SetMenuBarVisibility@CFrameWnd@@UAEXK@Z 0042382e f   mfc100d:mfc100d.dll
 0001:00022834       ?GetMenuBarVisibility@CFrameWnd@@UBEKXZ 00423834 f   mfc100d:mfc100d.dll
 0001:0002283a       ?SetMenuBarState@CFrameWnd@@UAEHK@Z 0042383a f   mfc100d:mfc100d.dll
 0001:00022840       ?GetMenuBarState@CFrameWnd@@UBEKXZ 00423840 f   mfc100d:mfc100d.dll
 0001:00022846       ?OnSetPreviewMode@CFrameWnd@@UAEXHPAUCPrintPreviewState@@@Z 00423846 f   mfc100d:mfc100d.dll
 0001:0002284c       ?GetMessageBar@CFrameWnd@@UAEPAVCWnd@@XZ 0042384c f   mfc100d:mfc100d.dll
 0001:00022852       ?NegotiateBorderSpace@CFrameWnd@@UAEHIPAUtagRECT@@@Z 00423852 f   mfc100d:mfc100d.dll
 0001:00022858       ?OnCreateClient@CFrameWnd@@MAEHPAUtagCREATESTRUCTA@@PAUCCreateContext@@@Z 00423858 f   mfc100d:mfc100d.dll
 0001:0002285e       ?OnUpdateFrameTitle@CFrameWnd@@UAEXH@Z 0042385e f   mfc100d:mfc100d.dll
 0001:00022864       ?OnUpdateFrameMenu@CFrameWnd@@UAEXPAUHMENU__@@@Z 00423864 f   mfc100d:mfc100d.dll
 0001:0002286a       ?GetDefaultAccelerator@CFrameWnd@@UAEPAUHACCEL__@@XZ 0042386a f   mfc100d:mfc100d.dll
 0001:00022870       ?DelayUpdateFrameMenu@CFrameWnd@@UAEXPAUHMENU__@@@Z 00423870 f   mfc100d:mfc100d.dll
 0001:00022876       ?ExitHelpMode@CFrameWnd@@UAEXXZ 00423876 f   mfc100d:mfc100d.dll
 0001:0002287c       ?OnShowMenuBar@CFrameWnd@@MAEXXZ 0042387c f   mfc100d:mfc100d.dll
 0001:00022882       ?OnHideMenuBar@CFrameWnd@@MAEXXZ 00423882 f   mfc100d:mfc100d.dll
 0001:00022888       ??1CFrameWnd@@UAE@XZ       00423888 f   mfc100d:mfc100d.dll
 0001:0002288e       ?PreCreateWindow@CFrameWnd@@MAEHAAUtagCREATESTRUCTA@@@Z 0042388e f   mfc100d:mfc100d.dll
 0001:00022894       ??0CWinApp@@QAE@PBD@Z      00423894 f   mfc100d:mfc100d.dll
 0001:0002289a       ?GetRuntimeClass@CWinApp@@UBEPAUCRuntimeClass@@XZ 0042389a f   mfc100d:mfc100d.dll
 0001:000228a0       ?AssertValid@CWinApp@@UBEXXZ 004238a0 f   mfc100d:mfc100d.dll
 0001:000228a6       ?Dump@CWinApp@@UBEXAAVCDumpContext@@@Z 004238a6 f   mfc100d:mfc100d.dll
 0001:000228ac       ?OnFinalRelease@CCmdTarget@@UAEXXZ 004238ac f   mfc100d:mfc100d.dll
 0001:000228b2       ?GetMessageMap@CWinApp@@MBEPBUAFX_MSGMAP@@XZ 004238b2 f   mfc100d:mfc100d.dll
 0001:000228b8       ?GetInterfaceMap@CCmdTarget@@MBEPBUAFX_INTERFACEMAP@@XZ 004238b8 f   mfc100d:mfc100d.dll
 0001:000228be       ?Run@CWinApp@@UAEHXZ       004238be f   mfc100d:mfc100d.dll
 0001:000228c4       ?PreTranslateMessage@CWinThread@@UAEHPAUtagMSG@@@Z 004238c4 f   mfc100d:mfc100d.dll
 0001:000228ca       ?PumpMessage@CWinThread@@UAEHXZ 004238ca f   mfc100d:mfc100d.dll
 0001:000228d0       ?OnIdle@CWinApp@@UAEHJ@Z   004238d0 f   mfc100d:mfc100d.dll
 0001:000228d6       ?IsIdleMessage@CWinThread@@UAEHPAUtagMSG@@@Z 004238d6 f   mfc100d:mfc100d.dll
 0001:000228dc       ?ProcessWndProcException@CWinApp@@UAEJPAVCException@@PBUtagMSG@@@Z 004238dc f   mfc100d:mfc100d.dll
 0001:000228e2       ?ProcessMessageFilter@CWinThread@@UAEHHPAUtagMSG@@@Z 004238e2 f   mfc100d:mfc100d.dll
 0001:000228e8       ?GetMainWnd@CWinThread@@UAEPAVCWnd@@XZ 004238e8 f   mfc100d:mfc100d.dll
 0001:000228ee       ?Delete@CWinThread@@UAEXXZ 004238ee f   mfc100d:mfc100d.dll
 0001:000228f4       ?GetProfileIntA@CWinApp@@UAEIPBD0H@Z 004238f4 f   mfc100d:mfc100d.dll
 0001:000228fa       ?WriteProfileInt@CWinApp@@UAEHPBD0H@Z 004238fa f   mfc100d:mfc100d.dll
 0001:00022900       ?GetProfileStringA@CWinApp@@UAE?AV?$CStringT@DV?$StrTraitMFC_DLL@DV?$ChTraitsCRT@D@ATL@@@@@ATL@@PBD00@Z 00423900 f   mfc100d:mfc100d.dll
 0001:00022906       ?WriteProfileStringA@CWinApp@@UAEHPBD00@Z 00423906 f   mfc100d:mfc100d.dll
 0001:0002290c       ?GetProfileBinary@CWinApp@@UAEHPBD0PAPAEPAI@Z 0042390c f   mfc100d:mfc100d.dll
 0001:00022912       ?WriteProfileBinary@CWinApp@@UAEHPBD0PAEI@Z 00423912 f   mfc100d:mfc100d.dll
 0001:00022918       ?InitLibId@CWinApp@@UAEXXZ 00423918 f   mfc100d:mfc100d.dll
 0001:0002291e       ?Register@CWinApp@@UAEHXZ  0042391e f   mfc100d:mfc100d.dll
 0001:00022924       ?Unregister@CWinApp@@UAEHXZ 00423924 f   mfc100d:mfc100d.dll
 0001:0002292a       ?OpenDocumentFile@CWinApp@@UAEPAVCDocument@@PBDH@Z 0042392a f   mfc100d:mfc100d.dll
 0001:00022930       ?OpenDocumentFile@CWinApp@@UAEPAVCDocument@@PBD@Z 00423930 f   mfc100d:mfc100d.dll
 0001:00022936       ?AddToRecentFileList@CWinApp@@UAEXPBD@Z 00423936 f   mfc100d:mfc100d.dll
 0001:0002293c       ?InitApplication@CWinApp@@UAEHXZ 0042393c f   mfc100d:mfc100d.dll
 0001:00022942       ?SaveAllModified@CWinApp@@UAEHXZ 00423942 f   mfc100d:mfc100d.dll
 0001:00022948       ?DoMessageBox@CWinApp@@UAEHPBDII@Z 00423948 f   mfc100d:mfc100d.dll
 0001:0002294e       ?DoWaitCursor@CWinApp@@UAEXH@Z 0042394e f   mfc100d:mfc100d.dll
 0001:00022954       ?OnDDECommand@CWinApp@@UAEHPAD@Z 00423954 f   mfc100d:mfc100d.dll
 0001:0002295a       ?WinHelpA@CWinApp@@UAEXKI@Z 0042395a f   mfc100d:mfc100d.dll
 0001:00022960       ?HtmlHelpA@CWinApp@@UAEXKI@Z 00423960 f   mfc100d:mfc100d.dll
 0001:00022966       ?WinHelpInternal@CWinApp@@UAEXKI@Z 00423966 f   mfc100d:mfc100d.dll
 0001:0002296c       ?RegisterWithRestartManager@CWinApp@@UAEJPB_WKP6GKPAX@Z1KK@Z 0042396c f   mfc100d:mfc100d.dll
 0001:00022972       ?RegisterWithRestartManager@CWinApp@@UAEJHABV?$CStringT@DV?$StrTraitMFC_DLL@DV?$ChTraitsCRT@D@ATL@@@@@ATL@@@Z 00423972 f   mfc100d:mfc100d.dll
 0001:00022978       ?ApplicationRecoveryCallback@CWinApp@@UAEKPAX@Z 00423978 f   mfc100d:mfc100d.dll
 0001:0002297e       ?GetDataRecoveryHandler@CWinApp@@UAEPAVCDataRecoveryHandler@@XZ 0042397e f   mfc100d:mfc100d.dll
 0001:00022984       ?IsTaskbarInteractionEnabled@CWinApp@@UAEHXZ 00423984 f   mfc100d:mfc100d.dll
 0001:0002298a       ?RestartInstance@CWinApp@@UAEHXZ 0042398a f   mfc100d:mfc100d.dll
 0001:00022990       ?LoadAppLangResourceDLL@CWinApp@@UAEPAUHINSTANCE__@@XZ 00423990 f   mfc100d:mfc100d.dll
 0001:00022996       ?LoadSysPolicies@CWinApp@@UAEHXZ 00423996 f   mfc100d:mfc100d.dll
 0001:0002299c       ??1CWinApp@@UAE@XZ         0042399c f   mfc100d:mfc100d.dll
 0001:000229a2       ??1CCommandLineInfo@@UAE@XZ 004239a2 f   mfc100d:mfc100d.dll
 0001:000229a8       ?ProcessShellCommand@CWinApp@@QAEHAAVCCommandLineInfo@@@Z 004239a8 f   mfc100d:mfc100d.dll
 0001:000229ae       ?ParseCommandLine@CWinApp@@QAEXAAVCCommandLineInfo@@@Z 004239ae f   mfc100d:mfc100d.dll
 0001:000229b4       ??0CCommandLineInfo@@QAE@XZ 004239b4 f   mfc100d:mfc100d.dll
 0001:000229ba       ?AddDocTemplate@CWinApp@@QAEXPAVCDocTemplate@@@Z 004239ba f   mfc100d:mfc100d.dll
 0001:000229c0       ??0CSingleDocTemplate@@QAE@IPAUCRuntimeClass@@00@Z 004239c0 f   mfc100d:mfc100d.dll
 0001:000229c6       ?LoadStdProfileSettings@CWinApp@@IAEXI@Z 004239c6 f   mfc100d:mfc100d.dll
 0001:000229cc       ?AfxEnableControlContainer@@YAXPAVCOccManager@@@Z 004239cc f   mfc100d:mfc100d.dll
 0001:000229d2       ?ExitInstance@CWinApp@@UAEHXZ 004239d2 f   mfc100d:mfc100d.dll
 0001:000229d8       ??1CSliderCtrl@@UAE@XZ     004239d8 f   mfc100d:mfc100d.dll
 0001:000229de       ?ShowWindow@CWnd@@QAEHH@Z  004239de f   mfc100d:mfc100d.dll
 0001:000229e4       ??0CSliderCtrl@@QAE@XZ     004239e4 f   mfc100d:mfc100d.dll
 0001:000229ea       ?GetRuntimeClass@CDialog@@UBEPAUCRuntimeClass@@XZ 004239ea f   mfc100d:mfc100d.dll
 0001:000229f0       ?DDX_Check@@YGXPAVCDataExchange@@HAAH@Z 004239f0 f   mfc100d:mfc100d.dll
 0001:000229f6       ?DDX_Slider@@YGXPAVCDataExchange@@HAAH@Z 004239f6 f   mfc100d:mfc100d.dll
 0001:000229fc       ?DDV_MinMaxInt@@YGXPAVCDataExchange@@HHH@Z 004239fc f   mfc100d:mfc100d.dll
 0001:00022a02       ?DDX_Text@@YGXPAVCDataExchange@@HAAH@Z 00423a02 f   mfc100d:mfc100d.dll
 0001:00022a08       ?OnTimer@CWnd@@IAEXI@Z     00423a08 f   mfc100d:mfc100d.dll
 0001:00022a0e       ?AfxMessageBox@@YGHPBDII@Z 00423a0e f   mfc100d:mfc100d.dll
 0001:00022a14       ?UpdateData@CWnd@@QAEHH@Z  00423a14 f   mfc100d:mfc100d.dll
 0001:00022a1a       ??1CStatic@@UAE@XZ         00423a1a f   mfc100d:mfc100d.dll
 0001:00022a20       ??1CBitmap@@UAE@XZ         00423a20 f   mfc100d:mfc100d.dll
 0001:00022a26       ??_U@YAPAXI@Z              00423a26 f   mfc100d:mfc100d.dll
 0001:00022a2c       ??0CStatic@@QAE@XZ         00423a2c f   mfc100d:mfc100d.dll
 0001:00022a32       ??0CBitmap@@QAE@XZ         00423a32 f   mfc100d:mfc100d.dll
 0001:00022a38       ?DDX_Control@@YGXPAVCDataExchange@@HAAVCWnd@@@Z 00423a38 f   mfc100d:mfc100d.dll
 0001:00022a3e       ??_V@YAXPAX@Z              00423a3e f   mfc100d:mfc100d.dll
 0001:00022a44       ?DeleteObject@CGdiObject@@QAEHXZ 00423a44 f   mfc100d:mfc100d.dll
 0001:00022a4a       ??1CClientDC@@UAE@XZ       00423a4a f   mfc100d:mfc100d.dll
 0001:00022a50       ?GetObjectA@CGdiObject@@QBEHHPAX@Z 00423a50 f   mfc100d:mfc100d.dll
 0001:00022a56       ?CreateCompatibleBitmap@CBitmap@@QAEHPAVCDC@@HH@Z 00423a56 f   mfc100d:mfc100d.dll
 0001:00022a5c       ??0CClientDC@@QAE@PAVCWnd@@@Z 00423a5c f   mfc100d:mfc100d.dll
 0001:00022a62       ?MoveWindow@CWnd@@QAEXHHHHH@Z 00423a62 f   mfc100d:mfc100d.dll
 0001:00022a68       ??1CDC@@UAE@XZ             00423a68 f   mfc100d:mfc100d.dll
 0001:00022a6e       ??1CPen@@UAE@XZ            00423a6e f   mfc100d:mfc100d.dll
 0001:00022a74       ?LineTo@CDC@@QAEHHH@Z      00423a74 f   mfc100d:mfc100d.dll
 0001:00022a7a       ?MoveTo@CDC@@QAE?AVCPoint@@HH@Z 00423a7a f   mfc100d:mfc100d.dll
 0001:00022a80       ?SelectObject@CDC@@QAEPAVCPen@@PAV2@@Z 00423a80 f   mfc100d:mfc100d.dll
 0001:00022a86       ??0CPen@@QAE@HHK@Z         00423a86 f   mfc100d:mfc100d.dll
 0001:00022a8c       ?StretchBlt@CDC@@QAEHHHHHPAV1@HHHHK@Z 00423a8c f   mfc100d:mfc100d.dll
 0001:00022a92       ?SetViewportExt@CDC@@UAE?AVCSize@@HH@Z 00423a92 f   mfc100d:mfc100d.dll
 0001:00022a98       ?SetViewportOrg@CDC@@UAE?AVCPoint@@HH@Z 00423a98 f   mfc100d:mfc100d.dll
 0001:00022a9e       ?SetMapMode@CDC@@UAEHH@Z   00423a9e f   mfc100d:mfc100d.dll
 0001:00022aa4       ?SelectObject@CDC@@QAEPAVCBitmap@@PAV2@@Z 00423aa4 f   mfc100d:mfc100d.dll
 0001:00022aaa       ?GetBitmap@CBitmap@@QAEHPAUtagBITMAP@@@Z 00423aaa f   mfc100d:mfc100d.dll
 0001:00022ab0       ?CreateCompatibleDC@CDC@@QAEHPAV1@@Z 00423ab0 f   mfc100d:mfc100d.dll
 0001:00022ab6       ??0CDC@@QAE@XZ             00423ab6 f   mfc100d:mfc100d.dll
 0001:00022abc       ?SetBitmapBits@CBitmap@@QAEKKPBX@Z 00423abc f   mfc100d:mfc100d.dll
 0001:00022ac2       ?Format@?$CStringT@DV?$StrTraitMFC_DLL@DV?$ChTraitsCRT@D@ATL@@@@@ATL@@QAAXPBDZZ 00423ac2 f   mfc100d:mfc100d.dll
 0001:00022ac8       ??4?$CStringT@DV?$StrTraitMFC_DLL@DV?$ChTraitsCRT@D@ATL@@@@@ATL@@QAEAAV01@ABV01@@Z 00423ac8 f   mfc100d:mfc100d.dll
 0001:00022ace       ??4?$CStringT@DV?$StrTraitMFC_DLL@DV?$ChTraitsCRT@D@ATL@@@@@ATL@@QAEAAV01@PBD@Z 00423ace f   mfc100d:mfc100d.dll
 0001:00022ad4       ?SetWindowTextA@CWnd@@QAEXPBD@Z 00423ad4 f   mfc100d:mfc100d.dll
 0001:00022ada       ?AppendFormat@?$CStringT@DV?$StrTraitMFC_DLL@DV?$ChTraitsCRT@D@ATL@@@@@ATL@@QAAXPBDZZ 00423ada f   mfc100d:mfc100d.dll
 0001:00022ae0       ??0?$CStringT@DV?$StrTraitMFC_DLL@DV?$ChTraitsCRT@D@ATL@@@@@ATL@@QAE@ABV01@@Z 00423ae0 f   mfc100d:mfc100d.dll
 0001:00022ae6       ?Concatenate@?$CSimpleStringT@D$00@ATL@@KAXAAV12@PBDH1H@Z 00423ae6 f   mfc100d:mfc100d.dll
 0001:00022aec       ?GetLength@?$CSimpleStringT@D$00@ATL@@QBEHXZ 00423aec f   mfc100d:mfc100d.dll
 0001:00022af2       ??0?$CStringT@DV?$StrTraitMFC_DLL@DV?$ChTraitsCRT@D@ATL@@@@@ATL@@QAE@PAUIAtlStringMgr@1@@Z 00423af2 f   mfc100d:mfc100d.dll
 0001:00022af8       ?GetManager@?$CStringT@DV?$StrTraitMFC_DLL@DV?$ChTraitsCRT@D@ATL@@@@@ATL@@QBEPAUIAtlStringMgr@2@XZ 00423af8 f   mfc100d:mfc100d.dll
 0001:00022afe       ??1CButton@@UAE@XZ         00423afe f   mfc100d:mfc100d.dll
 0001:00022b04       ?Append@?$CSimpleStringT@D$00@ATL@@QAEXPBD@Z 00423b04 f   mfc100d:mfc100d.dll
 0001:00022b0a       ?ReleaseBuffer@?$CSimpleStringT@D$00@ATL@@QAEXH@Z 00423b0a f   mfc100d:mfc100d.dll
 0001:00022b10       ?GetBufferSetLength@?$CSimpleStringT@D$00@ATL@@QAEPADH@Z 00423b10 f   mfc100d:mfc100d.dll
 0001:00022b16       ?AfxAssertFailedLine@@YGHPBDH@Z 00423b16 f   mfc100d:mfc100d.dll
 0001:00022b1c       ?LoadBitmapA@CBitmap@@QAEHI@Z 00423b1c f   mfc100d:mfc100d.dll
 0001:00022b22       ??0?$CStringT@DV?$StrTraitMFC_DLL@DV?$ChTraitsCRT@D@ATL@@@@@ATL@@QAE@PBD@Z 00423b22 f   mfc100d:mfc100d.dll
 0001:00022b28       ??0CButton@@QAE@XZ         00423b28 f   mfc100d:mfc100d.dll
 0001:00022b2e       ?DDX_Text@@YGXPAVCDataExchange@@HAAV?$CStringT@DV?$StrTraitMFC_DLL@DV?$ChTraitsCRT@D@ATL@@@@@ATL@@@Z 00423b2e f   mfc100d:mfc100d.dll
 0001:00022b34       ?DDX_Radio@@YGXPAVCDataExchange@@HAAH@Z 00423b34 f   mfc100d:mfc100d.dll
 0001:00022b3a       ?DDV_MinMaxDouble@@YGXPAVCDataExchange@@ABNNN@Z 00423b3a f   mfc100d:mfc100d.dll
 0001:00022b40       ?DDX_Text@@YGXPAVCDataExchange@@HAAN@Z 00423b40 f   mfc100d:mfc100d.dll
 0001:00022b46       ?DDV_MinMaxLong@@YGXPAVCDataExchange@@JJJ@Z 00423b46 f   mfc100d:mfc100d.dll
 0001:00022b4c       ?DDX_Text@@YGXPAVCDataExchange@@HAAK@Z 00423b4c f   mfc100d:mfc100d.dll
 0001:00022b52       ?CheckDlgButton@CWnd@@QAEXHI@Z 00423b52 f   mfc100d:mfc100d.dll
 0001:00022b58       ?EnableWindow@CWnd@@QAEHH@Z 00423b58 f   mfc100d:mfc100d.dll
 0001:00022b5e       ?GetDlgItem@CWnd@@QBEPAV1@H@Z 00423b5e f   mfc100d:mfc100d.dll
 0001:00022b64       ?SetTimer@CWnd@@QAEIIIP6GXPAUHWND__@@IIK@Z@Z 00423b64 f   mfc100d:mfc100d.dll
 0001:00022b6a       ?KillTimer@CWnd@@QAEHI@Z   00423b6a f   mfc100d:mfc100d.dll
 0001:00022b70       ?SetBitmap@CStatic@@QAEPAUHBITMAP__@@PAU2@@Z 00423b70 f   mfc100d:mfc100d.dll
 0001:00022b76       ??BCBitmap@@QBEPAUHBITMAP__@@XZ 00423b76 f   mfc100d:mfc100d.dll
 0001:00022b7c       ??1CFileDialog@@UAE@XZ     00423b7c f   mfc100d:mfc100d.dll
 0001:00022b82       ?Left@?$CStringT@DV?$StrTraitMFC_DLL@DV?$ChTraitsCRT@D@ATL@@@@@ATL@@QBE?AV12@H@Z 00423b82 f   mfc100d:mfc100d.dll
[...]
 0004:0000156c       __imp_?OnDraw@CFormView@@MAEXPAVCDC@@@Z 004ca56c     mfc100d:mfc100d.dll
 0004:00001570       __imp_?OnPreparePrinting@CView@@MAEHPAUCPrintInfo@@@Z 004ca570     mfc100d:mfc100d.dll
 0004:00001574       __imp_?OnBeginPrinting@CView@@MAEXPAVCDC@@PAUCPrintInfo@@@Z 004ca574     mfc100d:mfc100d.dll
 0004:00001578       __imp_?OnPrint@CView@@MAEXPAVCDC@@PAUCPrintInfo@@@Z 004ca578     mfc100d:mfc100d.dll
 0004:0000157c       __imp_?OnEndPrinting@CView@@MAEXPAVCDC@@PAUCPrintInfo@@@Z 004ca57c     mfc100d:mfc100d.dll
 0004:00001580       __imp_?OnEndPrintPreview@CView@@MAEXPAVCDC@@PAUCPrintInfo@@UtagPOINT@@PAVCPreviewView@@@Z 004ca580     mfc100d:mfc100d.dll
 0004:00001584       __imp_?GetWheelScrollDistance@CScrollView@@UAE?AVCSize@@V2@HH@Z 004ca584     mfc100d:mfc100d.dll
 0004:00001588       __imp_?GetAccessibleChild@CWnd@@QAEJUtagVARIANT@@PAPAUIDispatch@@@Z 004ca588     mfc100d:mfc100d.dll
 0004:0000158c       __imp_?GetAccessibleChildCount@CWnd@@QAEJXZ 004ca58c     mfc100d:mfc100d.dll
 0004:00001590       __imp_?GetAccessibleName@CWnd@@QAEJUtagVARIANT@@PAPA_W@Z 004ca590     mfc100d:mfc100d.dll
 0004:00001594       __imp_?GetAccessibilityLocation@CWnd@@QAEJUtagVARIANT@@PAJ111@Z 004ca594     mfc100d:mfc100d.dll
 0004:00001598       __imp_?GetAccessibilityHitTest@CWnd@@QAEJJJPAUtagVARIANT@@@Z 004ca598     mfc100d:mfc100d.dll
 0004:0000159c       __imp_?OnInitialUpdate@CFormView@@UAEXXZ 004ca59c     mfc100d:mfc100d.dll
 0004:000015a0       __imp_??1CFormView@@UAE@XZ 004ca5a0     mfc100d:mfc100d.dll
 0004:000015a4       __imp_?IsIdleMessage@CWinThread@@UAEHPAUtagMSG@@@Z 004ca5a4     mfc100d:mfc100d.dll
 0004:000015a8       __imp_?OnIdle@CWinApp@@UAEHJ@Z 004ca5a8     mfc100d:mfc100d.dll
 0004:000015ac       __imp_?PumpMessage@CWinThread@@UAEHXZ 004ca5ac     mfc100d:mfc100d.dll
 0004:000015b0       __imp_?PreTranslateMessage@CWinThread@@UAEHPAUtagMSG@@@Z 004ca5b0     mfc100d:mfc100d.dll
 0004:000015b4       __imp_?Run@CWinApp@@UAEHXZ 004ca5b4     mfc100d:mfc100d.dll
 0004:000015b8       __imp_?GetInterfaceMap@CCmdTarget@@MBEPBUAFX_INTERFACEMAP@@XZ 004ca5b8     mfc100d:mfc100d.dll
 0004:000015bc       __imp_?GetMessageMap@CWinApp@@MBEPBUAFX_MSGMAP@@XZ 004ca5bc     mfc100d:mfc100d.dll
 0004:000015c0       __imp_?OnFinalRelease@CCmdTarget@@UAEXXZ 004ca5c0     mfc100d:mfc100d.dll
 0004:000015c4       __imp_?Dump@CWinApp@@UBEXAAVCDumpContext@@@Z 004ca5c4     mfc100d:mfc100d.dll
 0004:000015c8       __imp_?AssertValid@CWinApp@@UBEXXZ 004ca5c8     mfc100d:mfc100d.dll
 0004:000015cc       __imp_?GetRuntimeClass@CWinApp@@UBEPAUCRuntimeClass@@XZ 004ca5cc     mfc100d:mfc100d.dll
 0004:000015d0       __imp_??0CWinApp@@QAE@PBD@Z 004ca5d0     mfc100d:mfc100d.dll
 0004:000015d4       __imp_?PreCreateWindow@CFrameWnd@@MAEHAAUtagCREATESTRUCTA@@@Z 004ca5d4     mfc100d:mfc100d.dll
 0004:000015d8       __imp_??1CFrameWnd@@UAE@XZ 004ca5d8     mfc100d:mfc100d.dll
 0004:000015dc       __imp_?OnHideMenuBar@CFrameWnd@@MAEXXZ 004ca5dc     mfc100d:mfc100d.dll
 0004:000015e0       __imp_?OnShowMenuBar@CFrameWnd@@MAEXXZ 004ca5e0     mfc100d:mfc100d.dll
 0004:000015e4       __imp_?ExitHelpMode@CFrameWnd@@UAEXXZ 004ca5e4     mfc100d:mfc100d.dll
 0004:000015e8       __imp_?DelayUpdateFrameMenu@CFrameWnd@@UAEXPAUHMENU__@@@Z 004ca5e8     mfc100d:mfc100d.dll
 0004:000015ec       __imp_?GetDefaultAccelerator@CFrameWnd@@UAEPAUHACCEL__@@XZ 004ca5ec     mfc100d:mfc100d.dll
 0004:000015f0       __imp_?OnUpdateFrameMenu@CFrameWnd@@UAEXPAUHMENU__@@@Z 004ca5f0     mfc100d:mfc100d.dll
 0004:000015f4       __imp_?OnUpdateFrameTitle@CFrameWnd@@UAEXH@Z 004ca5f4     mfc100d:mfc100d.dll
 0004:000015f8       __imp_?OnCreateClient@CFrameWnd@@MAEHPAUtagCREATESTRUCTA@@PAUCCreateContext@@@Z 004ca5f8     mfc100d:mfc100d.dll
 0004:000015fc       __imp_?NegotiateBorderSpace@CFrameWnd@@UAEHIPAUtagRECT@@@Z 004ca5fc     mfc100d:mfc100d.dll
 0004:00001600       __imp_?GetMessageBar@CFrameWnd@@UAEPAVCWnd@@XZ 004ca600     mfc100d:mfc100d.dll
 0004:00001604       __imp_?OnSetPreviewMode@CFrameWnd@@UAEXHPAUCPrintPreviewState@@@Z 004ca604     mfc100d:mfc100d.dll
 0004:00001608       __imp_?GetMenuBarState@CFrameWnd@@UBEKXZ 004ca608     mfc100d:mfc100d.dll
 0004:0000160c       __imp_?SetMenuBarState@CFrameWnd@@UAEHK@Z 004ca60c     mfc100d:mfc100d.dll
 0004:00001610       __imp_?GetMenuBarVisibility@CFrameWnd@@UBEKXZ 004ca610     mfc100d:mfc100d.dll
 0004:00001614       __imp_?SetMenuBarVisibility@CFrameWnd@@UAEXK@Z 004ca614     mfc100d:mfc100d.dll
 0004:00001618       __imp_?ActivateFrame@CFrameWnd@@UAEXH@Z 004ca618     mfc100d:mfc100d.dll
 0004:0000161c       __imp_?RecalcLayout@CFrameWnd@@UAEXH@Z 004ca61c     mfc100d:mfc100d.dll
 0004:00001620       __imp_?GetMessageString@CFrameWnd@@UBEXIAAV?$CStringT@DV?$StrTraitMFC_DLL@DV?$ChTraitsCRT@D@ATL@@@@@ATL@@@Z 004ca620     mfc100d:mfc100d.dll
 0004:00001624       __imp_?GetActiveFrame@CFrameWnd@@UAEPAV1@XZ 004ca624     mfc100d:mfc100d.dll
 0004:00001628       __imp_?GetActiveDocument@CFrameWnd@@UAEPAVCDocument@@XZ 004ca628     mfc100d:mfc100d.dll
 0004:0000162c       __imp_?LoadFrame@CFrameWnd@@UAEHIKPAVCWnd@@PAUCCreateContext@@@Z 004ca62c     mfc100d:mfc100d.dll
 0004:00001630       __imp_?Create@CFrameWnd@@UAEHPBD0KABUtagRECT@@PAVCWnd@@0KPAUCCreateContext@@@Z 004ca630     mfc100d:mfc100d.dll
 0004:00001634       __imp_?IsFrameWnd@CFrameWnd@@UBEHXZ 004ca634     mfc100d:mfc100d.dll
 0004:00001638       __imp_?PostNcDestroy@CFrameWnd@@MAEXXZ 004ca638     mfc100d:mfc100d.dll
 0004:0000163c       __imp_?PreTranslateMessage@CFrameWnd@@UAEHPAUtagMSG@@@Z 004ca63c     mfc100d:mfc100d.dll
 0004:00001640       __imp_?EndModalState@CFrameWnd@@UAEXXZ 004ca640     mfc100d:mfc100d.dll
 0004:00001644       __imp_?BeginModalState@CFrameWnd@@UAEXXZ 004ca644     mfc100d:mfc100d.dll
 0004:00001648       __imp_?OnCommand@CFrameWnd@@MAEHIJ@Z 004ca648     mfc100d:mfc100d.dll
 0004:0000164c       __imp_?SetMenu@CFrameWnd@@UAEHPAVCMenu@@@Z 004ca64c     mfc100d:mfc100d.dll
 0004:00001650       __imp_?GetMenu@CFrameWnd@@UBEPAVCMenu@@XZ 004ca650     mfc100d:mfc100d.dll
 0004:00001654       __imp_?GetMessageMap@CFrameWnd@@MBEPBUAFX_MSGMAP@@XZ 004ca654     mfc100d:mfc100d.dll
 0004:00001658       __imp_?OnCmdMsg@CFrameWnd@@UAEHIHPAXPAUAFX_CMDHANDLERINFO@@@Z 004ca658     mfc100d:mfc100d.dll
 0004:0000165c       __imp_?Dump@CFrameWnd@@UBEXAAVCDumpContext@@@Z 004ca65c     mfc100d:mfc100d.dll
 0004:00001660       __imp_?AssertValid@CFrameWnd@@UBEXXZ 004ca660     mfc100d:mfc100d.dll
 0004:00001664       __imp_??0CFrameWnd@@QAE@XZ 004ca664     mfc100d:mfc100d.dll
 0004:00001668       __imp_?GetThisClass@CFrameWnd@@SGPAUCRuntimeClass@@XZ 004ca668     mfc100d:mfc100d.dll
 0004:0000166c       __imp_?GetThisMessageMap@CDialog@@KGPBUAFX_MSGMAP@@XZ 004ca66c     mfc100d:mfc100d.dll
 0004:00001670       __imp_??1CDialog@@UAE@XZ   004ca670     mfc100d:mfc100d.dll
 0004:00001674       __imp_?PreInitDialog@CDialog@@MAEXXZ 004ca674     mfc100d:mfc100d.dll
 0004:00001678       __imp_?OnCancel@CDialog@@MAEXXZ 004ca678     mfc100d:mfc100d.dll
 0004:0000167c       __imp_?OnOK@CDialog@@MAEXXZ 004ca67c     mfc100d:mfc100d.dll
 0004:00001680       __imp_?OnSetFont@CDialog@@UAEXPAVCFont@@@Z 004ca680     mfc100d:mfc100d.dll
 0004:00001684       __imp_?OnInitDialog@CDialog@@UAEHXZ 004ca684     mfc100d:mfc100d.dll
 0004:00001688       __imp_?DoModal@CDialog@@UAEHXZ 004ca688     mfc100d:mfc100d.dll
 0004:0000168c       __imp_?CreateIndirect@CDialog@@UAEHPBUDLGTEMPLATE@@PAVCWnd@@PAX@Z 004ca68c     mfc100d:mfc100d.dll
 0004:00001690       __imp_?CreateIndirect@CDialog@@UAEHPAXPAVCWnd@@@Z 004ca690     mfc100d:mfc100d.dll
 0004:00001694       __imp_?Create@CDialog@@UAEHPBDPAVCWnd@@@Z 004ca694     mfc100d:mfc100d.dll
 0004:00001698       __imp_?Create@CDialog@@UAEHIPAVCWnd@@@Z 004ca698     mfc100d:mfc100d.dll
 0004:0000169c       __imp_?GetOccDialogInfo@CDialog@@MAEPAU_AFX_OCC_DIALOG_INFO@@XZ 004ca69c     mfc100d:mfc100d.dll
 0004:000016a0       __imp_?SetOccDialogInfo@CDialog@@MAEHPAU_AFX_OCC_DIALOG_INFO@@@Z 004ca6a0     mfc100d:mfc100d.dll
 0004:000016a4       __imp_?CheckAutoCenter@CDialog@@UAEHXZ 004ca6a4     mfc100d:mfc100d.dll
 0004:000016a8       __imp_?PreTranslateMessage@CDialog@@UAEHPAUtagMSG@@@Z 004ca6a8     mfc100d:mfc100d.dll
 0004:000016ac       __imp_?Create@CWnd@@UAEHPBD0KABUtagRECT@@PAV1@IPAUCCreateContext@@@Z 004ca6ac     mfc100d:mfc100d.dll
 0004:000016b0       __imp_?OnCmdMsg@CDialog@@UAEHIHPAXPAUAFX_CMDHANDLERINFO@@@Z 004ca6b0     mfc100d:mfc100d.dll
 0004:000016b4       __imp_?Dump@CDialog@@UBEXAAVCDumpContext@@@Z 004ca6b4     mfc100d:mfc100d.dll
 0004:000016b8       __imp_?AssertValid@CDialog@@UBEXXZ 004ca6b8     mfc100d:mfc100d.dll
 0004:000016bc       __imp_??0CDialog@@QAE@IPAVCWnd@@@Z 004ca6bc     mfc100d:mfc100d.dll
 0004:000016c0       __imp_?GetThisClass@CDialog@@SGPAUCRuntimeClass@@XZ 004ca6c0     mfc100d:mfc100d.dll
 0004:000016c4       __imp_??B?$CSimpleStringT@D$00@ATL@@QBEPBDXZ 004ca6c4     mfc100d:mfc100d.dll
 0004:000016c8       __imp_??1?$CStringT@DV?$StrTraitMFC_DLL@DV?$ChTraitsCRT@D@ATL@@@@@ATL@@QAE@XZ 004ca6c8     mfc100d:mfc100d.dll
 0004:000016cc       __imp_??0?$CStringT@DV?$StrTraitMFC_DLL@DV?$ChTraitsCRT@D@ATL@@@@@ATL@@QAE@XZ 004ca6cc     mfc100d:mfc100d.dll
 0004:000016d0       __imp_?GetThisClass@CWnd@@SGPAUCRuntimeClass@@XZ 004ca6d0     mfc100d:mfc100d.dll
 0004:000016d4       __imp_??1CWnd@@UAE@XZ      004ca6d4     mfc100d:mfc100d.dll
 0004:000016d8       __imp_?CreateControl@CWnd@@QAEHABU_GUID@@PBDKABUtagRECT@@PAV1@IPAVCFile@@HPA_W@Z 004ca6d8     mfc100d:mfc100d.dll
 0004:000016dc       __imp_?GetOccDialogInfo@CWnd@@MAEPAU_AFX_OCC_DIALOG_INFO@@XZ 004ca6dc     mfc100d:mfc100d.dll
 0004:000016e0       __imp_?SetOccDialogInfo@CWnd@@MAEHPAU_AFX_OCC_DIALOG_INFO@@@Z 004ca6e0     mfc100d:mfc100d.dll
 0004:000016e4       __imp_?CreateControlSite@CWnd@@MAEHPAVCOleControlContainer@@PAPAVCOleControlSite@@IABU_GUID@@@Z 004ca6e4     mfc100d:mfc100d.dll
 0004:000016e8       __imp_?CreateControlContainer@CWnd@@MAEHPAPAVCOleControlContainer@@@Z 004ca6e8     mfc100d:mfc100d.dll
 0004:000016ec       __imp_?IsFrameWnd@CWnd@@UBEHXZ 004ca6ec     mfc100d:mfc100d.dll
 0004:000016f0       __imp_?CheckAutoCenter@CWnd@@UAEHXZ 004ca6f0     mfc100d:mfc100d.dll
 0004:000016f4       __imp_?OnGesturePressAndTap@CWnd@@MAEHVCPoint@@J@Z 004ca6f4     mfc100d:mfc100d.dll
 0004:000016f8       __imp_?OnGestureTwoFingerTap@CWnd@@MAEHVCPoint@@@Z 004ca6f8     mfc100d:mfc100d.dll
 0004:000016fc       __imp_?OnGestureRotate@CWnd@@MAEHVCPoint@@N@Z 004ca6fc     mfc100d:mfc100d.dll
 0004:00001700       __imp_?OnGesturePan@CWnd@@MAEHVCPoint@@0@Z 004ca700     mfc100d:mfc100d.dll
 0004:00001704       __imp_?OnGestureZoom@CWnd@@MAEHVCPoint@@J@Z 004ca704     mfc100d:mfc100d.dll
 0004:00001708       __imp_?GetGestureStatus@CWnd@@MAEKVCPoint@@@Z 004ca708     mfc100d:mfc100d.dll
 0004:0000170c       __imp_?OnTouchInput@CWnd@@MAEHVCPoint@@HHPAUtagTOUCHINPUT@@@Z 004ca70c     mfc100d:mfc100d.dll
 0004:00001710       __imp_?OnTouchInputs@CWnd@@MAEHIPAUtagTOUCHINPUT@@@Z 004ca710     mfc100d:mfc100d.dll
 0004:00001714       __imp_?OnChildNotify@CWnd@@MAEHIIJPAJ@Z 004ca714     mfc100d:mfc100d.dll
 0004:00001718       __imp_?PostNcDestroy@CWnd@@MAEXXZ 004ca718     mfc100d:mfc100d.dll
 0004:0000171c       __imp_?DefWindowProcA@CWnd@@MAEJIIJ@Z 004ca71c     mfc100d:mfc100d.dll
 0004:00001720       __imp_?OnWndMsg@CWnd@@MAEHIIJPAJ@Z 004ca720     mfc100d:mfc100d.dll
 0004:00001724       __imp_?WindowProc@CWnd@@MAEJIIJ@Z 004ca724     mfc100d:mfc100d.dll
 0004:00001728       __imp_?OnAmbientProperty@CWnd@@UAEHPAVCOleControlSite@@JPAUtagVARIANT@@@Z 004ca728     mfc100d:mfc100d.dll
 0004:0000172c       __imp_?PreTranslateMessage@CWnd@@UAEHPAUtagMSG@@@Z 004ca72c     mfc100d:mfc100d.dll
 0004:00001730       __imp_?EndModalState@CWnd@@UAEXXZ 004ca730     mfc100d:mfc100d.dll
 0004:00001734       __imp_?BeginModalState@CWnd@@UAEXXZ 004ca734     mfc100d:mfc100d.dll
 0004:00001738       __imp_?DoDataExchange@CWnd@@MAEXPAVCDataExchange@@@Z 004ca738     mfc100d:mfc100d.dll
 0004:0000173c       __imp_?GetSuperWndProcAddr@CWnd@@MAEPAP6GJPAUHWND__@@IIJ@ZXZ 004ca73c     mfc100d:mfc100d.dll
 0004:00001740       __imp_?OnNotify@CWnd@@MAEHIJPAJ@Z 004ca740     mfc100d:mfc100d.dll
 0004:00001744       __imp_?OnCommand@CWnd@@MAEHIJ@Z 004ca744     mfc100d:mfc100d.dll
 0004:00001748       __imp_?CreateAccessibleProxy@CWnd@@UAEJIJPAJ@Z 004ca748     mfc100d:mfc100d.dll
 0004:0000174c       __imp_?SetProxy@CWnd@@UAEJPAUIAccessibleProxy@@@Z 004ca74c     mfc100d:mfc100d.dll
 0004:00001750       __imp_?put_accValue@CWnd@@UAEJUtagVARIANT@@PA_W@Z 004ca750     mfc100d:mfc100d.dll
 0004:00001754       __imp_?put_accName@CWnd@@UAEJUtagVARIANT@@PA_W@Z 004ca754     mfc100d:mfc100d.dll
 0004:00001758       __imp_?accDoDefaultAction@CWnd@@UAEJUtagVARIANT@@@Z 004ca758     mfc100d:mfc100d.dll
 0004:0000175c       __imp_?accHitTest@CWnd@@UAEJJJPAUtagVARIANT@@@Z 004ca75c     mfc100d:mfc100d.dll
 0004:00001760       __imp_?accNavigate@CWnd@@UAEJJUtagVARIANT@@PAU2@@Z 004ca760     mfc100d:mfc100d.dll
 0004:00001764       __imp_?accLocation@CWnd@@UAEJPAJ000UtagVARIANT@@@Z 004ca764     mfc100d:mfc100d.dll
 0004:00001768       __imp_?accSelect@CWnd@@UAEJJUtagVARIANT@@@Z 004ca768     mfc100d:mfc100d.dll
 0004:0000176c       __imp_?get_accDefaultAction@CWnd@@UAEJUtagVARIANT@@PAPA_W@Z 004ca76c     mfc100d:mfc100d.dll
 0004:00001770       __imp_?get_accSelection@CWnd@@UAEJPAUtagVARIANT@@@Z 004ca770     mfc100d:mfc100d.dll
 0004:00001774       __imp_?get_accFocus@CWnd@@UAEJPAUtagVARIANT@@@Z 004ca774     mfc100d:mfc100d.dll
 0004:00001778       __imp_?get_accKeyboardShortcut@CWnd@@UAEJUtagVARIANT@@PAPA_W@Z 004ca778     mfc100d:mfc100d.dll
 0004:0000177c       __imp_?get_accHelpTopic@CWnd@@UAEJPAPA_WUtagVARIANT@@PAJ@Z 004ca77c     mfc100d:mfc100d.dll
 0004:00001780       __imp_?get_accHelp@CWnd@@UAEJUtagVARIANT@@PAPA_W@Z 004ca780     mfc100d:mfc100d.dll
 0004:00001784       __imp_?get_accState@CWnd@@UAEJUtagVARIANT@@PAU2@@Z 004ca784     mfc100d:mfc100d.dll
 0004:00001788       __imp_?get_accRole@CWnd@@UAEJUtagVARIANT@@PAU2@@Z 004ca788     mfc100d:mfc100d.dll
 0004:0000178c       __imp_?get_accDescription@CWnd@@UAEJUtagVARIANT@@PAPA_W@Z 004ca78c     mfc100d:mfc100d.dll
 0004:00001790       __imp_?get_accValue@CWnd@@UAEJUtagVARIANT@@PAPA_W@Z 004ca790     mfc100d:mfc100d.dll
 0004:00001794       __imp_?get_accName@CWnd@@UAEJUtagVARIANT@@PAPA_W@Z 004ca794     mfc100d:mfc100d.dll
 0004:00001798       __imp_?get_accChild@CWnd@@UAEJUtagVARIANT@@PAPAUIDispatch@@@Z 004ca798     mfc100d:mfc100d.dll
 0004:0000179c       __imp_?get_accChildCount@CWnd@@UAEJPAJ@Z 004ca79c     mfc100d:mfc100d.dll
 0004:000017a0       __imp_?get_accParent@CWnd@@UAEJPAPAUIDispatch@@@Z 004ca7a0     mfc100d:mfc100d.dll
 0004:000017a4       __imp_?EnsureStdObj@CWnd@@UAEJXZ 004ca7a4     mfc100d:mfc100d.dll
 0004:000017a8       __imp_?OnDrawIconicThumbnailOrLivePreview@CWnd@@UAEXAAVCDC@@VCRect@@VCSize@@HAAH@Z 004ca7a8     mfc100d:mfc100d.dll
 0004:000017ac       __imp_?EndModalLoop@CWnd@@UAEXH@Z 004ca7ac     mfc100d:mfc100d.dll
 0004:000017b0       __imp_?ContinueModal@CWnd@@UAEHXZ 004ca7b0     mfc100d:mfc100d.dll
 0004:000017b4       __imp_?WinHelpInternal@CWnd@@UAEXKI@Z 004ca7b4     mfc100d:mfc100d.dll
 0004:000017b8       __imp_?HtmlHelpA@CWnd@@UAEXKI@Z 004ca7b8     mfc100d:mfc100d.dll
 0004:000017bc       __imp_?WinHelpA@CWnd@@UAEXKI@Z 004ca7bc     mfc100d:mfc100d.dll
 0004:000017c0       __imp_?GetScrollBarCtrl@CWnd@@UBEPAVCScrollBar@@H@Z 004ca7c0     mfc100d:mfc100d.dll
 0004:000017c4       __imp_?OnToolHitTest@CWnd@@UBEHVCPoint@@PAUtagTOOLINFOA@@@Z 004ca7c4     mfc100d:mfc100d.dll
 0004:000017c8       __imp_?SetMenu@CWnd@@UAEHPAVCMenu@@@Z 004ca7c8     mfc100d:mfc100d.dll
 0004:000017cc       __imp_?GetMenu@CWnd@@UBEPAVCMenu@@XZ 004ca7cc     mfc100d:mfc100d.dll
 0004:000017d0       __imp_?CalcWindowRect@CWnd@@UAEXPAUtagRECT@@I@Z 004ca7d0     mfc100d:mfc100d.dll
 0004:000017d4       __imp_?PreCreateWindow@CWnd@@UAEHAAUtagCREATESTRUCTA@@@Z 004ca7d4     mfc100d:mfc100d.dll
 0004:000017d8       __imp_?DestroyWindow@CWnd@@UAEHXZ 004ca7d8     mfc100d:mfc100d.dll
 0004:000017dc       __imp_?CreateEx@CWnd@@UAEHKPBD0KHHHHPAUHWND__@@PAUHMENU__@@PAX@Z 004ca7dc     mfc100d:mfc100d.dll
 0004:000017e0       __imp_?CreateEx@CWnd@@UAEHKPBD0KABUtagRECT@@PAV1@IPAX@Z 004ca7e0     mfc100d:mfc100d.dll
 0004:000017e4       __imp_?PreSubclassWindow@CWnd@@UAEXXZ 004ca7e4     mfc100d:mfc100d.dll
 0004:000017e8       __imp_?GetConnectionHook@CCmdTarget@@MAEPAUIConnectionPoint@@ABU_GUID@@@Z 004ca7e8     mfc100d:mfc100d.dll
 0004:000017ec       __imp_?GetExtraConnectionPoints@CCmdTarget@@MAEHPAVCPtrArray@@@Z 004ca7ec     mfc100d:mfc100d.dll
 0004:000017f0       __imp_?GetInterfaceHook@CCmdTarget@@UAEPAUIUnknown@@PBX@Z 004ca7f0     mfc100d:mfc100d.dll
 0004:000017f4       __imp_?OnCreateAggregates@CCmdTarget@@UAEHXZ 004ca7f4     mfc100d:mfc100d.dll
 0004:000017f8       __imp_?GetEventSinkMap@CCmdTarget@@MBEPBUAFX_EVENTSINKMAP@@XZ 004ca7f8     mfc100d:mfc100d.dll
 0004:000017fc       __imp_?GetInterfaceMap@CWnd@@MBEPBUAFX_INTERFACEMAP@@XZ 004ca7fc     mfc100d:mfc100d.dll
 0004:00001800       __imp_?GetConnectionMap@CCmdTarget@@MBEPBUAFX_CONNECTIONMAP@@XZ 004ca800     mfc100d:mfc100d.dll
 0004:00001804       __imp_?GetDispatchMap@CCmdTarget@@MBEPBUAFX_DISPMAP@@XZ 004ca804     mfc100d:mfc100d.dll
 0004:00001808       __imp_?GetCommandMap@CCmdTarget@@MBEPBUAFX_OLECMDMAP@@XZ 004ca808     mfc100d:mfc100d.dll
 0004:0000180c       __imp_?GetMessageMap@CWnd@@MBEPBUAFX_MSGMAP@@XZ 004ca80c     mfc100d:mfc100d.dll
 0004:00001810       __imp_?GetTypeLib@CCmdTarget@@UAEJKPAPAUITypeLib@@@Z 004ca810     mfc100d:mfc100d.dll
 0004:00001814       __imp_?GetTypeLibCache@CCmdTarget@@UAEPAVCTypeLibCache@@XZ 004ca814     mfc100d:mfc100d.dll
 0004:00001818       __imp_?GetTypeInfoCount@CCmdTarget@@UAEIXZ 004ca818     mfc100d:mfc100d.dll
 0004:0000181c       __imp_?GetDispatchIID@CCmdTarget@@UAEHPAU_GUID@@@Z 004ca81c     mfc100d:mfc100d.dll
 0004:00001820       __imp_?IsInvokeAllowed@CCmdTarget@@UAEHJ@Z 004ca820     mfc100d:mfc100d.dll
 0004:00001824       __imp_?OnFinalRelease@CWnd@@UAEXXZ 004ca824     mfc100d:mfc100d.dll
 0004:00001828       __imp_?OnCmdMsg@CCmdTarget@@UAEHIHPAXPAUAFX_CMDHANDLERINFO@@@Z 004ca828     mfc100d:mfc100d.dll
 0004:0000182c       __imp_?Dump@CWnd@@UBEXAAVCDumpContext@@@Z 004ca82c     mfc100d:mfc100d.dll
 0004:00001830       __imp_?AssertValid@CWnd@@UBEXXZ 004ca830     mfc100d:mfc100d.dll
 0004:00001834       __imp_?Serialize@CObject@@UAEXAAVCArchive@@@Z 004ca834     mfc100d:mfc100d.dll
 0004:00001838       __imp_??0CWnd@@QAE@XZ      004ca838     mfc100d:mfc100d.dll
 0004:0000183c       __imp_??2CObject@@SGPAXI@Z 004ca83c     mfc100d:mfc100d.dll
 0004:00001840       __imp_??3CObject@@SGXPAX@Z 004ca840     mfc100d:mfc100d.dll
 0004:00001844       __imp_??3@YAXPAX@Z         004ca844     mfc100d:mfc100d.dll
 0004:00001848       __imp_?AfxWinMain@@YGHPAUHINSTANCE__@@0PADH@Z 004ca848     mfc100d:mfc100d.dll
 0004:0000184c       __imp_?GetThisClass@CDocument@@SGPAUCRuntimeClass@@XZ 004ca84c     mfc100d:mfc100d.dll
 0004:00001850       __imp_?OnFinalRelease@CDocument@@UAEXXZ 004ca850     mfc100d:mfc100d.dll
 0004:00001854       \177mfc100d_NULL_THUNK_DATA 004ca854     mfc100d:mfc100d.dll
 0004:000019cc       __imp__olDaGetDASS@16      004ca9cc     oldaapi32:oldaapi32.dll
 0004:000019d0       __imp__olDaSetDataFlow@8   004ca9d0     oldaapi32:oldaapi32.dll
 0004:000019d4       __imp__olDaConfig@4        004ca9d4     oldaapi32:oldaapi32.dll
 0004:000019d8       __imp__olDaPutSingleValue@20 004ca9d8     oldaapi32:oldaapi32.dll
 0004:000019dc       __imp__olDaReleaseDASS@4   004ca9dc     oldaapi32:oldaapi32.dll
 0004:000019e0       __imp__olDaTerminate@4     004ca9e0     oldaapi32:oldaapi32.dll
 0004:000019e4       __imp__olDaInitialize@8    004ca9e4     oldaapi32:oldaapi32.dll
 0004:000019e8       \177oldaapi32_NULL_THUNK_DATA 004ca9e8     oldaapi32:oldaapi32.dll

 entry point at        0001:00023350

