 Octopus

 Timestamp is 563bf9e2 (Thu Nov 05 19:52:50 2015)

 Preferred load address is 00400000

 Start         Length     Name                   Class
 0001:00000000 00094b03H .text                   CODE
 0001:00094b10 00003240H .text$x                 CODE
 0001:00097d50 00001b11H .text$yc                CODE
 0001:00099870 000010ceH .text$yd                CODE
 0002:00000000 00000104H .CRT$XCA                DATA
 0002:00000104 00000104H .CRT$XCAA               DATA
 0002:00000208 0000010eH .CRT$XCC                DATA
 0002:00000318 00000186H .CRT$XCL                DATA
 0002:000004a0 0000011cH .CRT$XCU                DATA
 0002:000005bc 00000104H .CRT$XCZ                DATA
 0002:000006c0 00000104H .CRT$XIA                DATA
 0002:000007c4 00000104H .CRT$XIAA               DATA
 0002:000008c8 00000104H .CRT$XIC                DATA
 0002:000009cc 00000104H .CRT$XIY                DATA
 0002:00000ad0 00000104H .CRT$XIZ                DATA
 0002:00000be0 0002ab5dH .rdata                  DATA
 0002:0002b740 00000173H .rdata$debug            DATA
 0002:0002b8b4 00000ed5H .rdata$r                DATA
 0002:0002c790 0000033bH .rdata$sxdata           DATA
 0002:0002cacc 00000104H .rtc$IAA                DATA
 0002:0002cbd0 00000104H .rtc$IZZ                DATA
 0002:0002ccd4 00000104H .rtc$TAA                DATA
 0002:0002cdd8 00000104H .rtc$TZZ                DATA
 0002:0002cee0 00002316H .xdata$x                DATA
 0002:0002f1f8 00000104H ATL$__a                 DATA
 0002:0002f2fc 00000104H ATL$__z                 DATA
 0002:0002f400 00000000H .edata                  DATA
 0003:00000000 00001098H .data                   DATA
 0003:000010a0 00003288H .bss                    DATA
 0004:00000000 000000c8H .idata$2                DATA
 0004:000000c8 00000014H .idata$3                DATA
 0004:000000dc 00000d08H .idata$4                DATA
 0004:00000de4 00000d08H .idata$5                DATA
 0004:00001aec 00000dc3H .idata$6                DATA
 0005:00000000 000009d9H .rsrc$01                DATA
 0005:000009e0 00005a79H .rsrc$02                DATA

  Address         Publics by Value              Rva+Base       Lib:Object

 0000:00000000       __except_list              00000000     <absolute>
 0000:00000077       ___safe_se_handler_count   00000077     <absolute>
 0000:00009876       __fltused                  00009876     <absolute>
 0000:00009876       __ldused                   00009876     <absolute>
 0000:00000000       ___ImageBase               00400000     <linker-defined>
 0001:00001880       ?_AfxInitManaged@@YAHXZ    00402880 f i APTMotor.obj
 0001:00001890       ?CreateObject@CMgmotorctrl1@@SGPAVCObject@@XZ 00402890 f   APTMotor.obj
 0001:00001910       ?_GetBaseClass@CMgmotorctrl1@@KGPAUCRuntimeClass@@XZ 00402910 f   APTMotor.obj
 0001:00001920       ?GetThisClass@CMgmotorctrl1@@SGPAUCRuntimeClass@@XZ 00402920 f   APTMotor.obj
 0001:00001930       ?GetRuntimeClass@CMgmotorctrl1@@UBEPAUCRuntimeClass@@XZ 00402930 f   APTMotor.obj
 0001:00001970       ??0CMgmotorctrl1@@QAE@XZ   00402970 f i APTMotor.obj
 0001:000019a0       ?Create@CMgmotorctrl1@@UAEHPBD0KABUtagRECT@@PAVCWnd@@IPAUCCreateContext@@@Z 004029a0 f i APTMotor.obj
 0001:000019f0       ?GetClsid@CMgmotorctrl1@@QAEABU_GUID@@XZ 004029f0 f i APTMotor.obj
 0001:00001a10       ??_GCMgmotorctrl1@@UAEPAXI@Z 00402a10 f i APTMotor.obj
 0001:00001a10       ??_ECMgmotorctrl1@@UAEPAXI@Z 00402a10 f i APTMotor.obj
 0001:00001a50       ??1CMgmotorctrl1@@UAE@XZ   00402a50 f i APTMotor.obj
 0001:00001a70       ??0Thank_you@Define_the_symbol__ATL_MIXED@@QAE@XZ 00402a70 f i APTMotor.obj
 0001:00001a90       ?one@Thank_you@Define_the_symbol__ATL_MIXED@@UAEXXZ 00402a90 f i APTMotor.obj
 0001:00001aa0       ?CreateObject@APT_system@@SGPAVCObject@@XZ 00402aa0 f   APTSystem.obj
 0001:00001b10       ?_GetBaseClass@APT_system@@KGPAUCRuntimeClass@@XZ 00402b10 f   APTSystem.obj
 0001:00001b20       ?GetThisClass@APT_system@@SGPAUCRuntimeClass@@XZ 00402b20 f   APTSystem.obj
 0001:00001b30       ?GetRuntimeClass@APT_system@@UBEPAUCRuntimeClass@@XZ 00402b30 f   APTSystem.obj
 0001:00001b70       ??0APT_system@@QAE@XZ      00402b70 f i APTSystem.obj
 0001:00001ba0       ?Create@APT_system@@UAEHPBD0KABUtagRECT@@PAVCWnd@@IPAUCCreateContext@@@Z 00402ba0 f i APTSystem.obj
 0001:00001bf0       ?GetClsid@APT_system@@QAEABU_GUID@@XZ 00402bf0 f i APTSystem.obj
 0001:00001c10       ??_EAPT_system@@UAEPAXI@Z  00402c10 f i APTSystem.obj
 0001:00001c10       ??_GAPT_system@@UAEPAXI@Z  00402c10 f i APTSystem.obj
 0001:00001c50       ??1APT_system@@UAE@XZ      00402c50 f i APTSystem.obj
 0001:00001c70       ??0CPort@@QAE@XZ           00402c70 f   cport.obj
 0001:00001ca0       ??1CPort@@QAE@XZ           00402ca0 f   cport.obj
 0001:00001cd0       ?OpenCPort@CPort@@QAE_NXZ  00402cd0 f   cport.obj
 0001:00001ed0       ?CloseCPort@CPort@@QAE_NXZ 00402ed0 f   cport.obj
 0001:00001f20       ?WriteCPort@CPort@@QAE_NXZ 00402f20 f   cport.obj
 0001:00002000       ?WriteCPortOneByte@CPort@@QAE_NXZ 00403000 f   cport.obj
 0001:000020d0       ?CheckWrite@CPort@@QAE_NXZ 004030d0 f   cport.obj
 0001:00002140       ?ReadCPort@CPort@@QAE_NXZ  00403140 f   cport.obj
 0001:00002250       ?ReadCPortOneByte@CPort@@QAE_NXZ 00403250 f   cport.obj
 0001:00002320       ?CheckRead@CPort@@QAE_NXZ  00403320 f   cport.obj
 0001:00002550       ?_GetBaseClass@DisplayDialog@@KGPAUCRuntimeClass@@XZ 00403550 f   DisplayDialog.obj
 0001:00002560       ?GetThisClass@DisplayDialog@@SGPAUCRuntimeClass@@XZ 00403560 f   DisplayDialog.obj
 0001:00002570       ?GetRuntimeClass@DisplayDialog@@UBEPAUCRuntimeClass@@XZ 00403570 f   DisplayDialog.obj
 0001:00002580       ??0DisplayDialog@@QAE@PAVCWnd@@@Z 00403580 f   DisplayDialog.obj
 0001:000025b0       ??1DisplayDialog@@UAE@XZ   004035b0 f   DisplayDialog.obj
 0001:000025d0       ?DoDataExchange@DisplayDialog@@MAEXPAVCDataExchange@@@Z 004035d0 f   DisplayDialog.obj
 0001:000025f0       ?GetMessageMap@DisplayDialog@@MBEPBUAFX_MSGMAP@@XZ 004035f0 f   DisplayDialog.obj
 0001:00002600       ?GetThisMessageMap@DisplayDialog@@KGPBUAFX_MSGMAP@@XZ 00403600 f   DisplayDialog.obj
 0001:00002640       ??_GDisplayDialog@@UAEPAXI@Z 00403640 f i DisplayDialog.obj
 0001:00002640       ??_EDisplayDialog@@UAEPAXI@Z 00403640 f i DisplayDialog.obj
 0001:00002680       ?CreateObject@CMainFrame@@SGPAVCObject@@XZ 00403680 f   MainFrm.obj
 0001:00002700       ?_GetBaseClass@CMainFrame@@KGPAUCRuntimeClass@@XZ 00403700 f   MainFrm.obj
 0001:00002710       ?GetThisClass@CMainFrame@@SGPAUCRuntimeClass@@XZ 00403710 f   MainFrm.obj
 0001:00002720       ?GetRuntimeClass@CMainFrame@@UBEPAUCRuntimeClass@@XZ 00403720 f   MainFrm.obj
 0001:00002730       ??0CMainFrame@@IAE@XZ      00403730 f   MainFrm.obj
 0001:00002750       ??1CMainFrame@@UAE@XZ      00403750 f   MainFrm.obj
 0001:00002770       ?PreCreateWindow@CMainFrame@@UAEHAAUtagCREATESTRUCTA@@@Z 00403770 f   MainFrm.obj
 0001:00002810       ??_GCMainFrame@@UAEPAXI@Z  00403810 f i MainFrm.obj
 0001:00002810       ??_ECMainFrame@@UAEPAXI@Z  00403810 f i MainFrm.obj
 0001:00002850       ??0COctopusApp@@QAE@XZ     00403850 f   Octopus.obj
 0001:00002880       ?InitInstance@COctopusApp@@UAEHXZ 00403880 f   Octopus.obj
 0001:000029b0       ?ExitInstance@COctopusApp@@UAEHXZ 004039b0 f   Octopus.obj
 0001:00002a20       ?SupportsRestartManager@CWinApp@@UBEHXZ 00403a20 f i Octopus.obj
 0001:00002a40       ?SupportsApplicationRecovery@CWinApp@@UBEHXZ 00403a40 f i Octopus.obj
 0001:00002a60       ?SupportsAutosaveAtRestart@CWinApp@@UBEHXZ 00403a60 f i Octopus.obj
 0001:00002a80       ?SupportsAutosaveAtInterval@CWinApp@@UBEHXZ 00403a80 f i Octopus.obj
 0001:00002aa0       ?ReopenPreviousFilesAtRestart@CWinApp@@UBEHXZ 00403aa0 f i Octopus.obj
 0001:00002ac0       ?RestoreAutosavedFilesAtRestart@CWinApp@@UBEHXZ 00403ac0 f i Octopus.obj
 0001:00002ae0       ?GetApplicationRestartFlags@CWinApp@@UAEKXZ 00403ae0 f i Octopus.obj
 0001:00002af0       ?GetApplicationRecoveryParameter@CWinApp@@UAEPAXXZ 00403af0 f i Octopus.obj
 0001:00002b00       ?GetApplicationRecoveryPingInterval@CWinApp@@UAEKXZ 00403b00 f i Octopus.obj
 0001:00002b20       ??_ECOctopusApp@@UAEPAXI@Z 00403b20 f i Octopus.obj
 0001:00002b20       ??_GCOctopusApp@@UAEPAXI@Z 00403b20 f i Octopus.obj
 0001:00002b60       ??1COctopusApp@@UAE@XZ     00403b60 f i Octopus.obj
 0001:00002b80       ??0COctopusXCite@@QAE@PAVCWnd@@@Z 00403b80 f   OctopusXCite.obj
 0001:00002de0       ?OnInitDialog@COctopusXCite@@MAEHXZ 00403de0 f   OctopusXCite.obj
 0001:00002e10       ?OnTimer@COctopusXCite@@QAEXI@Z 00403e10 f   OctopusXCite.obj
 0001:00002e80       ?Init@COctopusXCite@@IAE_NXZ 00403e80 f   OctopusXCite.obj
 0001:00002ff0       ?DoDataExchange@COctopusXCite@@MAEXPAVCDataExchange@@@Z 00403ff0 f   OctopusXCite.obj
 0001:000030d0       ?GetMessageMap@COctopusXCite@@MBEPBUAFX_MSGMAP@@XZ 004040d0 f   OctopusXCite.obj
 0001:000030e0       ?GetThisMessageMap@COctopusXCite@@KGPBUAFX_MSGMAP@@XZ 004040e0 f   OctopusXCite.obj
 0001:000030f0       ?Close@COctopusXCite@@QAEXXZ 004040f0 f   OctopusXCite.obj
 0001:00003180       ??1COctopusXCite@@UAE@XZ   00404180 f   OctopusXCite.obj
 0001:000032a0       ?Z_StepDown@COctopusXCite@@QAEXXZ 004042a0 f   OctopusXCite.obj
 0001:00003370       ?Z_StepUp@COctopusXCite@@QAEXXZ 00404370 f   OctopusXCite.obj
 0001:00003440       ?ObjESC@COctopusXCite@@QAEXXZ 00404440 f   OctopusXCite.obj
 0001:00003580       ?ObjRTN@COctopusXCite@@QAEXXZ 00404580 f   OctopusXCite.obj
 0001:00003680       ?OnObjectiveStepSize1@COctopusXCite@@QAEXXZ 00404680 f   OctopusXCite.obj
 0001:000036c0       ?OnObjectiveStepSize2@COctopusXCite@@QAEXXZ 004046c0 f   OctopusXCite.obj
 0001:00003700       ?OnObjectiveStepSize3@COctopusXCite@@QAEXXZ 00404700 f   OctopusXCite.obj
 0001:00003740       ?OnObjectiveStepSize4@COctopusXCite@@QAEXXZ 00404740 f   OctopusXCite.obj
 0001:00003780       ?GetPosition@COctopusXCite@@QAEXXZ 00404780 f   OctopusXCite.obj
 0001:00003970       ?DisplayPosition@COctopusXCite@@IAEXXZ 00404970 f   OctopusXCite.obj
 0001:00003a20       ?OnObj_1@COctopusXCite@@QAEXXZ 00404a20 f   OctopusXCite.obj
 0001:00003a50       ?OnObj_2@COctopusXCite@@QAEXXZ 00404a50 f   OctopusXCite.obj
 0001:00003a80       ?OnObj_3@COctopusXCite@@QAEXXZ 00404a80 f   OctopusXCite.obj
 0001:00003ab0       ?OnObj_4@COctopusXCite@@QAEXXZ 00404ab0 f   OctopusXCite.obj
 0001:00003ae0       ?OnObj_5@COctopusXCite@@QAEXXZ 00404ae0 f   OctopusXCite.obj
 0001:00003b10       ?OnObj_6@COctopusXCite@@QAEXXZ 00404b10 f   OctopusXCite.obj
 0001:00003b40       ?OnFW_1@COctopusXCite@@QAEXXZ 00404b40 f   OctopusXCite.obj
 0001:00003b70       ?OnFW_2@COctopusXCite@@QAEXXZ 00404b70 f   OctopusXCite.obj
 0001:00003ba0       ?OnFW_3@COctopusXCite@@QAEXXZ 00404ba0 f   OctopusXCite.obj
 0001:00003bd0       ?OnFW_4@COctopusXCite@@QAEXXZ 00404bd0 f   OctopusXCite.obj
 0001:00003c00       ?OnFW_5@COctopusXCite@@QAEXXZ 00404c00 f   OctopusXCite.obj
 0001:00003c30       ?OnFW_6@COctopusXCite@@QAEXXZ 00404c30 f   OctopusXCite.obj
 0001:00003c60       ?OnBFW_1@COctopusXCite@@QAEXXZ 00404c60 f   OctopusXCite.obj
 0001:00003c90       ?OnBFW_2@COctopusXCite@@QAEXXZ 00404c90 f   OctopusXCite.obj
 0001:00003cc0       ?OnBFW_3@COctopusXCite@@QAEXXZ 00404cc0 f   OctopusXCite.obj
 0001:00003cf0       ?OnBFW_4@COctopusXCite@@QAEXXZ 00404cf0 f   OctopusXCite.obj
 0001:00003d20       ?OnBFW_5@COctopusXCite@@QAEXXZ 00404d20 f   OctopusXCite.obj
 0001:00003d50       ?OnBFW_6@COctopusXCite@@QAEXXZ 00404d50 f   OctopusXCite.obj
 0001:00003d80       ?Objective@COctopusXCite@@QAEXH@Z 00404d80 f   OctopusXCite.obj
 0001:00004090       ?GetObj@COctopusXCite@@IAEHXZ 00405090 f   OctopusXCite.obj
 0001:00004240       ?GetFW@COctopusXCite@@IAEHXZ 00405240 f   OctopusXCite.obj
 0001:000043f0       ?GetBFW@COctopusXCite@@IAEHXZ 004053f0 f   OctopusXCite.obj
 0001:000045a0       ?EpiFilterWheel@COctopusXCite@@QAEXH@Z 004055a0 f   OctopusXCite.obj
 0001:00004670       ?BrightFieldFilterWheel@COctopusXCite@@QAEXH@Z 00405670 f   OctopusXCite.obj
 0001:00004740       ?ToggleXCiteLEDStatus@COctopusXCite@@QAEXXZ 00405740 f   OctopusXCite.obj
 0001:000047c0       ?BrightField@COctopusXCite@@QAEXH@Z 004057c0 f   OctopusXCite.obj
 0001:00004890       ?OnNMCustomdrawExecute@COctopusXCite@@IAEXPAUtagNMHDR@@PAJ@Z 00405890 f   OctopusXCite.obj
 0001:000048f0       ?DisplayBFIntensity@COctopusXCite@@IAEXH@Z 004058f0 f   OctopusXCite.obj
 0001:000049b0       ?WriteScope@COctopusXCite@@IAE_NV?$CStringT@DV?$StrTraitMFC_DLL@DV?$ChTraitsCRT@D@ATL@@@@@ATL@@@Z 004059b0 f   OctopusXCite.obj
 0001:00004ad0       ?ReadScope@COctopusXCite@@IAE?AV?$CStringT@DV?$StrTraitMFC_DLL@DV?$ChTraitsCRT@D@ATL@@@@@ATL@@G@Z 00405ad0 f   OctopusXCite.obj
 0001:00004ba0       ?OnCommand@COctopusXCite@@MAEHIJ@Z 00405ba0 f   OctopusXCite.obj
 0001:00004bf0       ?OnStnClickedScopeIntensitySliderSetting@COctopusXCite@@QAEXXZ 00405bf0 f   OctopusXCite.obj
 0001:00004c00       ?OnEnChangeEdit1@COctopusXCite@@QAEXXZ 00405c00 f   OctopusXCite.obj
 0001:00004c10       ?OnStnClickedScopePos@COctopusXCite@@QAEXXZ 00405c10 f   OctopusXCite.obj
 0001:00004c20       ?OnStnClickedShutterImage@COctopusXCite@@QAEXXZ 00405c20 f   OctopusXCite.obj
 0001:00004c30       ?OnNMCustomdrawXciteIntensitySlider2@COctopusXCite@@QAEXPAUtagNMHDR@@PAJ@Z 00405c30 f   OctopusXCite.obj
 0001:00004c50       ?GetIntensityLevel@COctopusXCite@@QAEXXZ 00405c50 f   OctopusXCite.obj
 0001:00004d90       ?OnBnClickedAdjustIntensity@COctopusXCite@@QAEXXZ 00405d90 f   OctopusXCite.obj
 0001:00004ef0       ?GetLEDStatus@COctopusXCite@@QAEXXZ 00405ef0 f   OctopusXCite.obj
 0001:00005080       ?OnBnClickedLedOnoff@COctopusXCite@@QAEXXZ 00406080 f   OctopusXCite.obj
 0001:00005af0       ??_GCOctopusXCite@@UAEPAXI@Z 00406af0 f i OctopusXCite.obj
 0001:00005af0       ??_ECOctopusXCite@@UAEPAXI@Z 00406af0 f i OctopusXCite.obj
 0001:00005b30       ??_GCPort@@QAEPAXI@Z       00406b30 f i OctopusXCite.obj
 0001:00005b70       ??9ATL@@YA_NABV?$CStringT@DV?$StrTraitMFC_DLL@DV?$ChTraitsCRT@D@ATL@@@@@0@PBD@Z 00406b70 f i OctopusXCite.obj
 0001:00005b90       ??9ATL@@YA_NABV?$CStringT@DV?$StrTraitMFC_DLL@DV?$ChTraitsCRT@D@ATL@@@@@0@D@Z 00406b90 f i OctopusXCite.obj
 0001:00005be0       ??1?$basic_string@DU?$char_traits@D@std@@V?$allocator@D@2@@std@@QAE@XZ 00406be0 f i OctopusXCite.obj
 0001:00005c50       ??0?$bitset@$0BA@@std@@QAE@H@Z 00406c50 f i OctopusXCite.obj
 0001:00005cd0       ?to_string@?$bitset@$0BA@@std@@QBE?AV?$basic_string@DU?$char_traits@D@std@@V?$allocator@D@2@@2@DD@Z 00406cd0 f i OctopusXCite.obj
 0001:00005d20       ?_Tidy@?$basic_string@DU?$char_traits@D@std@@V?$allocator@D@2@@std@@QAEX_NI@Z 00406d20 f i OctopusXCite.obj
 0001:00005dc0       ?copy@?$char_traits@D@std@@SAPADPADPBDI@Z 00406dc0 f i OctopusXCite.obj
 0001:00005de0       ??1?$_String_val@DV?$allocator@D@std@@@std@@QAE@XZ 00406de0 f i OctopusXCite.obj
 0001:00005ea0       ?set@?$bitset@$0BA@@std@@QAEAAV12@I_N@Z 00406ea0 f i OctopusXCite.obj
 0001:00005f50       ?_Tidy@?$bitset@$0BA@@std@@AAEXK@Z 00406f50 f i OctopusXCite.obj
 0001:00005fb0       ?_Eos@?$basic_string@DU?$char_traits@D@std@@V?$allocator@D@2@@std@@QAEXI@Z 00406fb0 f i OctopusXCite.obj
 0001:00006000       ?assign@?$char_traits@D@std@@SAXAADABD@Z 00407000 f i OctopusXCite.obj
 0001:00006020       ?_Myptr@?$basic_string@DU?$char_traits@D@std@@V?$allocator@D@2@@std@@QAEPADXZ 00407020 f i OctopusXCite.obj
 0001:00006060       ?deallocate@?$allocator@D@std@@QAEXPADI@Z 00407060 f i OctopusXCite.obj
 0001:00006080       ?_Trim@?$bitset@$0BA@@std@@AAEXXZ 00407080 f i OctopusXCite.obj
 0001:000060a0       ?_Xran@?$bitset@$0BA@@std@@ABEXXZ 004070a0 f i OctopusXCite.obj
 0001:000060c0       ?deallocate@?$allocator@U_Container_proxy@std@@@std@@QAEXPAU_Container_proxy@2@I@Z 004070c0 f i OctopusXCite.obj
 0001:000060e0       ??$to_string@DU?$char_traits@D@std@@V?$allocator@D@2@@?$bitset@$0BA@@std@@QBE?AV?$basic_string@DU?$char_traits@D@std@@V?$allocator@D@2@@1@DD@Z 004070e0 f i OctopusXCite.obj
 0001:000061f0       ??0?$basic_string@DU?$char_traits@D@std@@V?$allocator@D@2@@std@@QAE@XZ 004071f0 f i OctopusXCite.obj
 0001:00006270       ??0?$basic_string@DU?$char_traits@D@std@@V?$allocator@D@2@@std@@QAE@$$QAV01@@Z 00407270 f i OctopusXCite.obj
 0001:00006320       ?assign@?$basic_string@DU?$char_traits@D@std@@V?$allocator@D@2@@std@@QAEAAV12@$$QAV12@@Z 00407320 f i OctopusXCite.obj
 0001:00006430       ?move@?$char_traits@D@std@@SAPADPADPBDI@Z 00407430 f i OctopusXCite.obj
 0001:00006450       ??Y?$basic_string@DU?$char_traits@D@std@@V?$allocator@D@2@@std@@QAEAAV01@D@Z 00407450 f i OctopusXCite.obj
 0001:00006480       ??0?$_String_val@DV?$allocator@D@std@@@std@@QAE@V?$allocator@D@1@@Z 00407480 f i OctopusXCite.obj
 0001:00006550       ??0_Container_proxy@std@@QAE@XZ 00407550 f i OctopusXCite.obj
 0001:00006580       ??0?$allocator@D@std@@QAE@XZ 00407580 f i OctopusXCite.obj
 0001:000065a0       ??0?$allocator@D@std@@QAE@ABV01@@Z 004075a0 f i OctopusXCite.obj
 0001:000065c0       ??4?$basic_string@DU?$char_traits@D@std@@V?$allocator@D@2@@std@@QAEAAV01@ABV01@@Z 004075c0 f i OctopusXCite.obj
 0001:000065e0       ?append@?$basic_string@DU?$char_traits@D@std@@V?$allocator@D@2@@std@@QAEAAV12@ID@Z 004075e0 f i OctopusXCite.obj
 0001:00006680       ?get_allocator@?$basic_string@DU?$char_traits@D@std@@V?$allocator@D@2@@std@@QBE?AV?$allocator@D@2@XZ 00407680 f i OctopusXCite.obj
 0001:000066b0       ?allocate@?$allocator@U_Container_proxy@std@@@std@@QAEPAU_Container_proxy@2@I@Z 004076b0 f i OctopusXCite.obj
 0001:000066e0       ?assign@?$basic_string@DU?$char_traits@D@std@@V?$allocator@D@2@@std@@QAEAAV12@ABV12@@Z 004076e0 f i OctopusXCite.obj
 0001:00006710       ?assign@?$basic_string@DU?$char_traits@D@std@@V?$allocator@D@2@@std@@QAEAAV12@ABV12@II@Z 00407710 f i OctopusXCite.obj
 0001:000067f0       ?size@?$basic_string@DU?$char_traits@D@std@@V?$allocator@D@2@@std@@QBEIXZ 004077f0 f i OctopusXCite.obj
 0001:00006810       ?_Myptr@?$basic_string@DU?$char_traits@D@std@@V?$allocator@D@2@@std@@QBEPBDXZ 00407810 f i OctopusXCite.obj
 0001:00006850       ?_Xran@?$basic_string@DU?$char_traits@D@std@@V?$allocator@D@2@@std@@QBEXXZ 00407850 f i OctopusXCite.obj
 0001:00006870       ?_Chassign@?$basic_string@DU?$char_traits@D@std@@V?$allocator@D@2@@std@@QAEXIID@Z 00407870 f i OctopusXCite.obj
 0001:000068d0       ?assign@?$char_traits@D@std@@SAPADPADID@Z 004078d0 f i OctopusXCite.obj
 0001:000068f0       ?_Grow@?$basic_string@DU?$char_traits@D@std@@V?$allocator@D@2@@std@@QAE_NI_N@Z 004078f0 f i OctopusXCite.obj
 0001:000069b0       ?_Xlen@?$basic_string@DU?$char_traits@D@std@@V?$allocator@D@2@@std@@QBEXXZ 004079b0 f i OctopusXCite.obj
 0001:000069d0       ?erase@?$basic_string@DU?$char_traits@D@std@@V?$allocator@D@2@@std@@QAEAAV12@II@Z 004079d0 f i OctopusXCite.obj
 0001:00006a80       ?max_size@?$basic_string@DU?$char_traits@D@std@@V?$allocator@D@2@@std@@QBEIXZ 00407a80 f i OctopusXCite.obj
 0001:00006ad0       ?_Copy@?$basic_string@DU?$char_traits@D@std@@V?$allocator@D@2@@std@@QAEXII@Z 00407ad0 f i OctopusXCite.obj
 0001:00006cc0       ?allocate@?$allocator@D@std@@QAEPADI@Z 00407cc0 f i OctopusXCite.obj
 0001:00006cf0       ?max_size@?$allocator@D@std@@QBEIXZ 00407cf0 f i OctopusXCite.obj
 0001:00006d30       ??$forward@V?$allocator@D@std@@@std@@YA$$QAV?$allocator@D@0@AAV10@@Z 00407d30 f i OctopusXCite.obj
 0001:00006d40       ??$forward@V?$basic_string@DU?$char_traits@D@std@@V?$allocator@D@2@@std@@@std@@YA$$QAV?$basic_string@DU?$char_traits@D@std@@V?$allocator@D@2@@0@AAV10@@Z 00407d40 f i OctopusXCite.obj
 0001:00006d50       ??$?9DD@std@@YA_NABV?$allocator@D@0@0@Z 00407d50 f i OctopusXCite.obj
 0001:00006d80       ??$?0D@?$allocator@U_Container_proxy@std@@@std@@QAE@ABV?$allocator@D@1@@Z 00407d80 f i OctopusXCite.obj
 0001:00006da0       ??$_Cons_val@V?$allocator@U_Container_proxy@std@@@std@@U_Container_proxy@2@U32@@std@@YAXAAV?$allocator@U_Container_proxy@std@@@0@PAU_Container_proxy@0@$$QAU20@@Z 00407da0 f i OctopusXCite.obj
 0001:00006dd0       ??$_Dest_val@V?$allocator@U_Container_proxy@std@@@std@@U_Container_proxy@2@@std@@YAXAAV?$allocator@U_Container_proxy@std@@@0@PAU_Container_proxy@0@@Z 00407dd0 f i OctopusXCite.obj
 0001:00006df0       ??$_Trim_if@$00@?$bitset@$0BA@@std@@AAEXXZ 00407df0 f i OctopusXCite.obj
 0001:00006e20       ??$_Allocate@U_Container_proxy@std@@@std@@YAPAU_Container_proxy@0@IPAU10@@Z 00407e20 f i OctopusXCite.obj
 0001:00006ea0       ??0bad_alloc@std@@QAE@PBD@Z 00407ea0 f i OctopusXCite.obj
 0001:00006ed0       ??1bad_alloc@std@@UAE@XZ   00407ed0 f i OctopusXCite.obj
 0001:00006f00       ??_Gbad_alloc@std@@UAEPAXI@Z 00407f00 f i OctopusXCite.obj
 0001:00006f00       ??_Ebad_alloc@std@@UAEPAXI@Z 00407f00 f i OctopusXCite.obj
 0001:00006f40       ??$_Allocate@D@std@@YAPADIPAD@Z 00407f40 f i OctopusXCite.obj
 0001:00006fb0       ??0bad_alloc@std@@QAE@ABV01@@Z 00407fb0 f i OctopusXCite.obj
 0001:00006fe0       ?reserve@?$basic_string@DU?$char_traits@D@std@@V?$allocator@D@2@@std@@QAEXI@Z 00407fe0 f i OctopusXCite.obj
 0001:00007050       ?test@?$bitset@$0BA@@std@@QBE_NI@Z 00408050 f i OctopusXCite.obj
 0001:000070b0       ?construct@?$allocator@U_Container_proxy@std@@@std@@QAEXPAU_Container_proxy@2@$$QAU32@@Z 004080b0 f i OctopusXCite.obj
 0001:00007160       ??2@YAPAXIPAX@Z            00408160 f i OctopusXCite.obj
 0001:00007170       ??3@YAXPAX0@Z              00408170 f i OctopusXCite.obj
 0001:00007180       ?destroy@?$allocator@U_Container_proxy@std@@@std@@QAEXPAU_Container_proxy@2@@Z 00408180 f i OctopusXCite.obj
 0001:000071a0       ??$?8DD@std@@YA_NABV?$allocator@D@0@0@Z 004081a0 f i OctopusXCite.obj
 0001:000071b0       ??$forward@U_Container_proxy@std@@@std@@YA$$QAU_Container_proxy@0@AAU10@@Z 004081b0 f i OctopusXCite.obj
 0001:000071c0       ??$_Destroy@U_Container_proxy@std@@@std@@YAXPAU_Container_proxy@0@@Z 004081c0 f i OctopusXCite.obj
 0001:000071d0       ??0Octopus_LED@@QAE@PAVCWnd@@@Z 004081d0 f   Octopus_LED.obj
 0001:00007340       ?DoDataExchange@Octopus_LED@@MAEXPAVCDataExchange@@@Z 00408340 f   Octopus_LED.obj
 0001:000074e0       ?GetMessageMap@Octopus_LED@@MBEPBUAFX_MSGMAP@@XZ 004084e0 f   Octopus_LED.obj
 0001:000074f0       ?GetThisMessageMap@Octopus_LED@@KGPBUAFX_MSGMAP@@XZ 004084f0 f   Octopus_LED.obj
 0001:00007500       ?OnInitDialog@Octopus_LED@@MAEHXZ 00408500 f   Octopus_LED.obj
 0001:000075f0       ??1Octopus_LED@@UAE@XZ     004085f0 f   Octopus_LED.obj
 0001:000076c0       ?OnCommand@Octopus_LED@@MAEHIJ@Z 004086c0 f   Octopus_LED.obj
 0001:00007710       ?LED_On@Octopus_LED@@QAEXM@Z 00408710 f   Octopus_LED.obj
 0001:00007750       ?LED_Off@Octopus_LED@@QAEXXZ 00408750 f   Octopus_LED.obj
 0001:00007770       ?Laser_On@Octopus_LED@@QAEXM@Z 00408770 f   Octopus_LED.obj
 0001:000077b0       ?Laser_Off@Octopus_LED@@QAEXXZ 004087b0 f   Octopus_LED.obj
 0001:000077d0       ?SetLEDIntensity@Octopus_LED@@IAEXM@Z 004087d0 f   Octopus_LED.obj
 0001:00007880       ?SetLaserIntensity@Octopus_LED@@IAEXM@Z 00408880 f   Octopus_LED.obj
 0001:00007930       ?SetFlow@Octopus_LED@@QAEXH@Z 00408930 f   Octopus_LED.obj
 0001:000079b0       ?OnEnChangeLED@Octopus_LED@@QAEXXZ 004089b0 f   Octopus_LED.obj
 0001:00007a10       ?OnEnChangeLaser@Octopus_LED@@QAEXXZ 00408a10 f   Octopus_LED.obj
 0001:00007a70       ?OnNMCustomdrawLaserIntensitySlider@Octopus_LED@@QAEXPAUtagNMHDR@@PAJ@Z 00408a70 f   Octopus_LED.obj
 0001:00007af0       ?OnNMCustomdrawLEDIntensitySlider@Octopus_LED@@QAEXPAUtagNMHDR@@PAJ@Z 00408af0 f   Octopus_LED.obj
 0001:00007b70       ?OnBnClickedDout1@Octopus_LED@@QAEXXZ 00408b70 f   Octopus_LED.obj
 0001:00007bd0       ?OnBnClickedDout2@Octopus_LED@@QAEXXZ 00408bd0 f   Octopus_LED.obj
 0001:00007c30       ?OnBnClickedDout3@Octopus_LED@@QAEXXZ 00408c30 f   Octopus_LED.obj
 0001:00007c90       ?OnBnClickedDout4@Octopus_LED@@QAEXXZ 00408c90 f   Octopus_LED.obj
 0001:00007cf0       ?OnBnClickedDout5@Octopus_LED@@QAEXXZ 00408cf0 f   Octopus_LED.obj
 0001:00007d50       ?OnBnClickedDout6@Octopus_LED@@QAEXXZ 00408d50 f   Octopus_LED.obj
 0001:00007db0       ?OnBnClickedDout7@Octopus_LED@@QAEXXZ 00408db0 f   Octopus_LED.obj
 0001:00007e10       ?OnBnClickedDout8@Octopus_LED@@QAEXXZ 00408e10 f   Octopus_LED.obj
 0001:000081a0       ??_EOctopus_LED@@UAEPAXI@Z 004091a0 f i Octopus_LED.obj
 0001:000081a0       ??_GOctopus_LED@@UAEPAXI@Z 004091a0 f i Octopus_LED.obj
 0001:000081e0       ??0CTraceFileAndLineInfo@ATL@@QAE@PBDH@Z 004091e0 f i Octopus_LED.obj
 0001:00008210       ??RCTraceFileAndLineInfo@ATL@@QBAXPBDZZ 00409210 f i Octopus_LED.obj
 0001:00008270       ?TraceV@CTrace@ATL@@QBAXPBDHKI0PAD@Z 00409270 f i Octopus_LED.obj
 0001:000082b0       ??BCTraceCategory@ATL@@QBEKXZ 004092b0 f i Octopus_LED.obj
 0001:000082d0       ??0COctopusPictureDisplay@@QAE@PAVCWnd@@GG@Z 004092d0 f   OctopusCameraDisplay.obj
 0001:00008690       ?OnInitDialog@COctopusPictureDisplay@@MAEHXZ 00409690 f   OctopusCameraDisplay.obj
 0001:000086b0       ?GetMessageMap@COctopusPictureDisplay@@MBEPBUAFX_MSGMAP@@XZ 004096b0 f   OctopusCameraDisplay.obj
 0001:000086c0       ?GetThisMessageMap@COctopusPictureDisplay@@KGPBUAFX_MSGMAP@@XZ 004096c0 f   OctopusCameraDisplay.obj
 0001:000086d0       ?DoDataExchange@COctopusPictureDisplay@@MAEXPAVCDataExchange@@@Z 004096d0 f   OctopusCameraDisplay.obj
 0001:00008710       ??1COctopusPictureDisplay@@UAE@XZ 00409710 f   OctopusCameraDisplay.obj
 0001:00008930       ?Create_Bitmap@COctopusPictureDisplay@@QAEXXZ 00409930 f   OctopusCameraDisplay.obj
 0001:00008b80       ?Draw_Bitmap@COctopusPictureDisplay@@IAEXXZ 00409b80 f   OctopusCameraDisplay.obj
 0001:00008f60       ?Update_Bitmap@COctopusPictureDisplay@@QAEXPAGG@Z 00409f60 f   OctopusCameraDisplay.obj
 0001:000099c0       ?BasicAnalysis@COctopusPictureDisplay@@IAEXPAG@Z 0040a9c0 f   OctopusCameraDisplay.obj
 0001:00009b20       ?ROIAnalysis@COctopusPictureDisplay@@IAEXPAG@Z 0040ab20 f   OctopusCameraDisplay.obj
 0001:00009e50       ?BeadAnalysis@COctopusPictureDisplay@@QAEXPAG@Z 0040ae50 f   OctopusCameraDisplay.obj
 0001:0000a5a0       ?gNoise@COctopusPictureDisplay@@QAENNN@Z 0040b5a0 f   OctopusCameraDisplay.obj
 0001:0000a630       ?Open_A_File@COctopusPictureDisplay@@IAE_NXZ 0040b630 f   OctopusCameraDisplay.obj
 0001:0000a890       ?Close_The_File@COctopusPictureDisplay@@QAEXXZ 0040b890 f   OctopusCameraDisplay.obj
 0001:0000a910       ?WritePic@COctopusPictureDisplay@@IAEXXZ 0040b910 f   OctopusCameraDisplay.obj
 0001:0000ab40       ?UpdateTitle@COctopusPictureDisplay@@IAEXXZ 0040bb40 f   OctopusCameraDisplay.obj
 0001:0000aca0       ?ValidateMarkersAndSetROI@COctopusPictureDisplay@@IAEXXZ 0040bca0 f   OctopusCameraDisplay.obj
 0001:0000af80       ?MouseMove@COctopusPictureDisplay@@IAEXVCPoint@@@Z 0040bf80 f   OctopusCameraDisplay.obj
 0001:0000b0e0       ?LeftButtonDown@COctopusPictureDisplay@@IAEXVCPoint@@@Z 0040c0e0 f   OctopusCameraDisplay.obj
 0001:0000b150       ?LeftButtonUp@COctopusPictureDisplay@@IAEXVCPoint@@@Z 0040c150 f   OctopusCameraDisplay.obj
 0001:0000b1d0       ?OnMouseMove@COctopusPictureDisplay@@IAEXIVCPoint@@@Z 0040c1d0 f   OctopusCameraDisplay.obj
 0001:0000b210       ?OnLButtonUp@COctopusPictureDisplay@@IAEXIVCPoint@@@Z 0040c210 f   OctopusCameraDisplay.obj
 0001:0000b240       ?OnLButtonDown@COctopusPictureDisplay@@IAEXIVCPoint@@@Z 0040c240 f   OctopusCameraDisplay.obj
 0001:0000b270       ?OnRButtonDown@COctopusPictureDisplay@@IAEXIVCPoint@@@Z 0040c270 f   OctopusCameraDisplay.obj
 0001:0000b2a0       ?OnCommand@COctopusPictureDisplay@@MAEHIJ@Z 0040c2a0 f   OctopusCameraDisplay.obj
 0001:0000b2f0       ?expfunc@@YAXPAN0HHPAX@Z   0040c2f0 f   OctopusCameraDisplay.obj
 0001:0000b350       ?Gaussian_2D@@YAXPAN0HHPAX@Z 0040c350 f   OctopusCameraDisplay.obj
 0001:0000c100       ??_ECOctopusPictureDisplay@@UAEPAXI@Z 0040d100 f i OctopusCameraDisplay.obj
 0001:0000c100       ??_GCOctopusPictureDisplay@@UAEPAXI@Z 0040d100 f i OctopusCameraDisplay.obj
 0001:0000c140       ??HATL@@YA?AV?$CStringT@DV?$StrTraitMFC_DLL@DV?$ChTraitsCRT@D@ATL@@@@@0@ABV10@0@Z 0040d140 f i OctopusCameraDisplay.obj
 0001:0000c220       ??0COctopusCamera@@QAE@PAVCWnd@@@Z 0040d220 f   OctopusCameraDlg.obj
 0001:0000c6a0       ?DoDataExchange@COctopusCamera@@MAEXPAVCDataExchange@@@Z 0040d6a0 f   OctopusCameraDlg.obj
 0001:0000c960       ?GetMessageMap@COctopusCamera@@MBEPBUAFX_MSGMAP@@XZ 0040d960 f   OctopusCameraDlg.obj
 0001:0000c970       ?GetThisMessageMap@COctopusCamera@@KGPBUAFX_MSGMAP@@XZ 0040d970 f   OctopusCameraDlg.obj
 0001:0000c980       ?OnInitDialog@COctopusCamera@@MAEHXZ 0040d980 f   OctopusCameraDlg.obj
 0001:0000cab0       ??1COctopusCamera@@UAE@XZ  0040dab0 f   OctopusCameraDlg.obj
 0001:0000ccb0       ?SetExposureTime_Single_ms@COctopusCamera@@QAEXH@Z 0040dcb0 f   OctopusCameraDlg.obj
 0001:0000cce0       ?SetExposureTime_Movie_ms@COctopusCamera@@QAEXH@Z 0040dce0 f   OctopusCameraDlg.obj
 0001:0000cd10       ?SetCameraGain@COctopusCamera@@QAEXH@Z 0040dd10 f   OctopusCameraDlg.obj
 0001:0000cd60       ?SetNKinetics@COctopusCamera@@QAEXH@Z 0040dd60 f   OctopusCameraDlg.obj
 0001:0000cd90       ?SetMovieGain@COctopusCamera@@QAEXH@Z 0040dd90 f   OctopusCameraDlg.obj
 0001:0000cde0       ?Opencam@COctopusCamera@@IAEXXZ 0040dde0 f   OctopusCameraDlg.obj
 0001:0000cf60       ?StartPicture@COctopusCamera@@QAEXXZ 0040df60 f   OctopusCameraDlg.obj
 0001:0000d110       ?TakePicture@COctopusCamera@@QAEXXZ 0040e110 f   OctopusCameraDlg.obj
 0001:0000d1c0       ?TakeKineticPicture@COctopusCamera@@QAEXXZ 0040e1c0 f   OctopusCameraDlg.obj
 0001:0000d250       ?StartMovie@COctopusCamera@@QAEXXZ 0040e250 f   OctopusCameraDlg.obj
 0001:0000d330       ?StopCameraThread@COctopusCamera@@QAEXXZ 0040e330 f   OctopusCameraDlg.obj
 0001:0000d380       ?SetROI_To_Default@COctopusCamera@@QAEXXZ 0040e380 f   OctopusCameraDlg.obj
 0001:0000d3f0       ?SetROI@COctopusCamera@@IAEXXZ 0040e3f0 f   OctopusCameraDlg.obj
 0001:0000d4f0       ?BinChange@COctopusCamera@@IAEXXZ 0040e4f0 f   OctopusCameraDlg.obj
 0001:0000d550       ?OpenWindow@COctopusCamera@@IAEXXZ 0040e550 f   OctopusCameraDlg.obj
 0001:0000d700       ?OnKillfocusGeneral@COctopusCamera@@IAEXXZ 0040e700 f   OctopusCameraDlg.obj
 0001:0000d720       ?OnKillfocusTempTarget@COctopusCamera@@IAEXXZ 0040e720 f   OctopusCameraDlg.obj
 0001:0000d740       ?OnKillfocusManualGain@COctopusCamera@@IAEXXZ 0040e740 f   OctopusCameraDlg.obj
 0001:0000d770       ?OnKillfocusPicturesPerFile@COctopusCamera@@IAEXXZ 0040e770 f   OctopusCameraDlg.obj
 0001:0000d7a0       ?OnBinning1x1@COctopusCamera@@IAEXXZ 0040e7a0 f   OctopusCameraDlg.obj
 0001:0000d7d0       ?OnBinning2x2@COctopusCamera@@IAEXXZ 0040e7d0 f   OctopusCameraDlg.obj
 0001:0000d800       ?OnBinning4x4@COctopusCamera@@IAEXXZ 0040e800 f   OctopusCameraDlg.obj
 0001:0000d830       ?OnBinning8x8@COctopusCamera@@IAEXXZ 0040e830 f   OctopusCameraDlg.obj
 0001:0000d860       ?OnVSSPEED_0@COctopusCamera@@IAEXXZ 0040e860 f   OctopusCameraDlg.obj
 0001:0000d880       ?OnVSSPEED_1@COctopusCamera@@IAEXXZ 0040e880 f   OctopusCameraDlg.obj
 0001:0000d8a0       ?OnVSSPEED_2@COctopusCamera@@IAEXXZ 0040e8a0 f   OctopusCameraDlg.obj
 0001:0000d8c0       ?OnVSSPEED_3@COctopusCamera@@IAEXXZ 0040e8c0 f   OctopusCameraDlg.obj
 0001:0000d8e0       ?OnVSSPEED_4@COctopusCamera@@IAEXXZ 0040e8e0 f   OctopusCameraDlg.obj
 0001:0000d900       ?OnHSSPEED_0@COctopusCamera@@IAEXXZ 0040e900 f   OctopusCameraDlg.obj
 0001:0000d920       ?OnHSSPEED_1@COctopusCamera@@IAEXXZ 0040e920 f   OctopusCameraDlg.obj
 0001:0000d940       ?OnHSSPEED_2@COctopusCamera@@IAEXXZ 0040e940 f   OctopusCameraDlg.obj
 0001:0000d960       ?OnHSSPEED_3@COctopusCamera@@IAEXXZ 0040e960 f   OctopusCameraDlg.obj
 0001:0000d980       ?OnHSSPEED_4@COctopusCamera@@IAEXXZ 0040e980 f   OctopusCameraDlg.obj
 0001:0000d9a0       ?OnHSSPEED_5@COctopusCamera@@IAEXXZ 0040e9a0 f   OctopusCameraDlg.obj
 0001:0000d9c0       ?OnLMM_0@COctopusCamera@@IAEXXZ 0040e9c0 f   OctopusCameraDlg.obj
 0001:0000d9f0       ?OnLMM_1@COctopusCamera@@IAEXXZ 0040e9f0 f   OctopusCameraDlg.obj
 0001:0000da20       ?OnLMM_2@COctopusCamera@@IAEXXZ 0040ea20 f   OctopusCameraDlg.obj
 0001:0000da50       ?OnLMM_3@COctopusCamera@@IAEXXZ 0040ea50 f   OctopusCameraDlg.obj
 0001:0000da80       ?OnPIC_0@COctopusCamera@@IAEXXZ 0040ea80 f   OctopusCameraDlg.obj
 0001:0000dab0       ?OnPIC_1@COctopusCamera@@IAEXXZ 0040eab0 f   OctopusCameraDlg.obj
 0001:0000dae0       ?OnPIC_2@COctopusCamera@@IAEXXZ 0040eae0 f   OctopusCameraDlg.obj
 0001:0000db10       ?OnGL_0@COctopusCamera@@IAEXXZ 0040eb10 f   OctopusCameraDlg.obj
 0001:0000db40       ?OnGL_1@COctopusCamera@@IAEXXZ 0040eb40 f   OctopusCameraDlg.obj
 0001:0000db80       ?OnGL_2@COctopusCamera@@IAEXXZ 0040eb80 f   OctopusCameraDlg.obj
 0001:0000dbc0       ?OnVSSPEED_Report@COctopusCamera@@IAEXXZ 0040ebc0 f   OctopusCameraDlg.obj
 0001:0000dbd0       ?OnHSSPEED_Report@COctopusCamera@@IAEXXZ 0040ebd0 f   OctopusCameraDlg.obj
 0001:0000dbe0       ?OnDisplayGainManual@COctopusCamera@@IAEXXZ 0040ebe0 f   OctopusCameraDlg.obj
 0001:0000dc10       ?OnDisplayGainAutomatic@COctopusCamera@@IAEXXZ 0040ec10 f   OctopusCameraDlg.obj
 0001:0000dc40       ?OnFileChange@COctopusCamera@@IAEXXZ 0040ec40 f   OctopusCameraDlg.obj
 0001:0000dc70       ?OnFocusChange@COctopusCamera@@IAEXXZ 0040ec70 f   OctopusCameraDlg.obj
 0001:0000dc90       ?StartSaving@COctopusCamera@@QAEXXZ 0040ec90 f   OctopusCameraDlg.obj
 0001:0000dd20       ?StopSaving@COctopusCamera@@QAEXXZ 0040ed20 f   OctopusCameraDlg.obj
 0001:0000dda0       ?FileClose@COctopusCamera@@QAEXXZ 0040eda0 f   OctopusCameraDlg.obj
 0001:0000ddf0       ?OnSetPath@COctopusCamera@@IAEXXZ 0040edf0 f   OctopusCameraDlg.obj
 0001:0000dfc0       ?OnTimer@COctopusCamera@@IAEXI@Z 0040efc0 f   OctopusCameraDlg.obj
 0001:0000e4e0       ?StartWaitThread@COctopusCamera@@IAEXXZ 0040f4e0 f   OctopusCameraDlg.obj
 0001:0000e540       ?KillWaitThread@COctopusCamera@@IAEXXZ 0040f540 f   OctopusCameraDlg.obj
 0001:0000e5e0       ?FocusThread@@YGKPAX@Z     0040f5e0 f   OctopusCameraDlg.obj
 0001:0000e620       ?OnBnClickedCasFt@COctopusCamera@@QAEXXZ 0040f620 f   OctopusCameraDlg.obj
 0001:0000e660       ?OnBnClickedCasTTL@COctopusCamera@@QAEXXZ 0040f660 f   OctopusCameraDlg.obj
 0001:0000e6a0       ?OnBnClickedCasAL@COctopusCamera@@QAEXXZ 0040f6a0 f   OctopusCameraDlg.obj
 0001:0000e6e0       ?OnCommand@COctopusCamera@@MAEHIJ@Z 0040f6e0 f   OctopusCameraDlg.obj
 0001:0000e730       ?EnableDlg@COctopusCamera@@IAEXXZ 0040f730 f   OctopusCameraDlg.obj
 0001:0000e8e0       ?DisableDlgMovie@COctopusCamera@@IAEXXZ 0040f8e0 f   OctopusCameraDlg.obj
 0001:0000e940       ?DisableDlg@COctopusCamera@@IAEXXZ 0040f940 f   OctopusCameraDlg.obj
 0001:0000eab0       ?OnBnClickedGeneralFocus@COctopusCamera@@QAEXXZ 0040fab0 f   OctopusCameraDlg.obj
 0001:0000eb10       ?OnEnChangeFocusEdit@COctopusCamera@@QAEXXZ 0040fb10 f   OctopusCameraDlg.obj
 0001:0000eb30       ?OnEnChangeCasPicturesPerFile@COctopusCamera@@QAEXXZ 0040fb30 f   OctopusCameraDlg.obj
 0001:0000f590       ??_ECOctopusCamera@@UAEPAXI@Z 00410590 f i OctopusCameraDlg.obj
 0001:0000f590       ??_GCOctopusCamera@@UAEPAXI@Z 00410590 f i OctopusCameraDlg.obj
 0001:0000f5d0       ??HATL@@YA?AV?$CStringT@DV?$StrTraitMFC_DLL@DV?$ChTraitsCRT@D@ATL@@@@@0@ABV10@PBD@Z 004105d0 f i OctopusCameraDlg.obj
 0001:0000f6b0       ??0COctopusGoodClock@@QAE@XZ 004106b0 f   OctopusClock.obj
 0001:0000f710       ??1COctopusGoodClock@@UAE@XZ 00410710 f   OctopusClock.obj
 0001:0000f730       ?End@COctopusGoodClock@@QBENXZ 00410730 f   OctopusClock.obj
 0001:0000f7c0       ??_GCOctopusGoodClock@@UAEPAXI@Z 004107c0 f i OctopusClock.obj
 0001:0000f7c0       ??_ECOctopusGoodClock@@UAEPAXI@Z 004107c0 f i OctopusClock.obj
 0001:0000f800       ?CreateObject@COctopusDoc@@SGPAVCObject@@XZ 00410800 f   OctopusDoc.obj
 0001:0000f880       ?_GetBaseClass@COctopusDoc@@KGPAUCRuntimeClass@@XZ 00410880 f   OctopusDoc.obj
 0001:0000f890       ?GetThisClass@COctopusDoc@@SGPAUCRuntimeClass@@XZ 00410890 f   OctopusDoc.obj
 0001:0000f8a0       ?GetRuntimeClass@COctopusDoc@@UBEPAUCRuntimeClass@@XZ 004108a0 f   OctopusDoc.obj
 0001:0000f8b0       ??0COctopusDoc@@IAE@XZ     004108b0 f   OctopusDoc.obj
 0001:0000f8d0       ??1COctopusDoc@@UAE@XZ     004108d0 f   OctopusDoc.obj
 0001:0000f8f0       ?OnNewDocument@COctopusDoc@@UAEHXZ 004108f0 f   OctopusDoc.obj
 0001:0000f940       ?GetAdapter@CDocument@@UAEPAUIDocument@ATL@@XZ 00410940 f i OctopusDoc.obj
 0001:0000fa70       ??0CDocumentAdapter@CDocument@@QAE@PAV1@@Z 00410a70 f i OctopusDoc.obj
 0001:0000fab0       ??0IDocument@ATL@@IAE@XZ   00410ab0 f i OctopusDoc.obj
 0001:0000fae0       ?AddRef@IDocument@ATL@@UAEJXZ 00410ae0 f i OctopusDoc.obj
 0001:0000fb00       ?Release@IDocument@ATL@@UAEJXZ 00410b00 f i OctopusDoc.obj
 0001:0000fb90       ??_GIDocument@ATL@@UAEPAXI@Z 00410b90 f i OctopusDoc.obj
 0001:0000fb90       ??_EIDocument@ATL@@UAEPAXI@Z 00410b90 f i OctopusDoc.obj
 0001:0000fbd0       ??1IDocument@ATL@@UAE@XZ   00410bd0 f i OctopusDoc.obj
 0001:0000fbf0       ?LoadFromStream@CDocumentAdapter@CDocument@@UAEJPAUIStream@@K@Z 00410bf0 f i OctopusDoc.obj
 0001:0000fcd0       ?InitializeSearchContent@CDocumentAdapter@CDocument@@UAEXXZ 00410cd0 f i OctopusDoc.obj
 0001:0000fd60       ?ClearChunkList@CDocumentAdapter@CDocument@@UAEXXZ 00410d60 f i OctopusDoc.obj
 0001:0000fdf0       ?SetChunkValue@CDocumentAdapter@CDocument@@UAEHPAUIFilterChunkValue@ATL@@@Z 00410df0 f i OctopusDoc.obj
 0001:0000fe80       ?BeginReadChunks@CDocumentAdapter@CDocument@@UAEXXZ 00410e80 f i OctopusDoc.obj
 0001:0000ff10       ?ReadNextChunkValue@CDocumentAdapter@CDocument@@UAEHPAPAUIFilterChunkValue@ATL@@@Z 00410f10 f i OctopusDoc.obj
 0001:0000ffa0       ?RemoveChunk@CDocumentAdapter@CDocument@@UAEXABU_GUID@@K@Z 00410fa0 f i OctopusDoc.obj
 0001:00010030       ?FindChunk@CDocumentAdapter@CDocument@@UAEPAU__POSITION@@ABU_GUID@@K@Z 00411030 f i OctopusDoc.obj
 0001:000100d0       ?GetContainer@CDocumentAdapter@CDocument@@UBEPAXXZ 004110d0 f i OctopusDoc.obj
 0001:000100f0       ?GetThumbnail@CDocumentAdapter@CDocument@@UAEHIPAPAUHBITMAP__@@PAW4WTS_ALPHATYPE@@@Z 004110f0 f i OctopusDoc.obj
 0001:00010190       ?OnBeforeRichPreviewFontChanged@CDocument@@UAEXXZ 00411190 f i OctopusDoc.obj
 0001:000101a0       ?OnRichPreviewFontChanged@CDocument@@UAEXXZ 004111a0 f i OctopusDoc.obj
 0001:000101b0       ?OnRichPreviewTextColorChanged@CDocument@@UAEXXZ 004111b0 f i OctopusDoc.obj
 0001:000101c0       ?OnRichPreviewBackColorChanged@CDocument@@UAEXXZ 004111c0 f i OctopusDoc.obj
 0001:000101d0       ?OnRichPreviewSiteChanged@CDocument@@UAEXXZ 004111d0 f i OctopusDoc.obj
 0001:000101e0       ?InitializeSearchContent@CDocument@@UAEXXZ 004111e0 f i OctopusDoc.obj
 0001:00010220       ??_GCDocumentAdapter@CDocument@@UAEPAXI@Z 00411220 f i OctopusDoc.obj
 0001:00010220       ??_ECDocumentAdapter@CDocument@@UAEPAXI@Z 00411220 f i OctopusDoc.obj
 0001:00010260       ??1CDocumentAdapter@CDocument@@UAE@XZ 00411260 f i OctopusDoc.obj
 0001:00010320       ??_ECOctopusDoc@@UAEPAXI@Z 00411320 f i OctopusDoc.obj
 0001:00010320       ??_GCOctopusDoc@@UAEPAXI@Z 00411320 f i OctopusDoc.obj
 0001:00010360       ??0COctopusFocus@@QAE@PAVCWnd@@@Z 00411360 f   OctopusFocus.obj
 0001:00010530       ?OnInitDialog@COctopusFocus@@UAEHXZ 00411530 f   OctopusFocus.obj
 0001:00010550       ??1COctopusFocus@@UAE@XZ   00411550 f   OctopusFocus.obj
 0001:00010610       ?Close@COctopusFocus@@QAEXXZ 00411610 f   OctopusFocus.obj
 0001:00010630       ?OnFocus@COctopusFocus@@QAEXXZ 00411630 f   OctopusFocus.obj
 0001:00010730       ?AutoFocus@COctopusFocus@@QAEXN@Z 00411730 f   OctopusFocus.obj
 0001:00010950       ?ROIFocus@COctopusFocus@@QAEXN@Z 00411950 f   OctopusFocus.obj
 0001:00010b90       ?EndFocus@COctopusFocus@@QAEXXZ 00411b90 f   OctopusFocus.obj
 0001:00010c80       ?OnTimer@COctopusFocus@@QAEXI@Z 00411c80 f   OctopusFocus.obj
 0001:000112a0       ?DoDataExchange@COctopusFocus@@MAEXPAVCDataExchange@@@Z 004122a0 f   OctopusFocus.obj
 0001:00011300       ?GetMessageMap@COctopusFocus@@MBEPBUAFX_MSGMAP@@XZ 00412300 f   OctopusFocus.obj
 0001:00011310       ?GetThisMessageMap@COctopusFocus@@KGPBUAFX_MSGMAP@@XZ 00412310 f   OctopusFocus.obj
 0001:00011320       ?OnKillfocusGeneral@COctopusFocus@@QAEXXZ 00412320 f   OctopusFocus.obj
 0001:00011340       ?OnCommand@COctopusFocus@@MAEHIJ@Z 00412340 f   OctopusFocus.obj
 0001:00011790       ??_ECOctopusFocus@@UAEPAXI@Z 00412790 f i OctopusFocus.obj
 0001:00011790       ??_GCOctopusFocus@@UAEPAXI@Z 00412790 f i OctopusFocus.obj
 0001:000117d0       ?GetExposureTime_Single_ms@COctopusCamera@@QAEKXZ 004127d0 f i OctopusFocus.obj
 0001:000117f0       ??0OctopusLaser@@QAE@PAVCWnd@@@Z 004127f0 f   OctopusLaser.obj
 0001:00011940       ?DoDataExchange@OctopusLaser@@MAEXPAVCDataExchange@@@Z 00412940 f   OctopusLaser.obj
 0001:000119d0       ?GetMessageMap@OctopusLaser@@MBEPBUAFX_MSGMAP@@XZ 004129d0 f   OctopusLaser.obj
 0001:000119e0       ?GetThisMessageMap@OctopusLaser@@KGPBUAFX_MSGMAP@@XZ 004129e0 f   OctopusLaser.obj
 0001:000119f0       ?OnInitDialog@OctopusLaser@@MAEHXZ 004129f0 f   OctopusLaser.obj
 0001:00011b20       ??1OctopusLaser@@UAE@XZ    00412b20 f   OctopusLaser.obj
 0001:00011be0       ?OnCommand@OctopusLaser@@MAEHIJ@Z 00412be0 f   OctopusLaser.obj
 0001:00011c30       ?LED_On@OctopusLaser@@QAEXM@Z 00412c30 f   OctopusLaser.obj
 0001:00011c70       ?LED_Off@OctopusLaser@@QAEXXZ 00412c70 f   OctopusLaser.obj
 0001:00011c90       ?SetIntensity@OctopusLaser@@IAEXM@Z 00412c90 f   OctopusLaser.obj
 0001:00011dc0       ?OnNMCustomdrawLasersSlider@OctopusLaser@@QAEXPAUtagNMHDR@@PAJ@Z 00412dc0 f   OctopusLaser.obj
 0001:00011ef0       ?OnEnKillfocusLaserInput@OctopusLaser@@QAEXXZ 00412ef0 f   OctopusLaser.obj
 0001:000121a0       ??_EOctopusLaser@@UAEPAXI@Z 004131a0 f i OctopusLaser.obj
 0001:000121a0       ??_GOctopusLaser@@UAEPAXI@Z 004131a0 f i OctopusLaser.obj
 0001:000121e0       ??0COctopusLasers@@QAE@PAVCWnd@@@Z 004131e0 f   OctopusLasers.obj
 0001:000123c0       ?DoDataExchange@COctopusLasers@@MAEXPAVCDataExchange@@@Z 004133c0 f   OctopusLasers.obj
 0001:000124a0       ?GetMessageMap@COctopusLasers@@MBEPBUAFX_MSGMAP@@XZ 004134a0 f   OctopusLasers.obj
 0001:000124b0       ?GetThisMessageMap@COctopusLasers@@KGPBUAFX_MSGMAP@@XZ 004134b0 f   OctopusLasers.obj
 0001:000124c0       ??1COctopusLasers@@UAE@XZ  004134c0 f   OctopusLasers.obj
 0001:000125d0       ?OnClicked405@COctopusLasers@@QAEXXZ 004135d0 f   OctopusLasers.obj
 0001:00012600       ?OnClicked488@COctopusLasers@@QAEXXZ 00413600 f   OctopusLasers.obj
 0001:00012630       ?OnClicked561@COctopusLasers@@QAEXXZ 00413630 f   OctopusLasers.obj
 0001:00012660       ?OnClicked639@COctopusLasers@@QAEXXZ 00413660 f   OctopusLasers.obj
 0001:00012690       ?Laser_639_On@COctopusLasers@@QAEXXZ 00413690 f   OctopusLasers.obj
 0001:000126e0       ?Laser_639_Off@COctopusLasers@@QAEXXZ 004136e0 f   OctopusLasers.obj
 0001:00012730       ?Laser_405_On@COctopusLasers@@QAEXXZ 00413730 f   OctopusLasers.obj
 0001:00012780       ?Laser_405_Off@COctopusLasers@@QAEXXZ 00413780 f   OctopusLasers.obj
 0001:000127d0       ?Laser_488_On@COctopusLasers@@QAEXXZ 004137d0 f   OctopusLasers.obj
 0001:00012820       ?Laser_488_Off@COctopusLasers@@QAEXXZ 00413820 f   OctopusLasers.obj
 0001:00012870       ?Laser_561_On@COctopusLasers@@QAEXXZ 00413870 f   OctopusLasers.obj
 0001:000128c0       ?Laser_561_Off@COctopusLasers@@QAEXXZ 004138c0 f   OctopusLasers.obj
 0001:00012910       ?Initialize@COctopusLasers@@QAEXXZ 00413910 f   OctopusLasers.obj
 0001:00012ab0       ?OnCommand@COctopusLasers@@MAEHIJ@Z 00413ab0 f   OctopusLasers.obj
 0001:00012d40       ??_GCOctopusLasers@@UAEPAXI@Z 00413d40 f i OctopusLasers.obj
 0001:00012d40       ??_ECOctopusLasers@@UAEPAXI@Z 00413d40 f i OctopusLasers.obj
 0001:00012d80       ?SC_Enable@CMgmotorctrl1@@QAEJJ@Z 00413d80 f i OctopusLasers.obj
 0001:00012dd0       ?SC_Disable@CMgmotorctrl1@@QAEJJ@Z 00413dd0 f i OctopusLasers.obj
 0001:00012e20       ?StartCtrl@CMgmotorctrl1@@QAEJXZ 00413e20 f i OctopusLasers.obj
 0001:00012e60       ?SC_SetOperatingMode@CMgmotorctrl1@@QAEJJJ@Z 00413e60 f i OctopusLasers.obj
 0001:00012eb0       ?SetHWSerialNum@CMgmotorctrl1@@QAEXJ@Z 00413eb0 f i OctopusLasers.obj
 0001:00012ee0       ??0COctopusLog@@QAE@XZ     00413ee0 f   OctopusLog.obj
 0001:00012f20       ??1COctopusLog@@QAE@XZ     00413f20 f   OctopusLog.obj
 0001:00012f50       ?Open_File@COctopusLog@@IAE_NXZ 00413f50 f   OctopusLog.obj
 0001:00012f90       ?Write@COctopusLog@@QAEXV?$CStringT@DV?$StrTraitMFC_DLL@DV?$ChTraitsCRT@D@ATL@@@@@ATL@@@Z 00413f90 f   OctopusLog.obj
 0001:00013170       ?Format@CTime@ATL@@QBE?AV?$CStringT@DV?$StrTraitMFC_DLL@DV?$ChTraitsCRT@D@ATL@@@@@2@PBD@Z 00414170 f i OctopusLog.obj
 0001:00013270       ?AtlThrowImpl@ATL@@YGXJ@Z  00414270 f i OctopusLog.obj
 0001:000132e0       ??RCTraceFileAndLineInfo@ATL@@QBAXKIPBDZZ 004142e0 f i OctopusLog.obj
 0001:00013330       ??0COctopusObjectivePiezo@@QAE@PAVCWnd@@@Z 00414330 f   OctopusObjectivePiezo.obj
 0001:00013520       ?OnInitDialog@COctopusObjectivePiezo@@UAEHXZ 00414520 f   OctopusObjectivePiezo.obj
 0001:00013540       ??1COctopusObjectivePiezo@@UAE@XZ 00414540 f   OctopusObjectivePiezo.obj
 0001:00013610       ?Initialize@COctopusObjectivePiezo@@QAEHXZ 00414610 f   OctopusObjectivePiezo.obj
 0001:00013790       ?Close@COctopusObjectivePiezo@@QAEXXZ 00414790 f   OctopusObjectivePiezo.obj
 0001:00013830       ?MoveRelZ@COctopusObjectivePiezo@@QAEXN@Z 00414830 f   OctopusObjectivePiezo.obj
 0001:00013840       ?MoveUp@COctopusObjectivePiezo@@QAEXXZ 00414840 f   OctopusObjectivePiezo.obj
 0001:00013870       ?MoveDown@COctopusObjectivePiezo@@QAEXXZ 00414870 f   OctopusObjectivePiezo.obj
 0001:000138a0       ?OnStepSize1@COctopusObjectivePiezo@@QAEXXZ 004148a0 f   OctopusObjectivePiezo.obj
 0001:000138e0       ?OnStepSize2@COctopusObjectivePiezo@@QAEXXZ 004148e0 f   OctopusObjectivePiezo.obj
 0001:00013920       ?OnStepSize3@COctopusObjectivePiezo@@QAEXXZ 00414920 f   OctopusObjectivePiezo.obj
 0001:00013960       ?OnStepSize4@COctopusObjectivePiezo@@QAEXXZ 00414960 f   OctopusObjectivePiezo.obj
 0001:00013990       ?OnStepSize5@COctopusObjectivePiezo@@QAEXXZ 00414990 f   OctopusObjectivePiezo.obj
 0001:000139d0       ?GetPosition@COctopusObjectivePiezo@@IAENXZ 004149d0 f   OctopusObjectivePiezo.obj
 0001:000139f0       ?UpdatePosition@COctopusObjectivePiezo@@IAEXXZ 004149f0 f   OctopusObjectivePiezo.obj
 0001:00013a20       ?ShowPosition@COctopusObjectivePiezo@@IAEXXZ 00414a20 f   OctopusObjectivePiezo.obj
 0001:00013ad0       ?Center@COctopusObjectivePiezo@@QAEXXZ 00414ad0 f   OctopusObjectivePiezo.obj
 0001:00013af0       ?OnSave@COctopusObjectivePiezo@@QAEXXZ 00414af0 f   OctopusObjectivePiezo.obj
 0001:00013b60       ?OnSaveGoTo@COctopusObjectivePiezo@@QAEXXZ 00414b60 f   OctopusObjectivePiezo.obj
 0001:00013b80       ?OnTimer@COctopusObjectivePiezo@@QAEXI@Z 00414b80 f   OctopusObjectivePiezo.obj
 0001:00013c40       ?DoDataExchange@COctopusObjectivePiezo@@MAEXPAVCDataExchange@@@Z 00414c40 f   OctopusObjectivePiezo.obj
 0001:00013c90       ?GetMessageMap@COctopusObjectivePiezo@@MBEPBUAFX_MSGMAP@@XZ 00414c90 f   OctopusObjectivePiezo.obj
 0001:00013ca0       ?GetThisMessageMap@COctopusObjectivePiezo@@KGPBUAFX_MSGMAP@@XZ 00414ca0 f   OctopusObjectivePiezo.obj
 0001:00013cb0       ?OnKillfocusGeneral@COctopusObjectivePiezo@@QAEXXZ 00414cb0 f   OctopusObjectivePiezo.obj
 0001:00013cd0       ?OnCommand@COctopusObjectivePiezo@@MAEHIJ@Z 00414cd0 f   OctopusObjectivePiezo.obj
 0001:00013f90       ??_GCOctopusObjectivePiezo@@UAEPAXI@Z 00414f90 f i OctopusObjectivePiezo.obj
 0001:00013f90       ??_ECOctopusObjectivePiezo@@UAEPAXI@Z 00414f90 f i OctopusObjectivePiezo.obj
 0001:00013fd0       ??0COctopusScope@@QAE@PAVCWnd@@@Z 00414fd0 f   OctopusScope.obj
 0001:00014130       ?OnInitDialog@COctopusScope@@MAEHXZ 00415130 f   OctopusScope.obj
 0001:00014160       ?OnTimer@COctopusScope@@QAEXI@Z 00415160 f   OctopusScope.obj
 0001:000141d0       ?Init@COctopusScope@@IAE_NXZ 004151d0 f   OctopusScope.obj
 0001:000149a0       ?DoDataExchange@COctopusScope@@MAEXPAVCDataExchange@@@Z 004159a0 f   OctopusScope.obj
 0001:00014a60       ?GetMessageMap@COctopusScope@@MBEPBUAFX_MSGMAP@@XZ 00415a60 f   OctopusScope.obj
 0001:00014a70       ?GetThisMessageMap@COctopusScope@@KGPBUAFX_MSGMAP@@XZ 00415a70 f   OctopusScope.obj
 0001:00014a80       ?Close@COctopusScope@@QAEXXZ 00415a80 f   OctopusScope.obj
 0001:00014b30       ??1COctopusScope@@UAE@XZ   00415b30 f   OctopusScope.obj
 0001:00014be0       ?Z_StepDown@COctopusScope@@QAEXXZ 00415be0 f   OctopusScope.obj
 0001:00014cb0       ?Z_StepUp@COctopusScope@@QAEXXZ 00415cb0 f   OctopusScope.obj
 0001:00014d80       ?ObjESC@COctopusScope@@QAEXXZ 00415d80 f   OctopusScope.obj
 0001:00014ec0       ?ObjRTN@COctopusScope@@QAEXXZ 00415ec0 f   OctopusScope.obj
 0001:00014fc0       ?OnObjectiveStepSize1@COctopusScope@@QAEXXZ 00415fc0 f   OctopusScope.obj
 0001:00015000       ?OnObjectiveStepSize2@COctopusScope@@QAEXXZ 00416000 f   OctopusScope.obj
 0001:00015040       ?OnObjectiveStepSize3@COctopusScope@@QAEXXZ 00416040 f   OctopusScope.obj
 0001:00015080       ?OnObjectiveStepSize4@COctopusScope@@QAEXXZ 00416080 f   OctopusScope.obj
 0001:000150c0       ?GetPosition@COctopusScope@@QAEXXZ 004160c0 f   OctopusScope.obj
 0001:000152b0       ?DisplayPosition@COctopusScope@@IAEXXZ 004162b0 f   OctopusScope.obj
 0001:00015360       ?OnObj_1@COctopusScope@@QAEXXZ 00416360 f   OctopusScope.obj
 0001:00015390       ?OnObj_2@COctopusScope@@QAEXXZ 00416390 f   OctopusScope.obj
 0001:000153c0       ?OnObj_3@COctopusScope@@QAEXXZ 004163c0 f   OctopusScope.obj
 0001:000153f0       ?OnObj_4@COctopusScope@@QAEXXZ 004163f0 f   OctopusScope.obj
 0001:00015420       ?OnObj_5@COctopusScope@@QAEXXZ 00416420 f   OctopusScope.obj
 0001:00015450       ?OnObj_6@COctopusScope@@QAEXXZ 00416450 f   OctopusScope.obj
 0001:00015480       ?OnFW_1@COctopusScope@@QAEXXZ 00416480 f   OctopusScope.obj
 0001:000154b0       ?OnFW_2@COctopusScope@@QAEXXZ 004164b0 f   OctopusScope.obj
 0001:000154e0       ?OnFW_3@COctopusScope@@QAEXXZ 004164e0 f   OctopusScope.obj
 0001:00015510       ?OnFW_4@COctopusScope@@QAEXXZ 00416510 f   OctopusScope.obj
 0001:00015540       ?OnFW_5@COctopusScope@@QAEXXZ 00416540 f   OctopusScope.obj
 0001:00015570       ?OnFW_6@COctopusScope@@QAEXXZ 00416570 f   OctopusScope.obj
 0001:000155a0       ?OnBFW_1@COctopusScope@@QAEXXZ 004165a0 f   OctopusScope.obj
 0001:000155d0       ?OnBFW_2@COctopusScope@@QAEXXZ 004165d0 f   OctopusScope.obj
 0001:00015600       ?OnBFW_3@COctopusScope@@QAEXXZ 00416600 f   OctopusScope.obj
 0001:00015630       ?OnBFW_4@COctopusScope@@QAEXXZ 00416630 f   OctopusScope.obj
 0001:00015660       ?OnBFW_5@COctopusScope@@QAEXXZ 00416660 f   OctopusScope.obj
 0001:00015690       ?OnBFW_6@COctopusScope@@QAEXXZ 00416690 f   OctopusScope.obj
 0001:000156c0       ?Objective@COctopusScope@@QAEXH@Z 004166c0 f   OctopusScope.obj
 0001:000159d0       ?GetObj@COctopusScope@@IAEHXZ 004169d0 f   OctopusScope.obj
 0001:00015b80       ?GetFW@COctopusScope@@IAEHXZ 00416b80 f   OctopusScope.obj
 0001:00015d30       ?GetBFW@COctopusScope@@IAEHXZ 00416d30 f   OctopusScope.obj
 0001:00015ee0       ?EpiFilterWheel@COctopusScope@@QAEXH@Z 00416ee0 f   OctopusScope.obj
 0001:00015fb0       ?BrightFieldFilterWheel@COctopusScope@@QAEXH@Z 00416fb0 f   OctopusScope.obj
 0001:00016080       ?ChangePath@COctopusScope@@QAEXXZ 00417080 f   OctopusScope.obj
 0001:00016100       ?BrightField@COctopusScope@@QAEXH@Z 00417100 f   OctopusScope.obj
 0001:000161d0       ?OnNMCustomdrawExecute@COctopusScope@@IAEXPAUtagNMHDR@@PAJ@Z 004171d0 f   OctopusScope.obj
 0001:00016230       ?DisplayBFIntensity@COctopusScope@@IAEXH@Z 00417230 f   OctopusScope.obj
 0001:000162f0       ?WriteScope@COctopusScope@@IAE_NV?$CStringT@DV?$StrTraitMFC_DLL@DV?$ChTraitsCRT@D@ATL@@@@@ATL@@@Z 004172f0 f   OctopusScope.obj
 0001:00016410       ?ReadScope@COctopusScope@@IAE?AV?$CStringT@DV?$StrTraitMFC_DLL@DV?$ChTraitsCRT@D@ATL@@@@@ATL@@G@Z 00417410 f   OctopusScope.obj
 0001:000164e0       ?OnCommand@COctopusScope@@MAEHIJ@Z 004174e0 f   OctopusScope.obj
 0001:00016e80       ??_GCOctopusScope@@UAEPAXI@Z 00417e80 f i OctopusScope.obj
 0001:00016e80       ??_ECOctopusScope@@UAEPAXI@Z 00417e80 f i OctopusScope.obj
 0001:00016ec0       ??0COctopusScript@@QAE@PAVCWnd@@@Z 00417ec0 f   OctopusScript.obj
 0001:00017050       ?DoDataExchange@COctopusScript@@MAEXPAVCDataExchange@@@Z 00418050 f   OctopusScript.obj
 0001:000170d0       ?GetMessageMap@COctopusScript@@MBEPBUAFX_MSGMAP@@XZ 004180d0 f   OctopusScript.obj
 0001:000170e0       ?GetThisMessageMap@COctopusScript@@KGPBUAFX_MSGMAP@@XZ 004180e0 f   OctopusScript.obj
 0001:000170f0       ??1COctopusScript@@UAE@XZ  004180f0 f   OctopusScript.obj
 0001:000171b0       ?OnButtonSeqLoad@COctopusScript@@IAEXXZ 004181b0 f   OctopusScript.obj
 0001:00017740       ?OnButtonSeqRun@COctopusScript@@IAEXXZ 00418740 f   OctopusScript.obj
 0001:00017850       ?OnButtonSeqStop@COctopusScript@@IAEXXZ 00418850 f   OctopusScript.obj
 0001:000178a0       ?OnTimer@COctopusScript@@IAEXI@Z 004188a0 f   OctopusScript.obj
 0001:00019a00       ??_GCOctopusScript@@UAEPAXI@Z 0041aa00 f i OctopusScript.obj
 0001:00019a00       ??_ECOctopusScript@@UAEPAXI@Z 0041aa00 f i OctopusScript.obj
 0001:00019a40       ??0COctopusShutterAndWheel@@QAE@PAVCWnd@@@Z 0041aa40 f   OctopusShutter.obj
 0001:00019b70       ?DoDataExchange@COctopusShutterAndWheel@@MAEXPAVCDataExchange@@@Z 0041ab70 f   OctopusShutter.obj
 0001:00019c00       ?GetMessageMap@COctopusShutterAndWheel@@MBEPBUAFX_MSGMAP@@XZ 0041ac00 f   OctopusShutter.obj
 0001:00019c10       ?GetThisMessageMap@COctopusShutterAndWheel@@KGPBUAFX_MSGMAP@@XZ 0041ac10 f   OctopusShutter.obj
 0001:00019c20       ?OnInitDialog@COctopusShutterAndWheel@@MAEHXZ 0041ac20 f   OctopusShutter.obj
 0001:00019ce0       ??1COctopusShutterAndWheel@@UAE@XZ 0041ace0 f   OctopusShutter.obj
 0001:00019da0       ?OnSnap@COctopusShutterAndWheel@@QAEXXZ 0041ada0 f   OctopusShutter.obj
 0001:00019e50       ?Loadem@COctopusShutterAndWheel@@IAEXXZ 0041ae50 f   OctopusShutter.obj
 0001:0001a280       ?ShutterOpen@COctopusShutterAndWheel@@QAEXXZ 0041b280 f   OctopusShutter.obj
 0001:0001a300       ?ShutterPartial@COctopusShutterAndWheel@@QAEXE@Z 0041b300 f   OctopusShutter.obj
 0001:0001a3c0       ?ShutterClose@COctopusShutterAndWheel@@QAEXXZ 0041b3c0 f   OctopusShutter.obj
 0001:0001a450       ?Filter@COctopusShutterAndWheel@@QAEXE@Z 0041b450 f   OctopusShutter.obj
 0001:0001a4e0       ?ShutterReady@COctopusShutterAndWheel@@QAE_NXZ 0041b4e0 f   OctopusShutter.obj
 0001:0001a510       ?Read@COctopusShutterAndWheel@@IAEKPAXKPAK@Z 0041b510 f   OctopusShutter.obj
 0001:0001a540       ?SetBaudRate@COctopusShutterAndWheel@@IAEKK@Z 0041b540 f   OctopusShutter.obj
 0001:0001a570       ?SetLatencyTimer@COctopusShutterAndWheel@@IAEKE@Z 0041b570 f   OctopusShutter.obj
 0001:0001a5a0       ?SetUSBParameters@COctopusShutterAndWheel@@IAEKKK@Z 0041b5a0 f   OctopusShutter.obj
 0001:0001a5d0       ?Write@COctopusShutterAndWheel@@IAEKPAXKPAK@Z 0041b5d0 f   OctopusShutter.obj
 0001:0001a600       ?Open@COctopusShutterAndWheel@@IAEKPAX@Z 0041b600 f   OctopusShutter.obj
 0001:0001a630       ?OpenEx@COctopusShutterAndWheel@@IAEKPAXK@Z 0041b630 f   OctopusShutter.obj
 0001:0001a660       ?ListDevices@COctopusShutterAndWheel@@IAEKPAX0K@Z 0041b660 f   OctopusShutter.obj
 0001:0001a690       ?Close@COctopusShutterAndWheel@@IAEKXZ 0041b690 f   OctopusShutter.obj
 0001:0001a6b0       ?ResetDevice@COctopusShutterAndWheel@@IAEKXZ 0041b6b0 f   OctopusShutter.obj
 0001:0001a6d0       ?Purge@COctopusShutterAndWheel@@IAEKK@Z 0041b6d0 f   OctopusShutter.obj
 0001:0001a700       ?SetTimeouts@COctopusShutterAndWheel@@IAEKKK@Z 0041b700 f   OctopusShutter.obj
 0001:0001a730       ?GetQueueStatus@COctopusShutterAndWheel@@IAEKPAK@Z 0041b730 f   OctopusShutter.obj
 0001:0001a760       ?OnCommand@COctopusShutterAndWheel@@MAEHIJ@Z 0041b760 f   OctopusShutter.obj
 0001:0001a7b0       ?OnNMCustomdrawExecute@COctopusShutterAndWheel@@QAEXPAUtagNMHDR@@PAJ@Z 0041b7b0 f   OctopusShutter.obj
 0001:0001a810       ?UpdateShutterVal@COctopusShutterAndWheel@@IAEXXZ 0041b810 f   OctopusShutter.obj
 0001:0001a8d0       ?OnBnClickedImageJ@COctopusShutterAndWheel@@QAEXXZ 0041b8d0 f   OctopusShutter.obj
 0001:0001a910       ?OnKillFocusGeneral@COctopusShutterAndWheel@@IAEXXZ 0041b910 f   OctopusShutter.obj
 0001:0001a9c0       ?OnBnClickedReturnfiltercontrol@COctopusShutterAndWheel@@QAEXXZ 0041b9c0 f   OctopusShutter.obj
 0001:0001ae10       ??_ECOctopusShutterAndWheel@@UAEPAXI@Z 0041be10 f i OctopusShutter.obj
 0001:0001ae10       ??_GCOctopusShutterAndWheel@@UAEPAXI@Z 0041be10 f i OctopusShutter.obj
 0001:0001ae50       ??0COctopusStage545@@QAE@PAVCWnd@@@Z 0041be50 f   OctopusStage545.obj
 0001:0001af80       ?OnTimer@COctopusStage545@@QAEXI@Z 0041bf80 f   OctopusStage545.obj
 0001:0001b0d0       ?DoDataExchange@COctopusStage545@@MAEXPAVCDataExchange@@@Z 0041c0d0 f   OctopusStage545.obj
 0001:0001b1c0       ?GetMessageMap@COctopusStage545@@MBEPBUAFX_MSGMAP@@XZ 0041c1c0 f   OctopusStage545.obj
 0001:0001b1d0       ?GetThisMessageMap@COctopusStage545@@KGPBUAFX_MSGMAP@@XZ 0041c1d0 f   OctopusStage545.obj
 0001:0001b1e0       ?OnKillfocusGeneral@COctopusStage545@@QAEXXZ 0041c1e0 f   OctopusStage545.obj
 0001:0001b200       ??1COctopusStage545@@UAE@XZ 0041c200 f   OctopusStage545.obj
 0001:0001b2b0       ?MoveLeft@COctopusStage545@@QAEXXZ 0041c2b0 f   OctopusStage545.obj
 0001:0001b2e0       ?MoveRight@COctopusStage545@@QAEXXZ 0041c2e0 f   OctopusStage545.obj
 0001:0001b310       ?MoveBack@COctopusStage545@@QAEXXZ 0041c310 f   OctopusStage545.obj
 0001:0001b340       ?MoveFwd@COctopusStage545@@QAEXXZ 0041c340 f   OctopusStage545.obj
 0001:0001b370       ?MoveUp@COctopusStage545@@QAEXXZ 0041c370 f   OctopusStage545.obj
 0001:0001b3a0       ?MoveDown@COctopusStage545@@QAEXXZ 0041c3a0 f   OctopusStage545.obj
 0001:0001b3d0       ?MoveRelX@COctopusStage545@@QAEXN@Z 0041c3d0 f   OctopusStage545.obj
 0001:0001b400       ?MoveRelY@COctopusStage545@@QAEXN@Z 0041c400 f   OctopusStage545.obj
 0001:0001b430       ?MoveRelZ@COctopusStage545@@QAEXN@Z 0041c430 f   OctopusStage545.obj
 0001:0001b460       ?OnStepSize1@COctopusStage545@@QAEXXZ 0041c460 f   OctopusStage545.obj
 0001:0001b4a0       ?OnStepSize2@COctopusStage545@@QAEXXZ 0041c4a0 f   OctopusStage545.obj
 0001:0001b4e0       ?OnStepSize3@COctopusStage545@@QAEXXZ 0041c4e0 f   OctopusStage545.obj
 0001:0001b520       ?OnStepSize4@COctopusStage545@@QAEXXZ 0041c520 f   OctopusStage545.obj
 0001:0001b560       ?OnStepSize5@COctopusStage545@@QAEXXZ 0041c560 f   OctopusStage545.obj
 0001:0001b590       ?InitializeStage@COctopusStage545@@QAEHXZ 0041c590 f   OctopusStage545.obj
 0001:0001b6f0       ?GetPosition@COctopusStage545@@QAEXXZ 0041c6f0 f   OctopusStage545.obj
 0001:0001b750       ?Close@COctopusStage545@@QAEXXZ 0041c750 f   OctopusStage545.obj
 0001:0001b7b0       ?StageCenter@COctopusStage545@@QAEXXZ 0041c7b0 f   OctopusStage545.obj
 0001:0001b880       ?OnSave@COctopusStage545@@QAEXXZ 0041c880 f   OctopusStage545.obj
 0001:0001b9b0       ?OnSaveGoTo@COctopusStage545@@QAEXXZ 0041c9b0 f   OctopusStage545.obj
 0001:0001ba90       ?ShowPosition@COctopusStage545@@IAEXXZ 0041ca90 f   OctopusStage545.obj
 0001:0001bb40       ?OnCommand@COctopusStage545@@MAEHIJ@Z 0041cb40 f   OctopusStage545.obj
 0001:0001bb90       ?OnBnClickedButtonGotoxy@COctopusStage545@@QAEXXZ 0041cb90 f   OctopusStage545.obj
 0001:0001c280       ??_ECOctopusStage545@@UAEPAXI@Z 0041d280 f i OctopusStage545.obj
 0001:0001c280       ??_GCOctopusStage545@@UAEPAXI@Z 0041d280 f i OctopusStage545.obj
 0001:0001c2c0       ?CreateObject@COctopusView@@SGPAVCObject@@XZ 0041d2c0 f   OctopusView.obj
 0001:0001c340       ?_GetBaseClass@COctopusView@@KGPAUCRuntimeClass@@XZ 0041d340 f   OctopusView.obj
 0001:0001c350       ?GetThisClass@COctopusView@@SGPAUCRuntimeClass@@XZ 0041d350 f   OctopusView.obj
 0001:0001c360       ?GetRuntimeClass@COctopusView@@UBEPAUCRuntimeClass@@XZ 0041d360 f   OctopusView.obj
 0001:0001c370       ?GetMessageMap@COctopusView@@MBEPBUAFX_MSGMAP@@XZ 0041d370 f   OctopusView.obj
 0001:0001c380       ?GetThisMessageMap@COctopusView@@KGPBUAFX_MSGMAP@@XZ 0041d380 f   OctopusView.obj
 0001:0001c390       ?DoDataExchange@COctopusView@@MAEXPAVCDataExchange@@@Z 0041d390 f   OctopusView.obj
 0001:0001c3b0       ??0COctopusView@@IAE@XZ    0041d3b0 f   OctopusView.obj
 0001:0001c3f0       ?OnInitialUpdate@COctopusView@@MAEXXZ 0041d3f0 f   OctopusView.obj
 0001:0001c5b0       ??1COctopusView@@UAE@XZ    0041d5b0 f   OctopusView.obj
 0001:0001caa0       ?OnOpenAndor@COctopusView@@IAEXXZ 0041daa0 f   OctopusView.obj
 0001:0001cbe0       ?OnOpenScript@COctopusView@@IAEXXZ 0041dbe0 f   OctopusView.obj
 0001:0001cd00       ?OnOpenWheel@COctopusView@@IAEXXZ 0041dd00 f   OctopusView.obj
 0001:0001cee0       ?OnOpenLED@COctopusView@@IAEXXZ 0041dee0 f   OctopusView.obj
 0001:0001d000       ?OnOpenScope@COctopusView@@IAEXXZ 0041e000 f   OctopusView.obj
 0001:0001d120       ?OnOpenStage545@COctopusView@@IAEXXZ 0041e120 f   OctopusView.obj
 0001:0001d2f0       ?OnOpenPiezo@COctopusView@@IAEXXZ 0041e2f0 f   OctopusView.obj
 0001:0001d4e0       ?OnBnClickedStatusOpenFocus@COctopusView@@QAEXXZ 0041e4e0 f   OctopusView.obj
 0001:0001d6c0       ?OnOpenXCite@COctopusView@@IAEXXZ 0041e6c0 f   OctopusView.obj
 0001:0001ddb0       ?get_accChild@CFormView@@UAEJUtagVARIANT@@PAPAUIDispatch@@@Z 0041edb0 f i OctopusView.obj
 0001:0001de00       ?get_accChildCount@CFormView@@UAEJPAJ@Z 0041ee00 f i OctopusView.obj
 0001:0001de30       ?get_accName@CFormView@@UAEJUtagVARIANT@@PAPA_W@Z 0041ee30 f i OctopusView.obj
 0001:0001de80       ?accLocation@CFormView@@UAEJPAJ000UtagVARIANT@@@Z 0041ee80 f i OctopusView.obj
 0001:0001dee0       ?accHitTest@CFormView@@UAEJJJPAUtagVARIANT@@@Z 0041eee0 f i OctopusView.obj
 0001:0001df10       ??_ECOctopusView@@UAEPAXI@Z 0041ef10 f i OctopusView.obj
 0001:0001df10       ??_GCOctopusView@@UAEPAXI@Z 0041ef10 f i OctopusView.obj
 0001:0001df50       ??0COctopusGlobals@@QAE@XZ 0041ef50 f i OctopusView.obj
 0001:0001df80       ??1COctopusGlobals@@QAE@XZ 0041ef80 f i OctopusView.obj
 0001:0001dfa8       _olDaInitialize@8          0041efa8 f   oldaapi32:oldaapi32.dll
 0001:0001dfae       _olDaTerminate@4           0041efae f   oldaapi32:oldaapi32.dll
 0001:0001dfb4       _olDaReleaseDASS@4         0041efb4 f   oldaapi32:oldaapi32.dll
 0001:0001dfba       _olDaPutSingleValue@20     0041efba f   oldaapi32:oldaapi32.dll
 0001:0001dfc0       _olDaConfig@4              0041efc0 f   oldaapi32:oldaapi32.dll
 0001:0001dfc6       _olDaSetDataFlow@8         0041efc6 f   oldaapi32:oldaapi32.dll
 0001:0001dfcc       _olDaGetDASS@16            0041efcc f   oldaapi32:oldaapi32.dll
 0001:0001dfe0       _slevmar_der               0041efe0 f   levmar:lm.obj
 0001:0001f1a0       _slevmar_dif               004201a0 f   levmar:lm.obj
 0001:000206c0       _dlevmar_der               004216c0 f   levmar:lm.obj
 0001:000217c0       _dlevmar_dif               004227c0 f   levmar:lm.obj
 0001:00022c40       _slevmar_trans_mat_mat_mult 00423c40 f   levmar:misc.obj
 0001:00022c90       _slevmar_fdif_forw_jac_approx 00423c90 f   levmar:misc.obj
 0001:00022e90       _slevmar_fdif_cent_jac_approx 00423e90 f   levmar:misc.obj
 0001:000230b0       _slevmar_chkjac            004240b0 f   levmar:misc.obj
 0001:00023810       _slevmar_covar             00424810 f   levmar:misc.obj
 0001:000238b0       _slevmar_stddev            004248b0 f   levmar:misc.obj
 0001:000238d0       _slevmar_corcoef           004248d0 f   levmar:misc.obj
 0001:00023920       _slevmar_R2                00424920 f   levmar:misc.obj
 0001:00023a70       _slevmar_box_check         00424a70 f   levmar:misc.obj
 0001:00023ac0       _slevmar_chol              00424ac0 f   levmar:misc.obj
 0001:00023bd0       _slevmar_L2nrmxmy          00424bd0 f   levmar:misc.obj
 0001:00024070       _dlevmar_trans_mat_mat_mult 00425070 f   levmar:misc.obj
 0001:000240c0       _dlevmar_fdif_forw_jac_approx 004250c0 f   levmar:misc.obj
 0001:000242a0       _dlevmar_fdif_cent_jac_approx 004252a0 f   levmar:misc.obj
 0001:000244b0       _dlevmar_chkjac            004254b0 f   levmar:misc.obj
 0001:00024b50       _dlevmar_covar             00425b50 f   levmar:misc.obj
 0001:00024bf0       _dlevmar_stddev            00425bf0 f   levmar:misc.obj
 0001:00024c10       _dlevmar_corcoef           00425c10 f   levmar:misc.obj
 0001:00024c50       _dlevmar_R2                00425c50 f   levmar:misc.obj
 0001:00024d60       _dlevmar_box_check         00425d60 f   levmar:misc.obj
 0001:00024db0       _dlevmar_chol              00425db0 f   levmar:misc.obj
 0001:00024ed0       _dlevmar_L2nrmxmy          00425ed0 f   levmar:misc.obj
 0001:00025200       _dAx_eq_b_QR               00426200 f   levmar:Axb.obj
 0001:000254d0       _dAx_eq_b_QRLS             004264d0 f   levmar:Axb.obj
 0001:000258d0       _dAx_eq_b_Chol             004268d0 f   levmar:Axb.obj
 0001:00025a50       _dAx_eq_b_LU               00426a50 f   levmar:Axb.obj
 0001:00025c10       _dAx_eq_b_SVD              00426c10 f   levmar:Axb.obj
 0001:00025f10       _dAx_eq_b_BK               00426f10 f   levmar:Axb.obj
 0001:00026120       _sAx_eq_b_QR               00427120 f   levmar:Axb.obj
 0001:000263f0       _sAx_eq_b_QRLS             004273f0 f   levmar:Axb.obj
 0001:000267f0       _sAx_eq_b_Chol             004277f0 f   levmar:Axb.obj
 0001:00026970       _sAx_eq_b_LU               00427970 f   levmar:Axb.obj
 0001:00026b40       _sAx_eq_b_SVD              00427b40 f   levmar:Axb.obj
 0001:00026e50       _sAx_eq_b_BK               00427e50 f   levmar:Axb.obj
 0001:00027056       ??3@YAXPAX@Z               00428056 f   mfc100d:mfc100d.dll
 0001:0002705c       ??3CObject@@SGXPAX@Z       0042805c f   mfc100d:mfc100d.dll
 0001:00027062       ??2CObject@@SGPAXI@Z       00428062 f   mfc100d:mfc100d.dll
 0001:00027068       ??0CWnd@@QAE@XZ            00428068 f   mfc100d:mfc100d.dll
 0001:0002706e       ?Serialize@CObject@@UAEXAAVCArchive@@@Z 0042806e f   mfc100d:mfc100d.dll
 0001:00027074       ?AssertValid@CWnd@@UBEXXZ  00428074 f   mfc100d:mfc100d.dll
 0001:0002707a       ?Dump@CWnd@@UBEXAAVCDumpContext@@@Z 0042807a f   mfc100d:mfc100d.dll
 0001:00027080       ?OnCmdMsg@CCmdTarget@@UAEHIHPAXPAUAFX_CMDHANDLERINFO@@@Z 00428080 f   mfc100d:mfc100d.dll
 0001:00027086       ?OnFinalRelease@CWnd@@UAEXXZ 00428086 f   mfc100d:mfc100d.dll
 0001:0002708c       ?IsInvokeAllowed@CCmdTarget@@UAEHJ@Z 0042808c f   mfc100d:mfc100d.dll
 0001:00027092       ?GetDispatchIID@CCmdTarget@@UAEHPAU_GUID@@@Z 00428092 f   mfc100d:mfc100d.dll
 0001:00027098       ?GetTypeInfoCount@CCmdTarget@@UAEIXZ 00428098 f   mfc100d:mfc100d.dll
 0001:0002709e       ?GetTypeLibCache@CCmdTarget@@UAEPAVCTypeLibCache@@XZ 0042809e f   mfc100d:mfc100d.dll
 0001:000270a4       ?GetTypeLib@CCmdTarget@@UAEJKPAPAUITypeLib@@@Z 004280a4 f   mfc100d:mfc100d.dll
 0001:000270aa       ?GetMessageMap@CWnd@@MBEPBUAFX_MSGMAP@@XZ 004280aa f   mfc100d:mfc100d.dll
 0001:000270b0       ?GetCommandMap@CCmdTarget@@MBEPBUAFX_OLECMDMAP@@XZ 004280b0 f   mfc100d:mfc100d.dll
 0001:000270b6       ?GetDispatchMap@CCmdTarget@@MBEPBUAFX_DISPMAP@@XZ 004280b6 f   mfc100d:mfc100d.dll
 0001:000270bc       ?GetConnectionMap@CCmdTarget@@MBEPBUAFX_CONNECTIONMAP@@XZ 004280bc f   mfc100d:mfc100d.dll
 0001:000270c2       ?GetInterfaceMap@CWnd@@MBEPBUAFX_INTERFACEMAP@@XZ 004280c2 f   mfc100d:mfc100d.dll
 0001:000270c8       ?GetEventSinkMap@CCmdTarget@@MBEPBUAFX_EVENTSINKMAP@@XZ 004280c8 f   mfc100d:mfc100d.dll
 0001:000270ce       ?OnCreateAggregates@CCmdTarget@@UAEHXZ 004280ce f   mfc100d:mfc100d.dll
 0001:000270d4       ?GetInterfaceHook@CCmdTarget@@UAEPAUIUnknown@@PBX@Z 004280d4 f   mfc100d:mfc100d.dll
 0001:000270da       ?GetExtraConnectionPoints@CCmdTarget@@MAEHPAVCPtrArray@@@Z 004280da f   mfc100d:mfc100d.dll
 0001:000270e0       ?GetConnectionHook@CCmdTarget@@MAEPAUIConnectionPoint@@ABU_GUID@@@Z 004280e0 f   mfc100d:mfc100d.dll
 0001:000270e6       ?PreSubclassWindow@CWnd@@UAEXXZ 004280e6 f   mfc100d:mfc100d.dll
 0001:000270ec       ?CreateEx@CWnd@@UAEHKPBD0KABUtagRECT@@PAV1@IPAX@Z 004280ec f   mfc100d:mfc100d.dll
 0001:000270f2       ?CreateEx@CWnd@@UAEHKPBD0KHHHHPAUHWND__@@PAUHMENU__@@PAX@Z 004280f2 f   mfc100d:mfc100d.dll
 0001:000270f8       ?DestroyWindow@CWnd@@UAEHXZ 004280f8 f   mfc100d:mfc100d.dll
 0001:000270fe       ?PreCreateWindow@CWnd@@UAEHAAUtagCREATESTRUCTA@@@Z 004280fe f   mfc100d:mfc100d.dll
 0001:00027104       ?CalcWindowRect@CWnd@@UAEXPAUtagRECT@@I@Z 00428104 f   mfc100d:mfc100d.dll
 0001:0002710a       ?GetMenu@CWnd@@UBEPAVCMenu@@XZ 0042810a f   mfc100d:mfc100d.dll
 0001:00027110       ?SetMenu@CWnd@@UAEHPAVCMenu@@@Z 00428110 f   mfc100d:mfc100d.dll
 0001:00027116       ?OnToolHitTest@CWnd@@UBEHVCPoint@@PAUtagTOOLINFOA@@@Z 00428116 f   mfc100d:mfc100d.dll
 0001:0002711c       ?GetScrollBarCtrl@CWnd@@UBEPAVCScrollBar@@H@Z 0042811c f   mfc100d:mfc100d.dll
 0001:00027122       ?WinHelpA@CWnd@@UAEXKI@Z   00428122 f   mfc100d:mfc100d.dll
 0001:00027128       ?HtmlHelpA@CWnd@@UAEXKI@Z  00428128 f   mfc100d:mfc100d.dll
 0001:0002712e       ?WinHelpInternal@CWnd@@UAEXKI@Z 0042812e f   mfc100d:mfc100d.dll
 0001:00027134       ?ContinueModal@CWnd@@UAEHXZ 00428134 f   mfc100d:mfc100d.dll
 0001:0002713a       ?EndModalLoop@CWnd@@UAEXH@Z 0042813a f   mfc100d:mfc100d.dll
 0001:00027140       ?OnDrawIconicThumbnailOrLivePreview@CWnd@@UAEXAAVCDC@@VCRect@@VCSize@@HAAH@Z 00428140 f   mfc100d:mfc100d.dll
 0001:00027146       ?EnsureStdObj@CWnd@@UAEJXZ 00428146 f   mfc100d:mfc100d.dll
 0001:0002714c       ?get_accParent@CWnd@@UAEJPAPAUIDispatch@@@Z 0042814c f   mfc100d:mfc100d.dll
 0001:00027152       ?get_accChildCount@CWnd@@UAEJPAJ@Z 00428152 f   mfc100d:mfc100d.dll
 0001:00027158       ?get_accChild@CWnd@@UAEJUtagVARIANT@@PAPAUIDispatch@@@Z 00428158 f   mfc100d:mfc100d.dll
 0001:0002715e       ?get_accName@CWnd@@UAEJUtagVARIANT@@PAPA_W@Z 0042815e f   mfc100d:mfc100d.dll
 0001:00027164       ?get_accValue@CWnd@@UAEJUtagVARIANT@@PAPA_W@Z 00428164 f   mfc100d:mfc100d.dll
 0001:0002716a       ?get_accDescription@CWnd@@UAEJUtagVARIANT@@PAPA_W@Z 0042816a f   mfc100d:mfc100d.dll
 0001:00027170       ?get_accRole@CWnd@@UAEJUtagVARIANT@@PAU2@@Z 00428170 f   mfc100d:mfc100d.dll
 0001:00027176       ?get_accState@CWnd@@UAEJUtagVARIANT@@PAU2@@Z 00428176 f   mfc100d:mfc100d.dll
 0001:0002717c       ?get_accHelp@CWnd@@UAEJUtagVARIANT@@PAPA_W@Z 0042817c f   mfc100d:mfc100d.dll
 0001:00027182       ?get_accHelpTopic@CWnd@@UAEJPAPA_WUtagVARIANT@@PAJ@Z 00428182 f   mfc100d:mfc100d.dll
 0001:00027188       ?get_accKeyboardShortcut@CWnd@@UAEJUtagVARIANT@@PAPA_W@Z 00428188 f   mfc100d:mfc100d.dll
 0001:0002718e       ?get_accFocus@CWnd@@UAEJPAUtagVARIANT@@@Z 0042818e f   mfc100d:mfc100d.dll
 0001:00027194       ?get_accSelection@CWnd@@UAEJPAUtagVARIANT@@@Z 00428194 f   mfc100d:mfc100d.dll
 0001:0002719a       ?get_accDefaultAction@CWnd@@UAEJUtagVARIANT@@PAPA_W@Z 0042819a f   mfc100d:mfc100d.dll
 0001:000271a0       ?accSelect@CWnd@@UAEJJUtagVARIANT@@@Z 004281a0 f   mfc100d:mfc100d.dll
 0001:000271a6       ?accLocation@CWnd@@UAEJPAJ000UtagVARIANT@@@Z 004281a6 f   mfc100d:mfc100d.dll
 0001:000271ac       ?accNavigate@CWnd@@UAEJJUtagVARIANT@@PAU2@@Z 004281ac f   mfc100d:mfc100d.dll
 0001:000271b2       ?accHitTest@CWnd@@UAEJJJPAUtagVARIANT@@@Z 004281b2 f   mfc100d:mfc100d.dll
 0001:000271b8       ?accDoDefaultAction@CWnd@@UAEJUtagVARIANT@@@Z 004281b8 f   mfc100d:mfc100d.dll
 0001:000271be       ?put_accName@CWnd@@UAEJUtagVARIANT@@PA_W@Z 004281be f   mfc100d:mfc100d.dll
 0001:000271c4       ?put_accValue@CWnd@@UAEJUtagVARIANT@@PA_W@Z 004281c4 f   mfc100d:mfc100d.dll
 0001:000271ca       ?SetProxy@CWnd@@UAEJPAUIAccessibleProxy@@@Z 004281ca f   mfc100d:mfc100d.dll
 0001:000271d0       ?CreateAccessibleProxy@CWnd@@UAEJIJPAJ@Z 004281d0 f   mfc100d:mfc100d.dll
 0001:000271d6       ?OnCommand@CWnd@@MAEHIJ@Z  004281d6 f   mfc100d:mfc100d.dll
 0001:000271dc       ?OnNotify@CWnd@@MAEHIJPAJ@Z 004281dc f   mfc100d:mfc100d.dll
 0001:000271e2       ?GetSuperWndProcAddr@CWnd@@MAEPAP6GJPAUHWND__@@IIJ@ZXZ 004281e2 f   mfc100d:mfc100d.dll
 0001:000271e8       ?DoDataExchange@CWnd@@MAEXPAVCDataExchange@@@Z 004281e8 f   mfc100d:mfc100d.dll
 0001:000271ee       ?BeginModalState@CWnd@@UAEXXZ 004281ee f   mfc100d:mfc100d.dll
 0001:000271f4       ?EndModalState@CWnd@@UAEXXZ 004281f4 f   mfc100d:mfc100d.dll
 0001:000271fa       ?PreTranslateMessage@CWnd@@UAEHPAUtagMSG@@@Z 004281fa f   mfc100d:mfc100d.dll
 0001:00027200       ?OnAmbientProperty@CWnd@@UAEHPAVCOleControlSite@@JPAUtagVARIANT@@@Z 00428200 f   mfc100d:mfc100d.dll
 0001:00027206       ?WindowProc@CWnd@@MAEJIIJ@Z 00428206 f   mfc100d:mfc100d.dll
 0001:0002720c       ?OnWndMsg@CWnd@@MAEHIIJPAJ@Z 0042820c f   mfc100d:mfc100d.dll
 0001:00027212       ?DefWindowProcA@CWnd@@MAEJIIJ@Z 00428212 f   mfc100d:mfc100d.dll
 0001:00027218       ?PostNcDestroy@CWnd@@MAEXXZ 00428218 f   mfc100d:mfc100d.dll
 0001:0002721e       ?OnChildNotify@CWnd@@MAEHIIJPAJ@Z 0042821e f   mfc100d:mfc100d.dll
 0001:00027224       ?OnTouchInputs@CWnd@@MAEHIPAUtagTOUCHINPUT@@@Z 00428224 f   mfc100d:mfc100d.dll
 0001:0002722a       ?OnTouchInput@CWnd@@MAEHVCPoint@@HHPAUtagTOUCHINPUT@@@Z 0042822a f   mfc100d:mfc100d.dll
 0001:00027230       ?GetGestureStatus@CWnd@@MAEKVCPoint@@@Z 00428230 f   mfc100d:mfc100d.dll
 0001:00027236       ?OnGestureZoom@CWnd@@MAEHVCPoint@@J@Z 00428236 f   mfc100d:mfc100d.dll
 0001:0002723c       ?OnGesturePan@CWnd@@MAEHVCPoint@@0@Z 0042823c f   mfc100d:mfc100d.dll
 0001:00027242       ?OnGestureRotate@CWnd@@MAEHVCPoint@@N@Z 00428242 f   mfc100d:mfc100d.dll
 0001:00027248       ?OnGestureTwoFingerTap@CWnd@@MAEHVCPoint@@@Z 00428248 f   mfc100d:mfc100d.dll
 0001:0002724e       ?OnGesturePressAndTap@CWnd@@MAEHVCPoint@@J@Z 0042824e f   mfc100d:mfc100d.dll
 0001:00027254       ?CheckAutoCenter@CWnd@@UAEHXZ 00428254 f   mfc100d:mfc100d.dll
 0001:0002725a       ?IsFrameWnd@CWnd@@UBEHXZ   0042825a f   mfc100d:mfc100d.dll
 0001:00027260       ?CreateControlContainer@CWnd@@MAEHPAPAVCOleControlContainer@@@Z 00428260 f   mfc100d:mfc100d.dll
 0001:00027266       ?CreateControlSite@CWnd@@MAEHPAVCOleControlContainer@@PAPAVCOleControlSite@@IABU_GUID@@@Z 00428266 f   mfc100d:mfc100d.dll
 0001:0002726c       ?SetOccDialogInfo@CWnd@@MAEHPAU_AFX_OCC_DIALOG_INFO@@@Z 0042826c f   mfc100d:mfc100d.dll
 0001:00027272       ?GetOccDialogInfo@CWnd@@MAEPAU_AFX_OCC_DIALOG_INFO@@XZ 00428272 f   mfc100d:mfc100d.dll
 0001:00027278       ?CreateControl@CWnd@@QAEHABU_GUID@@PBDKABUtagRECT@@PAV1@IPAVCFile@@HPA_W@Z 00428278 f   mfc100d:mfc100d.dll
 0001:0002727e       ??1CWnd@@UAE@XZ            0042827e f   mfc100d:mfc100d.dll
 0001:00027284       ?GetThisClass@CWnd@@SGPAUCRuntimeClass@@XZ 00428284 f   mfc100d:mfc100d.dll
 0001:0002728a       ??0?$CStringT@DV?$StrTraitMFC_DLL@DV?$ChTraitsCRT@D@ATL@@@@@ATL@@QAE@XZ 0042828a f   mfc100d:mfc100d.dll
 0001:00027290       ??1?$CStringT@DV?$StrTraitMFC_DLL@DV?$ChTraitsCRT@D@ATL@@@@@ATL@@QAE@XZ 00428290 f   mfc100d:mfc100d.dll
 0001:00027296       ??B?$CSimpleStringT@D$00@ATL@@QBEPBDXZ 00428296 f   mfc100d:mfc100d.dll
 0001:0002729c       ?GetThisClass@CDialog@@SGPAUCRuntimeClass@@XZ 0042829c f   mfc100d:mfc100d.dll
 0001:000272a2       ??0CDialog@@QAE@IPAVCWnd@@@Z 004282a2 f   mfc100d:mfc100d.dll
 0001:000272a8       ?AssertValid@CDialog@@UBEXXZ 004282a8 f   mfc100d:mfc100d.dll
 0001:000272ae       ?Dump@CDialog@@UBEXAAVCDumpContext@@@Z 004282ae f   mfc100d:mfc100d.dll
 0001:000272b4       ?OnCmdMsg@CDialog@@UAEHIHPAXPAUAFX_CMDHANDLERINFO@@@Z 004282b4 f   mfc100d:mfc100d.dll
 0001:000272ba       ?Create@CWnd@@UAEHPBD0KABUtagRECT@@PAV1@IPAUCCreateContext@@@Z 004282ba f   mfc100d:mfc100d.dll
 0001:000272c0       ?PreTranslateMessage@CDialog@@UAEHPAUtagMSG@@@Z 004282c0 f   mfc100d:mfc100d.dll
 0001:000272c6       ?CheckAutoCenter@CDialog@@UAEHXZ 004282c6 f   mfc100d:mfc100d.dll
 0001:000272cc       ?SetOccDialogInfo@CDialog@@MAEHPAU_AFX_OCC_DIALOG_INFO@@@Z 004282cc f   mfc100d:mfc100d.dll
 0001:000272d2       ?GetOccDialogInfo@CDialog@@MAEPAU_AFX_OCC_DIALOG_INFO@@XZ 004282d2 f   mfc100d:mfc100d.dll
 0001:000272d8       ?Create@CDialog@@UAEHIPAVCWnd@@@Z 004282d8 f   mfc100d:mfc100d.dll
 0001:000272de       ?Create@CDialog@@UAEHPBDPAVCWnd@@@Z 004282de f   mfc100d:mfc100d.dll
 0001:000272e4       ?CreateIndirect@CDialog@@UAEHPAXPAVCWnd@@@Z 004282e4 f   mfc100d:mfc100d.dll
 0001:000272ea       ?CreateIndirect@CDialog@@UAEHPBUDLGTEMPLATE@@PAVCWnd@@PAX@Z 004282ea f   mfc100d:mfc100d.dll
 0001:000272f0       ?DoModal@CDialog@@UAEHXZ   004282f0 f   mfc100d:mfc100d.dll
 0001:000272f6       ?OnInitDialog@CDialog@@UAEHXZ 004282f6 f   mfc100d:mfc100d.dll
 0001:000272fc       ?OnSetFont@CDialog@@UAEXPAVCFont@@@Z 004282fc f   mfc100d:mfc100d.dll
 0001:00027302       ?OnOK@CDialog@@MAEXXZ      00428302 f   mfc100d:mfc100d.dll
 0001:00027308       ?OnCancel@CDialog@@MAEXXZ  00428308 f   mfc100d:mfc100d.dll
 0001:0002730e       ?PreInitDialog@CDialog@@MAEXXZ 0042830e f   mfc100d:mfc100d.dll
 0001:00027314       ??1CDialog@@UAE@XZ         00428314 f   mfc100d:mfc100d.dll
 0001:0002731a       ?GetThisMessageMap@CDialog@@KGPBUAFX_MSGMAP@@XZ 0042831a f   mfc100d:mfc100d.dll
 0001:00027320       ?GetThisClass@CFrameWnd@@SGPAUCRuntimeClass@@XZ 00428320 f   mfc100d:mfc100d.dll
 0001:00027326       ??0CFrameWnd@@QAE@XZ       00428326 f   mfc100d:mfc100d.dll
 0001:0002732c       ?AssertValid@CFrameWnd@@UBEXXZ 0042832c f   mfc100d:mfc100d.dll
 0001:00027332       ?Dump@CFrameWnd@@UBEXAAVCDumpContext@@@Z 00428332 f   mfc100d:mfc100d.dll
 0001:00027338       ?OnCmdMsg@CFrameWnd@@UAEHIHPAXPAUAFX_CMDHANDLERINFO@@@Z 00428338 f   mfc100d:mfc100d.dll
 0001:0002733e       ?GetMessageMap@CFrameWnd@@MBEPBUAFX_MSGMAP@@XZ 0042833e f   mfc100d:mfc100d.dll
 0001:00027344       ?GetMenu@CFrameWnd@@UBEPAVCMenu@@XZ 00428344 f   mfc100d:mfc100d.dll
 0001:0002734a       ?SetMenu@CFrameWnd@@UAEHPAVCMenu@@@Z 0042834a f   mfc100d:mfc100d.dll
 0001:00027350       ?OnCommand@CFrameWnd@@MAEHIJ@Z 00428350 f   mfc100d:mfc100d.dll
 0001:00027356       ?BeginModalState@CFrameWnd@@UAEXXZ 00428356 f   mfc100d:mfc100d.dll
 0001:0002735c       ?EndModalState@CFrameWnd@@UAEXXZ 0042835c f   mfc100d:mfc100d.dll
 0001:00027362       ?PreTranslateMessage@CFrameWnd@@UAEHPAUtagMSG@@@Z 00428362 f   mfc100d:mfc100d.dll
 0001:00027368       ?PostNcDestroy@CFrameWnd@@MAEXXZ 00428368 f   mfc100d:mfc100d.dll
 0001:0002736e       ?IsFrameWnd@CFrameWnd@@UBEHXZ 0042836e f   mfc100d:mfc100d.dll
 0001:00027374       ?Create@CFrameWnd@@UAEHPBD0KABUtagRECT@@PAVCWnd@@0KPAUCCreateContext@@@Z 00428374 f   mfc100d:mfc100d.dll
 0001:0002737a       ?LoadFrame@CFrameWnd@@UAEHIKPAVCWnd@@PAUCCreateContext@@@Z 0042837a f   mfc100d:mfc100d.dll
 0001:00027380       ?GetActiveDocument@CFrameWnd@@UAEPAVCDocument@@XZ 00428380 f   mfc100d:mfc100d.dll
 0001:00027386       ?GetActiveFrame@CFrameWnd@@UAEPAV1@XZ 00428386 f   mfc100d:mfc100d.dll
 0001:0002738c       ?GetMessageString@CFrameWnd@@UBEXIAAV?$CStringT@DV?$StrTraitMFC_DLL@DV?$ChTraitsCRT@D@ATL@@@@@ATL@@@Z 0042838c f   mfc100d:mfc100d.dll
 0001:00027392       ?RecalcLayout@CFrameWnd@@UAEXH@Z 00428392 f   mfc100d:mfc100d.dll
 0001:00027398       ?ActivateFrame@CFrameWnd@@UAEXH@Z 00428398 f   mfc100d:mfc100d.dll
 0001:0002739e       ?SetMenuBarVisibility@CFrameWnd@@UAEXK@Z 0042839e f   mfc100d:mfc100d.dll
 0001:000273a4       ?GetMenuBarVisibility@CFrameWnd@@UBEKXZ 004283a4 f   mfc100d:mfc100d.dll
 0001:000273aa       ?SetMenuBarState@CFrameWnd@@UAEHK@Z 004283aa f   mfc100d:mfc100d.dll
 0001:000273b0       ?GetMenuBarState@CFrameWnd@@UBEKXZ 004283b0 f   mfc100d:mfc100d.dll
 0001:000273b6       ?OnSetPreviewMode@CFrameWnd@@UAEXHPAUCPrintPreviewState@@@Z 004283b6 f   mfc100d:mfc100d.dll
 0001:000273bc       ?GetMessageBar@CFrameWnd@@UAEPAVCWnd@@XZ 004283bc f   mfc100d:mfc100d.dll
[...]
 0004:00001640       __imp_?GetAccessibilityHitTest@CWnd@@QAEJJJPAUtagVARIANT@@@Z 004d2640     mfc100d:mfc100d.dll
 0004:00001644       __imp_?OnInitialUpdate@CFormView@@UAEXXZ 004d2644     mfc100d:mfc100d.dll
 0004:00001648       __imp_??1CFormView@@UAE@XZ 004d2648     mfc100d:mfc100d.dll
 0004:0000164c       __imp_?InitLibId@CWinApp@@UAEXXZ 004d264c     mfc100d:mfc100d.dll
 0004:00001650       __imp_?WriteProfileBinary@CWinApp@@UAEHPBD0PAEI@Z 004d2650     mfc100d:mfc100d.dll
 0004:00001654       __imp_?GetProfileBinary@CWinApp@@UAEHPBD0PAPAEPAI@Z 004d2654     mfc100d:mfc100d.dll
 0004:00001658       __imp_?WriteProfileStringA@CWinApp@@UAEHPBD00@Z 004d2658     mfc100d:mfc100d.dll
 0004:0000165c       __imp_?GetProfileStringA@CWinApp@@UAE?AV?$CStringT@DV?$StrTraitMFC_DLL@DV?$ChTraitsCRT@D@ATL@@@@@ATL@@PBD00@Z 004d265c     mfc100d:mfc100d.dll
 0004:00001660       __imp_?WriteProfileInt@CWinApp@@UAEHPBD0H@Z 004d2660     mfc100d:mfc100d.dll
 0004:00001664       __imp_?GetProfileIntA@CWinApp@@UAEIPBD0H@Z 004d2664     mfc100d:mfc100d.dll
 0004:00001668       __imp_?Delete@CWinThread@@UAEXXZ 004d2668     mfc100d:mfc100d.dll
 0004:0000166c       __imp_?GetMainWnd@CWinThread@@UAEPAVCWnd@@XZ 004d266c     mfc100d:mfc100d.dll
 0004:00001670       __imp_?ProcessMessageFilter@CWinThread@@UAEHHPAUtagMSG@@@Z 004d2670     mfc100d:mfc100d.dll
 0004:00001674       __imp_?ProcessWndProcException@CWinApp@@UAEJPAVCException@@PBUtagMSG@@@Z 004d2674     mfc100d:mfc100d.dll
 0004:00001678       __imp_?IsIdleMessage@CWinThread@@UAEHPAUtagMSG@@@Z 004d2678     mfc100d:mfc100d.dll
 0004:0000167c       __imp_?OnIdle@CWinApp@@UAEHJ@Z 004d267c     mfc100d:mfc100d.dll
 0004:00001680       __imp_?PumpMessage@CWinThread@@UAEHXZ 004d2680     mfc100d:mfc100d.dll
 0004:00001684       __imp_?PreTranslateMessage@CWinThread@@UAEHPAUtagMSG@@@Z 004d2684     mfc100d:mfc100d.dll
 0004:00001688       __imp_?Run@CWinApp@@UAEHXZ 004d2688     mfc100d:mfc100d.dll
 0004:0000168c       __imp_?GetInterfaceMap@CCmdTarget@@MBEPBUAFX_INTERFACEMAP@@XZ 004d268c     mfc100d:mfc100d.dll
 0004:00001690       __imp_?GetMessageMap@CWinApp@@MBEPBUAFX_MSGMAP@@XZ 004d2690     mfc100d:mfc100d.dll
 0004:00001694       __imp_?OnFinalRelease@CCmdTarget@@UAEXXZ 004d2694     mfc100d:mfc100d.dll
 0004:00001698       __imp_?Dump@CWinApp@@UBEXAAVCDumpContext@@@Z 004d2698     mfc100d:mfc100d.dll
 0004:0000169c       __imp_?AssertValid@CWinApp@@UBEXXZ 004d269c     mfc100d:mfc100d.dll
 0004:000016a0       __imp_?GetRuntimeClass@CWinApp@@UBEPAUCRuntimeClass@@XZ 004d26a0     mfc100d:mfc100d.dll
 0004:000016a4       __imp_??0CWinApp@@QAE@PBD@Z 004d26a4     mfc100d:mfc100d.dll
 0004:000016a8       __imp_?PreCreateWindow@CFrameWnd@@MAEHAAUtagCREATESTRUCTA@@@Z 004d26a8     mfc100d:mfc100d.dll
 0004:000016ac       __imp_??1CFrameWnd@@UAE@XZ 004d26ac     mfc100d:mfc100d.dll
 0004:000016b0       __imp_?OnHideMenuBar@CFrameWnd@@MAEXXZ 004d26b0     mfc100d:mfc100d.dll
 0004:000016b4       __imp_?OnShowMenuBar@CFrameWnd@@MAEXXZ 004d26b4     mfc100d:mfc100d.dll
 0004:000016b8       __imp_?ExitHelpMode@CFrameWnd@@UAEXXZ 004d26b8     mfc100d:mfc100d.dll
 0004:000016bc       __imp_?DelayUpdateFrameMenu@CFrameWnd@@UAEXPAUHMENU__@@@Z 004d26bc     mfc100d:mfc100d.dll
 0004:000016c0       __imp_?GetDefaultAccelerator@CFrameWnd@@UAEPAUHACCEL__@@XZ 004d26c0     mfc100d:mfc100d.dll
 0004:000016c4       __imp_?OnUpdateFrameMenu@CFrameWnd@@UAEXPAUHMENU__@@@Z 004d26c4     mfc100d:mfc100d.dll
 0004:000016c8       __imp_?OnUpdateFrameTitle@CFrameWnd@@UAEXH@Z 004d26c8     mfc100d:mfc100d.dll
 0004:000016cc       __imp_?OnCreateClient@CFrameWnd@@MAEHPAUtagCREATESTRUCTA@@PAUCCreateContext@@@Z 004d26cc     mfc100d:mfc100d.dll
 0004:000016d0       __imp_?NegotiateBorderSpace@CFrameWnd@@UAEHIPAUtagRECT@@@Z 004d26d0     mfc100d:mfc100d.dll
 0004:000016d4       __imp_?GetMessageBar@CFrameWnd@@UAEPAVCWnd@@XZ 004d26d4     mfc100d:mfc100d.dll
 0004:000016d8       __imp_?OnSetPreviewMode@CFrameWnd@@UAEXHPAUCPrintPreviewState@@@Z 004d26d8     mfc100d:mfc100d.dll
 0004:000016dc       __imp_?GetMenuBarState@CFrameWnd@@UBEKXZ 004d26dc     mfc100d:mfc100d.dll
 0004:000016e0       __imp_?SetMenuBarState@CFrameWnd@@UAEHK@Z 004d26e0     mfc100d:mfc100d.dll
 0004:000016e4       __imp_?GetMenuBarVisibility@CFrameWnd@@UBEKXZ 004d26e4     mfc100d:mfc100d.dll
 0004:000016e8       __imp_?SetMenuBarVisibility@CFrameWnd@@UAEXK@Z 004d26e8     mfc100d:mfc100d.dll
 0004:000016ec       __imp_?ActivateFrame@CFrameWnd@@UAEXH@Z 004d26ec     mfc100d:mfc100d.dll
 0004:000016f0       __imp_?RecalcLayout@CFrameWnd@@UAEXH@Z 004d26f0     mfc100d:mfc100d.dll
 0004:000016f4       __imp_?GetMessageString@CFrameWnd@@UBEXIAAV?$CStringT@DV?$StrTraitMFC_DLL@DV?$ChTraitsCRT@D@ATL@@@@@ATL@@@Z 004d26f4     mfc100d:mfc100d.dll
 0004:000016f8       __imp_?GetActiveFrame@CFrameWnd@@UAEPAV1@XZ 004d26f8     mfc100d:mfc100d.dll
 0004:000016fc       __imp_?GetActiveDocument@CFrameWnd@@UAEPAVCDocument@@XZ 004d26fc     mfc100d:mfc100d.dll
 0004:00001700       __imp_?LoadFrame@CFrameWnd@@UAEHIKPAVCWnd@@PAUCCreateContext@@@Z 004d2700     mfc100d:mfc100d.dll
 0004:00001704       __imp_?Create@CFrameWnd@@UAEHPBD0KABUtagRECT@@PAVCWnd@@0KPAUCCreateContext@@@Z 004d2704     mfc100d:mfc100d.dll
 0004:00001708       __imp_?IsFrameWnd@CFrameWnd@@UBEHXZ 004d2708     mfc100d:mfc100d.dll
 0004:0000170c       __imp_?PostNcDestroy@CFrameWnd@@MAEXXZ 004d270c     mfc100d:mfc100d.dll
 0004:00001710       __imp_?PreTranslateMessage@CFrameWnd@@UAEHPAUtagMSG@@@Z 004d2710     mfc100d:mfc100d.dll
 0004:00001714       __imp_?EndModalState@CFrameWnd@@UAEXXZ 004d2714     mfc100d:mfc100d.dll
 0004:00001718       __imp_?BeginModalState@CFrameWnd@@UAEXXZ 004d2718     mfc100d:mfc100d.dll
 0004:0000171c       __imp_?OnCommand@CFrameWnd@@MAEHIJ@Z 004d271c     mfc100d:mfc100d.dll
 0004:00001720       __imp_?SetMenu@CFrameWnd@@UAEHPAVCMenu@@@Z 004d2720     mfc100d:mfc100d.dll
 0004:00001724       __imp_?GetMenu@CFrameWnd@@UBEPAVCMenu@@XZ 004d2724     mfc100d:mfc100d.dll
 0004:00001728       __imp_?GetMessageMap@CFrameWnd@@MBEPBUAFX_MSGMAP@@XZ 004d2728     mfc100d:mfc100d.dll
 0004:0000172c       __imp_?OnCmdMsg@CFrameWnd@@UAEHIHPAXPAUAFX_CMDHANDLERINFO@@@Z 004d272c     mfc100d:mfc100d.dll
 0004:00001730       __imp_?Dump@CFrameWnd@@UBEXAAVCDumpContext@@@Z 004d2730     mfc100d:mfc100d.dll
 0004:00001734       __imp_?AssertValid@CFrameWnd@@UBEXXZ 004d2734     mfc100d:mfc100d.dll
 0004:00001738       __imp_??0CFrameWnd@@QAE@XZ 004d2738     mfc100d:mfc100d.dll
 0004:0000173c       __imp_?GetThisClass@CFrameWnd@@SGPAUCRuntimeClass@@XZ 004d273c     mfc100d:mfc100d.dll
 0004:00001740       __imp_?GetThisMessageMap@CDialog@@KGPBUAFX_MSGMAP@@XZ 004d2740     mfc100d:mfc100d.dll
 0004:00001744       __imp_??1CDialog@@UAE@XZ   004d2744     mfc100d:mfc100d.dll
 0004:00001748       __imp_?PreInitDialog@CDialog@@MAEXXZ 004d2748     mfc100d:mfc100d.dll
 0004:0000174c       __imp_?OnCancel@CDialog@@MAEXXZ 004d274c     mfc100d:mfc100d.dll
 0004:00001750       __imp_?OnOK@CDialog@@MAEXXZ 004d2750     mfc100d:mfc100d.dll
 0004:00001754       __imp_?OnSetFont@CDialog@@UAEXPAVCFont@@@Z 004d2754     mfc100d:mfc100d.dll
 0004:00001758       __imp_?OnInitDialog@CDialog@@UAEHXZ 004d2758     mfc100d:mfc100d.dll
 0004:0000175c       __imp_?DoModal@CDialog@@UAEHXZ 004d275c     mfc100d:mfc100d.dll
 0004:00001760       __imp_?CreateIndirect@CDialog@@UAEHPBUDLGTEMPLATE@@PAVCWnd@@PAX@Z 004d2760     mfc100d:mfc100d.dll
 0004:00001764       __imp_?CreateIndirect@CDialog@@UAEHPAXPAVCWnd@@@Z 004d2764     mfc100d:mfc100d.dll
 0004:00001768       __imp_?Create@CDialog@@UAEHPBDPAVCWnd@@@Z 004d2768     mfc100d:mfc100d.dll
 0004:0000176c       __imp_?Create@CDialog@@UAEHIPAVCWnd@@@Z 004d276c     mfc100d:mfc100d.dll
 0004:00001770       __imp_?GetOccDialogInfo@CDialog@@MAEPAU_AFX_OCC_DIALOG_INFO@@XZ 004d2770     mfc100d:mfc100d.dll
 0004:00001774       __imp_?SetOccDialogInfo@CDialog@@MAEHPAU_AFX_OCC_DIALOG_INFO@@@Z 004d2774     mfc100d:mfc100d.dll
 0004:00001778       __imp_?CheckAutoCenter@CDialog@@UAEHXZ 004d2778     mfc100d:mfc100d.dll
 0004:0000177c       __imp_?PreTranslateMessage@CDialog@@UAEHPAUtagMSG@@@Z 004d277c     mfc100d:mfc100d.dll
 0004:00001780       __imp_?Create@CWnd@@UAEHPBD0KABUtagRECT@@PAV1@IPAUCCreateContext@@@Z 004d2780     mfc100d:mfc100d.dll
 0004:00001784       __imp_?OnCmdMsg@CDialog@@UAEHIHPAXPAUAFX_CMDHANDLERINFO@@@Z 004d2784     mfc100d:mfc100d.dll
 0004:00001788       __imp_?Dump@CDialog@@UBEXAAVCDumpContext@@@Z 004d2788     mfc100d:mfc100d.dll
 0004:0000178c       __imp_?AssertValid@CDialog@@UBEXXZ 004d278c     mfc100d:mfc100d.dll
 0004:00001790       __imp_??0CDialog@@QAE@IPAVCWnd@@@Z 004d2790     mfc100d:mfc100d.dll
 0004:00001794       __imp_?GetThisClass@CDialog@@SGPAUCRuntimeClass@@XZ 004d2794     mfc100d:mfc100d.dll
 0004:00001798       __imp_??B?$CSimpleStringT@D$00@ATL@@QBEPBDXZ 004d2798     mfc100d:mfc100d.dll
 0004:0000179c       __imp_??1?$CStringT@DV?$StrTraitMFC_DLL@DV?$ChTraitsCRT@D@ATL@@@@@ATL@@QAE@XZ 004d279c     mfc100d:mfc100d.dll
 0004:000017a0       __imp_??0?$CStringT@DV?$StrTraitMFC_DLL@DV?$ChTraitsCRT@D@ATL@@@@@ATL@@QAE@XZ 004d27a0     mfc100d:mfc100d.dll
 0004:000017a4       __imp_?GetThisClass@CWnd@@SGPAUCRuntimeClass@@XZ 004d27a4     mfc100d:mfc100d.dll
 0004:000017a8       __imp_??1CWnd@@UAE@XZ      004d27a8     mfc100d:mfc100d.dll
 0004:000017ac       __imp_?CreateControl@CWnd@@QAEHABU_GUID@@PBDKABUtagRECT@@PAV1@IPAVCFile@@HPA_W@Z 004d27ac     mfc100d:mfc100d.dll
 0004:000017b0       __imp_?GetOccDialogInfo@CWnd@@MAEPAU_AFX_OCC_DIALOG_INFO@@XZ 004d27b0     mfc100d:mfc100d.dll
 0004:000017b4       __imp_?SetOccDialogInfo@CWnd@@MAEHPAU_AFX_OCC_DIALOG_INFO@@@Z 004d27b4     mfc100d:mfc100d.dll
 0004:000017b8       __imp_?CreateControlSite@CWnd@@MAEHPAVCOleControlContainer@@PAPAVCOleControlSite@@IABU_GUID@@@Z 004d27b8     mfc100d:mfc100d.dll
 0004:000017bc       __imp_?CreateControlContainer@CWnd@@MAEHPAPAVCOleControlContainer@@@Z 004d27bc     mfc100d:mfc100d.dll
 0004:000017c0       __imp_?IsFrameWnd@CWnd@@UBEHXZ 004d27c0     mfc100d:mfc100d.dll
 0004:000017c4       __imp_?CheckAutoCenter@CWnd@@UAEHXZ 004d27c4     mfc100d:mfc100d.dll
 0004:000017c8       __imp_?OnGesturePressAndTap@CWnd@@MAEHVCPoint@@J@Z 004d27c8     mfc100d:mfc100d.dll
 0004:000017cc       __imp_?OnGestureTwoFingerTap@CWnd@@MAEHVCPoint@@@Z 004d27cc     mfc100d:mfc100d.dll
 0004:000017d0       __imp_?OnGestureRotate@CWnd@@MAEHVCPoint@@N@Z 004d27d0     mfc100d:mfc100d.dll
 0004:000017d4       __imp_?OnGesturePan@CWnd@@MAEHVCPoint@@0@Z 004d27d4     mfc100d:mfc100d.dll
 0004:000017d8       __imp_?OnGestureZoom@CWnd@@MAEHVCPoint@@J@Z 004d27d8     mfc100d:mfc100d.dll
 0004:000017dc       __imp_?GetGestureStatus@CWnd@@MAEKVCPoint@@@Z 004d27dc     mfc100d:mfc100d.dll
 0004:000017e0       __imp_?OnTouchInput@CWnd@@MAEHVCPoint@@HHPAUtagTOUCHINPUT@@@Z 004d27e0     mfc100d:mfc100d.dll
 0004:000017e4       __imp_?OnTouchInputs@CWnd@@MAEHIPAUtagTOUCHINPUT@@@Z 004d27e4     mfc100d:mfc100d.dll
 0004:000017e8       __imp_?OnChildNotify@CWnd@@MAEHIIJPAJ@Z 004d27e8     mfc100d:mfc100d.dll
 0004:000017ec       __imp_?PostNcDestroy@CWnd@@MAEXXZ 004d27ec     mfc100d:mfc100d.dll
 0004:000017f0       __imp_?DefWindowProcA@CWnd@@MAEJIIJ@Z 004d27f0     mfc100d:mfc100d.dll
 0004:000017f4       __imp_?OnWndMsg@CWnd@@MAEHIIJPAJ@Z 004d27f4     mfc100d:mfc100d.dll
 0004:000017f8       __imp_?WindowProc@CWnd@@MAEJIIJ@Z 004d27f8     mfc100d:mfc100d.dll
 0004:000017fc       __imp_?OnAmbientProperty@CWnd@@UAEHPAVCOleControlSite@@JPAUtagVARIANT@@@Z 004d27fc     mfc100d:mfc100d.dll
 0004:00001800       __imp_?PreTranslateMessage@CWnd@@UAEHPAUtagMSG@@@Z 004d2800     mfc100d:mfc100d.dll
 0004:00001804       __imp_?EndModalState@CWnd@@UAEXXZ 004d2804     mfc100d:mfc100d.dll
 0004:00001808       __imp_?BeginModalState@CWnd@@UAEXXZ 004d2808     mfc100d:mfc100d.dll
 0004:0000180c       __imp_?DoDataExchange@CWnd@@MAEXPAVCDataExchange@@@Z 004d280c     mfc100d:mfc100d.dll
 0004:00001810       __imp_?GetSuperWndProcAddr@CWnd@@MAEPAP6GJPAUHWND__@@IIJ@ZXZ 004d2810     mfc100d:mfc100d.dll
 0004:00001814       __imp_?OnNotify@CWnd@@MAEHIJPAJ@Z 004d2814     mfc100d:mfc100d.dll
 0004:00001818       __imp_?OnCommand@CWnd@@MAEHIJ@Z 004d2818     mfc100d:mfc100d.dll
 0004:0000181c       __imp_?CreateAccessibleProxy@CWnd@@UAEJIJPAJ@Z 004d281c     mfc100d:mfc100d.dll
 0004:00001820       __imp_?SetProxy@CWnd@@UAEJPAUIAccessibleProxy@@@Z 004d2820     mfc100d:mfc100d.dll
 0004:00001824       __imp_?put_accValue@CWnd@@UAEJUtagVARIANT@@PA_W@Z 004d2824     mfc100d:mfc100d.dll
 0004:00001828       __imp_?put_accName@CWnd@@UAEJUtagVARIANT@@PA_W@Z 004d2828     mfc100d:mfc100d.dll
 0004:0000182c       __imp_?accDoDefaultAction@CWnd@@UAEJUtagVARIANT@@@Z 004d282c     mfc100d:mfc100d.dll
 0004:00001830       __imp_?accHitTest@CWnd@@UAEJJJPAUtagVARIANT@@@Z 004d2830     mfc100d:mfc100d.dll
 0004:00001834       __imp_?accNavigate@CWnd@@UAEJJUtagVARIANT@@PAU2@@Z 004d2834     mfc100d:mfc100d.dll
 0004:00001838       __imp_?accLocation@CWnd@@UAEJPAJ000UtagVARIANT@@@Z 004d2838     mfc100d:mfc100d.dll
 0004:0000183c       __imp_?accSelect@CWnd@@UAEJJUtagVARIANT@@@Z 004d283c     mfc100d:mfc100d.dll
 0004:00001840       __imp_?get_accDefaultAction@CWnd@@UAEJUtagVARIANT@@PAPA_W@Z 004d2840     mfc100d:mfc100d.dll
 0004:00001844       __imp_?get_accSelection@CWnd@@UAEJPAUtagVARIANT@@@Z 004d2844     mfc100d:mfc100d.dll
 0004:00001848       __imp_?get_accFocus@CWnd@@UAEJPAUtagVARIANT@@@Z 004d2848     mfc100d:mfc100d.dll
 0004:0000184c       __imp_?get_accKeyboardShortcut@CWnd@@UAEJUtagVARIANT@@PAPA_W@Z 004d284c     mfc100d:mfc100d.dll
 0004:00001850       __imp_?get_accHelpTopic@CWnd@@UAEJPAPA_WUtagVARIANT@@PAJ@Z 004d2850     mfc100d:mfc100d.dll
 0004:00001854       __imp_?get_accHelp@CWnd@@UAEJUtagVARIANT@@PAPA_W@Z 004d2854     mfc100d:mfc100d.dll
 0004:00001858       __imp_?get_accState@CWnd@@UAEJUtagVARIANT@@PAU2@@Z 004d2858     mfc100d:mfc100d.dll
 0004:0000185c       __imp_?get_accRole@CWnd@@UAEJUtagVARIANT@@PAU2@@Z 004d285c     mfc100d:mfc100d.dll
 0004:00001860       __imp_?get_accDescription@CWnd@@UAEJUtagVARIANT@@PAPA_W@Z 004d2860     mfc100d:mfc100d.dll
 0004:00001864       __imp_?get_accValue@CWnd@@UAEJUtagVARIANT@@PAPA_W@Z 004d2864     mfc100d:mfc100d.dll
 0004:00001868       __imp_?get_accName@CWnd@@UAEJUtagVARIANT@@PAPA_W@Z 004d2868     mfc100d:mfc100d.dll
 0004:0000186c       __imp_?get_accChild@CWnd@@UAEJUtagVARIANT@@PAPAUIDispatch@@@Z 004d286c     mfc100d:mfc100d.dll
 0004:00001870       __imp_?get_accChildCount@CWnd@@UAEJPAJ@Z 004d2870     mfc100d:mfc100d.dll
 0004:00001874       __imp_?get_accParent@CWnd@@UAEJPAPAUIDispatch@@@Z 004d2874     mfc100d:mfc100d.dll
 0004:00001878       __imp_?EnsureStdObj@CWnd@@UAEJXZ 004d2878     mfc100d:mfc100d.dll
 0004:0000187c       __imp_?OnDrawIconicThumbnailOrLivePreview@CWnd@@UAEXAAVCDC@@VCRect@@VCSize@@HAAH@Z 004d287c     mfc100d:mfc100d.dll
 0004:00001880       __imp_?EndModalLoop@CWnd@@UAEXH@Z 004d2880     mfc100d:mfc100d.dll
 0004:00001884       __imp_?ContinueModal@CWnd@@UAEHXZ 004d2884     mfc100d:mfc100d.dll
 0004:00001888       __imp_?WinHelpInternal@CWnd@@UAEXKI@Z 004d2888     mfc100d:mfc100d.dll
 0004:0000188c       __imp_?HtmlHelpA@CWnd@@UAEXKI@Z 004d288c     mfc100d:mfc100d.dll
 0004:00001890       __imp_?WinHelpA@CWnd@@UAEXKI@Z 004d2890     mfc100d:mfc100d.dll
 0004:00001894       __imp_?GetScrollBarCtrl@CWnd@@UBEPAVCScrollBar@@H@Z 004d2894     mfc100d:mfc100d.dll
 0004:00001898       __imp_?OnToolHitTest@CWnd@@UBEHVCPoint@@PAUtagTOOLINFOA@@@Z 004d2898     mfc100d:mfc100d.dll
 0004:0000189c       __imp_?SetMenu@CWnd@@UAEHPAVCMenu@@@Z 004d289c     mfc100d:mfc100d.dll
 0004:000018a0       __imp_?GetMenu@CWnd@@UBEPAVCMenu@@XZ 004d28a0     mfc100d:mfc100d.dll
 0004:000018a4       __imp_?CalcWindowRect@CWnd@@UAEXPAUtagRECT@@I@Z 004d28a4     mfc100d:mfc100d.dll
 0004:000018a8       __imp_?PreCreateWindow@CWnd@@UAEHAAUtagCREATESTRUCTA@@@Z 004d28a8     mfc100d:mfc100d.dll
 0004:000018ac       __imp_?DestroyWindow@CWnd@@UAEHXZ 004d28ac     mfc100d:mfc100d.dll
 0004:000018b0       __imp_?CreateEx@CWnd@@UAEHKPBD0KHHHHPAUHWND__@@PAUHMENU__@@PAX@Z 004d28b0     mfc100d:mfc100d.dll
 0004:000018b4       __imp_?CreateEx@CWnd@@UAEHKPBD0KABUtagRECT@@PAV1@IPAX@Z 004d28b4     mfc100d:mfc100d.dll
 0004:000018b8       __imp_?PreSubclassWindow@CWnd@@UAEXXZ 004d28b8     mfc100d:mfc100d.dll
 0004:000018bc       __imp_?GetConnectionHook@CCmdTarget@@MAEPAUIConnectionPoint@@ABU_GUID@@@Z 004d28bc     mfc100d:mfc100d.dll
 0004:000018c0       __imp_?GetExtraConnectionPoints@CCmdTarget@@MAEHPAVCPtrArray@@@Z 004d28c0     mfc100d:mfc100d.dll
 0004:000018c4       __imp_?GetInterfaceHook@CCmdTarget@@UAEPAUIUnknown@@PBX@Z 004d28c4     mfc100d:mfc100d.dll
 0004:000018c8       __imp_?OnCreateAggregates@CCmdTarget@@UAEHXZ 004d28c8     mfc100d:mfc100d.dll
 0004:000018cc       __imp_?GetEventSinkMap@CCmdTarget@@MBEPBUAFX_EVENTSINKMAP@@XZ 004d28cc     mfc100d:mfc100d.dll
 0004:000018d0       __imp_?GetInterfaceMap@CWnd@@MBEPBUAFX_INTERFACEMAP@@XZ 004d28d0     mfc100d:mfc100d.dll
 0004:000018d4       __imp_?GetConnectionMap@CCmdTarget@@MBEPBUAFX_CONNECTIONMAP@@XZ 004d28d4     mfc100d:mfc100d.dll
 0004:000018d8       __imp_?GetDispatchMap@CCmdTarget@@MBEPBUAFX_DISPMAP@@XZ 004d28d8     mfc100d:mfc100d.dll
 0004:000018dc       __imp_?GetCommandMap@CCmdTarget@@MBEPBUAFX_OLECMDMAP@@XZ 004d28dc     mfc100d:mfc100d.dll
 0004:000018e0       __imp_?GetMessageMap@CWnd@@MBEPBUAFX_MSGMAP@@XZ 004d28e0     mfc100d:mfc100d.dll
 0004:000018e4       __imp_?GetTypeLib@CCmdTarget@@UAEJKPAPAUITypeLib@@@Z 004d28e4     mfc100d:mfc100d.dll
 0004:000018e8       __imp_?GetTypeLibCache@CCmdTarget@@UAEPAVCTypeLibCache@@XZ 004d28e8     mfc100d:mfc100d.dll
 0004:000018ec       __imp_?GetTypeInfoCount@CCmdTarget@@UAEIXZ 004d28ec     mfc100d:mfc100d.dll
 0004:000018f0       __imp_?GetDispatchIID@CCmdTarget@@UAEHPAU_GUID@@@Z 004d28f0     mfc100d:mfc100d.dll
 0004:000018f4       __imp_?IsInvokeAllowed@CCmdTarget@@UAEHJ@Z 004d28f4     mfc100d:mfc100d.dll
 0004:000018f8       __imp_?OnFinalRelease@CWnd@@UAEXXZ 004d28f8     mfc100d:mfc100d.dll
 0004:000018fc       __imp_?OnCmdMsg@CCmdTarget@@UAEHIHPAXPAUAFX_CMDHANDLERINFO@@@Z 004d28fc     mfc100d:mfc100d.dll
 0004:00001900       __imp_?Dump@CWnd@@UBEXAAVCDumpContext@@@Z 004d2900     mfc100d:mfc100d.dll
 0004:00001904       __imp_?AssertValid@CWnd@@UBEXXZ 004d2904     mfc100d:mfc100d.dll
 0004:00001908       __imp_?Serialize@CObject@@UAEXAAVCArchive@@@Z 004d2908     mfc100d:mfc100d.dll
 0004:0000190c       __imp_??0CWnd@@QAE@XZ      004d290c     mfc100d:mfc100d.dll
 0004:00001910       __imp_??2CObject@@SGPAXI@Z 004d2910     mfc100d:mfc100d.dll
 0004:00001914       __imp_??3CObject@@SGXPAX@Z 004d2914     mfc100d:mfc100d.dll
 0004:00001918       __imp_??3@YAXPAX@Z         004d2918     mfc100d:mfc100d.dll
 0004:0000191c       __imp_?AfxWinMain@@YGHPAUHINSTANCE__@@0PADH@Z 004d291c     mfc100d:mfc100d.dll
 0004:00001920       __imp_??1CFileDialog@@UAE@XZ 004d2920     mfc100d:mfc100d.dll
 0004:00001924       __imp_?GetCheck@CButton@@QBEHXZ 004d2924     mfc100d:mfc100d.dll
 0004:00001928       \177mfc100d_NULL_THUNK_DATA 004d2928     mfc100d:mfc100d.dll
 0004:00001aa0       __imp__olDaGetDASS@16      004d2aa0     oldaapi32:oldaapi32.dll
 0004:00001aa4       __imp__olDaSetDataFlow@8   004d2aa4     oldaapi32:oldaapi32.dll
 0004:00001aa8       __imp__olDaConfig@4        004d2aa8     oldaapi32:oldaapi32.dll
 0004:00001aac       __imp__olDaPutSingleValue@20 004d2aac     oldaapi32:oldaapi32.dll
 0004:00001ab0       __imp__olDaReleaseDASS@4   004d2ab0     oldaapi32:oldaapi32.dll
 0004:00001ab4       __imp__olDaTerminate@4     004d2ab4     oldaapi32:oldaapi32.dll
 0004:00001ab8       __imp__olDaInitialize@8    004d2ab8     oldaapi32:oldaapi32.dll
 0004:00001abc       \177oldaapi32_NULL_THUNK_DATA 004d2abc     oldaapi32:oldaapi32.dll

 entry point at        0001:00027f10

