 Octopus

 Timestamp is 563b83a6 (Thu Nov 05 11:28:22 2015)

 Preferred load address is 00400000

 Start         Length     Name                   Class
 0001:00000000 000933c1H .text                   CODE
 0001:000933d0 00002f40H .text$x                 CODE
 0001:00096310 00001b11H .text$yc                CODE
 0001:00097e30 000010ceH .text$yd                CODE
 0002:00000000 00000104H .CRT$XCA                DATA
 0002:00000104 00000104H .CRT$XCAA               DATA
 0002:00000208 0000010eH .CRT$XCC                DATA
 0002:00000318 00000186H .CRT$XCL                DATA
 0002:000004a0 0000011cH .CRT$XCU                DATA
 0002:000005bc 00000104H .CRT$XCZ                DATA
 0002:000006c0 00000104H .CRT$XIA                DATA
 0002:000007c4 00000104H .CRT$XIAA               DATA
 0002:000008c8 00000104H .CRT$XIC                DATA
 0002:000009cc 00000104H .CRT$XIY                DATA
 0002:00000ad0 00000104H .CRT$XIZ                DATA
 0002:00000be0 0002af6aH .rdata                  DATA
 0002:0002bb4c 00000173H .rdata$debug            DATA
 0002:0002bcc0 00000e34H .rdata$r                DATA
 0002:0002cb00 00000306H .rdata$sxdata           DATA
 0002:0002ce08 00000104H .rtc$IAA                DATA
 0002:0002cf0c 00000104H .rtc$IZZ                DATA
 0002:0002d010 00000104H .rtc$TAA                DATA
 0002:0002d114 00000104H .rtc$TZZ                DATA
 0002:0002d218 00001f69H .xdata$x                DATA
 0002:0002f184 00000104H ATL$__a                 DATA
 0002:0002f288 00000104H ATL$__z                 DATA
 0002:0002f38c 00000000H .edata                  DATA
 0003:00000000 00001057H .data                   DATA
 0003:00001060 00003288H .bss                    DATA
 0004:00000000 000000b4H .idata$2                DATA
 0004:000000b4 00000014H .idata$3                DATA
 0004:000000c8 00000ca8H .idata$4                DATA
 0004:00000d70 00000ca8H .idata$5                DATA
 0004:00001a18 00000c55H .idata$6                DATA
 0005:00000000 000009d9H .rsrc$01                DATA
 0005:000009e0 00005a49H .rsrc$02                DATA

  Address         Publics by Value              Rva+Base       Lib:Object

 0000:00000000       __except_list              00000000     <absolute>
 0000:0000006c       ___safe_se_handler_count   0000006c     <absolute>
 0000:00009876       __ldused                   00009876     <absolute>
 0000:00009876       __fltused                  00009876     <absolute>
 0000:00000000       ___ImageBase               00400000     <linker-defined>
 0001:000015f0       ?_AfxInitManaged@@YAHXZ    004025f0 f i APTMotor.obj
 0001:00001600       ?CreateObject@CMgmotorctrl1@@SGPAVCObject@@XZ 00402600 f   APTMotor.obj
 0001:00001680       ?_GetBaseClass@CMgmotorctrl1@@KGPAUCRuntimeClass@@XZ 00402680 f   APTMotor.obj
 0001:00001690       ?GetThisClass@CMgmotorctrl1@@SGPAUCRuntimeClass@@XZ 00402690 f   APTMotor.obj
 0001:000016a0       ?GetRuntimeClass@CMgmotorctrl1@@UBEPAUCRuntimeClass@@XZ 004026a0 f   APTMotor.obj
 0001:000016e0       ??0CMgmotorctrl1@@QAE@XZ   004026e0 f i APTMotor.obj
 0001:00001710       ?Create@CMgmotorctrl1@@UAEHPBD0KABUtagRECT@@PAVCWnd@@IPAUCCreateContext@@@Z 00402710 f i APTMotor.obj
 0001:00001760       ?GetClsid@CMgmotorctrl1@@QAEABU_GUID@@XZ 00402760 f i APTMotor.obj
 0001:00001780       ??_GCMgmotorctrl1@@UAEPAXI@Z 00402780 f i APTMotor.obj
 0001:00001780       ??_ECMgmotorctrl1@@UAEPAXI@Z 00402780 f i APTMotor.obj
 0001:000017c0       ??1CMgmotorctrl1@@UAE@XZ   004027c0 f i APTMotor.obj
 0001:000017e0       ??0Thank_you@Define_the_symbol__ATL_MIXED@@QAE@XZ 004027e0 f i APTMotor.obj
 0001:00001800       ?one@Thank_you@Define_the_symbol__ATL_MIXED@@UAEXXZ 00402800 f i APTMotor.obj
 0001:00001810       ?CreateObject@APT_system@@SGPAVCObject@@XZ 00402810 f   APTSystem.obj
 0001:00001880       ?_GetBaseClass@APT_system@@KGPAUCRuntimeClass@@XZ 00402880 f   APTSystem.obj
 0001:00001890       ?GetThisClass@APT_system@@SGPAUCRuntimeClass@@XZ 00402890 f   APTSystem.obj
 0001:000018a0       ?GetRuntimeClass@APT_system@@UBEPAUCRuntimeClass@@XZ 004028a0 f   APTSystem.obj
 0001:000018e0       ??0APT_system@@QAE@XZ      004028e0 f i APTSystem.obj
 0001:00001910       ?Create@APT_system@@UAEHPBD0KABUtagRECT@@PAVCWnd@@IPAUCCreateContext@@@Z 00402910 f i APTSystem.obj
 0001:00001960       ?GetClsid@APT_system@@QAEABU_GUID@@XZ 00402960 f i APTSystem.obj
 0001:00001980       ??_GAPT_system@@UAEPAXI@Z  00402980 f i APTSystem.obj
 0001:00001980       ??_EAPT_system@@UAEPAXI@Z  00402980 f i APTSystem.obj
 0001:000019c0       ??1APT_system@@UAE@XZ      004029c0 f i APTSystem.obj
 0001:000019e0       ??0CPort@@QAE@XZ           004029e0 f   cport.obj
 0001:00001a10       ??1CPort@@QAE@XZ           00402a10 f   cport.obj
 0001:00001a40       ?OpenCPort@CPort@@QAE_NXZ  00402a40 f   cport.obj
 0001:00001c40       ?CloseCPort@CPort@@QAE_NXZ 00402c40 f   cport.obj
 0001:00001c90       ?WriteCPort@CPort@@QAE_NXZ 00402c90 f   cport.obj
 0001:00001d70       ?WriteCPortOneByte@CPort@@QAE_NXZ 00402d70 f   cport.obj
 0001:00001e40       ?CheckWrite@CPort@@QAE_NXZ 00402e40 f   cport.obj
 0001:00001eb0       ?ReadCPort@CPort@@QAE_NXZ  00402eb0 f   cport.obj
 0001:00001fc0       ?ReadCPortOneByte@CPort@@QAE_NXZ 00402fc0 f   cport.obj
 0001:00002090       ?CheckRead@CPort@@QAE_NXZ  00403090 f   cport.obj
 0001:000022c0       ?_GetBaseClass@DisplayDialog@@KGPAUCRuntimeClass@@XZ 004032c0 f   DisplayDialog.obj
 0001:000022d0       ?GetThisClass@DisplayDialog@@SGPAUCRuntimeClass@@XZ 004032d0 f   DisplayDialog.obj
 0001:000022e0       ?GetRuntimeClass@DisplayDialog@@UBEPAUCRuntimeClass@@XZ 004032e0 f   DisplayDialog.obj
 0001:000022f0       ??0DisplayDialog@@QAE@PAVCWnd@@@Z 004032f0 f   DisplayDialog.obj
 0001:00002320       ??1DisplayDialog@@UAE@XZ   00403320 f   DisplayDialog.obj
 0001:00002340       ?DoDataExchange@DisplayDialog@@MAEXPAVCDataExchange@@@Z 00403340 f   DisplayDialog.obj
 0001:00002360       ?GetMessageMap@DisplayDialog@@MBEPBUAFX_MSGMAP@@XZ 00403360 f   DisplayDialog.obj
 0001:00002370       ?GetThisMessageMap@DisplayDialog@@KGPBUAFX_MSGMAP@@XZ 00403370 f   DisplayDialog.obj
 0001:000023b0       ??_GDisplayDialog@@UAEPAXI@Z 004033b0 f i DisplayDialog.obj
 0001:000023b0       ??_EDisplayDialog@@UAEPAXI@Z 004033b0 f i DisplayDialog.obj
 0001:000023f0       ?CreateObject@CMainFrame@@SGPAVCObject@@XZ 004033f0 f   MainFrm.obj
 0001:00002470       ?_GetBaseClass@CMainFrame@@KGPAUCRuntimeClass@@XZ 00403470 f   MainFrm.obj
 0001:00002480       ?GetThisClass@CMainFrame@@SGPAUCRuntimeClass@@XZ 00403480 f   MainFrm.obj
 0001:00002490       ?GetRuntimeClass@CMainFrame@@UBEPAUCRuntimeClass@@XZ 00403490 f   MainFrm.obj
 0001:000024a0       ??0CMainFrame@@IAE@XZ      004034a0 f   MainFrm.obj
 0001:000024c0       ??1CMainFrame@@UAE@XZ      004034c0 f   MainFrm.obj
 0001:000024e0       ?PreCreateWindow@CMainFrame@@UAEHAAUtagCREATESTRUCTA@@@Z 004034e0 f   MainFrm.obj
 0001:00002580       ??_ECMainFrame@@UAEPAXI@Z  00403580 f i MainFrm.obj
 0001:00002580       ??_GCMainFrame@@UAEPAXI@Z  00403580 f i MainFrm.obj
 0001:000025c0       ??0COctopusApp@@QAE@XZ     004035c0 f   Octopus.obj
 0001:000025f0       ?InitInstance@COctopusApp@@UAEHXZ 004035f0 f   Octopus.obj
 0001:00002720       ?ExitInstance@COctopusApp@@UAEHXZ 00403720 f   Octopus.obj
 0001:00002790       ?SupportsRestartManager@CWinApp@@UBEHXZ 00403790 f i Octopus.obj
 0001:000027b0       ?SupportsApplicationRecovery@CWinApp@@UBEHXZ 004037b0 f i Octopus.obj
 0001:000027d0       ?SupportsAutosaveAtRestart@CWinApp@@UBEHXZ 004037d0 f i Octopus.obj
 0001:000027f0       ?SupportsAutosaveAtInterval@CWinApp@@UBEHXZ 004037f0 f i Octopus.obj
 0001:00002810       ?ReopenPreviousFilesAtRestart@CWinApp@@UBEHXZ 00403810 f i Octopus.obj
 0001:00002830       ?RestoreAutosavedFilesAtRestart@CWinApp@@UBEHXZ 00403830 f i Octopus.obj
 0001:00002850       ?GetApplicationRestartFlags@CWinApp@@UAEKXZ 00403850 f i Octopus.obj
 0001:00002860       ?GetApplicationRecoveryParameter@CWinApp@@UAEPAXXZ 00403860 f i Octopus.obj
 0001:00002870       ?GetApplicationRecoveryPingInterval@CWinApp@@UAEKXZ 00403870 f i Octopus.obj
 0001:00002890       ??_GCOctopusApp@@UAEPAXI@Z 00403890 f i Octopus.obj
 0001:00002890       ??_ECOctopusApp@@UAEPAXI@Z 00403890 f i Octopus.obj
 0001:000028d0       ??1COctopusApp@@UAE@XZ     004038d0 f i Octopus.obj
 0001:000028f0       ??0COctopusXCite@@QAE@PAVCWnd@@@Z 004038f0 f   OctopusXCite.obj
 0001:00002a80       ?OnInitDialog@COctopusXCite@@MAEHXZ 00403a80 f   OctopusXCite.obj
 0001:00002ab0       ?OnTimer@COctopusXCite@@QAEXI@Z 00403ab0 f   OctopusXCite.obj
 0001:00002b20       ?Init@COctopusXCite@@IAE_NXZ 00403b20 f   OctopusXCite.obj
 0001:00003300       ?DoDataExchange@COctopusXCite@@MAEXPAVCDataExchange@@@Z 00404300 f   OctopusXCite.obj
 0001:000033e0       ?GetMessageMap@COctopusXCite@@MBEPBUAFX_MSGMAP@@XZ 004043e0 f   OctopusXCite.obj
 0001:000033f0       ?GetThisMessageMap@COctopusXCite@@KGPBUAFX_MSGMAP@@XZ 004043f0 f   OctopusXCite.obj
 0001:00003400       ?Close@COctopusXCite@@QAEXXZ 00404400 f   OctopusXCite.obj
 0001:00003490       ??1COctopusXCite@@UAE@XZ   00404490 f   OctopusXCite.obj
 0001:00003550       ?Z_StepDown@COctopusXCite@@QAEXXZ 00404550 f   OctopusXCite.obj
 0001:00003620       ?Z_StepUp@COctopusXCite@@QAEXXZ 00404620 f   OctopusXCite.obj
 0001:000036f0       ?ObjESC@COctopusXCite@@QAEXXZ 004046f0 f   OctopusXCite.obj
 0001:00003830       ?ObjRTN@COctopusXCite@@QAEXXZ 00404830 f   OctopusXCite.obj
 0001:00003930       ?OnObjectiveStepSize1@COctopusXCite@@QAEXXZ 00404930 f   OctopusXCite.obj
 0001:00003970       ?OnObjectiveStepSize2@COctopusXCite@@QAEXXZ 00404970 f   OctopusXCite.obj
 0001:000039b0       ?OnObjectiveStepSize3@COctopusXCite@@QAEXXZ 004049b0 f   OctopusXCite.obj
 0001:000039f0       ?OnObjectiveStepSize4@COctopusXCite@@QAEXXZ 004049f0 f   OctopusXCite.obj
 0001:00003a30       ?GetPosition@COctopusXCite@@QAEXXZ 00404a30 f   OctopusXCite.obj
 0001:00003c20       ?DisplayPosition@COctopusXCite@@IAEXXZ 00404c20 f   OctopusXCite.obj
 0001:00003cd0       ?OnObj_1@COctopusXCite@@QAEXXZ 00404cd0 f   OctopusXCite.obj
 0001:00003d00       ?OnObj_2@COctopusXCite@@QAEXXZ 00404d00 f   OctopusXCite.obj
 0001:00003d30       ?OnObj_3@COctopusXCite@@QAEXXZ 00404d30 f   OctopusXCite.obj
 0001:00003d60       ?OnObj_4@COctopusXCite@@QAEXXZ 00404d60 f   OctopusXCite.obj
 0001:00003d90       ?OnObj_5@COctopusXCite@@QAEXXZ 00404d90 f   OctopusXCite.obj
 0001:00003dc0       ?OnObj_6@COctopusXCite@@QAEXXZ 00404dc0 f   OctopusXCite.obj
 0001:00003df0       ?OnFW_1@COctopusXCite@@QAEXXZ 00404df0 f   OctopusXCite.obj
 0001:00003e20       ?OnFW_2@COctopusXCite@@QAEXXZ 00404e20 f   OctopusXCite.obj
 0001:00003e50       ?OnFW_3@COctopusXCite@@QAEXXZ 00404e50 f   OctopusXCite.obj
 0001:00003e80       ?OnFW_4@COctopusXCite@@QAEXXZ 00404e80 f   OctopusXCite.obj
 0001:00003eb0       ?OnFW_5@COctopusXCite@@QAEXXZ 00404eb0 f   OctopusXCite.obj
 0001:00003ee0       ?OnFW_6@COctopusXCite@@QAEXXZ 00404ee0 f   OctopusXCite.obj
 0001:00003f10       ?OnBFW_1@COctopusXCite@@QAEXXZ 00404f10 f   OctopusXCite.obj
 0001:00003f40       ?OnBFW_2@COctopusXCite@@QAEXXZ 00404f40 f   OctopusXCite.obj
 0001:00003f70       ?OnBFW_3@COctopusXCite@@QAEXXZ 00404f70 f   OctopusXCite.obj
 0001:00003fa0       ?OnBFW_4@COctopusXCite@@QAEXXZ 00404fa0 f   OctopusXCite.obj
 0001:00003fd0       ?OnBFW_5@COctopusXCite@@QAEXXZ 00404fd0 f   OctopusXCite.obj
 0001:00004000       ?OnBFW_6@COctopusXCite@@QAEXXZ 00405000 f   OctopusXCite.obj
 0001:00004030       ?Objective@COctopusXCite@@QAEXH@Z 00405030 f   OctopusXCite.obj
 0001:00004340       ?GetObj@COctopusXCite@@IAEHXZ 00405340 f   OctopusXCite.obj
 0001:000044f0       ?GetFW@COctopusXCite@@IAEHXZ 004054f0 f   OctopusXCite.obj
 0001:000046a0       ?GetBFW@COctopusXCite@@IAEHXZ 004056a0 f   OctopusXCite.obj
 0001:00004850       ?EpiFilterWheel@COctopusXCite@@QAEXH@Z 00405850 f   OctopusXCite.obj
 0001:00004920       ?BrightFieldFilterWheel@COctopusXCite@@QAEXH@Z 00405920 f   OctopusXCite.obj
 0001:000049f0       ?ToggleXCiteLEDStatus@COctopusXCite@@QAEXXZ 004059f0 f   OctopusXCite.obj
 0001:00004a70       ?BrightField@COctopusXCite@@QAEXH@Z 00405a70 f   OctopusXCite.obj
 0001:00004b40       ?OnNMCustomdrawExecute@COctopusXCite@@IAEXPAUtagNMHDR@@PAJ@Z 00405b40 f   OctopusXCite.obj
 0001:00004ba0       ?DisplayBFIntensity@COctopusXCite@@IAEXH@Z 00405ba0 f   OctopusXCite.obj
 0001:00004c60       ?WriteScope@COctopusXCite@@IAE_NV?$CStringT@DV?$StrTraitMFC_DLL@DV?$ChTraitsCRT@D@ATL@@@@@ATL@@@Z 00405c60 f   OctopusXCite.obj
 0001:00004d80       ?ReadScope@COctopusXCite@@IAE?AV?$CStringT@DV?$StrTraitMFC_DLL@DV?$ChTraitsCRT@D@ATL@@@@@ATL@@G@Z 00405d80 f   OctopusXCite.obj
 0001:00004e50       ?OnCommand@COctopusXCite@@MAEHIJ@Z 00405e50 f   OctopusXCite.obj
 0001:00004ea0       ?OnStnClickedScopeIntensitySliderSetting@COctopusXCite@@QAEXXZ 00405ea0 f   OctopusXCite.obj
 0001:00004eb0       ?OnEnChangeEdit1@COctopusXCite@@QAEXXZ 00405eb0 f   OctopusXCite.obj
 0001:00004ec0       ?OnStnClickedScopePos@COctopusXCite@@QAEXXZ 00405ec0 f   OctopusXCite.obj
 0001:00004ed0       ?OnStnClickedXciteOnoff@COctopusXCite@@QAEXXZ 00405ed0 f   OctopusXCite.obj
 0001:00004ee0       ?OnStnClickedShutterImage@COctopusXCite@@QAEXXZ 00405ee0 f   OctopusXCite.obj
 0001:00004ef0       ?OnNMCustomdrawXciteIntensitySlider2@COctopusXCite@@QAEXPAUtagNMHDR@@PAJ@Z 00405ef0 f   OctopusXCite.obj
 0001:00004f10       ?GetIntensityLevel@COctopusXCite@@QAEXXZ 00405f10 f   OctopusXCite.obj
 0001:00005a20       ??_ECOctopusXCite@@UAEPAXI@Z 00406a20 f i OctopusXCite.obj
 0001:00005a20       ??_GCOctopusXCite@@UAEPAXI@Z 00406a20 f i OctopusXCite.obj
 0001:00005a60       ??_GCPort@@QAEPAXI@Z       00406a60 f i OctopusXCite.obj
 0001:00005aa0       ??8ATL@@YA_NABV?$CStringT@DV?$StrTraitMFC_DLL@DV?$ChTraitsCRT@D@ATL@@@@@0@PBD@Z 00406aa0 f i OctopusXCite.obj
 0001:00005ac0       ??9ATL@@YA_NABV?$CStringT@DV?$StrTraitMFC_DLL@DV?$ChTraitsCRT@D@ATL@@@@@0@PBD@Z 00406ac0 f i OctopusXCite.obj
 0001:00005ae0       ??9ATL@@YA_NABV?$CStringT@DV?$StrTraitMFC_DLL@DV?$ChTraitsCRT@D@ATL@@@@@0@D@Z 00406ae0 f i OctopusXCite.obj
 0001:00005b30       ??0Octopus_LED@@QAE@PAVCWnd@@@Z 00406b30 f   Octopus_LED.obj
 0001:00005ca0       ?DoDataExchange@Octopus_LED@@MAEXPAVCDataExchange@@@Z 00406ca0 f   Octopus_LED.obj
 0001:00005e40       ?GetMessageMap@Octopus_LED@@MBEPBUAFX_MSGMAP@@XZ 00406e40 f   Octopus_LED.obj
 0001:00005e50       ?GetThisMessageMap@Octopus_LED@@KGPBUAFX_MSGMAP@@XZ 00406e50 f   Octopus_LED.obj
 0001:00005e60       ?OnInitDialog@Octopus_LED@@MAEHXZ 00406e60 f   Octopus_LED.obj
 0001:00005f50       ??1Octopus_LED@@UAE@XZ     00406f50 f   Octopus_LED.obj
 0001:00006020       ?OnCommand@Octopus_LED@@MAEHIJ@Z 00407020 f   Octopus_LED.obj
 0001:00006070       ?LED_On@Octopus_LED@@QAEXM@Z 00407070 f   Octopus_LED.obj
 0001:000060b0       ?LED_Off@Octopus_LED@@QAEXXZ 004070b0 f   Octopus_LED.obj
 0001:000060d0       ?Laser_On@Octopus_LED@@QAEXM@Z 004070d0 f   Octopus_LED.obj
 0001:00006110       ?Laser_Off@Octopus_LED@@QAEXXZ 00407110 f   Octopus_LED.obj
 0001:00006130       ?SetLEDIntensity@Octopus_LED@@IAEXM@Z 00407130 f   Octopus_LED.obj
 0001:000061e0       ?SetLaserIntensity@Octopus_LED@@IAEXM@Z 004071e0 f   Octopus_LED.obj
 0001:00006290       ?SetFlow@Octopus_LED@@QAEXH@Z 00407290 f   Octopus_LED.obj
 0001:00006310       ?OnEnChangeLED@Octopus_LED@@QAEXXZ 00407310 f   Octopus_LED.obj
 0001:00006370       ?OnEnChangeLaser@Octopus_LED@@QAEXXZ 00407370 f   Octopus_LED.obj
 0001:000063d0       ?OnNMCustomdrawLaserIntensitySlider@Octopus_LED@@QAEXPAUtagNMHDR@@PAJ@Z 004073d0 f   Octopus_LED.obj
 0001:00006450       ?OnNMCustomdrawLEDIntensitySlider@Octopus_LED@@QAEXPAUtagNMHDR@@PAJ@Z 00407450 f   Octopus_LED.obj
 0001:000064d0       ?OnBnClickedDout1@Octopus_LED@@QAEXXZ 004074d0 f   Octopus_LED.obj
 0001:00006530       ?OnBnClickedDout2@Octopus_LED@@QAEXXZ 00407530 f   Octopus_LED.obj
 0001:00006590       ?OnBnClickedDout3@Octopus_LED@@QAEXXZ 00407590 f   Octopus_LED.obj
 0001:000065f0       ?OnBnClickedDout4@Octopus_LED@@QAEXXZ 004075f0 f   Octopus_LED.obj
 0001:00006650       ?OnBnClickedDout5@Octopus_LED@@QAEXXZ 00407650 f   Octopus_LED.obj
 0001:000066b0       ?OnBnClickedDout6@Octopus_LED@@QAEXXZ 004076b0 f   Octopus_LED.obj
 0001:00006710       ?OnBnClickedDout7@Octopus_LED@@QAEXXZ 00407710 f   Octopus_LED.obj
 0001:00006770       ?OnBnClickedDout8@Octopus_LED@@QAEXXZ 00407770 f   Octopus_LED.obj
 0001:00006b00       ??_GOctopus_LED@@UAEPAXI@Z 00407b00 f i Octopus_LED.obj
 0001:00006b00       ??_EOctopus_LED@@UAEPAXI@Z 00407b00 f i Octopus_LED.obj
 0001:00006b40       ??0CTraceFileAndLineInfo@ATL@@QAE@PBDH@Z 00407b40 f i Octopus_LED.obj
 0001:00006b70       ??RCTraceFileAndLineInfo@ATL@@QBAXPBDZZ 00407b70 f i Octopus_LED.obj
 0001:00006bd0       ?TraceV@CTrace@ATL@@QBAXPBDHKI0PAD@Z 00407bd0 f i Octopus_LED.obj
 0001:00006c10       ??BCTraceCategory@ATL@@QBEKXZ 00407c10 f i Octopus_LED.obj
 0001:00006c30       ??0COctopusPictureDisplay@@QAE@PAVCWnd@@GG@Z 00407c30 f   OctopusCameraDisplay.obj
 0001:00006ff0       ?OnInitDialog@COctopusPictureDisplay@@MAEHXZ 00407ff0 f   OctopusCameraDisplay.obj
 0001:00007010       ?GetMessageMap@COctopusPictureDisplay@@MBEPBUAFX_MSGMAP@@XZ 00408010 f   OctopusCameraDisplay.obj
 0001:00007020       ?GetThisMessageMap@COctopusPictureDisplay@@KGPBUAFX_MSGMAP@@XZ 00408020 f   OctopusCameraDisplay.obj
 0001:00007030       ?DoDataExchange@COctopusPictureDisplay@@MAEXPAVCDataExchange@@@Z 00408030 f   OctopusCameraDisplay.obj
 0001:00007070       ??1COctopusPictureDisplay@@UAE@XZ 00408070 f   OctopusCameraDisplay.obj
 0001:00007290       ?Create_Bitmap@COctopusPictureDisplay@@QAEXXZ 00408290 f   OctopusCameraDisplay.obj
 0001:000074e0       ?Draw_Bitmap@COctopusPictureDisplay@@IAEXXZ 004084e0 f   OctopusCameraDisplay.obj
 0001:000078c0       ?Update_Bitmap@COctopusPictureDisplay@@QAEXPAGG@Z 004088c0 f   OctopusCameraDisplay.obj
 0001:00008320       ?BasicAnalysis@COctopusPictureDisplay@@IAEXPAG@Z 00409320 f   OctopusCameraDisplay.obj
 0001:00008480       ?ROIAnalysis@COctopusPictureDisplay@@IAEXPAG@Z 00409480 f   OctopusCameraDisplay.obj
 0001:000087b0       ?BeadAnalysis@COctopusPictureDisplay@@QAEXPAG@Z 004097b0 f   OctopusCameraDisplay.obj
 0001:00008f00       ?gNoise@COctopusPictureDisplay@@QAENNN@Z 00409f00 f   OctopusCameraDisplay.obj
 0001:00008f90       ?Open_A_File@COctopusPictureDisplay@@IAE_NXZ 00409f90 f   OctopusCameraDisplay.obj
 0001:000091f0       ?Close_The_File@COctopusPictureDisplay@@QAEXXZ 0040a1f0 f   OctopusCameraDisplay.obj
 0001:00009270       ?WritePic@COctopusPictureDisplay@@IAEXXZ 0040a270 f   OctopusCameraDisplay.obj
 0001:000094a0       ?UpdateTitle@COctopusPictureDisplay@@IAEXXZ 0040a4a0 f   OctopusCameraDisplay.obj
 0001:00009600       ?ValidateMarkersAndSetROI@COctopusPictureDisplay@@IAEXXZ 0040a600 f   OctopusCameraDisplay.obj
 0001:000098e0       ?MouseMove@COctopusPictureDisplay@@IAEXVCPoint@@@Z 0040a8e0 f   OctopusCameraDisplay.obj
 0001:00009a40       ?LeftButtonDown@COctopusPictureDisplay@@IAEXVCPoint@@@Z 0040aa40 f   OctopusCameraDisplay.obj
 0001:00009ab0       ?LeftButtonUp@COctopusPictureDisplay@@IAEXVCPoint@@@Z 0040aab0 f   OctopusCameraDisplay.obj
 0001:00009b30       ?OnMouseMove@COctopusPictureDisplay@@IAEXIVCPoint@@@Z 0040ab30 f   OctopusCameraDisplay.obj
 0001:00009b70       ?OnLButtonUp@COctopusPictureDisplay@@IAEXIVCPoint@@@Z 0040ab70 f   OctopusCameraDisplay.obj
 0001:00009ba0       ?OnLButtonDown@COctopusPictureDisplay@@IAEXIVCPoint@@@Z 0040aba0 f   OctopusCameraDisplay.obj
 0001:00009bd0       ?OnRButtonDown@COctopusPictureDisplay@@IAEXIVCPoint@@@Z 0040abd0 f   OctopusCameraDisplay.obj
 0001:00009c00       ?OnCommand@COctopusPictureDisplay@@MAEHIJ@Z 0040ac00 f   OctopusCameraDisplay.obj
 0001:00009c50       ?expfunc@@YAXPAN0HHPAX@Z   0040ac50 f   OctopusCameraDisplay.obj
 0001:00009cb0       ?Gaussian_2D@@YAXPAN0HHPAX@Z 0040acb0 f   OctopusCameraDisplay.obj
 0001:0000aa60       ??_ECOctopusPictureDisplay@@UAEPAXI@Z 0040ba60 f i OctopusCameraDisplay.obj
 0001:0000aa60       ??_GCOctopusPictureDisplay@@UAEPAXI@Z 0040ba60 f i OctopusCameraDisplay.obj
 0001:0000aaa0       ??HATL@@YA?AV?$CStringT@DV?$StrTraitMFC_DLL@DV?$ChTraitsCRT@D@ATL@@@@@0@ABV10@0@Z 0040baa0 f i OctopusCameraDisplay.obj
 0001:0000ab80       ??0COctopusCamera@@QAE@PAVCWnd@@@Z 0040bb80 f   OctopusCameraDlg.obj
 0001:0000b000       ?DoDataExchange@COctopusCamera@@MAEXPAVCDataExchange@@@Z 0040c000 f   OctopusCameraDlg.obj
 0001:0000b2c0       ?GetMessageMap@COctopusCamera@@MBEPBUAFX_MSGMAP@@XZ 0040c2c0 f   OctopusCameraDlg.obj
 0001:0000b2d0       ?GetThisMessageMap@COctopusCamera@@KGPBUAFX_MSGMAP@@XZ 0040c2d0 f   OctopusCameraDlg.obj
 0001:0000b2e0       ?OnInitDialog@COctopusCamera@@MAEHXZ 0040c2e0 f   OctopusCameraDlg.obj
 0001:0000b410       ??1COctopusCamera@@UAE@XZ  0040c410 f   OctopusCameraDlg.obj
 0001:0000b610       ?SetExposureTime_Single_ms@COctopusCamera@@QAEXH@Z 0040c610 f   OctopusCameraDlg.obj
 0001:0000b640       ?SetExposureTime_Movie_ms@COctopusCamera@@QAEXH@Z 0040c640 f   OctopusCameraDlg.obj
 0001:0000b670       ?SetCameraGain@COctopusCamera@@QAEXH@Z 0040c670 f   OctopusCameraDlg.obj
 0001:0000b6c0       ?SetNKinetics@COctopusCamera@@QAEXH@Z 0040c6c0 f   OctopusCameraDlg.obj
 0001:0000b6f0       ?SetMovieGain@COctopusCamera@@QAEXH@Z 0040c6f0 f   OctopusCameraDlg.obj
 0001:0000b740       ?Opencam@COctopusCamera@@IAEXXZ 0040c740 f   OctopusCameraDlg.obj
 0001:0000b8c0       ?StartPicture@COctopusCamera@@QAEXXZ 0040c8c0 f   OctopusCameraDlg.obj
 0001:0000ba70       ?TakePicture@COctopusCamera@@QAEXXZ 0040ca70 f   OctopusCameraDlg.obj
 0001:0000bb20       ?TakeKineticPicture@COctopusCamera@@QAEXXZ 0040cb20 f   OctopusCameraDlg.obj
 0001:0000bbb0       ?StartMovie@COctopusCamera@@QAEXXZ 0040cbb0 f   OctopusCameraDlg.obj
 0001:0000bc90       ?StopCameraThread@COctopusCamera@@QAEXXZ 0040cc90 f   OctopusCameraDlg.obj
 0001:0000bce0       ?SetROI_To_Default@COctopusCamera@@QAEXXZ 0040cce0 f   OctopusCameraDlg.obj
 0001:0000bd50       ?SetROI@COctopusCamera@@IAEXXZ 0040cd50 f   OctopusCameraDlg.obj
 0001:0000be50       ?BinChange@COctopusCamera@@IAEXXZ 0040ce50 f   OctopusCameraDlg.obj
 0001:0000beb0       ?OpenWindow@COctopusCamera@@IAEXXZ 0040ceb0 f   OctopusCameraDlg.obj
 0001:0000c060       ?OnKillfocusGeneral@COctopusCamera@@IAEXXZ 0040d060 f   OctopusCameraDlg.obj
 0001:0000c080       ?OnKillfocusTempTarget@COctopusCamera@@IAEXXZ 0040d080 f   OctopusCameraDlg.obj
 0001:0000c0a0       ?OnKillfocusManualGain@COctopusCamera@@IAEXXZ 0040d0a0 f   OctopusCameraDlg.obj
 0001:0000c0d0       ?OnKillfocusPicturesPerFile@COctopusCamera@@IAEXXZ 0040d0d0 f   OctopusCameraDlg.obj
 0001:0000c100       ?OnBinning1x1@COctopusCamera@@IAEXXZ 0040d100 f   OctopusCameraDlg.obj
 0001:0000c130       ?OnBinning2x2@COctopusCamera@@IAEXXZ 0040d130 f   OctopusCameraDlg.obj
 0001:0000c160       ?OnBinning4x4@COctopusCamera@@IAEXXZ 0040d160 f   OctopusCameraDlg.obj
 0001:0000c190       ?OnBinning8x8@COctopusCamera@@IAEXXZ 0040d190 f   OctopusCameraDlg.obj
 0001:0000c1c0       ?OnVSSPEED_0@COctopusCamera@@IAEXXZ 0040d1c0 f   OctopusCameraDlg.obj
 0001:0000c1e0       ?OnVSSPEED_1@COctopusCamera@@IAEXXZ 0040d1e0 f   OctopusCameraDlg.obj
 0001:0000c200       ?OnVSSPEED_2@COctopusCamera@@IAEXXZ 0040d200 f   OctopusCameraDlg.obj
 0001:0000c220       ?OnVSSPEED_3@COctopusCamera@@IAEXXZ 0040d220 f   OctopusCameraDlg.obj
 0001:0000c240       ?OnVSSPEED_4@COctopusCamera@@IAEXXZ 0040d240 f   OctopusCameraDlg.obj
 0001:0000c260       ?OnHSSPEED_0@COctopusCamera@@IAEXXZ 0040d260 f   OctopusCameraDlg.obj
 0001:0000c280       ?OnHSSPEED_1@COctopusCamera@@IAEXXZ 0040d280 f   OctopusCameraDlg.obj
 0001:0000c2a0       ?OnHSSPEED_2@COctopusCamera@@IAEXXZ 0040d2a0 f   OctopusCameraDlg.obj
 0001:0000c2c0       ?OnHSSPEED_3@COctopusCamera@@IAEXXZ 0040d2c0 f   OctopusCameraDlg.obj
 0001:0000c2e0       ?OnHSSPEED_4@COctopusCamera@@IAEXXZ 0040d2e0 f   OctopusCameraDlg.obj
 0001:0000c300       ?OnHSSPEED_5@COctopusCamera@@IAEXXZ 0040d300 f   OctopusCameraDlg.obj
 0001:0000c320       ?OnLMM_0@COctopusCamera@@IAEXXZ 0040d320 f   OctopusCameraDlg.obj
 0001:0000c350       ?OnLMM_1@COctopusCamera@@IAEXXZ 0040d350 f   OctopusCameraDlg.obj
 0001:0000c380       ?OnLMM_2@COctopusCamera@@IAEXXZ 0040d380 f   OctopusCameraDlg.obj
 0001:0000c3b0       ?OnLMM_3@COctopusCamera@@IAEXXZ 0040d3b0 f   OctopusCameraDlg.obj
 0001:0000c3e0       ?OnPIC_0@COctopusCamera@@IAEXXZ 0040d3e0 f   OctopusCameraDlg.obj
 0001:0000c410       ?OnPIC_1@COctopusCamera@@IAEXXZ 0040d410 f   OctopusCameraDlg.obj
 0001:0000c440       ?OnPIC_2@COctopusCamera@@IAEXXZ 0040d440 f   OctopusCameraDlg.obj
 0001:0000c470       ?OnGL_0@COctopusCamera@@IAEXXZ 0040d470 f   OctopusCameraDlg.obj
 0001:0000c4a0       ?OnGL_1@COctopusCamera@@IAEXXZ 0040d4a0 f   OctopusCameraDlg.obj
 0001:0000c4e0       ?OnGL_2@COctopusCamera@@IAEXXZ 0040d4e0 f   OctopusCameraDlg.obj
 0001:0000c520       ?OnVSSPEED_Report@COctopusCamera@@IAEXXZ 0040d520 f   OctopusCameraDlg.obj
 0001:0000c530       ?OnHSSPEED_Report@COctopusCamera@@IAEXXZ 0040d530 f   OctopusCameraDlg.obj
 0001:0000c540       ?OnDisplayGainManual@COctopusCamera@@IAEXXZ 0040d540 f   OctopusCameraDlg.obj
 0001:0000c570       ?OnDisplayGainAutomatic@COctopusCamera@@IAEXXZ 0040d570 f   OctopusCameraDlg.obj
 0001:0000c5a0       ?OnFileChange@COctopusCamera@@IAEXXZ 0040d5a0 f   OctopusCameraDlg.obj
 0001:0000c5d0       ?OnFocusChange@COctopusCamera@@IAEXXZ 0040d5d0 f   OctopusCameraDlg.obj
 0001:0000c5f0       ?StartSaving@COctopusCamera@@QAEXXZ 0040d5f0 f   OctopusCameraDlg.obj
 0001:0000c680       ?StopSaving@COctopusCamera@@QAEXXZ 0040d680 f   OctopusCameraDlg.obj
 0001:0000c700       ?FileClose@COctopusCamera@@QAEXXZ 0040d700 f   OctopusCameraDlg.obj
 0001:0000c750       ?OnSetPath@COctopusCamera@@IAEXXZ 0040d750 f   OctopusCameraDlg.obj
 0001:0000c920       ?OnTimer@COctopusCamera@@IAEXI@Z 0040d920 f   OctopusCameraDlg.obj
 0001:0000ce40       ?StartWaitThread@COctopusCamera@@IAEXXZ 0040de40 f   OctopusCameraDlg.obj
 0001:0000cea0       ?KillWaitThread@COctopusCamera@@IAEXXZ 0040dea0 f   OctopusCameraDlg.obj
 0001:0000cf40       ?FocusThread@@YGKPAX@Z     0040df40 f   OctopusCameraDlg.obj
 0001:0000cf80       ?OnBnClickedCasFt@COctopusCamera@@QAEXXZ 0040df80 f   OctopusCameraDlg.obj
 0001:0000cfc0       ?OnBnClickedCasTTL@COctopusCamera@@QAEXXZ 0040dfc0 f   OctopusCameraDlg.obj
 0001:0000d000       ?OnBnClickedCasAL@COctopusCamera@@QAEXXZ 0040e000 f   OctopusCameraDlg.obj
 0001:0000d040       ?OnCommand@COctopusCamera@@MAEHIJ@Z 0040e040 f   OctopusCameraDlg.obj
 0001:0000d090       ?EnableDlg@COctopusCamera@@IAEXXZ 0040e090 f   OctopusCameraDlg.obj
 0001:0000d240       ?DisableDlgMovie@COctopusCamera@@IAEXXZ 0040e240 f   OctopusCameraDlg.obj
 0001:0000d2a0       ?DisableDlg@COctopusCamera@@IAEXXZ 0040e2a0 f   OctopusCameraDlg.obj
 0001:0000d410       ?OnBnClickedGeneralFocus@COctopusCamera@@QAEXXZ 0040e410 f   OctopusCameraDlg.obj
 0001:0000d470       ?OnEnChangeFocusEdit@COctopusCamera@@QAEXXZ 0040e470 f   OctopusCameraDlg.obj
 0001:0000d490       ?OnEnChangeCasPicturesPerFile@COctopusCamera@@QAEXXZ 0040e490 f   OctopusCameraDlg.obj
 0001:0000d4a0       ?OnStnClickedCasTempCurrent@COctopusCamera@@QAEXXZ 0040e4a0 f   OctopusCameraDlg.obj
 0001:0000df00       ??_ECOctopusCamera@@UAEPAXI@Z 0040ef00 f i OctopusCameraDlg.obj
 0001:0000df00       ??_GCOctopusCamera@@UAEPAXI@Z 0040ef00 f i OctopusCameraDlg.obj
 0001:0000df40       ??HATL@@YA?AV?$CStringT@DV?$StrTraitMFC_DLL@DV?$ChTraitsCRT@D@ATL@@@@@0@ABV10@PBD@Z 0040ef40 f i OctopusCameraDlg.obj
 0001:0000e020       ??0COctopusGoodClock@@QAE@XZ 0040f020 f   OctopusClock.obj
 0001:0000e080       ??1COctopusGoodClock@@UAE@XZ 0040f080 f   OctopusClock.obj
 0001:0000e0a0       ?End@COctopusGoodClock@@QBENXZ 0040f0a0 f   OctopusClock.obj
 0001:0000e130       ??_GCOctopusGoodClock@@UAEPAXI@Z 0040f130 f i OctopusClock.obj
 0001:0000e130       ??_ECOctopusGoodClock@@UAEPAXI@Z 0040f130 f i OctopusClock.obj
 0001:0000e170       ?CreateObject@COctopusDoc@@SGPAVCObject@@XZ 0040f170 f   OctopusDoc.obj
 0001:0000e1f0       ?_GetBaseClass@COctopusDoc@@KGPAUCRuntimeClass@@XZ 0040f1f0 f   OctopusDoc.obj
 0001:0000e200       ?GetThisClass@COctopusDoc@@SGPAUCRuntimeClass@@XZ 0040f200 f   OctopusDoc.obj
 0001:0000e210       ?GetRuntimeClass@COctopusDoc@@UBEPAUCRuntimeClass@@XZ 0040f210 f   OctopusDoc.obj
 0001:0000e220       ??0COctopusDoc@@IAE@XZ     0040f220 f   OctopusDoc.obj
 0001:0000e240       ??1COctopusDoc@@UAE@XZ     0040f240 f   OctopusDoc.obj
 0001:0000e260       ?OnNewDocument@COctopusDoc@@UAEHXZ 0040f260 f   OctopusDoc.obj
 0001:0000e2b0       ?GetAdapter@CDocument@@UAEPAUIDocument@ATL@@XZ 0040f2b0 f i OctopusDoc.obj
 0001:0000e3e0       ??0CDocumentAdapter@CDocument@@QAE@PAV1@@Z 0040f3e0 f i OctopusDoc.obj
 0001:0000e420       ??0IDocument@ATL@@IAE@XZ   0040f420 f i OctopusDoc.obj
 0001:0000e450       ?AddRef@IDocument@ATL@@UAEJXZ 0040f450 f i OctopusDoc.obj
 0001:0000e470       ?Release@IDocument@ATL@@UAEJXZ 0040f470 f i OctopusDoc.obj
 0001:0000e500       ??_EIDocument@ATL@@UAEPAXI@Z 0040f500 f i OctopusDoc.obj
 0001:0000e500       ??_GIDocument@ATL@@UAEPAXI@Z 0040f500 f i OctopusDoc.obj
 0001:0000e540       ??1IDocument@ATL@@UAE@XZ   0040f540 f i OctopusDoc.obj
 0001:0000e560       ?LoadFromStream@CDocumentAdapter@CDocument@@UAEJPAUIStream@@K@Z 0040f560 f i OctopusDoc.obj
 0001:0000e640       ?InitializeSearchContent@CDocumentAdapter@CDocument@@UAEXXZ 0040f640 f i OctopusDoc.obj
 0001:0000e6d0       ?ClearChunkList@CDocumentAdapter@CDocument@@UAEXXZ 0040f6d0 f i OctopusDoc.obj
 0001:0000e760       ?SetChunkValue@CDocumentAdapter@CDocument@@UAEHPAUIFilterChunkValue@ATL@@@Z 0040f760 f i OctopusDoc.obj
 0001:0000e7f0       ?BeginReadChunks@CDocumentAdapter@CDocument@@UAEXXZ 0040f7f0 f i OctopusDoc.obj
 0001:0000e880       ?ReadNextChunkValue@CDocumentAdapter@CDocument@@UAEHPAPAUIFilterChunkValue@ATL@@@Z 0040f880 f i OctopusDoc.obj
 0001:0000e910       ?RemoveChunk@CDocumentAdapter@CDocument@@UAEXABU_GUID@@K@Z 0040f910 f i OctopusDoc.obj
 0001:0000e9a0       ?FindChunk@CDocumentAdapter@CDocument@@UAEPAU__POSITION@@ABU_GUID@@K@Z 0040f9a0 f i OctopusDoc.obj
 0001:0000ea40       ?GetContainer@CDocumentAdapter@CDocument@@UBEPAXXZ 0040fa40 f i OctopusDoc.obj
 0001:0000ea60       ?GetThumbnail@CDocumentAdapter@CDocument@@UAEHIPAPAUHBITMAP__@@PAW4WTS_ALPHATYPE@@@Z 0040fa60 f i OctopusDoc.obj
 0001:0000eb00       ?OnBeforeRichPreviewFontChanged@CDocument@@UAEXXZ 0040fb00 f i OctopusDoc.obj
 0001:0000eb10       ?OnRichPreviewFontChanged@CDocument@@UAEXXZ 0040fb10 f i OctopusDoc.obj
 0001:0000eb20       ?OnRichPreviewTextColorChanged@CDocument@@UAEXXZ 0040fb20 f i OctopusDoc.obj
 0001:0000eb30       ?OnRichPreviewBackColorChanged@CDocument@@UAEXXZ 0040fb30 f i OctopusDoc.obj
 0001:0000eb40       ?OnRichPreviewSiteChanged@CDocument@@UAEXXZ 0040fb40 f i OctopusDoc.obj
 0001:0000eb50       ?InitializeSearchContent@CDocument@@UAEXXZ 0040fb50 f i OctopusDoc.obj
 0001:0000eb90       ??_ECDocumentAdapter@CDocument@@UAEPAXI@Z 0040fb90 f i OctopusDoc.obj
 0001:0000eb90       ??_GCDocumentAdapter@CDocument@@UAEPAXI@Z 0040fb90 f i OctopusDoc.obj
 0001:0000ebd0       ??1CDocumentAdapter@CDocument@@UAE@XZ 0040fbd0 f i OctopusDoc.obj
 0001:0000ec90       ??_ECOctopusDoc@@UAEPAXI@Z 0040fc90 f i OctopusDoc.obj
 0001:0000ec90       ??_GCOctopusDoc@@UAEPAXI@Z 0040fc90 f i OctopusDoc.obj
 0001:0000ecd0       ??0COctopusFocus@@QAE@PAVCWnd@@@Z 0040fcd0 f   OctopusFocus.obj
 0001:0000eea0       ?OnInitDialog@COctopusFocus@@UAEHXZ 0040fea0 f   OctopusFocus.obj
 0001:0000eec0       ??1COctopusFocus@@UAE@XZ   0040fec0 f   OctopusFocus.obj
 0001:0000ef80       ?Close@COctopusFocus@@QAEXXZ 0040ff80 f   OctopusFocus.obj
 0001:0000efa0       ?OnFocus@COctopusFocus@@QAEXXZ 0040ffa0 f   OctopusFocus.obj
 0001:0000f0a0       ?AutoFocus@COctopusFocus@@QAEXN@Z 004100a0 f   OctopusFocus.obj
 0001:0000f2c0       ?ROIFocus@COctopusFocus@@QAEXN@Z 004102c0 f   OctopusFocus.obj
 0001:0000f500       ?EndFocus@COctopusFocus@@QAEXXZ 00410500 f   OctopusFocus.obj
 0001:0000f5f0       ?OnTimer@COctopusFocus@@QAEXI@Z 004105f0 f   OctopusFocus.obj
 0001:0000fc10       ?DoDataExchange@COctopusFocus@@MAEXPAVCDataExchange@@@Z 00410c10 f   OctopusFocus.obj
 0001:0000fc70       ?GetMessageMap@COctopusFocus@@MBEPBUAFX_MSGMAP@@XZ 00410c70 f   OctopusFocus.obj
 0001:0000fc80       ?GetThisMessageMap@COctopusFocus@@KGPBUAFX_MSGMAP@@XZ 00410c80 f   OctopusFocus.obj
 0001:0000fc90       ?OnKillfocusGeneral@COctopusFocus@@QAEXXZ 00410c90 f   OctopusFocus.obj
 0001:0000fcb0       ?OnCommand@COctopusFocus@@MAEHIJ@Z 00410cb0 f   OctopusFocus.obj
 0001:00010100       ??_ECOctopusFocus@@UAEPAXI@Z 00411100 f i OctopusFocus.obj
 0001:00010100       ??_GCOctopusFocus@@UAEPAXI@Z 00411100 f i OctopusFocus.obj
 0001:00010140       ?GetExposureTime_Single_ms@COctopusCamera@@QAEKXZ 00411140 f i OctopusFocus.obj
 0001:00010160       ??0OctopusLaser@@QAE@PAVCWnd@@@Z 00411160 f   OctopusLaser.obj
 0001:000102b0       ?DoDataExchange@OctopusLaser@@MAEXPAVCDataExchange@@@Z 004112b0 f   OctopusLaser.obj
 0001:00010340       ?GetMessageMap@OctopusLaser@@MBEPBUAFX_MSGMAP@@XZ 00411340 f   OctopusLaser.obj
 0001:00010350       ?GetThisMessageMap@OctopusLaser@@KGPBUAFX_MSGMAP@@XZ 00411350 f   OctopusLaser.obj
 0001:00010360       ?OnInitDialog@OctopusLaser@@MAEHXZ 00411360 f   OctopusLaser.obj
 0001:00010490       ??1OctopusLaser@@UAE@XZ    00411490 f   OctopusLaser.obj
 0001:00010550       ?OnCommand@OctopusLaser@@MAEHIJ@Z 00411550 f   OctopusLaser.obj
 0001:000105a0       ?LED_On@OctopusLaser@@QAEXM@Z 004115a0 f   OctopusLaser.obj
 0001:000105e0       ?LED_Off@OctopusLaser@@QAEXXZ 004115e0 f   OctopusLaser.obj
 0001:00010600       ?SetIntensity@OctopusLaser@@IAEXM@Z 00411600 f   OctopusLaser.obj
 0001:00010730       ?OnNMCustomdrawLasersSlider@OctopusLaser@@QAEXPAUtagNMHDR@@PAJ@Z 00411730 f   OctopusLaser.obj
 0001:00010860       ?OnEnKillfocusLaserInput@OctopusLaser@@QAEXXZ 00411860 f   OctopusLaser.obj
 0001:00010b10       ??_EOctopusLaser@@UAEPAXI@Z 00411b10 f i OctopusLaser.obj
 0001:00010b10       ??_GOctopusLaser@@UAEPAXI@Z 00411b10 f i OctopusLaser.obj
 0001:00010b50       ??0COctopusLasers@@QAE@PAVCWnd@@@Z 00411b50 f   OctopusLasers.obj
 0001:00010d30       ?DoDataExchange@COctopusLasers@@MAEXPAVCDataExchange@@@Z 00411d30 f   OctopusLasers.obj
 0001:00010e10       ?GetMessageMap@COctopusLasers@@MBEPBUAFX_MSGMAP@@XZ 00411e10 f   OctopusLasers.obj
 0001:00010e20       ?GetThisMessageMap@COctopusLasers@@KGPBUAFX_MSGMAP@@XZ 00411e20 f   OctopusLasers.obj
 0001:00010e30       ??1COctopusLasers@@UAE@XZ  00411e30 f   OctopusLasers.obj
 0001:00010f40       ?OnClicked405@COctopusLasers@@QAEXXZ 00411f40 f   OctopusLasers.obj
 0001:00010f70       ?OnClicked488@COctopusLasers@@QAEXXZ 00411f70 f   OctopusLasers.obj
 0001:00010fa0       ?OnClicked561@COctopusLasers@@QAEXXZ 00411fa0 f   OctopusLasers.obj
 0001:00010fd0       ?OnClicked639@COctopusLasers@@QAEXXZ 00411fd0 f   OctopusLasers.obj
 0001:00011000       ?Laser_639_On@COctopusLasers@@QAEXXZ 00412000 f   OctopusLasers.obj
 0001:00011050       ?Laser_639_Off@COctopusLasers@@QAEXXZ 00412050 f   OctopusLasers.obj
 0001:000110a0       ?Laser_405_On@COctopusLasers@@QAEXXZ 004120a0 f   OctopusLasers.obj
 0001:000110f0       ?Laser_405_Off@COctopusLasers@@QAEXXZ 004120f0 f   OctopusLasers.obj
 0001:00011140       ?Laser_488_On@COctopusLasers@@QAEXXZ 00412140 f   OctopusLasers.obj
 0001:00011190       ?Laser_488_Off@COctopusLasers@@QAEXXZ 00412190 f   OctopusLasers.obj
 0001:000111e0       ?Laser_561_On@COctopusLasers@@QAEXXZ 004121e0 f   OctopusLasers.obj
 0001:00011230       ?Laser_561_Off@COctopusLasers@@QAEXXZ 00412230 f   OctopusLasers.obj
 0001:00011280       ?Initialize@COctopusLasers@@QAEXXZ 00412280 f   OctopusLasers.obj
 0001:00011420       ?OnCommand@COctopusLasers@@MAEHIJ@Z 00412420 f   OctopusLasers.obj
 0001:000116b0       ??_GCOctopusLasers@@UAEPAXI@Z 004126b0 f i OctopusLasers.obj
 0001:000116b0       ??_ECOctopusLasers@@UAEPAXI@Z 004126b0 f i OctopusLasers.obj
 0001:000116f0       ?SC_Enable@CMgmotorctrl1@@QAEJJ@Z 004126f0 f i OctopusLasers.obj
 0001:00011740       ?SC_Disable@CMgmotorctrl1@@QAEJJ@Z 00412740 f i OctopusLasers.obj
 0001:00011790       ?StartCtrl@CMgmotorctrl1@@QAEJXZ 00412790 f i OctopusLasers.obj
 0001:000117d0       ?SC_SetOperatingMode@CMgmotorctrl1@@QAEJJJ@Z 004127d0 f i OctopusLasers.obj
 0001:00011820       ?SetHWSerialNum@CMgmotorctrl1@@QAEXJ@Z 00412820 f i OctopusLasers.obj
 0001:00011850       ??0COctopusLog@@QAE@XZ     00412850 f   OctopusLog.obj
 0001:00011890       ??1COctopusLog@@QAE@XZ     00412890 f   OctopusLog.obj
 0001:000118c0       ?Open_File@COctopusLog@@IAE_NXZ 004128c0 f   OctopusLog.obj
 0001:00011900       ?Write@COctopusLog@@QAEXV?$CStringT@DV?$StrTraitMFC_DLL@DV?$ChTraitsCRT@D@ATL@@@@@ATL@@@Z 00412900 f   OctopusLog.obj
 0001:00011ae0       ?Format@CTime@ATL@@QBE?AV?$CStringT@DV?$StrTraitMFC_DLL@DV?$ChTraitsCRT@D@ATL@@@@@2@PBD@Z 00412ae0 f i OctopusLog.obj
 0001:00011be0       ?AtlThrowImpl@ATL@@YGXJ@Z  00412be0 f i OctopusLog.obj
 0001:00011c50       ??RCTraceFileAndLineInfo@ATL@@QBAXKIPBDZZ 00412c50 f i OctopusLog.obj
 0001:00011ca0       ??0COctopusObjectivePiezo@@QAE@PAVCWnd@@@Z 00412ca0 f   OctopusObjectivePiezo.obj
 0001:00011e90       ?OnInitDialog@COctopusObjectivePiezo@@UAEHXZ 00412e90 f   OctopusObjectivePiezo.obj
 0001:00011eb0       ??1COctopusObjectivePiezo@@UAE@XZ 00412eb0 f   OctopusObjectivePiezo.obj
 0001:00011f80       ?Initialize@COctopusObjectivePiezo@@QAEHXZ 00412f80 f   OctopusObjectivePiezo.obj
 0001:00012100       ?Close@COctopusObjectivePiezo@@QAEXXZ 00413100 f   OctopusObjectivePiezo.obj
 0001:000121a0       ?MoveRelZ@COctopusObjectivePiezo@@QAEXN@Z 004131a0 f   OctopusObjectivePiezo.obj
 0001:000121b0       ?MoveUp@COctopusObjectivePiezo@@QAEXXZ 004131b0 f   OctopusObjectivePiezo.obj
 0001:000121e0       ?MoveDown@COctopusObjectivePiezo@@QAEXXZ 004131e0 f   OctopusObjectivePiezo.obj
 0001:00012210       ?OnStepSize1@COctopusObjectivePiezo@@QAEXXZ 00413210 f   OctopusObjectivePiezo.obj
 0001:00012250       ?OnStepSize2@COctopusObjectivePiezo@@QAEXXZ 00413250 f   OctopusObjectivePiezo.obj
 0001:00012290       ?OnStepSize3@COctopusObjectivePiezo@@QAEXXZ 00413290 f   OctopusObjectivePiezo.obj
 0001:000122d0       ?OnStepSize4@COctopusObjectivePiezo@@QAEXXZ 004132d0 f   OctopusObjectivePiezo.obj
 0001:00012300       ?OnStepSize5@COctopusObjectivePiezo@@QAEXXZ 00413300 f   OctopusObjectivePiezo.obj
 0001:00012340       ?GetPosition@COctopusObjectivePiezo@@IAENXZ 00413340 f   OctopusObjectivePiezo.obj
 0001:00012360       ?UpdatePosition@COctopusObjectivePiezo@@IAEXXZ 00413360 f   OctopusObjectivePiezo.obj
 0001:00012390       ?ShowPosition@COctopusObjectivePiezo@@IAEXXZ 00413390 f   OctopusObjectivePiezo.obj
 0001:00012440       ?Center@COctopusObjectivePiezo@@QAEXXZ 00413440 f   OctopusObjectivePiezo.obj
 0001:00012460       ?OnSave@COctopusObjectivePiezo@@QAEXXZ 00413460 f   OctopusObjectivePiezo.obj
 0001:000124d0       ?OnSaveGoTo@COctopusObjectivePiezo@@QAEXXZ 004134d0 f   OctopusObjectivePiezo.obj
 0001:000124f0       ?OnTimer@COctopusObjectivePiezo@@QAEXI@Z 004134f0 f   OctopusObjectivePiezo.obj
 0001:000125b0       ?DoDataExchange@COctopusObjectivePiezo@@MAEXPAVCDataExchange@@@Z 004135b0 f   OctopusObjectivePiezo.obj
 0001:00012600       ?GetMessageMap@COctopusObjectivePiezo@@MBEPBUAFX_MSGMAP@@XZ 00413600 f   OctopusObjectivePiezo.obj
 0001:00012610       ?GetThisMessageMap@COctopusObjectivePiezo@@KGPBUAFX_MSGMAP@@XZ 00413610 f   OctopusObjectivePiezo.obj
 0001:00012620       ?OnKillfocusGeneral@COctopusObjectivePiezo@@QAEXXZ 00413620 f   OctopusObjectivePiezo.obj
 0001:00012640       ?OnCommand@COctopusObjectivePiezo@@MAEHIJ@Z 00413640 f   OctopusObjectivePiezo.obj
 0001:00012900       ??_GCOctopusObjectivePiezo@@UAEPAXI@Z 00413900 f i OctopusObjectivePiezo.obj
 0001:00012900       ??_ECOctopusObjectivePiezo@@UAEPAXI@Z 00413900 f i OctopusObjectivePiezo.obj
 0001:00012940       ??0COctopusScope@@QAE@PAVCWnd@@@Z 00413940 f   OctopusScope.obj
 0001:00012aa0       ?OnInitDialog@COctopusScope@@MAEHXZ 00413aa0 f   OctopusScope.obj
 0001:00012ad0       ?OnTimer@COctopusScope@@QAEXI@Z 00413ad0 f   OctopusScope.obj
 0001:00012b40       ?Init@COctopusScope@@IAE_NXZ 00413b40 f   OctopusScope.obj
 0001:00013310       ?DoDataExchange@COctopusScope@@MAEXPAVCDataExchange@@@Z 00414310 f   OctopusScope.obj
 0001:000133d0       ?GetMessageMap@COctopusScope@@MBEPBUAFX_MSGMAP@@XZ 004143d0 f   OctopusScope.obj
 0001:000133e0       ?GetThisMessageMap@COctopusScope@@KGPBUAFX_MSGMAP@@XZ 004143e0 f   OctopusScope.obj
 0001:000133f0       ?Close@COctopusScope@@QAEXXZ 004143f0 f   OctopusScope.obj
 0001:000134a0       ??1COctopusScope@@UAE@XZ   004144a0 f   OctopusScope.obj
 0001:00013550       ?Z_StepDown@COctopusScope@@QAEXXZ 00414550 f   OctopusScope.obj
 0001:00013620       ?Z_StepUp@COctopusScope@@QAEXXZ 00414620 f   OctopusScope.obj
 0001:000136f0       ?ObjESC@COctopusScope@@QAEXXZ 004146f0 f   OctopusScope.obj
 0001:00013830       ?ObjRTN@COctopusScope@@QAEXXZ 00414830 f   OctopusScope.obj
 0001:00013930       ?OnObjectiveStepSize1@COctopusScope@@QAEXXZ 00414930 f   OctopusScope.obj
 0001:00013970       ?OnObjectiveStepSize2@COctopusScope@@QAEXXZ 00414970 f   OctopusScope.obj
 0001:000139b0       ?OnObjectiveStepSize3@COctopusScope@@QAEXXZ 004149b0 f   OctopusScope.obj
 0001:000139f0       ?OnObjectiveStepSize4@COctopusScope@@QAEXXZ 004149f0 f   OctopusScope.obj
 0001:00013a30       ?GetPosition@COctopusScope@@QAEXXZ 00414a30 f   OctopusScope.obj
 0001:00013c20       ?DisplayPosition@COctopusScope@@IAEXXZ 00414c20 f   OctopusScope.obj
 0001:00013cd0       ?OnObj_1@COctopusScope@@QAEXXZ 00414cd0 f   OctopusScope.obj
 0001:00013d00       ?OnObj_2@COctopusScope@@QAEXXZ 00414d00 f   OctopusScope.obj
 0001:00013d30       ?OnObj_3@COctopusScope@@QAEXXZ 00414d30 f   OctopusScope.obj
 0001:00013d60       ?OnObj_4@COctopusScope@@QAEXXZ 00414d60 f   OctopusScope.obj
 0001:00013d90       ?OnObj_5@COctopusScope@@QAEXXZ 00414d90 f   OctopusScope.obj
 0001:00013dc0       ?OnObj_6@COctopusScope@@QAEXXZ 00414dc0 f   OctopusScope.obj
 0001:00013df0       ?OnFW_1@COctopusScope@@QAEXXZ 00414df0 f   OctopusScope.obj
 0001:00013e20       ?OnFW_2@COctopusScope@@QAEXXZ 00414e20 f   OctopusScope.obj
 0001:00013e50       ?OnFW_3@COctopusScope@@QAEXXZ 00414e50 f   OctopusScope.obj
 0001:00013e80       ?OnFW_4@COctopusScope@@QAEXXZ 00414e80 f   OctopusScope.obj
 0001:00013eb0       ?OnFW_5@COctopusScope@@QAEXXZ 00414eb0 f   OctopusScope.obj
 0001:00013ee0       ?OnFW_6@COctopusScope@@QAEXXZ 00414ee0 f   OctopusScope.obj
 0001:00013f10       ?OnBFW_1@COctopusScope@@QAEXXZ 00414f10 f   OctopusScope.obj
 0001:00013f40       ?OnBFW_2@COctopusScope@@QAEXXZ 00414f40 f   OctopusScope.obj
 0001:00013f70       ?OnBFW_3@COctopusScope@@QAEXXZ 00414f70 f   OctopusScope.obj
 0001:00013fa0       ?OnBFW_4@COctopusScope@@QAEXXZ 00414fa0 f   OctopusScope.obj
 0001:00013fd0       ?OnBFW_5@COctopusScope@@QAEXXZ 00414fd0 f   OctopusScope.obj
 0001:00014000       ?OnBFW_6@COctopusScope@@QAEXXZ 00415000 f   OctopusScope.obj
 0001:00014030       ?Objective@COctopusScope@@QAEXH@Z 00415030 f   OctopusScope.obj
 0001:00014340       ?GetObj@COctopusScope@@IAEHXZ 00415340 f   OctopusScope.obj
 0001:000144f0       ?GetFW@COctopusScope@@IAEHXZ 004154f0 f   OctopusScope.obj
 0001:000146a0       ?GetBFW@COctopusScope@@IAEHXZ 004156a0 f   OctopusScope.obj
 0001:00014850       ?EpiFilterWheel@COctopusScope@@QAEXH@Z 00415850 f   OctopusScope.obj
 0001:00014920       ?BrightFieldFilterWheel@COctopusScope@@QAEXH@Z 00415920 f   OctopusScope.obj
 0001:000149f0       ?ChangePath@COctopusScope@@QAEXXZ 004159f0 f   OctopusScope.obj
 0001:00014a70       ?BrightField@COctopusScope@@QAEXH@Z 00415a70 f   OctopusScope.obj
 0001:00014b40       ?OnNMCustomdrawExecute@COctopusScope@@IAEXPAUtagNMHDR@@PAJ@Z 00415b40 f   OctopusScope.obj
 0001:00014ba0       ?DisplayBFIntensity@COctopusScope@@IAEXH@Z 00415ba0 f   OctopusScope.obj
 0001:00014c60       ?WriteScope@COctopusScope@@IAE_NV?$CStringT@DV?$StrTraitMFC_DLL@DV?$ChTraitsCRT@D@ATL@@@@@ATL@@@Z 00415c60 f   OctopusScope.obj
 0001:00014d80       ?ReadScope@COctopusScope@@IAE?AV?$CStringT@DV?$StrTraitMFC_DLL@DV?$ChTraitsCRT@D@ATL@@@@@ATL@@G@Z 00415d80 f   OctopusScope.obj
 0001:00014e50       ?OnCommand@COctopusScope@@MAEHIJ@Z 00415e50 f   OctopusScope.obj
 0001:000157f0       ??_GCOctopusScope@@UAEPAXI@Z 004167f0 f i OctopusScope.obj
 0001:000157f0       ??_ECOctopusScope@@UAEPAXI@Z 004167f0 f i OctopusScope.obj
 0001:00015830       ??0COctopusScript@@QAE@PAVCWnd@@@Z 00416830 f   OctopusScript.obj
 0001:000159c0       ?DoDataExchange@COctopusScript@@MAEXPAVCDataExchange@@@Z 004169c0 f   OctopusScript.obj
 0001:00015a40       ?GetMessageMap@COctopusScript@@MBEPBUAFX_MSGMAP@@XZ 00416a40 f   OctopusScript.obj
 0001:00015a50       ?GetThisMessageMap@COctopusScript@@KGPBUAFX_MSGMAP@@XZ 00416a50 f   OctopusScript.obj
 0001:00015a60       ??1COctopusScript@@UAE@XZ  00416a60 f   OctopusScript.obj
 0001:00015b20       ?OnButtonSeqLoad@COctopusScript@@IAEXXZ 00416b20 f   OctopusScript.obj
 0001:000160b0       ?OnButtonSeqRun@COctopusScript@@IAEXXZ 004170b0 f   OctopusScript.obj
 0001:000161c0       ?OnButtonSeqStop@COctopusScript@@IAEXXZ 004171c0 f   OctopusScript.obj
 0001:00016210       ?OnTimer@COctopusScript@@IAEXI@Z 00417210 f   OctopusScript.obj
 0001:00018370       ??_GCOctopusScript@@UAEPAXI@Z 00419370 f i OctopusScript.obj
 0001:00018370       ??_ECOctopusScript@@UAEPAXI@Z 00419370 f i OctopusScript.obj
 0001:000183b0       ??0COctopusShutterAndWheel@@QAE@PAVCWnd@@@Z 004193b0 f   OctopusShutter.obj
 0001:000184e0       ?DoDataExchange@COctopusShutterAndWheel@@MAEXPAVCDataExchange@@@Z 004194e0 f   OctopusShutter.obj
 0001:00018570       ?GetMessageMap@COctopusShutterAndWheel@@MBEPBUAFX_MSGMAP@@XZ 00419570 f   OctopusShutter.obj
 0001:00018580       ?GetThisMessageMap@COctopusShutterAndWheel@@KGPBUAFX_MSGMAP@@XZ 00419580 f   OctopusShutter.obj
 0001:00018590       ?OnInitDialog@COctopusShutterAndWheel@@MAEHXZ 00419590 f   OctopusShutter.obj
 0001:00018650       ??1COctopusShutterAndWheel@@UAE@XZ 00419650 f   OctopusShutter.obj
 0001:00018710       ?OnSnap@COctopusShutterAndWheel@@QAEXXZ 00419710 f   OctopusShutter.obj
 0001:000187c0       ?Loadem@COctopusShutterAndWheel@@IAEXXZ 004197c0 f   OctopusShutter.obj
 0001:00018bf0       ?ShutterOpen@COctopusShutterAndWheel@@QAEXXZ 00419bf0 f   OctopusShutter.obj
 0001:00018c70       ?ShutterPartial@COctopusShutterAndWheel@@QAEXE@Z 00419c70 f   OctopusShutter.obj
 0001:00018d30       ?ShutterClose@COctopusShutterAndWheel@@QAEXXZ 00419d30 f   OctopusShutter.obj
 0001:00018dc0       ?Filter@COctopusShutterAndWheel@@QAEXE@Z 00419dc0 f   OctopusShutter.obj
 0001:00018e50       ?ShutterReady@COctopusShutterAndWheel@@QAE_NXZ 00419e50 f   OctopusShutter.obj
 0001:00018e80       ?Read@COctopusShutterAndWheel@@IAEKPAXKPAK@Z 00419e80 f   OctopusShutter.obj
 0001:00018eb0       ?SetBaudRate@COctopusShutterAndWheel@@IAEKK@Z 00419eb0 f   OctopusShutter.obj
 0001:00018ee0       ?SetLatencyTimer@COctopusShutterAndWheel@@IAEKE@Z 00419ee0 f   OctopusShutter.obj
 0001:00018f10       ?SetUSBParameters@COctopusShutterAndWheel@@IAEKKK@Z 00419f10 f   OctopusShutter.obj
 0001:00018f40       ?Write@COctopusShutterAndWheel@@IAEKPAXKPAK@Z 00419f40 f   OctopusShutter.obj
 0001:00018f70       ?Open@COctopusShutterAndWheel@@IAEKPAX@Z 00419f70 f   OctopusShutter.obj
 0001:00018fa0       ?OpenEx@COctopusShutterAndWheel@@IAEKPAXK@Z 00419fa0 f   OctopusShutter.obj
 0001:00018fd0       ?ListDevices@COctopusShutterAndWheel@@IAEKPAX0K@Z 00419fd0 f   OctopusShutter.obj
 0001:00019000       ?Close@COctopusShutterAndWheel@@IAEKXZ 0041a000 f   OctopusShutter.obj
 0001:00019020       ?ResetDevice@COctopusShutterAndWheel@@IAEKXZ 0041a020 f   OctopusShutter.obj
 0001:00019040       ?Purge@COctopusShutterAndWheel@@IAEKK@Z 0041a040 f   OctopusShutter.obj
 0001:00019070       ?SetTimeouts@COctopusShutterAndWheel@@IAEKKK@Z 0041a070 f   OctopusShutter.obj
 0001:000190a0       ?GetQueueStatus@COctopusShutterAndWheel@@IAEKPAK@Z 0041a0a0 f   OctopusShutter.obj
 0001:000190d0       ?OnCommand@COctopusShutterAndWheel@@MAEHIJ@Z 0041a0d0 f   OctopusShutter.obj
 0001:00019120       ?OnNMCustomdrawExecute@COctopusShutterAndWheel@@QAEXPAUtagNMHDR@@PAJ@Z 0041a120 f   OctopusShutter.obj
 0001:00019180       ?UpdateShutterVal@COctopusShutterAndWheel@@IAEXXZ 0041a180 f   OctopusShutter.obj
 0001:00019240       ?OnBnClickedImageJ@COctopusShutterAndWheel@@QAEXXZ 0041a240 f   OctopusShutter.obj
 0001:00019280       ?OnKillFocusGeneral@COctopusShutterAndWheel@@IAEXXZ 0041a280 f   OctopusShutter.obj
 0001:00019330       ?OnBnClickedReturnfiltercontrol@COctopusShutterAndWheel@@QAEXXZ 0041a330 f   OctopusShutter.obj
 0001:00019780       ??_ECOctopusShutterAndWheel@@UAEPAXI@Z 0041a780 f i OctopusShutter.obj
 0001:00019780       ??_GCOctopusShutterAndWheel@@UAEPAXI@Z 0041a780 f i OctopusShutter.obj
 0001:000197c0       ??0COctopusStage545@@QAE@PAVCWnd@@@Z 0041a7c0 f   OctopusStage545.obj
 0001:000198f0       ?OnTimer@COctopusStage545@@QAEXI@Z 0041a8f0 f   OctopusStage545.obj
 0001:00019a40       ?DoDataExchange@COctopusStage545@@MAEXPAVCDataExchange@@@Z 0041aa40 f   OctopusStage545.obj
 0001:00019b30       ?GetMessageMap@COctopusStage545@@MBEPBUAFX_MSGMAP@@XZ 0041ab30 f   OctopusStage545.obj
 0001:00019b40       ?GetThisMessageMap@COctopusStage545@@KGPBUAFX_MSGMAP@@XZ 0041ab40 f   OctopusStage545.obj
 0001:00019b50       ?OnKillfocusGeneral@COctopusStage545@@QAEXXZ 0041ab50 f   OctopusStage545.obj
 0001:00019b70       ??1COctopusStage545@@UAE@XZ 0041ab70 f   OctopusStage545.obj
 0001:00019c20       ?MoveLeft@COctopusStage545@@QAEXXZ 0041ac20 f   OctopusStage545.obj
 0001:00019c50       ?MoveRight@COctopusStage545@@QAEXXZ 0041ac50 f   OctopusStage545.obj
 0001:00019c80       ?MoveBack@COctopusStage545@@QAEXXZ 0041ac80 f   OctopusStage545.obj
 0001:00019cb0       ?MoveFwd@COctopusStage545@@QAEXXZ 0041acb0 f   OctopusStage545.obj
 0001:00019ce0       ?MoveUp@COctopusStage545@@QAEXXZ 0041ace0 f   OctopusStage545.obj
 0001:00019d10       ?MoveDown@COctopusStage545@@QAEXXZ 0041ad10 f   OctopusStage545.obj
 0001:00019d40       ?MoveRelX@COctopusStage545@@QAEXN@Z 0041ad40 f   OctopusStage545.obj
 0001:00019d70       ?MoveRelY@COctopusStage545@@QAEXN@Z 0041ad70 f   OctopusStage545.obj
 0001:00019da0       ?MoveRelZ@COctopusStage545@@QAEXN@Z 0041ada0 f   OctopusStage545.obj
 0001:00019dd0       ?OnStepSize1@COctopusStage545@@QAEXXZ 0041add0 f   OctopusStage545.obj
 0001:00019e10       ?OnStepSize2@COctopusStage545@@QAEXXZ 0041ae10 f   OctopusStage545.obj
 0001:00019e50       ?OnStepSize3@COctopusStage545@@QAEXXZ 0041ae50 f   OctopusStage545.obj
 0001:00019e90       ?OnStepSize4@COctopusStage545@@QAEXXZ 0041ae90 f   OctopusStage545.obj
 0001:00019ed0       ?OnStepSize5@COctopusStage545@@QAEXXZ 0041aed0 f   OctopusStage545.obj
 0001:00019f00       ?InitializeStage@COctopusStage545@@QAEHXZ 0041af00 f   OctopusStage545.obj
 0001:0001a060       ?GetPosition@COctopusStage545@@QAEXXZ 0041b060 f   OctopusStage545.obj
 0001:0001a0c0       ?Close@COctopusStage545@@QAEXXZ 0041b0c0 f   OctopusStage545.obj
 0001:0001a120       ?StageCenter@COctopusStage545@@QAEXXZ 0041b120 f   OctopusStage545.obj
 0001:0001a1f0       ?OnSave@COctopusStage545@@QAEXXZ 0041b1f0 f   OctopusStage545.obj
 0001:0001a320       ?OnSaveGoTo@COctopusStage545@@QAEXXZ 0041b320 f   OctopusStage545.obj
 0001:0001a400       ?ShowPosition@COctopusStage545@@IAEXXZ 0041b400 f   OctopusStage545.obj
 0001:0001a4b0       ?OnCommand@COctopusStage545@@MAEHIJ@Z 0041b4b0 f   OctopusStage545.obj
 0001:0001a500       ?OnBnClickedButtonGotoxy@COctopusStage545@@QAEXXZ 0041b500 f   OctopusStage545.obj
 0001:0001abf0       ??_ECOctopusStage545@@UAEPAXI@Z 0041bbf0 f i OctopusStage545.obj
 0001:0001abf0       ??_GCOctopusStage545@@UAEPAXI@Z 0041bbf0 f i OctopusStage545.obj
 0001:0001ac30       ?CreateObject@COctopusView@@SGPAVCObject@@XZ 0041bc30 f   OctopusView.obj
 0001:0001acb0       ?_GetBaseClass@COctopusView@@KGPAUCRuntimeClass@@XZ 0041bcb0 f   OctopusView.obj
 0001:0001acc0       ?GetThisClass@COctopusView@@SGPAUCRuntimeClass@@XZ 0041bcc0 f   OctopusView.obj
 0001:0001acd0       ?GetRuntimeClass@COctopusView@@UBEPAUCRuntimeClass@@XZ 0041bcd0 f   OctopusView.obj
 0001:0001ace0       ?GetMessageMap@COctopusView@@MBEPBUAFX_MSGMAP@@XZ 0041bce0 f   OctopusView.obj
 0001:0001acf0       ?GetThisMessageMap@COctopusView@@KGPBUAFX_MSGMAP@@XZ 0041bcf0 f   OctopusView.obj
 0001:0001ad00       ?DoDataExchange@COctopusView@@MAEXPAVCDataExchange@@@Z 0041bd00 f   OctopusView.obj
 0001:0001ad20       ??0COctopusView@@IAE@XZ    0041bd20 f   OctopusView.obj
 0001:0001ad60       ?OnInitialUpdate@COctopusView@@MAEXXZ 0041bd60 f   OctopusView.obj
 0001:0001af20       ??1COctopusView@@UAE@XZ    0041bf20 f   OctopusView.obj
 0001:0001b410       ?OnOpenAndor@COctopusView@@IAEXXZ 0041c410 f   OctopusView.obj
 0001:0001b550       ?OnOpenScript@COctopusView@@IAEXXZ 0041c550 f   OctopusView.obj
 0001:0001b670       ?OnOpenWheel@COctopusView@@IAEXXZ 0041c670 f   OctopusView.obj
 0001:0001b850       ?OnOpenLED@COctopusView@@IAEXXZ 0041c850 f   OctopusView.obj
 0001:0001b970       ?OnOpenScope@COctopusView@@IAEXXZ 0041c970 f   OctopusView.obj
 0001:0001ba90       ?OnOpenStage545@COctopusView@@IAEXXZ 0041ca90 f   OctopusView.obj
 0001:0001bc60       ?OnOpenPiezo@COctopusView@@IAEXXZ 0041cc60 f   OctopusView.obj
 0001:0001be50       ?OnBnClickedStatusOpenFocus@COctopusView@@QAEXXZ 0041ce50 f   OctopusView.obj
 0001:0001c030       ?OnOpenXCite@COctopusView@@IAEXXZ 0041d030 f   OctopusView.obj
 0001:0001c650       ?get_accChild@CFormView@@UAEJUtagVARIANT@@PAPAUIDispatch@@@Z 0041d650 f i OctopusView.obj
 0001:0001c6a0       ?get_accChildCount@CFormView@@UAEJPAJ@Z 0041d6a0 f i OctopusView.obj
 0001:0001c6d0       ?get_accName@CFormView@@UAEJUtagVARIANT@@PAPA_W@Z 0041d6d0 f i OctopusView.obj
 0001:0001c720       ?accLocation@CFormView@@UAEJPAJ000UtagVARIANT@@@Z 0041d720 f i OctopusView.obj
 0001:0001c780       ?accHitTest@CFormView@@UAEJJJPAUtagVARIANT@@@Z 0041d780 f i OctopusView.obj
 0001:0001c7b0       ??_ECOctopusView@@UAEPAXI@Z 0041d7b0 f i OctopusView.obj
 0001:0001c7b0       ??_GCOctopusView@@UAEPAXI@Z 0041d7b0 f i OctopusView.obj
 0001:0001c7f0       ??0COctopusGlobals@@QAE@XZ 0041d7f0 f i OctopusView.obj
 0001:0001c820       ??1COctopusGlobals@@QAE@XZ 0041d820 f i OctopusView.obj
 0001:0001c848       _olDaInitialize@8          0041d848 f   oldaapi32:oldaapi32.dll
 0001:0001c84e       _olDaTerminate@4           0041d84e f   oldaapi32:oldaapi32.dll
 0001:0001c854       _olDaReleaseDASS@4         0041d854 f   oldaapi32:oldaapi32.dll
 0001:0001c85a       _olDaPutSingleValue@20     0041d85a f   oldaapi32:oldaapi32.dll
 0001:0001c860       _olDaConfig@4              0041d860 f   oldaapi32:oldaapi32.dll
 0001:0001c866       _olDaSetDataFlow@8         0041d866 f   oldaapi32:oldaapi32.dll
 0001:0001c86c       _olDaGetDASS@16            0041d86c f   oldaapi32:oldaapi32.dll
 0001:0001c880       _slevmar_der               0041d880 f   levmar:lm.obj
 0001:0001da40       _slevmar_dif               0041ea40 f   levmar:lm.obj
 0001:0001ef60       _dlevmar_der               0041ff60 f   levmar:lm.obj
 0001:00020060       _dlevmar_dif               00421060 f   levmar:lm.obj
 0001:000214e0       _slevmar_trans_mat_mat_mult 004224e0 f   levmar:misc.obj
 0001:00021530       _slevmar_fdif_forw_jac_approx 00422530 f   levmar:misc.obj
 0001:00021730       _slevmar_fdif_cent_jac_approx 00422730 f   levmar:misc.obj
 0001:00021950       _slevmar_chkjac            00422950 f   levmar:misc.obj
 0001:000220b0       _slevmar_covar             004230b0 f   levmar:misc.obj
 0001:00022150       _slevmar_stddev            00423150 f   levmar:misc.obj
 0001:00022170       _slevmar_corcoef           00423170 f   levmar:misc.obj
 0001:000221c0       _slevmar_R2                004231c0 f   levmar:misc.obj
 0001:00022310       _slevmar_box_check         00423310 f   levmar:misc.obj
 0001:00022360       _slevmar_chol              00423360 f   levmar:misc.obj
 0001:00022470       _slevmar_L2nrmxmy          00423470 f   levmar:misc.obj
 0001:00022910       _dlevmar_trans_mat_mat_mult 00423910 f   levmar:misc.obj
 0001:00022960       _dlevmar_fdif_forw_jac_approx 00423960 f   levmar:misc.obj
 0001:00022b40       _dlevmar_fdif_cent_jac_approx 00423b40 f   levmar:misc.obj
 0001:00022d50       _dlevmar_chkjac            00423d50 f   levmar:misc.obj
 0001:000233f0       _dlevmar_covar             004243f0 f   levmar:misc.obj
 0001:00023490       _dlevmar_stddev            00424490 f   levmar:misc.obj
 0001:000234b0       _dlevmar_corcoef           004244b0 f   levmar:misc.obj
 0001:000234f0       _dlevmar_R2                004244f0 f   levmar:misc.obj
 0001:00023600       _dlevmar_box_check         00424600 f   levmar:misc.obj
 0001:00023650       _dlevmar_chol              00424650 f   levmar:misc.obj
 0001:00023770       _dlevmar_L2nrmxmy          00424770 f   levmar:misc.obj
 0001:00023aa0       _dAx_eq_b_QR               00424aa0 f   levmar:Axb.obj
 0001:00023d70       _dAx_eq_b_QRLS             00424d70 f   levmar:Axb.obj
 0001:00024170       _dAx_eq_b_Chol             00425170 f   levmar:Axb.obj
 0001:000242f0       _dAx_eq_b_LU               004252f0 f   levmar:Axb.obj
 0001:000244b0       _dAx_eq_b_SVD              004254b0 f   levmar:Axb.obj
 0001:000247b0       _dAx_eq_b_BK               004257b0 f   levmar:Axb.obj
 0001:000249c0       _sAx_eq_b_QR               004259c0 f   levmar:Axb.obj
 0001:00024c90       _sAx_eq_b_QRLS             00425c90 f   levmar:Axb.obj
 0001:00025090       _sAx_eq_b_Chol             00426090 f   levmar:Axb.obj
 0001:00025210       _sAx_eq_b_LU               00426210 f   levmar:Axb.obj
 0001:000253e0       _sAx_eq_b_SVD              004263e0 f   levmar:Axb.obj
 0001:000256f0       _sAx_eq_b_BK               004266f0 f   levmar:Axb.obj
 0001:000258f6       ??3@YAXPAX@Z               004268f6 f   mfc100d:mfc100d.dll
 0001:000258fc       ??3CObject@@SGXPAX@Z       004268fc f   mfc100d:mfc100d.dll
 0001:00025902       ??2CObject@@SGPAXI@Z       00426902 f   mfc100d:mfc100d.dll
 0001:00025908       ??0CWnd@@QAE@XZ            00426908 f   mfc100d:mfc100d.dll
 0001:0002590e       ?Serialize@CObject@@UAEXAAVCArchive@@@Z 0042690e f   mfc100d:mfc100d.dll
 0001:00025914       ?AssertValid@CWnd@@UBEXXZ  00426914 f   mfc100d:mfc100d.dll
 0001:0002591a       ?Dump@CWnd@@UBEXAAVCDumpContext@@@Z 0042691a f   mfc100d:mfc100d.dll
 0001:00025920       ?OnCmdMsg@CCmdTarget@@UAEHIHPAXPAUAFX_CMDHANDLERINFO@@@Z 00426920 f   mfc100d:mfc100d.dll
 0001:00025926       ?OnFinalRelease@CWnd@@UAEXXZ 00426926 f   mfc100d:mfc100d.dll
 0001:0002592c       ?IsInvokeAllowed@CCmdTarget@@UAEHJ@Z 0042692c f   mfc100d:mfc100d.dll
 0001:00025932       ?GetDispatchIID@CCmdTarget@@UAEHPAU_GUID@@@Z 00426932 f   mfc100d:mfc100d.dll
 0001:00025938       ?GetTypeInfoCount@CCmdTarget@@UAEIXZ 00426938 f   mfc100d:mfc100d.dll
 0001:0002593e       ?GetTypeLibCache@CCmdTarget@@UAEPAVCTypeLibCache@@XZ 0042693e f   mfc100d:mfc100d.dll
 0001:00025944       ?GetTypeLib@CCmdTarget@@UAEJKPAPAUITypeLib@@@Z 00426944 f   mfc100d:mfc100d.dll
 0001:0002594a       ?GetMessageMap@CWnd@@MBEPBUAFX_MSGMAP@@XZ 0042694a f   mfc100d:mfc100d.dll
 0001:00025950       ?GetCommandMap@CCmdTarget@@MBEPBUAFX_OLECMDMAP@@XZ 00426950 f   mfc100d:mfc100d.dll
 0001:00025956       ?GetDispatchMap@CCmdTarget@@MBEPBUAFX_DISPMAP@@XZ 00426956 f   mfc100d:mfc100d.dll
 0001:0002595c       ?GetConnectionMap@CCmdTarget@@MBEPBUAFX_CONNECTIONMAP@@XZ 0042695c f   mfc100d:mfc100d.dll
 0001:00025962       ?GetInterfaceMap@CWnd@@MBEPBUAFX_INTERFACEMAP@@XZ 00426962 f   mfc100d:mfc100d.dll
 0001:00025968       ?GetEventSinkMap@CCmdTarget@@MBEPBUAFX_EVENTSINKMAP@@XZ 00426968 f   mfc100d:mfc100d.dll
 0001:0002596e       ?OnCreateAggregates@CCmdTarget@@UAEHXZ 0042696e f   mfc100d:mfc100d.dll
 0001:00025974       ?GetInterfaceHook@CCmdTarget@@UAEPAUIUnknown@@PBX@Z 00426974 f   mfc100d:mfc100d.dll
 0001:0002597a       ?GetExtraConnectionPoints@CCmdTarget@@MAEHPAVCPtrArray@@@Z 0042697a f   mfc100d:mfc100d.dll
 0001:00025980       ?GetConnectionHook@CCmdTarget@@MAEPAUIConnectionPoint@@ABU_GUID@@@Z 00426980 f   mfc100d:mfc100d.dll
 0001:00025986       ?PreSubclassWindow@CWnd@@UAEXXZ 00426986 f   mfc100d:mfc100d.dll
 0001:0002598c       ?CreateEx@CWnd@@UAEHKPBD0KABUtagRECT@@PAV1@IPAX@Z 0042698c f   mfc100d:mfc100d.dll
 0001:00025992       ?CreateEx@CWnd@@UAEHKPBD0KHHHHPAUHWND__@@PAUHMENU__@@PAX@Z 00426992 f   mfc100d:mfc100d.dll
 0001:00025998       ?DestroyWindow@CWnd@@UAEHXZ 00426998 f   mfc100d:mfc100d.dll
 0001:0002599e       ?PreCreateWindow@CWnd@@UAEHAAUtagCREATESTRUCTA@@@Z 0042699e f   mfc100d:mfc100d.dll
 0001:000259a4       ?CalcWindowRect@CWnd@@UAEXPAUtagRECT@@I@Z 004269a4 f   mfc100d:mfc100d.dll
 0001:000259aa       ?GetMenu@CWnd@@UBEPAVCMenu@@XZ 004269aa f   mfc100d:mfc100d.dll
 0001:000259b0       ?SetMenu@CWnd@@UAEHPAVCMenu@@@Z 004269b0 f   mfc100d:mfc100d.dll
 0001:000259b6       ?OnToolHitTest@CWnd@@UBEHVCPoint@@PAUtagTOOLINFOA@@@Z 004269b6 f   mfc100d:mfc100d.dll
 0001:000259bc       ?GetScrollBarCtrl@CWnd@@UBEPAVCScrollBar@@H@Z 004269bc f   mfc100d:mfc100d.dll
 0001:000259c2       ?WinHelpA@CWnd@@UAEXKI@Z   004269c2 f   mfc100d:mfc100d.dll
 0001:000259c8       ?HtmlHelpA@CWnd@@UAEXKI@Z  004269c8 f   mfc100d:mfc100d.dll
 0001:000259ce       ?WinHelpInternal@CWnd@@UAEXKI@Z 004269ce f   mfc100d:mfc100d.dll
 0001:000259d4       ?ContinueModal@CWnd@@UAEHXZ 004269d4 f   mfc100d:mfc100d.dll
 0001:000259da       ?EndModalLoop@CWnd@@UAEXH@Z 004269da f   mfc100d:mfc100d.dll
 0001:000259e0       ?OnDrawIconicThumbnailOrLivePreview@CWnd@@UAEXAAVCDC@@VCRect@@VCSize@@HAAH@Z 004269e0 f   mfc100d:mfc100d.dll
 0001:000259e6       ?EnsureStdObj@CWnd@@UAEJXZ 004269e6 f   mfc100d:mfc100d.dll
 0001:000259ec       ?get_accParent@CWnd@@UAEJPAPAUIDispatch@@@Z 004269ec f   mfc100d:mfc100d.dll
 0001:000259f2       ?get_accChildCount@CWnd@@UAEJPAJ@Z 004269f2 f   mfc100d:mfc100d.dll
 0001:000259f8       ?get_accChild@CWnd@@UAEJUtagVARIANT@@PAPAUIDispatch@@@Z 004269f8 f   mfc100d:mfc100d.dll
 0001:000259fe       ?get_accName@CWnd@@UAEJUtagVARIANT@@PAPA_W@Z 004269fe f   mfc100d:mfc100d.dll
 0001:00025a04       ?get_accValue@CWnd@@UAEJUtagVARIANT@@PAPA_W@Z 00426a04 f   mfc100d:mfc100d.dll
 0001:00025a0a       ?get_accDescription@CWnd@@UAEJUtagVARIANT@@PAPA_W@Z 00426a0a f   mfc100d:mfc100d.dll
 0001:00025a10       ?get_accRole@CWnd@@UAEJUtagVARIANT@@PAU2@@Z 00426a10 f   mfc100d:mfc100d.dll
 0001:00025a16       ?get_accState@CWnd@@UAEJUtagVARIANT@@PAU2@@Z 00426a16 f   mfc100d:mfc100d.dll
 0001:00025a1c       ?get_accHelp@CWnd@@UAEJUtagVARIANT@@PAPA_W@Z 00426a1c f   mfc100d:mfc100d.dll
 0001:00025a22       ?get_accHelpTopic@CWnd@@UAEJPAPA_WUtagVARIANT@@PAJ@Z 00426a22 f   mfc100d:mfc100d.dll
 0001:00025a28       ?get_accKeyboardShortcut@CWnd@@UAEJUtagVARIANT@@PAPA_W@Z 00426a28 f   mfc100d:mfc100d.dll
 0001:00025a2e       ?get_accFocus@CWnd@@UAEJPAUtagVARIANT@@@Z 00426a2e f   mfc100d:mfc100d.dll
 0001:00025a34       ?get_accSelection@CWnd@@UAEJPAUtagVARIANT@@@Z 00426a34 f   mfc100d:mfc100d.dll
 0001:00025a3a       ?get_accDefaultAction@CWnd@@UAEJUtagVARIANT@@PAPA_W@Z 00426a3a f   mfc100d:mfc100d.dll
 0001:00025a40       ?accSelect@CWnd@@UAEJJUtagVARIANT@@@Z 00426a40 f   mfc100d:mfc100d.dll
 0001:00025a46       ?accLocation@CWnd@@UAEJPAJ000UtagVARIANT@@@Z 00426a46 f   mfc100d:mfc100d.dll
 0001:00025a4c       ?accNavigate@CWnd@@UAEJJUtagVARIANT@@PAU2@@Z 00426a4c f   mfc100d:mfc100d.dll
 0001:00025a52       ?accHitTest@CWnd@@UAEJJJPAUtagVARIANT@@@Z 00426a52 f   mfc100d:mfc100d.dll
 0001:00025a58       ?accDoDefaultAction@CWnd@@UAEJUtagVARIANT@@@Z 00426a58 f   mfc100d:mfc100d.dll
 0001:00025a5e       ?put_accName@CWnd@@UAEJUtagVARIANT@@PA_W@Z 00426a5e f   mfc100d:mfc100d.dll
 0001:00025a64       ?put_accValue@CWnd@@UAEJUtagVARIANT@@PA_W@Z 00426a64 f   mfc100d:mfc100d.dll
 0001:00025a6a       ?SetProxy@CWnd@@UAEJPAUIAccessibleProxy@@@Z 00426a6a f   mfc100d:mfc100d.dll
 0001:00025a70       ?CreateAccessibleProxy@CWnd@@UAEJIJPAJ@Z 00426a70 f   mfc100d:mfc100d.dll
 0001:00025a76       ?OnCommand@CWnd@@MAEHIJ@Z  00426a76 f   mfc100d:mfc100d.dll
 0001:00025a7c       ?OnNotify@CWnd@@MAEHIJPAJ@Z 00426a7c f   mfc100d:mfc100d.dll
 0001:00025a82       ?GetSuperWndProcAddr@CWnd@@MAEPAP6GJPAUHWND__@@IIJ@ZXZ 00426a82 f   mfc100d:mfc100d.dll
 0001:00025a88       ?DoDataExchange@CWnd@@MAEXPAVCDataExchange@@@Z 00426a88 f   mfc100d:mfc100d.dll
 0001:00025a8e       ?BeginModalState@CWnd@@UAEXXZ 00426a8e f   mfc100d:mfc100d.dll
 0001:00025a94       ?EndModalState@CWnd@@UAEXXZ 00426a94 f   mfc100d:mfc100d.dll
 0001:00025a9a       ?PreTranslateMessage@CWnd@@UAEHPAUtagMSG@@@Z 00426a9a f   mfc100d:mfc100d.dll
 0001:00025aa0       ?OnAmbientProperty@CWnd@@UAEHPAVCOleControlSite@@JPAUtagVARIANT@@@Z 00426aa0 f   mfc100d:mfc100d.dll
 0001:00025aa6       ?WindowProc@CWnd@@MAEJIIJ@Z 00426aa6 f   mfc100d:mfc100d.dll
 0001:00025aac       ?OnWndMsg@CWnd@@MAEHIIJPAJ@Z 00426aac f   mfc100d:mfc100d.dll
 0001:00025ab2       ?DefWindowProcA@CWnd@@MAEJIIJ@Z 00426ab2 f   mfc100d:mfc100d.dll
 0001:00025ab8       ?PostNcDestroy@CWnd@@MAEXXZ 00426ab8 f   mfc100d:mfc100d.dll
 0001:00025abe       ?OnChildNotify@CWnd@@MAEHIIJPAJ@Z 00426abe f   mfc100d:mfc100d.dll
 0001:00025ac4       ?OnTouchInputs@CWnd@@MAEHIPAUtagTOUCHINPUT@@@Z 00426ac4 f   mfc100d:mfc100d.dll
 0001:00025aca       ?OnTouchInput@CWnd@@MAEHVCPoint@@HHPAUtagTOUCHINPUT@@@Z 00426aca f   mfc100d:mfc100d.dll
 0001:00025ad0       ?GetGestureStatus@CWnd@@MAEKVCPoint@@@Z 00426ad0 f   mfc100d:mfc100d.dll
 0001:00025ad6       ?OnGestureZoom@CWnd@@MAEHVCPoint@@J@Z 00426ad6 f   mfc100d:mfc100d.dll
 0001:00025adc       ?OnGesturePan@CWnd@@MAEHVCPoint@@0@Z 00426adc f   mfc100d:mfc100d.dll
 0001:00025ae2       ?OnGestureRotate@CWnd@@MAEHVCPoint@@N@Z 00426ae2 f   mfc100d:mfc100d.dll
 0001:00025ae8       ?OnGestureTwoFingerTap@CWnd@@MAEHVCPoint@@@Z 00426ae8 f   mfc100d:mfc100d.dll
 0001:00025aee       ?OnGesturePressAndTap@CWnd@@MAEHVCPoint@@J@Z 00426aee f   mfc100d:mfc100d.dll
 0001:00025af4       ?CheckAutoCenter@CWnd@@UAEHXZ 00426af4 f   mfc100d:mfc100d.dll
 0001:00025afa       ?IsFrameWnd@CWnd@@UBEHXZ   00426afa f   mfc100d:mfc100d.dll
 0001:00025b00       ?CreateControlContainer@CWnd@@MAEHPAPAVCOleControlContainer@@@Z 00426b00 f   mfc100d:mfc100d.dll
 0001:00025b06       ?CreateControlSite@CWnd@@MAEHPAVCOleControlContainer@@PAPAVCOleControlSite@@IABU_GUID@@@Z 00426b06 f   mfc100d:mfc100d.dll
 0001:00025b0c       ?SetOccDialogInfo@CWnd@@MAEHPAU_AFX_OCC_DIALOG_INFO@@@Z 00426b0c f   mfc100d:mfc100d.dll
 0001:00025b12       ?GetOccDialogInfo@CWnd@@MAEPAU_AFX_OCC_DIALOG_INFO@@XZ 00426b12 f   mfc100d:mfc100d.dll
 0001:00025b18       ?CreateControl@CWnd@@QAEHABU_GUID@@PBDKABUtagRECT@@PAV1@IPAVCFile@@HPA_W@Z 00426b18 f   mfc100d:mfc100d.dll
 0001:00025b1e       ??1CWnd@@UAE@XZ            00426b1e f   mfc100d:mfc100d.dll
 0001:00025b24       ?GetThisClass@CWnd@@SGPAUCRuntimeClass@@XZ 00426b24 f   mfc100d:mfc100d.dll
 0001:00025b2a       ??0?$CStringT@DV?$StrTraitMFC_DLL@DV?$ChTraitsCRT@D@ATL@@@@@ATL@@QAE@XZ 00426b2a f   mfc100d:mfc100d.dll
 0001:00025b30       ??1?$CStringT@DV?$StrTraitMFC_DLL@DV?$ChTraitsCRT@D@ATL@@@@@ATL@@QAE@XZ 00426b30 f   mfc100d:mfc100d.dll
 0001:00025b36       ??B?$CSimpleStringT@D$00@ATL@@QBEPBDXZ 00426b36 f   mfc100d:mfc100d.dll
 0001:00025b3c       ?GetThisClass@CDialog@@SGPAUCRuntimeClass@@XZ 00426b3c f   mfc100d:mfc100d.dll
 0001:00025b42       ??0CDialog@@QAE@IPAVCWnd@@@Z 00426b42 f   mfc100d:mfc100d.dll
 0001:00025b48       ?AssertValid@CDialog@@UBEXXZ 00426b48 f   mfc100d:mfc100d.dll
 0001:00025b4e       ?Dump@CDialog@@UBEXAAVCDumpContext@@@Z 00426b4e f   mfc100d:mfc100d.dll
 0001:00025b54       ?OnCmdMsg@CDialog@@UAEHIHPAXPAUAFX_CMDHANDLERINFO@@@Z 00426b54 f   mfc100d:mfc100d.dll
 0001:00025b5a       ?Create@CWnd@@UAEHPBD0KABUtagRECT@@PAV1@IPAUCCreateContext@@@Z 00426b5a f   mfc100d:mfc100d.dll
 0001:00025b60       ?PreTranslateMessage@CDialog@@UAEHPAUtagMSG@@@Z 00426b60 f   mfc100d:mfc100d.dll
 0001:00025b66       ?CheckAutoCenter@CDialog@@UAEHXZ 00426b66 f   mfc100d:mfc100d.dll
 0001:00025b6c       ?SetOccDialogInfo@CDialog@@MAEHPAU_AFX_OCC_DIALOG_INFO@@@Z 00426b6c f   mfc100d:mfc100d.dll
 0001:00025b72       ?GetOccDialogInfo@CDialog@@MAEPAU_AFX_OCC_DIALOG_INFO@@XZ 00426b72 f   mfc100d:mfc100d.dll
 0001:00025b78       ?Create@CDialog@@UAEHIPAVCWnd@@@Z 00426b78 f   mfc100d:mfc100d.dll
 0001:00025b7e       ?Create@CDialog@@UAEHPBDPAVCWnd@@@Z 00426b7e f   mfc100d:mfc100d.dll
 0001:00025b84       ?CreateIndirect@CDialog@@UAEHPAXPAVCWnd@@@Z 00426b84 f   mfc100d:mfc100d.dll
 0001:00025b8a       ?CreateIndirect@CDialog@@UAEHPBUDLGTEMPLATE@@PAVCWnd@@PAX@Z 00426b8a f   mfc100d:mfc100d.dll
 0001:00025b90       ?DoModal@CDialog@@UAEHXZ   00426b90 f   mfc100d:mfc100d.dll
 0001:00025b96       ?OnInitDialog@CDialog@@UAEHXZ 00426b96 f   mfc100d:mfc100d.dll
 0001:00025b9c       ?OnSetFont@CDialog@@UAEXPAVCFont@@@Z 00426b9c f   mfc100d:mfc100d.dll
 0001:00025ba2       ?OnOK@CDialog@@MAEXXZ      00426ba2 f   mfc100d:mfc100d.dll
 0001:00025ba8       ?OnCancel@CDialog@@MAEXXZ  00426ba8 f   mfc100d:mfc100d.dll
 0001:00025bae       ?PreInitDialog@CDialog@@MAEXXZ 00426bae f   mfc100d:mfc100d.dll
 0001:00025bb4       ??1CDialog@@UAE@XZ         00426bb4 f   mfc100d:mfc100d.dll
 0001:00025bba       ?GetThisMessageMap@CDialog@@KGPBUAFX_MSGMAP@@XZ 00426bba f   mfc100d:mfc100d.dll
 0001:00025bc0       ?GetThisClass@CFrameWnd@@SGPAUCRuntimeClass@@XZ 00426bc0 f   mfc100d:mfc100d.dll
 0001:00025bc6       ??0CFrameWnd@@QAE@XZ       00426bc6 f   mfc100d:mfc100d.dll
 0001:00025bcc       ?AssertValid@CFrameWnd@@UBEXXZ 00426bcc f   mfc100d:mfc100d.dll
 0001:00025bd2       ?Dump@CFrameWnd@@UBEXAAVCDumpContext@@@Z 00426bd2 f   mfc100d:mfc100d.dll
 0001:00025bd8       ?OnCmdMsg@CFrameWnd@@UAEHIHPAXPAUAFX_CMDHANDLERINFO@@@Z 00426bd8 f   mfc100d:mfc100d.dll
 0001:00025bde       ?GetMessageMap@CFrameWnd@@MBEPBUAFX_MSGMAP@@XZ 00426bde f   mfc100d:mfc100d.dll
 0001:00025be4       ?GetMenu@CFrameWnd@@UBEPAVCMenu@@XZ 00426be4 f   mfc100d:mfc100d.dll
 0001:00025bea       ?SetMenu@CFrameWnd@@UAEHPAVCMenu@@@Z 00426bea f   mfc100d:mfc100d.dll
 0001:00025bf0       ?OnCommand@CFrameWnd@@MAEHIJ@Z 00426bf0 f   mfc100d:mfc100d.dll
 0001:00025bf6       ?BeginModalState@CFrameWnd@@UAEXXZ 00426bf6 f   mfc100d:mfc100d.dll
 0001:00025bfc       ?EndModalState@CFrameWnd@@UAEXXZ 00426bfc f   mfc100d:mfc100d.dll
 0001:00025c02       ?PreTranslateMessage@CFrameWnd@@UAEHPAUtagMSG@@@Z 00426c02 f   mfc100d:mfc100d.dll
 0001:00025c08       ?PostNcDestroy@CFrameWnd@@MAEXXZ 00426c08 f   mfc100d:mfc100d.dll
 0001:00025c0e       ?IsFrameWnd@CFrameWnd@@UBEHXZ 00426c0e f   mfc100d:mfc100d.dll
 0001:00025c14       ?Create@CFrameWnd@@UAEHPBD0KABUtagRECT@@PAVCWnd@@0KPAUCCreateContext@@@Z 00426c14 f   mfc100d:mfc100d.dll
 0001:00025c1a       ?LoadFrame@CFrameWnd@@UAEHIKPAVCWnd@@PAUCCreateContext@@@Z 00426c1a f   mfc100d:mfc100d.dll
 0001:00025c20       ?GetActiveDocument@CFrameWnd@@UAEPAVCDocument@@XZ 00426c20 f   mfc100d:mfc100d.dll
 0001:00025c26       ?GetActiveFrame@CFrameWnd@@UAEPAV1@XZ 00426c26 f   mfc100d:mfc100d.dll
 0001:00025c2c       ?GetMessageString@CFrameWnd@@UBEXIAAV?$CStringT@DV?$StrTraitMFC_DLL@DV?$ChTraitsCRT@D@ATL@@@@@ATL@@@Z 00426c2c f   mfc100d:mfc100d.dll
 0001:00025c32       ?RecalcLayout@CFrameWnd@@UAEXH@Z 00426c32 f   mfc100d:mfc100d.dll
 0001:00025c38       ?ActivateFrame@CFrameWnd@@UAEXH@Z 00426c38 f   mfc100d:mfc100d.dll
 0001:00025c3e       ?SetMenuBarVisibility@CFrameWnd@@UAEXK@Z 00426c3e f   mfc100d:mfc100d.dll
 0001:00025c44       ?GetMenuBarVisibility@CFrameWnd@@UBEKXZ 00426c44 f   mfc100d:mfc100d.dll
 0001:00025c4a       ?SetMenuBarState@CFrameWnd@@UAEHK@Z 00426c4a f   mfc100d:mfc100d.dll
 0001:00025c50       ?GetMenuBarState@CFrameWnd@@UBEKXZ 00426c50 f   mfc100d:mfc100d.dll
 0001:00025c56       ?OnSetPreviewMode@CFrameWnd@@UAEXHPAUCPrintPreviewState@@@Z 00426c56 f   mfc100d:mfc100d.dll
 0001:00025c5c       ?GetMessageBar@CFrameWnd@@UAEPAVCWnd@@XZ 00426c5c f   mfc100d:mfc100d.dll
 0001:00025c62       ?NegotiateBorderSpace@CFrameWnd@@UAEHIPAUtagRECT@@@Z 00426c62 f   mfc100d:mfc100d.dll
 0001:00025c68       ?OnCreateClient@CFrameWnd@@MAEHPAUtagCREATESTRUCTA@@PAUCCreateContext@@@Z 00426c68 f   mfc100d:mfc100d.dll
 0001:00025c6e       ?OnUpdateFrameTitle@CFrameWnd@@UAEXH@Z 00426c6e f   mfc100d:mfc100d.dll
 0001:00025c74       ?OnUpdateFrameMenu@CFrameWnd@@UAEXPAUHMENU__@@@Z 00426c74 f   mfc100d:mfc100d.dll
 0001:00025c7a       ?GetDefaultAccelerator@CFrameWnd@@UAEPAUHACCEL__@@XZ 00426c7a f   mfc100d:mfc100d.dll
 0001:00025c80       ?DelayUpdateFrameMenu@CFrameWnd@@UAEXPAUHMENU__@@@Z 00426c80 f   mfc100d:mfc100d.dll
 0001:00025c86       ?ExitHelpMode@CFrameWnd@@UAEXXZ 00426c86 f   mfc100d:mfc100d.dll
 0001:00025c8c       ?OnShowMenuBar@CFrameWnd@@MAEXXZ 00426c8c f   mfc100d:mfc100d.dll
 0001:00025c92       ?OnHideMenuBar@CFrameWnd@@MAEXXZ 00426c92 f   mfc100d:mfc100d.dll
 0001:00025c98       ??1CFrameWnd@@UAE@XZ       00426c98 f   mfc100d:mfc100d.dll
 0001:00025c9e       ?PreCreateWindow@CFrameWnd@@MAEHAAUtagCREATESTRUCTA@@@Z 00426c9e f   mfc100d:mfc100d.dll
 0001:00025ca4       ??0CWinApp@@QAE@PBD@Z      00426ca4 f   mfc100d:mfc100d.dll
 0001:00025caa       ?GetRuntimeClass@CWinApp@@UBEPAUCRuntimeClass@@XZ 00426caa f   mfc100d:mfc100d.dll
 0001:00025cb0       ?AssertValid@CWinApp@@UBEXXZ 00426cb0 f   mfc100d:mfc100d.dll
 0001:00025cb6       ?Dump@CWinApp@@UBEXAAVCDumpContext@@@Z 00426cb6 f   mfc100d:mfc100d.dll
 0001:00025cbc       ?OnFinalRelease@CCmdTarget@@UAEXXZ 00426cbc f   mfc100d:mfc100d.dll
 0001:00025cc2       ?GetMessageMap@CWinApp@@MBEPBUAFX_MSGMAP@@XZ 00426cc2 f   mfc100d:mfc100d.dll
 0001:00025cc8       ?GetInterfaceMap@CCmdTarget@@MBEPBUAFX_INTERFACEMAP@@XZ 00426cc8 f   mfc100d:mfc100d.dll
 0001:00025cce       ?Run@CWinApp@@UAEHXZ       00426cce f   mfc100d:mfc100d.dll
 0001:00025cd4       ?PreTranslateMessage@CWinThread@@UAEHPAUtagMSG@@@Z 00426cd4 f   mfc100d:mfc100d.dll
 0001:00025cda       ?PumpMessage@CWinThread@@UAEHXZ 00426cda f   mfc100d:mfc100d.dll
 0001:00025ce0       ?OnIdle@CWinApp@@UAEHJ@Z   00426ce0 f   mfc100d:mfc100d.dll
 0001:00025ce6       ?IsIdleMessage@CWinThread@@UAEHPAUtagMSG@@@Z 00426ce6 f   mfc100d:mfc100d.dll
 0001:00025cec       ?ProcessWndProcException@CWinApp@@UAEJPAVCException@@PBUtagMSG@@@Z 00426cec f   mfc100d:mfc100d.dll
 0001:00025cf2       ?ProcessMessageFilter@CWinThread@@UAEHHPAUtagMSG@@@Z 00426cf2 f   mfc100d:mfc100d.dll
 0001:00025cf8       ?GetMainWnd@CWinThread@@UAEPAVCWnd@@XZ 00426cf8 f   mfc100d:mfc100d.dll
 0001:00025cfe       ?Delete@CWinThread@@UAEXXZ 00426cfe f   mfc100d:mfc100d.dll
 0001:00025d04       ?GetProfileIntA@CWinApp@@UAEIPBD0H@Z 00426d04 f   mfc100d:mfc100d.dll
 0001:00025d0a       ?WriteProfileInt@CWinApp@@UAEHPBD0H@Z 00426d0a f   mfc100d:mfc100d.dll
 0001:00025d10       ?GetProfileStringA@CWinApp@@UAE?AV?$CStringT@DV?$StrTraitMFC_DLL@DV?$ChTraitsCRT@D@ATL@@@@@ATL@@PBD00@Z 00426d10 f   mfc100d:mfc100d.dll
 0001:00025d16       ?WriteProfileStringA@CWinApp@@UAEHPBD00@Z 00426d16 f   mfc100d:mfc100d.dll
 0001:00025d1c       ?GetProfileBinary@CWinApp@@UAEHPBD0PAPAEPAI@Z 00426d1c f   mfc100d:mfc100d.dll
 0001:00025d22       ?WriteProfileBinary@CWinApp@@UAEHPBD0PAEI@Z 00426d22 f   mfc100d:mfc100d.dll
 0001:00025d28       ?InitLibId@CWinApp@@UAEXXZ 00426d28 f   mfc100d:mfc100d.dll
 0001:00025d2e       ?Register@CWinApp@@UAEHXZ  00426d2e f   mfc100d:mfc100d.dll
 0001:00025d34       ?Unregister@CWinApp@@UAEHXZ 00426d34 f   mfc100d:mfc100d.dll
 0001:00025d3a       ?OpenDocumentFile@CWinApp@@UAEPAVCDocument@@PBDH@Z 00426d3a f   mfc100d:mfc100d.dll
 0001:00025d40       ?OpenDocumentFile@CWinApp@@UAEPAVCDocument@@PBD@Z 00426d40 f   mfc100d:mfc100d.dll
 0001:00025d46       ?AddToRecentFileList@CWinApp@@UAEXPBD@Z 00426d46 f   mfc100d:mfc100d.dll
 0001:00025d4c       ?InitApplication@CWinApp@@UAEHXZ 00426d4c f   mfc100d:mfc100d.dll
 0001:00025d52       ?SaveAllModified@CWinApp@@UAEHXZ 00426d52 f   mfc100d:mfc100d.dll
 0001:00025d58       ?DoMessageBox@CWinApp@@UAEHPBDII@Z 00426d58 f   mfc100d:mfc100d.dll
 0001:00025d5e       ?DoWaitCursor@CWinApp@@UAEXH@Z 00426d5e f   mfc100d:mfc100d.dll
 0001:00025d64       ?OnDDECommand@CWinApp@@UAEHPAD@Z 00426d64 f   mfc100d:mfc100d.dll
 0001:00025d6a       ?WinHelpA@CWinApp@@UAEXKI@Z 00426d6a f   mfc100d:mfc100d.dll
 0001:00025d70       ?HtmlHelpA@CWinApp@@UAEXKI@Z 00426d70 f   mfc100d:mfc100d.dll
 0001:00025d76       ?WinHelpInternal@CWinApp@@UAEXKI@Z 00426d76 f   mfc100d:mfc100d.dll
 0001:00025d7c       ?RegisterWithRestartManager@CWinApp@@UAEJPB_WKP6GKPAX@Z1KK@Z 00426d7c f   mfc100d:mfc100d.dll
 0001:00025d82       ?RegisterWithRestartManager@CWinApp@@UAEJHABV?$CStringT@DV?$StrTraitMFC_DLL@DV?$ChTraitsCRT@D@ATL@@@@@ATL@@@Z 00426d82 f   mfc100d:mfc100d.dll
 0001:00025d88       ?ApplicationRecoveryCallback@CWinApp@@UAEKPAX@Z 00426d88 f   mfc100d:mfc100d.dll
 0001:00025d8e       ?GetDataRecoveryHandler@CWinApp@@UAEPAVCDataRecoveryHandler@@XZ 00426d8e f   mfc100d:mfc100d.dll
 0001:00025d94       ?IsTaskbarInteractionEnabled@CWinApp@@UAEHXZ 00426d94 f   mfc100d:mfc100d.dll
 0001:00025d9a       ?RestartInstance@CWinApp@@UAEHXZ 00426d9a f   mfc100d:mfc100d.dll
 0001:00025da0       ?LoadAppLangResourceDLL@CWinApp@@UAEPAUHINSTANCE__@@XZ 00426da0 f   mfc100d:mfc100d.dll
 0001:00025da6       ?LoadSysPolicies@CWinApp@@UAEHXZ 00426da6 f   mfc100d:mfc100d.dll
 0001:00025dac       ??1CWinApp@@UAE@XZ         00426dac f   mfc100d:mfc100d.dll
 0001:00025db2       ??1CCommandLineInfo@@UAE@XZ 00426db2 f   mfc100d:mfc100d.dll
 0001:00025db8       ?ProcessShellCommand@CWinApp@@QAEHAAVCCommandLineInfo@@@Z 00426db8 f   mfc100d:mfc100d.dll
 0001:00025dbe       ?ParseCommandLine@CWinApp@@QAEXAAVCCommandLineInfo@@@Z 00426dbe f   mfc100d:mfc100d.dll
 0001:00025dc4       ??0CCommandLineInfo@@QAE@XZ 00426dc4 f   mfc100d:mfc100d.dll
 0001:00025dca       ?AddDocTemplate@CWinApp@@QAEXPAVCDocTemplate@@@Z 00426dca f   mfc100d:mfc100d.dll
 0001:00025dd0       ??0CSingleDocTemplate@@QAE@IPAUCRuntimeClass@@00@Z 00426dd0 f   mfc100d:mfc100d.dll
 0001:00025dd6       ?LoadStdProfileSettings@CWinApp@@IAEXI@Z 00426dd6 f   mfc100d:mfc100d.dll
 0001:00025ddc       ?AfxEnableControlContainer@@YAXPAVCOccManager@@@Z 00426ddc f   mfc100d:mfc100d.dll
 0001:00025de2       ?ExitInstance@CWinApp@@UAEHXZ 00426de2 f   mfc100d:mfc100d.dll
 0001:00025de8       ??1CSliderCtrl@@UAE@XZ     00426de8 f   mfc100d:mfc100d.dll
 0001:00025dee       ??1CStatic@@UAE@XZ         00426dee f   mfc100d:mfc100d.dll
 0001:00025df4       ?SetTicFreq@CSliderCtrl@@QAEXH@Z 00426df4 f   mfc100d:mfc100d.dll
 0001:00025dfa       ?SetPos@CSliderCtrl@@QAEXH@Z 00426dfa f   mfc100d:mfc100d.dll
 0001:00025e00       ?SetRange@CSliderCtrl@@QAEXHHH@Z 00426e00 f   mfc100d:mfc100d.dll
 0001:00025e06       ?ShowWindow@CWnd@@QAEHH@Z  00426e06 f   mfc100d:mfc100d.dll
 0001:00025e0c       ??0CSliderCtrl@@QAE@XZ     00426e0c f   mfc100d:mfc100d.dll
 0001:00025e12       ??0CStatic@@QAE@XZ         00426e12 f   mfc100d:mfc100d.dll
 0001:00025e18       ?GetRuntimeClass@CDialog@@UBEPAUCRuntimeClass@@XZ 00426e18 f   mfc100d:mfc100d.dll
 0001:00025e1e       ?SetTimer@CWnd@@QAEIIIP6GXPAUHWND__@@IIK@Z@Z 00426e1e f   mfc100d:mfc100d.dll
 0001:00025e24       ?OnTimer@CWnd@@IAEXI@Z     00426e24 f   mfc100d:mfc100d.dll
 0001:00025e2a       ?UpdateData@CWnd@@QAEHH@Z  00426e2a f   mfc100d:mfc100d.dll
 0001:00025e30       ?Find@?$CStringT@DV?$StrTraitMFC_DLL@DV?$ChTraitsCRT@D@ATL@@@@@ATL@@QBEHPBDH@Z 00426e30 f   mfc100d:mfc100d.dll
 0001:00025e36       ??0?$CStringT@DV?$StrTraitMFC_DLL@DV?$ChTraitsCRT@D@ATL@@@@@ATL@@QAE@PBD@Z 00426e36 f   mfc100d:mfc100d.dll
[...]
 0004:00001570       __imp_?OnPreparePrinting@CView@@MAEHPAUCPrintInfo@@@Z 004d0570     mfc100d:mfc100d.dll
 0004:00001574       __imp_?OnBeginPrinting@CView@@MAEXPAVCDC@@PAUCPrintInfo@@@Z 004d0574     mfc100d:mfc100d.dll
 0004:00001578       __imp_?OnPrint@CView@@MAEXPAVCDC@@PAUCPrintInfo@@@Z 004d0578     mfc100d:mfc100d.dll
 0004:0000157c       __imp_?OnEndPrinting@CView@@MAEXPAVCDC@@PAUCPrintInfo@@@Z 004d057c     mfc100d:mfc100d.dll
 0004:00001580       __imp_?OnEndPrintPreview@CView@@MAEXPAVCDC@@PAUCPrintInfo@@UtagPOINT@@PAVCPreviewView@@@Z 004d0580     mfc100d:mfc100d.dll
 0004:00001584       __imp_?GetWheelScrollDistance@CScrollView@@UAE?AVCSize@@V2@HH@Z 004d0584     mfc100d:mfc100d.dll
 0004:00001588       __imp_?GetAccessibleChild@CWnd@@QAEJUtagVARIANT@@PAPAUIDispatch@@@Z 004d0588     mfc100d:mfc100d.dll
 0004:0000158c       __imp_?GetAccessibleChildCount@CWnd@@QAEJXZ 004d058c     mfc100d:mfc100d.dll
 0004:00001590       __imp_?GetAccessibleName@CWnd@@QAEJUtagVARIANT@@PAPA_W@Z 004d0590     mfc100d:mfc100d.dll
 0004:00001594       __imp_?GetAccessibilityLocation@CWnd@@QAEJUtagVARIANT@@PAJ111@Z 004d0594     mfc100d:mfc100d.dll
 0004:00001598       __imp_?GetAccessibilityHitTest@CWnd@@QAEJJJPAUtagVARIANT@@@Z 004d0598     mfc100d:mfc100d.dll
 0004:0000159c       __imp_?OnInitialUpdate@CFormView@@UAEXXZ 004d059c     mfc100d:mfc100d.dll
 0004:000015a0       __imp_??1CFormView@@UAE@XZ 004d05a0     mfc100d:mfc100d.dll
 0004:000015a4       __imp_?IsIdleMessage@CWinThread@@UAEHPAUtagMSG@@@Z 004d05a4     mfc100d:mfc100d.dll
 0004:000015a8       __imp_?OnIdle@CWinApp@@UAEHJ@Z 004d05a8     mfc100d:mfc100d.dll
 0004:000015ac       __imp_?PumpMessage@CWinThread@@UAEHXZ 004d05ac     mfc100d:mfc100d.dll
 0004:000015b0       __imp_?PreTranslateMessage@CWinThread@@UAEHPAUtagMSG@@@Z 004d05b0     mfc100d:mfc100d.dll
 0004:000015b4       __imp_?Run@CWinApp@@UAEHXZ 004d05b4     mfc100d:mfc100d.dll
 0004:000015b8       __imp_?GetInterfaceMap@CCmdTarget@@MBEPBUAFX_INTERFACEMAP@@XZ 004d05b8     mfc100d:mfc100d.dll
 0004:000015bc       __imp_?GetMessageMap@CWinApp@@MBEPBUAFX_MSGMAP@@XZ 004d05bc     mfc100d:mfc100d.dll
 0004:000015c0       __imp_?OnFinalRelease@CCmdTarget@@UAEXXZ 004d05c0     mfc100d:mfc100d.dll
 0004:000015c4       __imp_?Dump@CWinApp@@UBEXAAVCDumpContext@@@Z 004d05c4     mfc100d:mfc100d.dll
 0004:000015c8       __imp_?AssertValid@CWinApp@@UBEXXZ 004d05c8     mfc100d:mfc100d.dll
 0004:000015cc       __imp_?GetRuntimeClass@CWinApp@@UBEPAUCRuntimeClass@@XZ 004d05cc     mfc100d:mfc100d.dll
 0004:000015d0       __imp_??0CWinApp@@QAE@PBD@Z 004d05d0     mfc100d:mfc100d.dll
 0004:000015d4       __imp_?PreCreateWindow@CFrameWnd@@MAEHAAUtagCREATESTRUCTA@@@Z 004d05d4     mfc100d:mfc100d.dll
 0004:000015d8       __imp_??1CFrameWnd@@UAE@XZ 004d05d8     mfc100d:mfc100d.dll
 0004:000015dc       __imp_?OnHideMenuBar@CFrameWnd@@MAEXXZ 004d05dc     mfc100d:mfc100d.dll
 0004:000015e0       __imp_?OnShowMenuBar@CFrameWnd@@MAEXXZ 004d05e0     mfc100d:mfc100d.dll
 0004:000015e4       __imp_?ExitHelpMode@CFrameWnd@@UAEXXZ 004d05e4     mfc100d:mfc100d.dll
 0004:000015e8       __imp_?DelayUpdateFrameMenu@CFrameWnd@@UAEXPAUHMENU__@@@Z 004d05e8     mfc100d:mfc100d.dll
 0004:000015ec       __imp_?GetDefaultAccelerator@CFrameWnd@@UAEPAUHACCEL__@@XZ 004d05ec     mfc100d:mfc100d.dll
 0004:000015f0       __imp_?OnUpdateFrameMenu@CFrameWnd@@UAEXPAUHMENU__@@@Z 004d05f0     mfc100d:mfc100d.dll
 0004:000015f4       __imp_?OnUpdateFrameTitle@CFrameWnd@@UAEXH@Z 004d05f4     mfc100d:mfc100d.dll
 0004:000015f8       __imp_?OnCreateClient@CFrameWnd@@MAEHPAUtagCREATESTRUCTA@@PAUCCreateContext@@@Z 004d05f8     mfc100d:mfc100d.dll
 0004:000015fc       __imp_?NegotiateBorderSpace@CFrameWnd@@UAEHIPAUtagRECT@@@Z 004d05fc     mfc100d:mfc100d.dll
 0004:00001600       __imp_?GetMessageBar@CFrameWnd@@UAEPAVCWnd@@XZ 004d0600     mfc100d:mfc100d.dll
 0004:00001604       __imp_?OnSetPreviewMode@CFrameWnd@@UAEXHPAUCPrintPreviewState@@@Z 004d0604     mfc100d:mfc100d.dll
 0004:00001608       __imp_?GetMenuBarState@CFrameWnd@@UBEKXZ 004d0608     mfc100d:mfc100d.dll
 0004:0000160c       __imp_?SetMenuBarState@CFrameWnd@@UAEHK@Z 004d060c     mfc100d:mfc100d.dll
 0004:00001610       __imp_?GetMenuBarVisibility@CFrameWnd@@UBEKXZ 004d0610     mfc100d:mfc100d.dll
 0004:00001614       __imp_?SetMenuBarVisibility@CFrameWnd@@UAEXK@Z 004d0614     mfc100d:mfc100d.dll
 0004:00001618       __imp_?ActivateFrame@CFrameWnd@@UAEXH@Z 004d0618     mfc100d:mfc100d.dll
 0004:0000161c       __imp_?RecalcLayout@CFrameWnd@@UAEXH@Z 004d061c     mfc100d:mfc100d.dll
 0004:00001620       __imp_?GetMessageString@CFrameWnd@@UBEXIAAV?$CStringT@DV?$StrTraitMFC_DLL@DV?$ChTraitsCRT@D@ATL@@@@@ATL@@@Z 004d0620     mfc100d:mfc100d.dll
 0004:00001624       __imp_?GetActiveFrame@CFrameWnd@@UAEPAV1@XZ 004d0624     mfc100d:mfc100d.dll
 0004:00001628       __imp_?GetActiveDocument@CFrameWnd@@UAEPAVCDocument@@XZ 004d0628     mfc100d:mfc100d.dll
 0004:0000162c       __imp_?LoadFrame@CFrameWnd@@UAEHIKPAVCWnd@@PAUCCreateContext@@@Z 004d062c     mfc100d:mfc100d.dll
 0004:00001630       __imp_?Create@CFrameWnd@@UAEHPBD0KABUtagRECT@@PAVCWnd@@0KPAUCCreateContext@@@Z 004d0630     mfc100d:mfc100d.dll
 0004:00001634       __imp_?IsFrameWnd@CFrameWnd@@UBEHXZ 004d0634     mfc100d:mfc100d.dll
 0004:00001638       __imp_?PostNcDestroy@CFrameWnd@@MAEXXZ 004d0638     mfc100d:mfc100d.dll
 0004:0000163c       __imp_?PreTranslateMessage@CFrameWnd@@UAEHPAUtagMSG@@@Z 004d063c     mfc100d:mfc100d.dll
 0004:00001640       __imp_?EndModalState@CFrameWnd@@UAEXXZ 004d0640     mfc100d:mfc100d.dll
 0004:00001644       __imp_?BeginModalState@CFrameWnd@@UAEXXZ 004d0644     mfc100d:mfc100d.dll
 0004:00001648       __imp_?OnCommand@CFrameWnd@@MAEHIJ@Z 004d0648     mfc100d:mfc100d.dll
 0004:0000164c       __imp_?SetMenu@CFrameWnd@@UAEHPAVCMenu@@@Z 004d064c     mfc100d:mfc100d.dll
 0004:00001650       __imp_?GetMenu@CFrameWnd@@UBEPAVCMenu@@XZ 004d0650     mfc100d:mfc100d.dll
 0004:00001654       __imp_?GetMessageMap@CFrameWnd@@MBEPBUAFX_MSGMAP@@XZ 004d0654     mfc100d:mfc100d.dll
 0004:00001658       __imp_?OnCmdMsg@CFrameWnd@@UAEHIHPAXPAUAFX_CMDHANDLERINFO@@@Z 004d0658     mfc100d:mfc100d.dll
 0004:0000165c       __imp_?Dump@CFrameWnd@@UBEXAAVCDumpContext@@@Z 004d065c     mfc100d:mfc100d.dll
 0004:00001660       __imp_?AssertValid@CFrameWnd@@UBEXXZ 004d0660     mfc100d:mfc100d.dll
 0004:00001664       __imp_??0CFrameWnd@@QAE@XZ 004d0664     mfc100d:mfc100d.dll
 0004:00001668       __imp_?GetThisClass@CFrameWnd@@SGPAUCRuntimeClass@@XZ 004d0668     mfc100d:mfc100d.dll
 0004:0000166c       __imp_?GetThisMessageMap@CDialog@@KGPBUAFX_MSGMAP@@XZ 004d066c     mfc100d:mfc100d.dll
 0004:00001670       __imp_??1CDialog@@UAE@XZ   004d0670     mfc100d:mfc100d.dll
 0004:00001674       __imp_?PreInitDialog@CDialog@@MAEXXZ 004d0674     mfc100d:mfc100d.dll
 0004:00001678       __imp_?OnCancel@CDialog@@MAEXXZ 004d0678     mfc100d:mfc100d.dll
 0004:0000167c       __imp_?OnOK@CDialog@@MAEXXZ 004d067c     mfc100d:mfc100d.dll
 0004:00001680       __imp_?OnSetFont@CDialog@@UAEXPAVCFont@@@Z 004d0680     mfc100d:mfc100d.dll
 0004:00001684       __imp_?OnInitDialog@CDialog@@UAEHXZ 004d0684     mfc100d:mfc100d.dll
 0004:00001688       __imp_?DoModal@CDialog@@UAEHXZ 004d0688     mfc100d:mfc100d.dll
 0004:0000168c       __imp_?CreateIndirect@CDialog@@UAEHPBUDLGTEMPLATE@@PAVCWnd@@PAX@Z 004d068c     mfc100d:mfc100d.dll
 0004:00001690       __imp_?CreateIndirect@CDialog@@UAEHPAXPAVCWnd@@@Z 004d0690     mfc100d:mfc100d.dll
 0004:00001694       __imp_?Create@CDialog@@UAEHPBDPAVCWnd@@@Z 004d0694     mfc100d:mfc100d.dll
 0004:00001698       __imp_?Create@CDialog@@UAEHIPAVCWnd@@@Z 004d0698     mfc100d:mfc100d.dll
 0004:0000169c       __imp_?GetOccDialogInfo@CDialog@@MAEPAU_AFX_OCC_DIALOG_INFO@@XZ 004d069c     mfc100d:mfc100d.dll
 0004:000016a0       __imp_?SetOccDialogInfo@CDialog@@MAEHPAU_AFX_OCC_DIALOG_INFO@@@Z 004d06a0     mfc100d:mfc100d.dll
 0004:000016a4       __imp_?CheckAutoCenter@CDialog@@UAEHXZ 004d06a4     mfc100d:mfc100d.dll
 0004:000016a8       __imp_?PreTranslateMessage@CDialog@@UAEHPAUtagMSG@@@Z 004d06a8     mfc100d:mfc100d.dll
 0004:000016ac       __imp_?Create@CWnd@@UAEHPBD0KABUtagRECT@@PAV1@IPAUCCreateContext@@@Z 004d06ac     mfc100d:mfc100d.dll
 0004:000016b0       __imp_?OnCmdMsg@CDialog@@UAEHIHPAXPAUAFX_CMDHANDLERINFO@@@Z 004d06b0     mfc100d:mfc100d.dll
 0004:000016b4       __imp_?Dump@CDialog@@UBEXAAVCDumpContext@@@Z 004d06b4     mfc100d:mfc100d.dll
 0004:000016b8       __imp_?AssertValid@CDialog@@UBEXXZ 004d06b8     mfc100d:mfc100d.dll
 0004:000016bc       __imp_??0CDialog@@QAE@IPAVCWnd@@@Z 004d06bc     mfc100d:mfc100d.dll
 0004:000016c0       __imp_?GetThisClass@CDialog@@SGPAUCRuntimeClass@@XZ 004d06c0     mfc100d:mfc100d.dll
 0004:000016c4       __imp_??B?$CSimpleStringT@D$00@ATL@@QBEPBDXZ 004d06c4     mfc100d:mfc100d.dll
 0004:000016c8       __imp_??1?$CStringT@DV?$StrTraitMFC_DLL@DV?$ChTraitsCRT@D@ATL@@@@@ATL@@QAE@XZ 004d06c8     mfc100d:mfc100d.dll
 0004:000016cc       __imp_??0?$CStringT@DV?$StrTraitMFC_DLL@DV?$ChTraitsCRT@D@ATL@@@@@ATL@@QAE@XZ 004d06cc     mfc100d:mfc100d.dll
 0004:000016d0       __imp_?GetThisClass@CWnd@@SGPAUCRuntimeClass@@XZ 004d06d0     mfc100d:mfc100d.dll
 0004:000016d4       __imp_??1CWnd@@UAE@XZ      004d06d4     mfc100d:mfc100d.dll
 0004:000016d8       __imp_?CreateControl@CWnd@@QAEHABU_GUID@@PBDKABUtagRECT@@PAV1@IPAVCFile@@HPA_W@Z 004d06d8     mfc100d:mfc100d.dll
 0004:000016dc       __imp_?GetOccDialogInfo@CWnd@@MAEPAU_AFX_OCC_DIALOG_INFO@@XZ 004d06dc     mfc100d:mfc100d.dll
 0004:000016e0       __imp_?SetOccDialogInfo@CWnd@@MAEHPAU_AFX_OCC_DIALOG_INFO@@@Z 004d06e0     mfc100d:mfc100d.dll
 0004:000016e4       __imp_?CreateControlSite@CWnd@@MAEHPAVCOleControlContainer@@PAPAVCOleControlSite@@IABU_GUID@@@Z 004d06e4     mfc100d:mfc100d.dll
 0004:000016e8       __imp_?CreateControlContainer@CWnd@@MAEHPAPAVCOleControlContainer@@@Z 004d06e8     mfc100d:mfc100d.dll
 0004:000016ec       __imp_?IsFrameWnd@CWnd@@UBEHXZ 004d06ec     mfc100d:mfc100d.dll
 0004:000016f0       __imp_?CheckAutoCenter@CWnd@@UAEHXZ 004d06f0     mfc100d:mfc100d.dll
 0004:000016f4       __imp_?OnGesturePressAndTap@CWnd@@MAEHVCPoint@@J@Z 004d06f4     mfc100d:mfc100d.dll
 0004:000016f8       __imp_?OnGestureTwoFingerTap@CWnd@@MAEHVCPoint@@@Z 004d06f8     mfc100d:mfc100d.dll
 0004:000016fc       __imp_?OnGestureRotate@CWnd@@MAEHVCPoint@@N@Z 004d06fc     mfc100d:mfc100d.dll
 0004:00001700       __imp_?OnGesturePan@CWnd@@MAEHVCPoint@@0@Z 004d0700     mfc100d:mfc100d.dll
 0004:00001704       __imp_?OnGestureZoom@CWnd@@MAEHVCPoint@@J@Z 004d0704     mfc100d:mfc100d.dll
 0004:00001708       __imp_?GetGestureStatus@CWnd@@MAEKVCPoint@@@Z 004d0708     mfc100d:mfc100d.dll
 0004:0000170c       __imp_?OnTouchInput@CWnd@@MAEHVCPoint@@HHPAUtagTOUCHINPUT@@@Z 004d070c     mfc100d:mfc100d.dll
 0004:00001710       __imp_?OnTouchInputs@CWnd@@MAEHIPAUtagTOUCHINPUT@@@Z 004d0710     mfc100d:mfc100d.dll
 0004:00001714       __imp_?OnChildNotify@CWnd@@MAEHIIJPAJ@Z 004d0714     mfc100d:mfc100d.dll
 0004:00001718       __imp_?PostNcDestroy@CWnd@@MAEXXZ 004d0718     mfc100d:mfc100d.dll
 0004:0000171c       __imp_?DefWindowProcA@CWnd@@MAEJIIJ@Z 004d071c     mfc100d:mfc100d.dll
 0004:00001720       __imp_?OnWndMsg@CWnd@@MAEHIIJPAJ@Z 004d0720     mfc100d:mfc100d.dll
 0004:00001724       __imp_?WindowProc@CWnd@@MAEJIIJ@Z 004d0724     mfc100d:mfc100d.dll
 0004:00001728       __imp_?OnAmbientProperty@CWnd@@UAEHPAVCOleControlSite@@JPAUtagVARIANT@@@Z 004d0728     mfc100d:mfc100d.dll
 0004:0000172c       __imp_?PreTranslateMessage@CWnd@@UAEHPAUtagMSG@@@Z 004d072c     mfc100d:mfc100d.dll
 0004:00001730       __imp_?EndModalState@CWnd@@UAEXXZ 004d0730     mfc100d:mfc100d.dll
 0004:00001734       __imp_?BeginModalState@CWnd@@UAEXXZ 004d0734     mfc100d:mfc100d.dll
 0004:00001738       __imp_?DoDataExchange@CWnd@@MAEXPAVCDataExchange@@@Z 004d0738     mfc100d:mfc100d.dll
 0004:0000173c       __imp_?GetSuperWndProcAddr@CWnd@@MAEPAP6GJPAUHWND__@@IIJ@ZXZ 004d073c     mfc100d:mfc100d.dll
 0004:00001740       __imp_?OnNotify@CWnd@@MAEHIJPAJ@Z 004d0740     mfc100d:mfc100d.dll
 0004:00001744       __imp_?OnCommand@CWnd@@MAEHIJ@Z 004d0744     mfc100d:mfc100d.dll
 0004:00001748       __imp_?CreateAccessibleProxy@CWnd@@UAEJIJPAJ@Z 004d0748     mfc100d:mfc100d.dll
 0004:0000174c       __imp_?SetProxy@CWnd@@UAEJPAUIAccessibleProxy@@@Z 004d074c     mfc100d:mfc100d.dll
 0004:00001750       __imp_?put_accValue@CWnd@@UAEJUtagVARIANT@@PA_W@Z 004d0750     mfc100d:mfc100d.dll
 0004:00001754       __imp_?put_accName@CWnd@@UAEJUtagVARIANT@@PA_W@Z 004d0754     mfc100d:mfc100d.dll
 0004:00001758       __imp_?accDoDefaultAction@CWnd@@UAEJUtagVARIANT@@@Z 004d0758     mfc100d:mfc100d.dll
 0004:0000175c       __imp_?accHitTest@CWnd@@UAEJJJPAUtagVARIANT@@@Z 004d075c     mfc100d:mfc100d.dll
 0004:00001760       __imp_?accNavigate@CWnd@@UAEJJUtagVARIANT@@PAU2@@Z 004d0760     mfc100d:mfc100d.dll
 0004:00001764       __imp_?accLocation@CWnd@@UAEJPAJ000UtagVARIANT@@@Z 004d0764     mfc100d:mfc100d.dll
 0004:00001768       __imp_?accSelect@CWnd@@UAEJJUtagVARIANT@@@Z 004d0768     mfc100d:mfc100d.dll
 0004:0000176c       __imp_?get_accDefaultAction@CWnd@@UAEJUtagVARIANT@@PAPA_W@Z 004d076c     mfc100d:mfc100d.dll
 0004:00001770       __imp_?get_accSelection@CWnd@@UAEJPAUtagVARIANT@@@Z 004d0770     mfc100d:mfc100d.dll
 0004:00001774       __imp_?get_accFocus@CWnd@@UAEJPAUtagVARIANT@@@Z 004d0774     mfc100d:mfc100d.dll
 0004:00001778       __imp_?get_accKeyboardShortcut@CWnd@@UAEJUtagVARIANT@@PAPA_W@Z 004d0778     mfc100d:mfc100d.dll
 0004:0000177c       __imp_?get_accHelpTopic@CWnd@@UAEJPAPA_WUtagVARIANT@@PAJ@Z 004d077c     mfc100d:mfc100d.dll
 0004:00001780       __imp_?get_accHelp@CWnd@@UAEJUtagVARIANT@@PAPA_W@Z 004d0780     mfc100d:mfc100d.dll
 0004:00001784       __imp_?get_accState@CWnd@@UAEJUtagVARIANT@@PAU2@@Z 004d0784     mfc100d:mfc100d.dll
 0004:00001788       __imp_?get_accRole@CWnd@@UAEJUtagVARIANT@@PAU2@@Z 004d0788     mfc100d:mfc100d.dll
 0004:0000178c       __imp_?get_accDescription@CWnd@@UAEJUtagVARIANT@@PAPA_W@Z 004d078c     mfc100d:mfc100d.dll
 0004:00001790       __imp_?get_accValue@CWnd@@UAEJUtagVARIANT@@PAPA_W@Z 004d0790     mfc100d:mfc100d.dll
 0004:00001794       __imp_?get_accName@CWnd@@UAEJUtagVARIANT@@PAPA_W@Z 004d0794     mfc100d:mfc100d.dll
 0004:00001798       __imp_?get_accChild@CWnd@@UAEJUtagVARIANT@@PAPAUIDispatch@@@Z 004d0798     mfc100d:mfc100d.dll
 0004:0000179c       __imp_?get_accChildCount@CWnd@@UAEJPAJ@Z 004d079c     mfc100d:mfc100d.dll
 0004:000017a0       __imp_?get_accParent@CWnd@@UAEJPAPAUIDispatch@@@Z 004d07a0     mfc100d:mfc100d.dll
 0004:000017a4       __imp_?EnsureStdObj@CWnd@@UAEJXZ 004d07a4     mfc100d:mfc100d.dll
 0004:000017a8       __imp_?OnDrawIconicThumbnailOrLivePreview@CWnd@@UAEXAAVCDC@@VCRect@@VCSize@@HAAH@Z 004d07a8     mfc100d:mfc100d.dll
 0004:000017ac       __imp_?EndModalLoop@CWnd@@UAEXH@Z 004d07ac     mfc100d:mfc100d.dll
 0004:000017b0       __imp_?ContinueModal@CWnd@@UAEHXZ 004d07b0     mfc100d:mfc100d.dll
 0004:000017b4       __imp_?WinHelpInternal@CWnd@@UAEXKI@Z 004d07b4     mfc100d:mfc100d.dll
 0004:000017b8       __imp_?HtmlHelpA@CWnd@@UAEXKI@Z 004d07b8     mfc100d:mfc100d.dll
 0004:000017bc       __imp_?WinHelpA@CWnd@@UAEXKI@Z 004d07bc     mfc100d:mfc100d.dll
 0004:000017c0       __imp_?GetScrollBarCtrl@CWnd@@UBEPAVCScrollBar@@H@Z 004d07c0     mfc100d:mfc100d.dll
 0004:000017c4       __imp_?OnToolHitTest@CWnd@@UBEHVCPoint@@PAUtagTOOLINFOA@@@Z 004d07c4     mfc100d:mfc100d.dll
 0004:000017c8       __imp_?SetMenu@CWnd@@UAEHPAVCMenu@@@Z 004d07c8     mfc100d:mfc100d.dll
 0004:000017cc       __imp_?GetMenu@CWnd@@UBEPAVCMenu@@XZ 004d07cc     mfc100d:mfc100d.dll
 0004:000017d0       __imp_?CalcWindowRect@CWnd@@UAEXPAUtagRECT@@I@Z 004d07d0     mfc100d:mfc100d.dll
 0004:000017d4       __imp_?PreCreateWindow@CWnd@@UAEHAAUtagCREATESTRUCTA@@@Z 004d07d4     mfc100d:mfc100d.dll
 0004:000017d8       __imp_?DestroyWindow@CWnd@@UAEHXZ 004d07d8     mfc100d:mfc100d.dll
 0004:000017dc       __imp_?CreateEx@CWnd@@UAEHKPBD0KHHHHPAUHWND__@@PAUHMENU__@@PAX@Z 004d07dc     mfc100d:mfc100d.dll
 0004:000017e0       __imp_?CreateEx@CWnd@@UAEHKPBD0KABUtagRECT@@PAV1@IPAX@Z 004d07e0     mfc100d:mfc100d.dll
 0004:000017e4       __imp_?PreSubclassWindow@CWnd@@UAEXXZ 004d07e4     mfc100d:mfc100d.dll
 0004:000017e8       __imp_?GetConnectionHook@CCmdTarget@@MAEPAUIConnectionPoint@@ABU_GUID@@@Z 004d07e8     mfc100d:mfc100d.dll
 0004:000017ec       __imp_?GetExtraConnectionPoints@CCmdTarget@@MAEHPAVCPtrArray@@@Z 004d07ec     mfc100d:mfc100d.dll
 0004:000017f0       __imp_?GetInterfaceHook@CCmdTarget@@UAEPAUIUnknown@@PBX@Z 004d07f0     mfc100d:mfc100d.dll
 0004:000017f4       __imp_?OnCreateAggregates@CCmdTarget@@UAEHXZ 004d07f4     mfc100d:mfc100d.dll
 0004:000017f8       __imp_?GetEventSinkMap@CCmdTarget@@MBEPBUAFX_EVENTSINKMAP@@XZ 004d07f8     mfc100d:mfc100d.dll
 0004:000017fc       __imp_?GetInterfaceMap@CWnd@@MBEPBUAFX_INTERFACEMAP@@XZ 004d07fc     mfc100d:mfc100d.dll
 0004:00001800       __imp_?GetConnectionMap@CCmdTarget@@MBEPBUAFX_CONNECTIONMAP@@XZ 004d0800     mfc100d:mfc100d.dll
 0004:00001804       __imp_?GetDispatchMap@CCmdTarget@@MBEPBUAFX_DISPMAP@@XZ 004d0804     mfc100d:mfc100d.dll
 0004:00001808       __imp_?GetCommandMap@CCmdTarget@@MBEPBUAFX_OLECMDMAP@@XZ 004d0808     mfc100d:mfc100d.dll
 0004:0000180c       __imp_?GetMessageMap@CWnd@@MBEPBUAFX_MSGMAP@@XZ 004d080c     mfc100d:mfc100d.dll
 0004:00001810       __imp_?GetTypeLib@CCmdTarget@@UAEJKPAPAUITypeLib@@@Z 004d0810     mfc100d:mfc100d.dll
 0004:00001814       __imp_?GetTypeLibCache@CCmdTarget@@UAEPAVCTypeLibCache@@XZ 004d0814     mfc100d:mfc100d.dll
 0004:00001818       __imp_?GetTypeInfoCount@CCmdTarget@@UAEIXZ 004d0818     mfc100d:mfc100d.dll
 0004:0000181c       __imp_?GetDispatchIID@CCmdTarget@@UAEHPAU_GUID@@@Z 004d081c     mfc100d:mfc100d.dll
 0004:00001820       __imp_?IsInvokeAllowed@CCmdTarget@@UAEHJ@Z 004d0820     mfc100d:mfc100d.dll
 0004:00001824       __imp_?OnFinalRelease@CWnd@@UAEXXZ 004d0824     mfc100d:mfc100d.dll
 0004:00001828       __imp_?OnCmdMsg@CCmdTarget@@UAEHIHPAXPAUAFX_CMDHANDLERINFO@@@Z 004d0828     mfc100d:mfc100d.dll
 0004:0000182c       __imp_?Dump@CWnd@@UBEXAAVCDumpContext@@@Z 004d082c     mfc100d:mfc100d.dll
 0004:00001830       __imp_?AssertValid@CWnd@@UBEXXZ 004d0830     mfc100d:mfc100d.dll
 0004:00001834       __imp_?Serialize@CObject@@UAEXAAVCArchive@@@Z 004d0834     mfc100d:mfc100d.dll
 0004:00001838       __imp_??0CWnd@@QAE@XZ      004d0838     mfc100d:mfc100d.dll
 0004:0000183c       __imp_??2CObject@@SGPAXI@Z 004d083c     mfc100d:mfc100d.dll
 0004:00001840       __imp_??3CObject@@SGXPAX@Z 004d0840     mfc100d:mfc100d.dll
 0004:00001844       __imp_??3@YAXPAX@Z         004d0844     mfc100d:mfc100d.dll
 0004:00001848       __imp_?AfxWinMain@@YGHPAUHINSTANCE__@@0PADH@Z 004d0848     mfc100d:mfc100d.dll
 0004:0000184c       __imp_?GetDlgItem@CWnd@@QBEPAV1@H@Z 004d084c     mfc100d:mfc100d.dll
 0004:00001850       __imp_?GetPathName@CFileDialog@@QBE?AV?$CStringT@DV?$StrTraitMFC_DLL@DV?$ChTraitsCRT@D@ATL@@@@@ATL@@XZ 004d0850     mfc100d:mfc100d.dll
 0004:00001854       \177mfc100d_NULL_THUNK_DATA 004d0854     mfc100d:mfc100d.dll
 0004:000019cc       __imp__olDaGetDASS@16      004d09cc     oldaapi32:oldaapi32.dll
 0004:000019d0       __imp__olDaSetDataFlow@8   004d09d0     oldaapi32:oldaapi32.dll
 0004:000019d4       __imp__olDaConfig@4        004d09d4     oldaapi32:oldaapi32.dll
 0004:000019d8       __imp__olDaPutSingleValue@20 004d09d8     oldaapi32:oldaapi32.dll
 0004:000019dc       __imp__olDaReleaseDASS@4   004d09dc     oldaapi32:oldaapi32.dll
 0004:000019e0       __imp__olDaTerminate@4     004d09e0     oldaapi32:oldaapi32.dll
 0004:000019e4       __imp__olDaInitialize@8    004d09e4     oldaapi32:oldaapi32.dll
 0004:000019e8       \177oldaapi32_NULL_THUNK_DATA 004d09e8     oldaapi32:oldaapi32.dll

 entry point at        0001:00026770

